<?xml version="1.0" encoding="utf-8"?>
<CoverageSession xmlns:xsd="http://www.w3.org/2001/XMLSchema" xmlns:xsi="http://www.w3.org/2001/XMLSchema-instance" Version="4.7.922.0">
  <Summary numSequencePoints="416" visitedSequencePoints="385" numBranchPoints="89" visitedBranchPoints="83" sequenceCoverage="92.55" branchCoverage="93.26" maxCyclomaticComplexity="7" minCyclomaticComplexity="0" maxCrapScore="12" minCrapScore="0" visitedClasses="5" numClasses="5" visitedMethods="35" numMethods="39" />
  <Modules>
    <Module skippedDueTo="Filter" hash="02-28-F9-A5-3F-F3-AB-D7-0C-71-1B-86-B4-89-71-83-07-EE-BA-05">
      <ModulePath>c:\program files\dotnet\shared\Microsoft.NETCore.App\5.0.0\System.Private.CoreLib.dll</ModulePath>
      <ModuleTime>2020-10-19T22:10:06Z</ModuleTime>
      <ModuleName>System.Private.CoreLib</ModuleName>
      <Classes />
    </Module>
    <Module skippedDueTo="MissingPdb" hash="FB-C7-1B-DB-BA-A8-01-3F-25-40-60-E9-C3-73-BA-69-17-20-F2-B0">
      <ModulePath>c:\program files\dotnet\sdk\5.0.100\dotnet.dll</ModulePath>
      <ModuleTime>2020-10-27T06:54:26Z</ModuleTime>
      <ModuleName>dotnet</ModuleName>
      <Classes />
    </Module>
    <Module skippedDueTo="Filter" hash="A4-8E-A9-B3-A8-87-80-FF-48-98-58-BC-02-CA-42-CE-96-9F-A5-93">
      <ModulePath>c:\program files\dotnet\shared\Microsoft.NETCore.App\5.0.0\System.Runtime.dll</ModulePath>
      <ModuleTime>2020-10-19T22:15:36Z</ModuleTime>
      <ModuleName>System.Runtime</ModuleName>
      <Classes />
    </Module>
    <Module skippedDueTo="MissingPdb" hash="02-22-1B-CE-0E-56-5E-DB-85-C8-7F-16-19-76-18-E6-20-94-E4-25">
      <ModulePath>c:\program files\dotnet\sdk\5.0.100\Microsoft.DotNet.Cli.Utils.dll</ModulePath>
      <ModuleTime>2020-10-27T06:54:58Z</ModuleTime>
      <ModuleName>Microsoft.DotNet.Cli.Utils</ModuleName>
      <Classes />
    </Module>
    <Module skippedDueTo="Filter" hash="AE-17-29-D5-95-9C-B5-59-32-6A-CA-48-80-36-08-44-BD-1F-7A-02">
      <ModulePath>c:\program files\dotnet\shared\Microsoft.NETCore.App\5.0.0\System.Runtime.Loader.dll</ModulePath>
      <ModuleTime>2020-10-19T22:14:40Z</ModuleTime>
      <ModuleName>System.Runtime.Loader</ModuleName>
      <Classes />
    </Module>
    <Module skippedDueTo="Filter" hash="DD-08-61-4E-E3-E4-14-45-3A-29-F7-E2-BC-EF-3F-54-8C-EF-15-37">
      <ModulePath>c:\program files\dotnet\shared\Microsoft.NETCore.App\5.0.0\System.Runtime.InteropServices.RuntimeInformation.dll</ModulePath>
      <ModuleTime>2020-10-19T22:14:42Z</ModuleTime>
      <ModuleName>System.Runtime.InteropServices.RuntimeInformation</ModuleName>
      <Classes />
    </Module>
    <Module skippedDueTo="Filter" hash="7A-C8-00-A9-4A-F0-DA-43-C7-8B-3C-34-11-AA-21-D4-5C-CF-91-1D">
      <ModulePath>c:\program files\dotnet\shared\Microsoft.NETCore.App\5.0.0\System.IO.FileSystem.dll</ModulePath>
      <ModuleTime>2020-10-19T22:14:28Z</ModuleTime>
      <ModuleName>System.IO.FileSystem</ModuleName>
      <Classes />
    </Module>
    <Module skippedDueTo="Filter" hash="72-79-CD-97-C3-F7-F4-75-36-29-E2-1C-B8-23-4E-40-82-B1-F8-90">
      <ModulePath>c:\program files\dotnet\shared\Microsoft.NETCore.App\5.0.0\System.Runtime.InteropServices.dll</ModulePath>
      <ModuleTime>2020-10-19T22:15:10Z</ModuleTime>
      <ModuleName>System.Runtime.InteropServices</ModuleName>
      <Classes />
    </Module>
    <Module skippedDueTo="Filter" hash="E0-56-69-A7-82-F3-9F-FB-2E-09-D9-D4-30-FA-C1-82-74-3D-B1-46">
      <ModulePath>c:\program files\dotnet\shared\Microsoft.NETCore.App\5.0.0\System.Memory.dll</ModulePath>
      <ModuleTime>2020-10-19T22:14:32Z</ModuleTime>
      <ModuleName>System.Memory</ModuleName>
      <Classes />
    </Module>
    <Module skippedDueTo="Filter" hash="B2-AB-E3-89-06-42-27-62-AF-0E-D1-C3-A5-E2-53-A2-82-16-0F-AB">
      <ModulePath>c:\program files\dotnet\shared\Microsoft.NETCore.App\5.0.0\System.Text.Encoding.CodePages.dll</ModulePath>
      <ModuleTime>2020-10-19T22:15:12Z</ModuleTime>
      <ModuleName>System.Text.Encoding.CodePages</ModuleName>
      <Classes />
    </Module>
    <Module skippedDueTo="Filter" hash="CF-27-53-8B-23-74-2B-4F-EC-21-31-83-C3-95-23-64-19-AA-C5-97">
      <ModulePath>c:\program files\dotnet\shared\Microsoft.NETCore.App\5.0.0\System.Collections.dll</ModulePath>
      <ModuleTime>2020-10-19T22:14:22Z</ModuleTime>
      <ModuleName>System.Collections</ModuleName>
      <Classes />
    </Module>
    <Module skippedDueTo="Filter" hash="48-FF-37-2E-76-C6-1A-35-14-61-9D-3D-21-40-E8-FB-88-74-B4-73">
      <ModulePath>c:\program files\dotnet\shared\Microsoft.NETCore.App\5.0.0\System.Threading.dll</ModulePath>
      <ModuleTime>2020-10-19T22:15:14Z</ModuleTime>
      <ModuleName>System.Threading</ModuleName>
      <Classes />
    </Module>
    <Module skippedDueTo="Filter" hash="59-67-3C-A1-27-65-FA-E5-5B-98-3A-22-4F-1E-46-FE-63-23-64-A3">
      <ModulePath>c:\program files\dotnet\shared\Microsoft.NETCore.App\5.0.0\System.Collections.Concurrent.dll</ModulePath>
      <ModuleTime>2020-10-19T22:14:22Z</ModuleTime>
      <ModuleName>System.Collections.Concurrent</ModuleName>
      <Classes />
    </Module>
    <Module skippedDueTo="Filter" hash="79-CE-21-28-C4-70-8F-51-25-40-5A-E2-6B-43-E6-0A-83-10-D6-AD">
      <ModulePath>c:\program files\dotnet\shared\Microsoft.NETCore.App\5.0.0\System.Threading.Thread.dll</ModulePath>
      <ModuleTime>2020-10-19T22:14:46Z</ModuleTime>
      <ModuleName>System.Threading.Thread</ModuleName>
      <Classes />
    </Module>
    <Module skippedDueTo="MissingPdb" hash="4B-C5-A2-D8-A5-B4-0D-CF-53-77-11-B2-64-3D-D4-85-02-66-59-46">
      <ModulePath>c:\program files\dotnet\sdk\5.0.100\Microsoft.DotNet.Configurer.dll</ModulePath>
      <ModuleTime>2020-10-27T06:54:28Z</ModuleTime>
      <ModuleName>Microsoft.DotNet.Configurer</ModuleName>
      <Classes />
    </Module>
    <Module skippedDueTo="MissingPdb" hash="BC-84-E8-E4-70-3D-1F-E1-ED-9A-F4-A3-7C-9C-3D-69-A8-B7-7E-B1">
      <ModulePath>c:\program files\dotnet\sdk\5.0.100\Microsoft.DotNet.Cli.CommandLine.dll</ModulePath>
      <ModuleTime>2020-10-27T06:54:28Z</ModuleTime>
      <ModuleName>Microsoft.DotNet.Cli.CommandLine</ModuleName>
      <Classes />
    </Module>
    <Module skippedDueTo="MissingPdb" hash="67-31-1B-63-D2-3F-D5-29-D8-D2-40-60-CF-5C-85-FD-7A-94-27-51">
      <ModulePath>c:\program files\dotnet\sdk\5.0.100\Microsoft.DotNet.InternalAbstractions.dll</ModulePath>
      <ModuleTime>2020-10-27T06:54:28Z</ModuleTime>
      <ModuleName>Microsoft.DotNet.InternalAbstractions</ModuleName>
      <Classes />
    </Module>
    <Module skippedDueTo="MissingPdb" hash="B6-0D-38-ED-5B-CB-35-F6-64-68-A4-3D-C4-34-9D-FA-97-0B-1C-02">
      <ModulePath>c:\program files\dotnet\shared\Microsoft.NETCore.App\5.0.0\netstandard.dll</ModulePath>
      <ModuleTime>2020-10-19T22:14:58Z</ModuleTime>
      <ModuleName>netstandard</ModuleName>
      <Classes />
    </Module>
    <Module skippedDueTo="Filter" hash="E6-84-21-9D-B7-67-08-08-C8-23-E3-EF-D5-38-6C-FC-94-A2-C9-BF">
      <ModulePath>c:\program files\dotnet\shared\Microsoft.NETCore.App\5.0.0\System.Linq.dll</ModulePath>
      <ModuleTime>2020-10-19T22:14:32Z</ModuleTime>
      <ModuleName>System.Linq</ModuleName>
      <Classes />
    </Module>
    <Module skippedDueTo="MissingPdb" hash="9C-DE-4A-6F-DA-8F-EB-91-B5-6F-CF-3B-72-64-B3-33-75-62-3A-C0">
      <ModulePath>c:\program files\dotnet\sdk\5.0.100\NuGet.Frameworks.dll</ModulePath>
      <ModuleTime>2020-10-27T06:54:12Z</ModuleTime>
      <ModuleName>NuGet.Frameworks</ModuleName>
      <Classes />
    </Module>
    <Module skippedDueTo="Filter" hash="A0-AC-AB-3B-DE-38-E0-09-11-B2-E6-35-50-00-3F-98-C4-32-FB-63">
      <ModulePath>c:\program files\dotnet\shared\Microsoft.NETCore.App\5.0.0\System.Console.dll</ModulePath>
      <ModuleTime>2020-10-19T22:15:52Z</ModuleTime>
      <ModuleName>System.Console</ModuleName>
      <Classes />
    </Module>
    <Module skippedDueTo="Filter" hash="44-DC-AC-10-11-A8-87-47-18-29-D4-08-91-38-B9-12-6E-70-8E-13">
      <ModulePath>c:\program files\dotnet\shared\Microsoft.NETCore.App\5.0.0\System.Text.Encoding.Extensions.dll</ModulePath>
      <ModuleTime>2020-10-19T22:15:36Z</ModuleTime>
      <ModuleName>System.Text.Encoding.Extensions</ModuleName>
      <Classes />
    </Module>
    <Module skippedDueTo="Filter" hash="BF-EF-37-A7-B4-D7-5C-5C-1D-E1-92-D8-0D-8F-34-EF-BD-3B-53-0A">
      <ModulePath>c:\program files\dotnet\shared\Microsoft.NETCore.App\5.0.0\System.Runtime.CompilerServices.Unsafe.dll</ModulePath>
      <ModuleTime>2020-10-19T22:15:08Z</ModuleTime>
      <ModuleName>System.Runtime.CompilerServices.Unsafe</ModuleName>
      <Classes />
    </Module>
    <Module skippedDueTo="MissingPdb" hash="CF-8E-DE-64-B9-74-DC-EC-32-D6-FF-00-C5-5F-E1-15-0C-83-13-3E">
      <ModulePath>c:\program files\dotnet\sdk\5.0.100\Microsoft.ApplicationInsights.dll</ModulePath>
      <ModuleTime>2020-10-27T06:54:24Z</ModuleTime>
      <ModuleName>Microsoft.ApplicationInsights</ModuleName>
      <Classes />
    </Module>
    <Module skippedDueTo="Filter" hash="F7-C6-A8-BF-69-A6-DD-46-D4-EC-3B-18-95-68-C4-E1-4E-EE-44-9F">
      <ModulePath>c:\program files\dotnet\shared\Microsoft.NETCore.App\5.0.0\System.Private.Uri.dll</ModulePath>
      <ModuleTime>2020-10-19T22:17:04Z</ModuleTime>
      <ModuleName>System.Private.Uri</ModuleName>
      <Classes />
    </Module>
    <Module skippedDueTo="Filter" hash="C3-2B-92-9F-4D-3A-C7-2A-07-6F-D0-DC-E3-F0-AD-2D-5E-87-06-A6">
      <ModulePath>c:\program files\dotnet\shared\Microsoft.NETCore.App\5.0.0\System.Security.Cryptography.Algorithms.dll</ModulePath>
      <ModuleTime>2020-10-19T22:16:22Z</ModuleTime>
      <ModuleName>System.Security.Cryptography.Algorithms</ModuleName>
      <Classes />
    </Module>
    <Module skippedDueTo="Filter" hash="A3-A3-1D-73-B0-90-BB-F1-73-87-2B-22-AD-06-83-00-1E-C2-A3-E6">
      <ModulePath>c:\program files\dotnet\shared\Microsoft.NETCore.App\5.0.0\System.Security.Cryptography.Primitives.dll</ModulePath>
      <ModuleTime>2020-10-19T22:14:44Z</ModuleTime>
      <ModuleName>System.Security.Cryptography.Primitives</ModuleName>
      <Classes />
    </Module>
    <Module skippedDueTo="Filter" hash="97-55-F7-5B-93-43-58-AA-A9-6B-D0-F3-71-B0-07-3E-B3-FB-74-B8">
      <ModulePath>c:\program files\dotnet\shared\Microsoft.NETCore.App\5.0.0\System.Reflection.Extensions.dll</ModulePath>
      <ModuleTime>2020-10-19T22:15:08Z</ModuleTime>
      <ModuleName>System.Reflection.Extensions</ModuleName>
      <Classes />
    </Module>
    <Module skippedDueTo="Filter" hash="8C-35-F8-5A-A2-33-10-3F-B9-56-F4-13-66-6C-96-09-B5-D5-48-39">
      <ModulePath>c:\program files\dotnet\shared\Microsoft.NETCore.App\5.0.0\System.Reflection.dll</ModulePath>
      <ModuleTime>2020-10-19T22:14:38Z</ModuleTime>
      <ModuleName>System.Reflection</ModuleName>
      <Classes />
    </Module>
    <Module skippedDueTo="Filter" hash="17-8A-8C-21-F5-73-E0-8E-A7-ED-33-98-EE-86-23-75-50-77-55-78">
      <ModulePath>c:\program files\dotnet\shared\Microsoft.NETCore.App\5.0.0\System.Xml.XDocument.dll</ModulePath>
      <ModuleTime>2020-10-19T22:14:16Z</ModuleTime>
      <ModuleName>System.Xml.XDocument</ModuleName>
      <Classes />
    </Module>
    <Module skippedDueTo="Filter" hash="38-89-E3-4F-72-A3-0F-CF-54-EC-94-74-EB-6E-E5-94-92-0E-40-AF">
      <ModulePath>c:\program files\dotnet\shared\Microsoft.NETCore.App\5.0.0\System.Private.Xml.Linq.dll</ModulePath>
      <ModuleTime>2020-10-19T22:15:10Z</ModuleTime>
      <ModuleName>System.Private.Xml.Linq</ModuleName>
      <Classes />
    </Module>
    <Module skippedDueTo="MissingPdb" hash="DB-F2-87-3A-CD-82-1A-6B-8C-BC-D2-C4-1D-74-00-34-A3-40-D0-61">
      <ModulePath>c:\program files\dotnet\sdk\5.0.100\Microsoft.TemplateEngine.Cli.dll</ModulePath>
      <ModuleTime>2020-10-27T06:54:30Z</ModuleTime>
      <ModuleName>Microsoft.TemplateEngine.Cli</ModuleName>
      <Classes />
    </Module>
    <Module skippedDueTo="Filter" hash="99-1B-9F-BB-17-7F-2A-55-29-95-D9-35-BE-3F-62-FA-41-B5-C4-2C">
      <ModulePath>c:\program files\dotnet\shared\Microsoft.NETCore.App\5.0.0\System.Private.Xml.dll</ModulePath>
      <ModuleTime>2020-10-19T22:16:24Z</ModuleTime>
      <ModuleName>System.Private.Xml</ModuleName>
      <Classes />
    </Module>
    <Module skippedDueTo="Filter" hash="19-E8-9C-3F-51-C3-D8-04-8E-1D-2F-E1-DE-26-9F-89-06-F2-91-A4">
      <ModulePath>c:\program files\dotnet\shared\Microsoft.NETCore.App\5.0.0\System.Runtime.Extensions.dll</ModulePath>
      <ModuleTime>2020-10-19T22:14:42Z</ModuleTime>
      <ModuleName>System.Runtime.Extensions</ModuleName>
      <Classes />
    </Module>
    <Module skippedDueTo="Filter" hash="C1-F4-E2-BA-BB-2B-A3-43-6D-4E-D6-AA-3D-E8-C1-88-F2-6A-54-06">
      <ModulePath>c:\program files\dotnet\shared\Microsoft.NETCore.App\5.0.0\System.Xml.ReaderWriter.dll</ModulePath>
      <ModuleTime>2020-10-19T22:14:38Z</ModuleTime>
      <ModuleName>System.Xml.ReaderWriter</ModuleName>
      <Classes />
    </Module>
    <Module skippedDueTo="Filter" hash="06-0A-22-F6-9E-41-3B-47-E6-B0-C2-A8-E9-BF-2F-9B-20-0C-45-75">
      <ModulePath>c:\program files\dotnet\shared\Microsoft.NETCore.App\5.0.0\System.Diagnostics.Tracing.dll</ModulePath>
      <ModuleTime>2020-10-19T22:14:56Z</ModuleTime>
      <ModuleName>System.Diagnostics.Tracing</ModuleName>
      <Classes />
    </Module>
    <Module skippedDueTo="Filter" hash="5F-40-05-FB-C2-FD-BC-B9-32-ED-10-69-78-25-1B-9A-0C-EA-44-C5">
      <ModulePath>c:\program files\dotnet\shared\Microsoft.NETCore.App\5.0.0\System.Net.Http.dll</ModulePath>
      <ModuleTime>2020-10-19T22:15:02Z</ModuleTime>
      <ModuleName>System.Net.Http</ModuleName>
      <Classes />
    </Module>
    <Module skippedDueTo="Filter" hash="6A-32-E3-4B-6A-D8-6C-F4-7F-76-96-EB-E4-52-F2-C6-8B-7F-E5-2D">
      <ModulePath>c:\program files\dotnet\shared\Microsoft.NETCore.App\5.0.0\System.Threading.Tasks.dll</ModulePath>
      <ModuleTime>2020-10-19T22:14:46Z</ModuleTime>
      <ModuleName>System.Threading.Tasks</ModuleName>
      <Classes />
    </Module>
    <Module skippedDueTo="Filter" hash="DD-03-8F-93-64-72-9C-D1-4A-EF-6A-35-CF-E2-0A-96-9F-71-0A-E8">
      <ModulePath>c:\program files\dotnet\shared\Microsoft.NETCore.App\5.0.0\System.Globalization.dll</ModulePath>
      <ModuleTime>2020-10-19T22:13:58Z</ModuleTime>
      <ModuleName>System.Globalization</ModuleName>
      <Classes />
    </Module>
    <Module skippedDueTo="Filter" hash="33-FF-8C-53-D8-AD-9F-61-FE-38-98-2C-20-04-7A-FA-B3-D5-6A-AC">
      <ModulePath>c:\program files\dotnet\shared\Microsoft.NETCore.App\5.0.0\System.Text.RegularExpressions.dll</ModulePath>
      <ModuleTime>2020-10-19T22:15:12Z</ModuleTime>
      <ModuleName>System.Text.RegularExpressions</ModuleName>
      <Classes />
    </Module>
    <Module skippedDueTo="Filter" hash="30-99-38-E2-F4-CD-CE-AE-B8-89-59-70-5A-F6-06-BA-95-C2-5B-FA">
      <ModulePath>c:\program files\dotnet\shared\Microsoft.NETCore.App\5.0.0\System.Reflection.Emit.ILGeneration.dll</ModulePath>
      <ModuleTime>2020-10-19T22:15:10Z</ModuleTime>
      <ModuleName>System.Reflection.Emit.ILGeneration</ModuleName>
      <Classes />
    </Module>
    <Module skippedDueTo="Filter" hash="ED-97-C1-EA-4B-0E-45-F5-E4-DC-BB-B9-E1-59-1E-5C-78-C0-75-7A">
      <ModulePath>c:\program files\dotnet\shared\Microsoft.NETCore.App\5.0.0\System.Reflection.Emit.Lightweight.dll</ModulePath>
      <ModuleTime>2020-10-19T22:15:36Z</ModuleTime>
      <ModuleName>System.Reflection.Emit.Lightweight</ModuleName>
      <Classes />
    </Module>
    <Module skippedDueTo="Filter" hash="82-DC-BF-37-4B-57-93-28-10-3E-53-BC-F6-1C-13-38-EF-75-F4-33">
      <ModulePath>c:\program files\dotnet\shared\Microsoft.NETCore.App\5.0.0\System.Reflection.Primitives.dll</ModulePath>
      <ModuleTime>2020-10-19T22:14:42Z</ModuleTime>
      <ModuleName>System.Reflection.Primitives</ModuleName>
      <Classes />
    </Module>
    <Module skippedDueTo="Filter" hash="51-23-45-52-ED-2D-B8-28-71-EF-4C-AE-C2-4F-3C-8D-D9-67-DB-11">
      <ModulePath>c:\program files\dotnet\shared\Microsoft.NETCore.App\5.0.0\System.Net.Primitives.dll</ModulePath>
      <ModuleTime>2020-10-19T22:15:04Z</ModuleTime>
      <ModuleName>System.Net.Primitives</ModuleName>
      <Classes />
    </Module>
    <Module skippedDueTo="Filter" hash="5C-83-6D-6A-04-12-21-BE-93-5D-60-38-31-20-6F-23-F3-64-1E-DB">
      <ModulePath>c:\program files\dotnet\shared\Microsoft.NETCore.App\5.0.0\System.Net.Security.dll</ModulePath>
      <ModuleTime>2020-10-19T22:15:28Z</ModuleTime>
      <ModuleName>System.Net.Security</ModuleName>
      <Classes />
    </Module>
    <Module skippedDueTo="MissingPdb" hash="BA-B9-B9-7C-2C-AF-28-CB-EE-65-2D-B5-65-BC-AB-05-10-3E-F1-F8">
      <ModulePath>c:\program files\dotnet\sdk\5.0.100\Microsoft.TemplateEngine.Utils.dll</ModulePath>
      <ModuleTime>2020-10-27T06:54:30Z</ModuleTime>
      <ModuleName>Microsoft.TemplateEngine.Utils</ModuleName>
      <Classes />
    </Module>
    <Module skippedDueTo="Filter" hash="93-E0-3B-C3-E9-FE-E6-6F-B1-94-E0-B7-4B-4B-99-03-69-DB-3A-AD">
      <ModulePath>c:\program files\dotnet\shared\Microsoft.NETCore.App\5.0.0\System.Diagnostics.DiagnosticSource.dll</ModulePath>
      <ModuleTime>2020-10-19T22:14:24Z</ModuleTime>
      <ModuleName>System.Diagnostics.DiagnosticSource</ModuleName>
      <Classes />
    </Module>
    <Module skippedDueTo="MissingPdb" hash="88-0F-01-F6-E3-30-D2-FA-BC-C6-39-76-FD-2D-73-C9-7C-D8-D6-7B">
      <ModulePath>c:\program files\dotnet\shared\Microsoft.NETCore.App\5.0.0\Microsoft.Win32.Registry.dll</ModulePath>
      <ModuleTime>2020-10-19T22:14:58Z</ModuleTime>
      <ModuleName>Microsoft.Win32.Registry</ModuleName>
      <Classes />
    </Module>
    <Module skippedDueTo="Filter" hash="80-A2-B0-AE-0B-81-09-F9-40-35-0C-64-60-6E-42-AE-D4-8F-4B-04">
      <ModulePath>c:\program files\dotnet\shared\Microsoft.NETCore.App\5.0.0\System.Security.Cryptography.X509Certificates.dll</ModulePath>
      <ModuleTime>2020-10-19T22:15:38Z</ModuleTime>
      <ModuleName>System.Security.Cryptography.X509Certificates</ModuleName>
      <Classes />
    </Module>
    <Module skippedDueTo="Filter" hash="13-3D-D5-C5-B8-AE-E5-6F-E5-BC-13-34-0F-7D-17-A7-F5-9A-6B-9E">
      <ModulePath>c:\program files\dotnet\shared\Microsoft.NETCore.App\5.0.0\System.Net.Requests.dll</ModulePath>
      <ModuleTime>2020-10-19T22:16:14Z</ModuleTime>
      <ModuleName>System.Net.Requests</ModuleName>
      <Classes />
    </Module>
    <Module skippedDueTo="MissingPdb" hash="37-22-CD-F5-3C-0C-8C-EB-A8-DB-BF-4F-07-03-CD-1A-58-4D-D1-AB">
      <ModulePath>c:\program files\dotnet\sdk\5.0.100\pt-BR\dotnet.resources.dll</ModulePath>
      <ModuleTime>2020-10-27T06:54:30Z</ModuleTime>
      <ModuleName>dotnet.resources</ModuleName>
      <Classes />
    </Module>
    <Module skippedDueTo="Filter" hash="B1-8B-09-B3-FC-11-E3-5C-40-08-30-99-A5-50-AB-D6-64-E9-AA-C2">
      <ModulePath>c:\program files\dotnet\shared\Microsoft.NETCore.App\5.0.0\System.Net.NetworkInformation.dll</ModulePath>
      <ModuleTime>2020-10-19T22:15:26Z</ModuleTime>
      <ModuleName>System.Net.NetworkInformation</ModuleName>
      <Classes />
    </Module>
    <Module skippedDueTo="Filter" hash="35-38-32-7D-98-84-AC-FF-AF-A8-7F-20-F1-89-6F-5A-2A-32-8F-32">
      <ModulePath>c:\program files\dotnet\shared\Microsoft.NETCore.App\5.0.0\System.Diagnostics.Tools.dll</ModulePath>
      <ModuleTime>2020-10-19T22:14:26Z</ModuleTime>
      <ModuleName>System.Diagnostics.Tools</ModuleName>
      <Classes />
    </Module>
    <Module skippedDueTo="MissingPdb" hash="5C-F3-81-49-0C-A2-33-CF-84-83-20-F6-98-B7-5B-CD-79-6B-F8-D9">
      <ModulePath>c:\program files\dotnet\shared\Microsoft.NETCore.App\5.0.0\Microsoft.Win32.Primitives.dll</ModulePath>
      <ModuleTime>2020-10-19T22:14:22Z</ModuleTime>
      <ModuleName>Microsoft.Win32.Primitives</ModuleName>
      <Classes />
    </Module>
    <Module skippedDueTo="Filter" hash="72-19-F1-87-DE-F9-D1-5B-69-E8-7B-FA-47-02-25-C5-41-4E-0C-71">
      <ModulePath>c:\program files\dotnet\shared\Microsoft.NETCore.App\5.0.0\System.Diagnostics.Debug.dll</ModulePath>
      <ModuleTime>2020-10-19T22:14:24Z</ModuleTime>
      <ModuleName>System.Diagnostics.Debug</ModuleName>
      <Classes />
    </Module>
    <Module skippedDueTo="Filter" hash="24-E3-14-DA-FD-41-F9-6F-BA-9A-E1-43-D5-07-EE-BC-19-CB-21-0F">
      <ModulePath>c:\program files\dotnet\shared\Microsoft.NETCore.App\5.0.0\System.IO.dll</ModulePath>
      <ModuleTime>2020-10-19T22:14:30Z</ModuleTime>
      <ModuleName>System.IO</ModuleName>
      <Classes />
    </Module>
    <Module skippedDueTo="Filter" hash="19-DA-6C-6C-01-5D-DD-90-34-95-A3-EA-21-C7-E4-A8-61-F2-02-E4">
      <ModulePath>c:\program files\dotnet\shared\Microsoft.NETCore.App\5.0.0\System.Text.Encoding.dll</ModulePath>
      <ModuleTime>2020-10-19T22:14:46Z</ModuleTime>
      <ModuleName>System.Text.Encoding</ModuleName>
      <Classes />
    </Module>
    <Module skippedDueTo="Filter" hash="73-DF-3B-A2-DD-68-1D-6A-FD-A4-C2-E5-84-3F-A5-04-64-16-51-D9">
      <ModulePath>c:\program files\dotnet\shared\Microsoft.NETCore.App\5.0.0\System.IO.Compression.dll</ModulePath>
      <ModuleTime>2020-10-19T22:14:28Z</ModuleTime>
      <ModuleName>System.IO.Compression</ModuleName>
      <Classes />
    </Module>
    <Module skippedDueTo="Filter" hash="55-45-30-E3-65-51-66-BC-74-30-06-0E-AD-50-05-6D-00-B1-C0-D5">
      <ModulePath>c:\program files\dotnet\shared\Microsoft.NETCore.App\5.0.0\System.Collections.NonGeneric.dll</ModulePath>
      <ModuleTime>2020-10-19T22:14:56Z</ModuleTime>
      <ModuleName>System.Collections.NonGeneric</ModuleName>
      <Classes />
    </Module>
    <Module skippedDueTo="MissingPdb" hash="FB-C2-5E-1D-2D-D0-7D-6E-90-EC-7C-F6-0B-9D-DB-4F-A9-10-6B-93">
      <ModulePath>c:\program files\dotnet\sdk\5.0.100\Microsoft.Build.Framework.dll</ModulePath>
      <ModuleTime>2020-10-27T06:54:26Z</ModuleTime>
      <ModuleName>Microsoft.Build.Framework</ModuleName>
      <Classes />
    </Module>
    <Module skippedDueTo="Filter" hash="F2-97-5D-23-2A-F3-91-BF-27-CF-FD-6F-18-75-82-5F-4A-C9-91-F3">
      <ModulePath>c:\program files\dotnet\shared\Microsoft.NETCore.App\5.0.0\System.Diagnostics.Process.dll</ModulePath>
      <ModuleTime>2020-10-19T22:15:24Z</ModuleTime>
      <ModuleName>System.Diagnostics.Process</ModuleName>
      <Classes />
    </Module>
    <Module skippedDueTo="Filter" hash="70-B6-A0-D6-C7-59-7F-AD-53-85-7B-DC-B6-BC-46-60-5F-76-32-44">
      <ModulePath>c:\program files\dotnet\shared\Microsoft.NETCore.App\5.0.0\System.ComponentModel.Primitives.dll</ModulePath>
      <ModuleTime>2020-10-19T22:14:24Z</ModuleTime>
      <ModuleName>System.ComponentModel.Primitives</ModuleName>
      <Classes />
    </Module>
    <Module skippedDueTo="Filter" hash="91-D1-00-40-6E-3A-9F-00-C0-1E-9E-47-40-53-58-9F-B2-8D-F6-4E">
      <ModulePath>c:\program files\dotnet\shared\Microsoft.NETCore.App\5.0.0\System.Net.Sockets.dll</ModulePath>
      <ModuleTime>2020-10-19T22:15:10Z</ModuleTime>
      <ModuleName>System.Net.Sockets</ModuleName>
      <Classes />
    </Module>
    <Module skippedDueTo="Filter" hash="CD-D4-A3-E5-6B-FF-20-30-03-95-A0-3E-F6-51-AE-C9-5A-EE-38-50">
      <ModulePath>c:\program files\dotnet\shared\Microsoft.NETCore.App\5.0.0\System.Net.NameResolution.dll</ModulePath>
      <ModuleTime>2020-10-19T22:15:00Z</ModuleTime>
      <ModuleName>System.Net.NameResolution</ModuleName>
      <Classes />
    </Module>
    <Module skippedDueTo="Filter" hash="E3-79-60-3F-E2-C2-06-19-1A-CB-44-3A-4E-89-DC-EB-9C-16-45-A9">
      <ModulePath>c:\program files\dotnet\shared\Microsoft.NETCore.App\5.0.0\System.Threading.Overlapped.dll</ModulePath>
      <ModuleTime>2020-10-19T22:15:12Z</ModuleTime>
      <ModuleName>System.Threading.Overlapped</ModuleName>
      <Classes />
    </Module>
    <Module skippedDueTo="Filter" hash="BF-AA-61-8A-B0-02-BA-05-7B-72-14-27-97-9F-10-82-F5-2A-FC-3E">
      <ModulePath>c:\program files\dotnet\shared\Microsoft.NETCore.App\5.0.0\System.Threading.ThreadPool.dll</ModulePath>
      <ModuleTime>2020-10-19T22:15:12Z</ModuleTime>
      <ModuleName>System.Threading.ThreadPool</ModuleName>
      <Classes />
    </Module>
    <Module skippedDueTo="Filter" hash="02-28-F9-A5-3F-F3-AB-D7-0C-71-1B-86-B4-89-71-83-07-EE-BA-05">
      <ModulePath>c:\program files\dotnet\shared\Microsoft.NETCore.App\5.0.0\System.Private.CoreLib.dll</ModulePath>
      <ModuleTime>2020-10-19T22:10:06Z</ModuleTime>
      <ModuleName>System.Private.CoreLib</ModuleName>
      <Classes />
    </Module>
    <Module skippedDueTo="Filter" hash="A8-FD-C3-37-0F-70-7D-8E-82-B4-7E-54-4A-06-6C-FF-F6-8C-78-20">
      <ModulePath>c:\program files\dotnet\shared\Microsoft.NETCore.App\5.0.0\System.Security.Principal.Windows.dll</ModulePath>
      <ModuleTime>2020-10-19T22:15:14Z</ModuleTime>
      <ModuleName>System.Security.Principal.Windows</ModuleName>
      <Classes />
    </Module>
    <Module skippedDueTo="Filter" hash="F0-DC-58-89-16-46-9E-3B-B3-8A-A3-6A-ED-3F-2D-DB-98-9F-C1-D8">
      <ModulePath>c:\program files\dotnet\shared\Microsoft.NETCore.App\5.0.0\System.Security.Claims.dll</ModulePath>
      <ModuleTime>2020-10-19T22:14:44Z</ModuleTime>
      <ModuleName>System.Security.Claims</ModuleName>
      <Classes />
    </Module>
    <Module skippedDueTo="MissingPdb" hash="0F-4D-B6-80-E7-1B-3A-80-64-99-E5-1B-C3-91-C6-15-43-15-A2-DA">
      <ModulePath>c:\program files\dotnet\sdk\5.0.100\MSBuild.dll</ModulePath>
      <ModuleTime>2020-10-27T06:54:16Z</ModuleTime>
      <ModuleName>MSBuild</ModuleName>
      <Classes />
    </Module>
    <Module skippedDueTo="Filter" hash="A4-8E-A9-B3-A8-87-80-FF-48-98-58-BC-02-CA-42-CE-96-9F-A5-93">
      <ModulePath>c:\program files\dotnet\shared\Microsoft.NETCore.App\5.0.0\System.Runtime.dll</ModulePath>
      <ModuleTime>2020-10-19T22:15:36Z</ModuleTime>
      <ModuleName>System.Runtime</ModuleName>
      <Classes />
    </Module>
    <Module skippedDueTo="Filter" hash="19-E8-9C-3F-51-C3-D8-04-8E-1D-2F-E1-DE-26-9F-89-06-F2-91-A4">
      <ModulePath>c:\program files\dotnet\shared\Microsoft.NETCore.App\5.0.0\System.Runtime.Extensions.dll</ModulePath>
      <ModuleTime>2020-10-19T22:14:42Z</ModuleTime>
      <ModuleName>System.Runtime.Extensions</ModuleName>
      <Classes />
    </Module>
    <Module skippedDueTo="Filter" hash="48-FF-37-2E-76-C6-1A-35-14-61-9D-3D-21-40-E8-FB-88-74-B4-73">
      <ModulePath>c:\program files\dotnet\shared\Microsoft.NETCore.App\5.0.0\System.Threading.dll</ModulePath>
      <ModuleTime>2020-10-19T22:15:14Z</ModuleTime>
      <ModuleName>System.Threading</ModuleName>
      <Classes />
    </Module>
    <Module skippedDueTo="Filter" hash="6A-32-E3-4B-6A-D8-6C-F4-7F-76-96-EB-E4-52-F2-C6-8B-7F-E5-2D">
      <ModulePath>c:\program files\dotnet\shared\Microsoft.NETCore.App\5.0.0\System.Threading.Tasks.dll</ModulePath>
      <ModuleTime>2020-10-19T22:14:46Z</ModuleTime>
      <ModuleName>System.Threading.Tasks</ModuleName>
      <Classes />
    </Module>
    <Module skippedDueTo="MissingPdb" hash="FB-C2-5E-1D-2D-D0-7D-6E-90-EC-7C-F6-0B-9D-DB-4F-A9-10-6B-93">
      <ModulePath>c:\program files\dotnet\sdk\5.0.100\Microsoft.Build.Framework.dll</ModulePath>
      <ModuleTime>2020-10-27T06:54:26Z</ModuleTime>
      <ModuleName>Microsoft.Build.Framework</ModuleName>
      <Classes />
    </Module>
    <Module skippedDueTo="MissingPdb" hash="B6-0D-38-ED-5B-CB-35-F6-64-68-A4-3D-C4-34-9D-FA-97-0B-1C-02">
      <ModulePath>c:\program files\dotnet\shared\Microsoft.NETCore.App\5.0.0\netstandard.dll</ModulePath>
      <ModuleTime>2020-10-19T22:14:58Z</ModuleTime>
      <ModuleName>netstandard</ModuleName>
      <Classes />
    </Module>
    <Module skippedDueTo="Filter" hash="DD-08-61-4E-E3-E4-14-45-3A-29-F7-E2-BC-EF-3F-54-8C-EF-15-37">
      <ModulePath>c:\program files\dotnet\shared\Microsoft.NETCore.App\5.0.0\System.Runtime.InteropServices.RuntimeInformation.dll</ModulePath>
      <ModuleTime>2020-10-19T22:14:42Z</ModuleTime>
      <ModuleName>System.Runtime.InteropServices.RuntimeInformation</ModuleName>
      <Classes />
    </Module>
    <Module skippedDueTo="Filter" hash="F2-97-5D-23-2A-F3-91-BF-27-CF-FD-6F-18-75-82-5F-4A-C9-91-F3">
      <ModulePath>c:\program files\dotnet\shared\Microsoft.NETCore.App\5.0.0\System.Diagnostics.Process.dll</ModulePath>
      <ModuleTime>2020-10-19T22:15:24Z</ModuleTime>
      <ModuleName>System.Diagnostics.Process</ModuleName>
      <Classes />
    </Module>
    <Module skippedDueTo="Filter" hash="70-B6-A0-D6-C7-59-7F-AD-53-85-7B-DC-B6-BC-46-60-5F-76-32-44">
      <ModulePath>c:\program files\dotnet\shared\Microsoft.NETCore.App\5.0.0\System.ComponentModel.Primitives.dll</ModulePath>
      <ModuleTime>2020-10-19T22:14:24Z</ModuleTime>
      <ModuleName>System.ComponentModel.Primitives</ModuleName>
      <Classes />
    </Module>
    <Module skippedDueTo="Filter" hash="E6-84-21-9D-B7-67-08-08-C8-23-E3-EF-D5-38-6C-FC-94-A2-C9-BF">
      <ModulePath>c:\program files\dotnet\shared\Microsoft.NETCore.App\5.0.0\System.Linq.dll</ModulePath>
      <ModuleTime>2020-10-19T22:14:32Z</ModuleTime>
      <ModuleName>System.Linq</ModuleName>
      <Classes />
    </Module>
    <Module skippedDueTo="Filter" hash="33-FF-8C-53-D8-AD-9F-61-FE-38-98-2C-20-04-7A-FA-B3-D5-6A-AC">
      <ModulePath>c:\program files\dotnet\shared\Microsoft.NETCore.App\5.0.0\System.Text.RegularExpressions.dll</ModulePath>
      <ModuleTime>2020-10-19T22:15:12Z</ModuleTime>
      <ModuleName>System.Text.RegularExpressions</ModuleName>
      <Classes />
    </Module>
    <Module skippedDueTo="Filter" hash="0E-38-D9-40-38-C1-67-1D-E0-05-06-A5-2D-DD-1C-54-83-56-A1-6A">
      <ModulePath>c:\program files\dotnet\shared\Microsoft.NETCore.App\5.0.0\System.Security.Cryptography.Encoding.dll</ModulePath>
      <ModuleTime>2020-10-19T22:15:36Z</ModuleTime>
      <ModuleName>System.Security.Cryptography.Encoding</ModuleName>
      <Classes />
    </Module>
    <Module skippedDueTo="Filter" hash="59-67-3C-A1-27-65-FA-E5-5B-98-3A-22-4F-1E-46-FE-63-23-64-A3">
      <ModulePath>c:\program files\dotnet\shared\Microsoft.NETCore.App\5.0.0\System.Collections.Concurrent.dll</ModulePath>
      <ModuleTime>2020-10-19T22:14:22Z</ModuleTime>
      <ModuleName>System.Collections.Concurrent</ModuleName>
      <Classes />
    </Module>
    <Module skippedDueTo="Filter" hash="CF-27-53-8B-23-74-2B-4F-EC-21-31-83-C3-95-23-64-19-AA-C5-97">
      <ModulePath>c:\program files\dotnet\shared\Microsoft.NETCore.App\5.0.0\System.Collections.dll</ModulePath>
      <ModuleTime>2020-10-19T22:14:22Z</ModuleTime>
      <ModuleName>System.Collections</ModuleName>
      <Classes />
    </Module>
    <Module skippedDueTo="Filter" hash="E0-56-69-A7-82-F3-9F-FB-2E-09-D9-D4-30-FA-C1-82-74-3D-B1-46">
      <ModulePath>c:\program files\dotnet\shared\Microsoft.NETCore.App\5.0.0\System.Memory.dll</ModulePath>
      <ModuleTime>2020-10-19T22:14:32Z</ModuleTime>
      <ModuleName>System.Memory</ModuleName>
      <Classes />
    </Module>
    <Module skippedDueTo="Filter" hash="7A-C8-00-A9-4A-F0-DA-43-C7-8B-3C-34-11-AA-21-D4-5C-CF-91-1D">
      <ModulePath>c:\program files\dotnet\shared\Microsoft.NETCore.App\5.0.0\System.IO.FileSystem.dll</ModulePath>
      <ModuleTime>2020-10-19T22:14:28Z</ModuleTime>
      <ModuleName>System.IO.FileSystem</ModuleName>
      <Classes />
    </Module>
    <Module skippedDueTo="Filter" hash="72-79-CD-97-C3-F7-F4-75-36-29-E2-1C-B8-23-4E-40-82-B1-F8-90">
      <ModulePath>c:\program files\dotnet\shared\Microsoft.NETCore.App\5.0.0\System.Runtime.InteropServices.dll</ModulePath>
      <ModuleTime>2020-10-19T22:15:10Z</ModuleTime>
      <ModuleName>System.Runtime.InteropServices</ModuleName>
      <Classes />
    </Module>
    <Module skippedDueTo="Filter" hash="A0-AC-AB-3B-DE-38-E0-09-11-B2-E6-35-50-00-3F-98-C4-32-FB-63">
      <ModulePath>c:\program files\dotnet\shared\Microsoft.NETCore.App\5.0.0\System.Console.dll</ModulePath>
      <ModuleTime>2020-10-19T22:15:52Z</ModuleTime>
      <ModuleName>System.Console</ModuleName>
      <Classes />
    </Module>
    <Module skippedDueTo="MissingPdb" hash="D1-4A-A7-0F-18-27-50-31-9D-7C-E1-1A-D5-AF-CF-EB-F1-11-BE-2C">
      <ModulePath>c:\program files\dotnet\sdk\5.0.100\Microsoft.Build.dll</ModulePath>
      <ModuleTime>2020-10-27T06:54:26Z</ModuleTime>
      <ModuleName>Microsoft.Build</ModuleName>
      <Classes />
    </Module>
    <Module skippedDueTo="Filter" hash="72-19-F1-87-DE-F9-D1-5B-69-E8-7B-FA-47-02-25-C5-41-4E-0C-71">
      <ModulePath>c:\program files\dotnet\shared\Microsoft.NETCore.App\5.0.0\System.Diagnostics.Debug.dll</ModulePath>
      <ModuleTime>2020-10-19T22:14:24Z</ModuleTime>
      <ModuleName>System.Diagnostics.Debug</ModuleName>
      <Classes />
    </Module>
    <Module skippedDueTo="Filter" hash="06-0A-22-F6-9E-41-3B-47-E6-B0-C2-A8-E9-BF-2F-9B-20-0C-45-75">
      <ModulePath>c:\program files\dotnet\shared\Microsoft.NETCore.App\5.0.0\System.Diagnostics.Tracing.dll</ModulePath>
      <ModuleTime>2020-10-19T22:14:56Z</ModuleTime>
      <ModuleName>System.Diagnostics.Tracing</ModuleName>
      <Classes />
    </Module>
    <Module skippedDueTo="MissingPdb" hash="5C-F3-81-49-0C-A2-33-CF-84-83-20-F6-98-B7-5B-CD-79-6B-F8-D9">
      <ModulePath>c:\program files\dotnet\shared\Microsoft.NETCore.App\5.0.0\Microsoft.Win32.Primitives.dll</ModulePath>
      <ModuleTime>2020-10-19T22:14:22Z</ModuleTime>
      <ModuleName>Microsoft.Win32.Primitives</ModuleName>
      <Classes />
    </Module>
    <Module skippedDueTo="Filter" hash="B2-AB-E3-89-06-42-27-62-AF-0E-D1-C3-A5-E2-53-A2-82-16-0F-AB">
      <ModulePath>c:\program files\dotnet\shared\Microsoft.NETCore.App\5.0.0\System.Text.Encoding.CodePages.dll</ModulePath>
      <ModuleTime>2020-10-19T22:15:12Z</ModuleTime>
      <ModuleName>System.Text.Encoding.CodePages</ModuleName>
      <Classes />
    </Module>
    <Module skippedDueTo="Filter" hash="AE-17-29-D5-95-9C-B5-59-32-6A-CA-48-80-36-08-44-BD-1F-7A-02">
      <ModulePath>c:\program files\dotnet\shared\Microsoft.NETCore.App\5.0.0\System.Runtime.Loader.dll</ModulePath>
      <ModuleTime>2020-10-19T22:14:40Z</ModuleTime>
      <ModuleName>System.Runtime.Loader</ModuleName>
      <Classes />
    </Module>
    <Module skippedDueTo="MissingPdb" hash="FB-C7-1B-DB-BA-A8-01-3F-25-40-60-E9-C3-73-BA-69-17-20-F2-B0">
      <ModulePath>c:\program files\dotnet\sdk\5.0.100\dotnet.dll</ModulePath>
      <ModuleTime>2020-10-27T06:54:26Z</ModuleTime>
      <ModuleName>dotnet</ModuleName>
      <Classes />
    </Module>
    <Module skippedDueTo="Filter" hash="0E-9C-61-9C-9D-8D-CF-3C-5C-0F-A3-D0-9B-30-7F-A5-6D-6A-0B-FD">
      <ModulePath>c:\program files\dotnet\shared\Microsoft.NETCore.App\5.0.0\System.Collections.Immutable.dll</ModulePath>
      <ModuleTime>2020-10-19T22:14:22Z</ModuleTime>
      <ModuleName>System.Collections.Immutable</ModuleName>
      <Classes />
    </Module>
    <Module skippedDueTo="MissingPdb" hash="4B-C5-A2-D8-A5-B4-0D-CF-53-77-11-B2-64-3D-D4-85-02-66-59-46">
      <ModulePath>c:\program files\dotnet\sdk\5.0.100\Microsoft.DotNet.Configurer.dll</ModulePath>
      <ModuleTime>2020-10-27T06:54:28Z</ModuleTime>
      <ModuleName>Microsoft.DotNet.Configurer</ModuleName>
      <Classes />
    </Module>
    <Module skippedDueTo="MissingPdb" hash="67-31-1B-63-D2-3F-D5-29-D8-D2-40-60-CF-5C-85-FD-7A-94-27-51">
      <ModulePath>c:\program files\dotnet\sdk\5.0.100\Microsoft.DotNet.InternalAbstractions.dll</ModulePath>
      <ModuleTime>2020-10-27T06:54:28Z</ModuleTime>
      <ModuleName>Microsoft.DotNet.InternalAbstractions</ModuleName>
      <Classes />
    </Module>
    <Module skippedDueTo="MissingPdb" hash="02-22-1B-CE-0E-56-5E-DB-85-C8-7F-16-19-76-18-E6-20-94-E4-25">
      <ModulePath>c:\program files\dotnet\sdk\5.0.100\Microsoft.DotNet.Cli.Utils.dll</ModulePath>
      <ModuleTime>2020-10-27T06:54:58Z</ModuleTime>
      <ModuleName>Microsoft.DotNet.Cli.Utils</ModuleName>
      <Classes />
    </Module>
    <Module skippedDueTo="Filter" hash="44-DC-AC-10-11-A8-87-47-18-29-D4-08-91-38-B9-12-6E-70-8E-13">
      <ModulePath>c:\program files\dotnet\shared\Microsoft.NETCore.App\5.0.0\System.Text.Encoding.Extensions.dll</ModulePath>
      <ModuleTime>2020-10-19T22:15:36Z</ModuleTime>
      <ModuleName>System.Text.Encoding.Extensions</ModuleName>
      <Classes />
    </Module>
    <Module skippedDueTo="MissingPdb" hash="CF-8E-DE-64-B9-74-DC-EC-32-D6-FF-00-C5-5F-E1-15-0C-83-13-3E">
      <ModulePath>c:\program files\dotnet\sdk\5.0.100\Microsoft.ApplicationInsights.dll</ModulePath>
      <ModuleTime>2020-10-27T06:54:24Z</ModuleTime>
      <ModuleName>Microsoft.ApplicationInsights</ModuleName>
      <Classes />
    </Module>
    <Module skippedDueTo="Filter" hash="BF-EF-37-A7-B4-D7-5C-5C-1D-E1-92-D8-0D-8F-34-EF-BD-3B-53-0A">
      <ModulePath>c:\program files\dotnet\shared\Microsoft.NETCore.App\5.0.0\System.Runtime.CompilerServices.Unsafe.dll</ModulePath>
      <ModuleTime>2020-10-19T22:15:08Z</ModuleTime>
      <ModuleName>System.Runtime.CompilerServices.Unsafe</ModuleName>
      <Classes />
    </Module>
    <Module skippedDueTo="Filter" hash="F7-C6-A8-BF-69-A6-DD-46-D4-EC-3B-18-95-68-C4-E1-4E-EE-44-9F">
      <ModulePath>c:\program files\dotnet\shared\Microsoft.NETCore.App\5.0.0\System.Private.Uri.dll</ModulePath>
      <ModuleTime>2020-10-19T22:17:04Z</ModuleTime>
      <ModuleName>System.Private.Uri</ModuleName>
      <Classes />
    </Module>
    <Module skippedDueTo="Filter" hash="97-55-F7-5B-93-43-58-AA-A9-6B-D0-F3-71-B0-07-3E-B3-FB-74-B8">
      <ModulePath>c:\program files\dotnet\shared\Microsoft.NETCore.App\5.0.0\System.Reflection.Extensions.dll</ModulePath>
      <ModuleTime>2020-10-19T22:15:08Z</ModuleTime>
      <ModuleName>System.Reflection.Extensions</ModuleName>
      <Classes />
    </Module>
    <Module skippedDueTo="Filter" hash="8C-35-F8-5A-A2-33-10-3F-B9-56-F4-13-66-6C-96-09-B5-D5-48-39">
      <ModulePath>c:\program files\dotnet\shared\Microsoft.NETCore.App\5.0.0\System.Reflection.dll</ModulePath>
      <ModuleTime>2020-10-19T22:14:38Z</ModuleTime>
      <ModuleName>System.Reflection</ModuleName>
      <Classes />
    </Module>
    <Module skippedDueTo="Filter" hash="17-8A-8C-21-F5-73-E0-8E-A7-ED-33-98-EE-86-23-75-50-77-55-78">
      <ModulePath>c:\program files\dotnet\shared\Microsoft.NETCore.App\5.0.0\System.Xml.XDocument.dll</ModulePath>
      <ModuleTime>2020-10-19T22:14:16Z</ModuleTime>
      <ModuleName>System.Xml.XDocument</ModuleName>
      <Classes />
    </Module>
    <Module skippedDueTo="Filter" hash="38-89-E3-4F-72-A3-0F-CF-54-EC-94-74-EB-6E-E5-94-92-0E-40-AF">
      <ModulePath>c:\program files\dotnet\shared\Microsoft.NETCore.App\5.0.0\System.Private.Xml.Linq.dll</ModulePath>
      <ModuleTime>2020-10-19T22:15:10Z</ModuleTime>
      <ModuleName>System.Private.Xml.Linq</ModuleName>
      <Classes />
    </Module>
    <Module skippedDueTo="Filter" hash="79-CE-21-28-C4-70-8F-51-25-40-5A-E2-6B-43-E6-0A-83-10-D6-AD">
      <ModulePath>c:\program files\dotnet\shared\Microsoft.NETCore.App\5.0.0\System.Threading.Thread.dll</ModulePath>
      <ModuleTime>2020-10-19T22:14:46Z</ModuleTime>
      <ModuleName>System.Threading.Thread</ModuleName>
      <Classes />
    </Module>
    <Module skippedDueTo="Filter" hash="99-1B-9F-BB-17-7F-2A-55-29-95-D9-35-BE-3F-62-FA-41-B5-C4-2C">
      <ModulePath>c:\program files\dotnet\shared\Microsoft.NETCore.App\5.0.0\System.Private.Xml.dll</ModulePath>
      <ModuleTime>2020-10-19T22:16:24Z</ModuleTime>
      <ModuleName>System.Private.Xml</ModuleName>
      <Classes />
    </Module>
    <Module skippedDueTo="Filter" hash="C1-F4-E2-BA-BB-2B-A3-43-6D-4E-D6-AA-3D-E8-C1-88-F2-6A-54-06">
      <ModulePath>c:\program files\dotnet\shared\Microsoft.NETCore.App\5.0.0\System.Xml.ReaderWriter.dll</ModulePath>
      <ModuleTime>2020-10-19T22:14:38Z</ModuleTime>
      <ModuleName>System.Xml.ReaderWriter</ModuleName>
      <Classes />
    </Module>
    <Module skippedDueTo="Filter" hash="DD-03-8F-93-64-72-9C-D1-4A-EF-6A-35-CF-E2-0A-96-9F-71-0A-E8">
      <ModulePath>c:\program files\dotnet\shared\Microsoft.NETCore.App\5.0.0\System.Globalization.dll</ModulePath>
      <ModuleTime>2020-10-19T22:13:58Z</ModuleTime>
      <ModuleName>System.Globalization</ModuleName>
      <Classes />
    </Module>
    <Module skippedDueTo="Filter" hash="55-45-30-E3-65-51-66-BC-74-30-06-0E-AD-50-05-6D-00-B1-C0-D5">
      <ModulePath>c:\program files\dotnet\shared\Microsoft.NETCore.App\5.0.0\System.Collections.NonGeneric.dll</ModulePath>
      <ModuleTime>2020-10-19T22:14:56Z</ModuleTime>
      <ModuleName>System.Collections.NonGeneric</ModuleName>
      <Classes />
    </Module>
    <Module skippedDueTo="Filter" hash="E6-91-D6-DF-B4-48-7B-00-38-A8-60-9F-A2-B6-72-6E-63-BA-2C-FA">
      <ModulePath>c:\program files\dotnet\shared\Microsoft.NETCore.App\5.0.0\System.Resources.ResourceManager.dll</ModulePath>
      <ModuleTime>2020-10-19T22:14:38Z</ModuleTime>
      <ModuleName>System.Resources.ResourceManager</ModuleName>
      <Classes />
    </Module>
    <Module skippedDueTo="MissingPdb" hash="83-45-C9-B9-9D-9C-CF-37-73-F4-81-C1-1B-5A-C6-D2-38-0A-F8-D1">
      <ModulePath>c:\program files\dotnet\sdk\5.0.100\pt-BR\MSBuild.resources.dll</ModulePath>
      <ModuleTime>2020-10-20T23:39:50Z</ModuleTime>
      <ModuleName>MSBuild.resources</ModuleName>
      <Classes />
    </Module>
    <Module skippedDueTo="Filter" hash="C3-2B-92-9F-4D-3A-C7-2A-07-6F-D0-DC-E3-F0-AD-2D-5E-87-06-A6">
      <ModulePath>c:\program files\dotnet\shared\Microsoft.NETCore.App\5.0.0\System.Security.Cryptography.Algorithms.dll</ModulePath>
      <ModuleTime>2020-10-19T22:16:22Z</ModuleTime>
      <ModuleName>System.Security.Cryptography.Algorithms</ModuleName>
      <Classes />
    </Module>
    <Module skippedDueTo="Filter" hash="A3-A3-1D-73-B0-90-BB-F1-73-87-2B-22-AD-06-83-00-1E-C2-A3-E6">
      <ModulePath>c:\program files\dotnet\shared\Microsoft.NETCore.App\5.0.0\System.Security.Cryptography.Primitives.dll</ModulePath>
      <ModuleTime>2020-10-19T22:14:44Z</ModuleTime>
      <ModuleName>System.Security.Cryptography.Primitives</ModuleName>
      <Classes />
    </Module>
    <Module skippedDueTo="MissingPdb" hash="88-0F-01-F6-E3-30-D2-FA-BC-C6-39-76-FD-2D-73-C9-7C-D8-D6-7B">
      <ModulePath>c:\program files\dotnet\shared\Microsoft.NETCore.App\5.0.0\Microsoft.Win32.Registry.dll</ModulePath>
      <ModuleTime>2020-10-19T22:14:58Z</ModuleTime>
      <ModuleName>Microsoft.Win32.Registry</ModuleName>
      <Classes />
    </Module>
    <Module skippedDueTo="Filter" hash="31-11-DC-7F-66-1D-38-1E-18-BC-30-FE-B0-88-E8-07-77-79-9F-34">
      <ModulePath>c:\program files\dotnet\shared\Microsoft.NETCore.App\5.0.0\System.Threading.Tasks.Dataflow.dll</ModulePath>
      <ModuleTime>2020-10-19T22:15:14Z</ModuleTime>
      <ModuleName>System.Threading.Tasks.Dataflow</ModuleName>
      <Classes />
    </Module>
    <Module skippedDueTo="MissingPdb" hash="B1-1A-2D-44-BE-D5-59-0D-92-DD-13-1F-F2-53-B5-8E-D3-A1-F2-63">
      <ModulePath>c:\program files\dotnet\sdk\5.0.100\pt-BR\Microsoft.Build.resources.dll</ModulePath>
      <ModuleTime>2020-10-20T23:39:36Z</ModuleTime>
      <ModuleName>Microsoft.Build.resources</ModuleName>
      <Classes />
    </Module>
    <Module skippedDueTo="Filter" hash="3F-70-05-4C-4B-E7-58-77-DC-FE-A7-90-33-1B-5B-A0-4B-B6-8E-C1">
      <ModulePath>c:\program files\dotnet\shared\Microsoft.NETCore.App\5.0.0\System.ObjectModel.dll</ModulePath>
      <ModuleTime>2020-10-19T22:15:10Z</ModuleTime>
      <ModuleName>System.ObjectModel</ModuleName>
      <Classes />
    </Module>
    <Module skippedDueTo="Filter" hash="3E-62-E0-43-1B-CD-BC-63-3B-BD-C1-5B-A3-79-6A-88-7F-B8-5F-7C">
      <ModulePath>c:\program files\dotnet\shared\Microsoft.NETCore.App\5.0.0\System.Text.Json.dll</ModulePath>
      <ModuleTime>2020-10-19T22:15:38Z</ModuleTime>
      <ModuleName>System.Text.Json</ModuleName>
      <Classes />
    </Module>
    <Module skippedDueTo="Filter" hash="30-99-38-E2-F4-CD-CE-AE-B8-89-59-70-5A-F6-06-BA-95-C2-5B-FA">
      <ModulePath>c:\program files\dotnet\shared\Microsoft.NETCore.App\5.0.0\System.Reflection.Emit.ILGeneration.dll</ModulePath>
      <ModuleTime>2020-10-19T22:15:10Z</ModuleTime>
      <ModuleName>System.Reflection.Emit.ILGeneration</ModuleName>
      <Classes />
    </Module>
    <Module skippedDueTo="Filter" hash="ED-97-C1-EA-4B-0E-45-F5-E4-DC-BB-B9-E1-59-1E-5C-78-C0-75-7A">
      <ModulePath>c:\program files\dotnet\shared\Microsoft.NETCore.App\5.0.0\System.Reflection.Emit.Lightweight.dll</ModulePath>
      <ModuleTime>2020-10-19T22:15:36Z</ModuleTime>
      <ModuleName>System.Reflection.Emit.Lightweight</ModuleName>
      <Classes />
    </Module>
    <Module skippedDueTo="Filter" hash="82-DC-BF-37-4B-57-93-28-10-3E-53-BC-F6-1C-13-38-EF-75-F4-33">
      <ModulePath>c:\program files\dotnet\shared\Microsoft.NETCore.App\5.0.0\System.Reflection.Primitives.dll</ModulePath>
      <ModuleTime>2020-10-19T22:14:42Z</ModuleTime>
      <ModuleName>System.Reflection.Primitives</ModuleName>
      <Classes />
    </Module>
    <Module skippedDueTo="Filter" hash="5C-EB-AB-AF-DA-D4-1E-AB-16-8E-1B-51-EB-F3-AC-16-FD-03-A2-71">
      <ModulePath>c:\program files\dotnet\shared\Microsoft.NETCore.App\5.0.0\System.Diagnostics.TraceSource.dll</ModulePath>
      <ModuleTime>2020-10-19T22:15:26Z</ModuleTime>
      <ModuleName>System.Diagnostics.TraceSource</ModuleName>
      <Classes />
    </Module>
    <Module skippedDueTo="Filter" hash="2F-6B-D8-A5-2F-02-92-F5-50-A8-39-39-1F-DA-82-4F-9E-78-85-4C">
      <ModulePath>c:\program files\dotnet\shared\Microsoft.NETCore.App\5.0.0\System.Threading.Tasks.Parallel.dll</ModulePath>
      <ModuleTime>2020-10-19T22:16:00Z</ModuleTime>
      <ModuleName>System.Threading.Tasks.Parallel</ModuleName>
      <Classes />
    </Module>
    <Module skippedDueTo="MissingPdb" hash="E9-F5-E9-D4-E8-F6-BF-B7-C4-45-A2-3F-D7-70-04-F6-6D-34-F6-95">
      <ModulePath>c:\program files\dotnet\sdk\5.0.100\Microsoft.Build.Tasks.Core.dll</ModulePath>
      <ModuleTime>2020-10-27T06:54:26Z</ModuleTime>
      <ModuleName>Microsoft.Build.Tasks.Core</ModuleName>
      <Classes />
    </Module>
    <Module skippedDueTo="MissingPdb" hash="73-0A-29-BE-43-AB-AA-5B-86-2D-1E-A8-7F-D0-BC-D4-ED-17-BE-94">
      <ModulePath>c:\program files\dotnet\sdk\5.0.100\Microsoft.Build.Utilities.Core.dll</ModulePath>
      <ModuleTime>2020-10-27T06:54:28Z</ModuleTime>
      <ModuleName>Microsoft.Build.Utilities.Core</ModuleName>
      <Classes />
    </Module>
    <Module skippedDueTo="MissingPdb" hash="86-42-3D-4D-06-1C-06-EA-B7-93-11-7E-BB-E2-BF-EE-2D-32-12-4A">
      <ModulePath>c:\program files\dotnet\sdk\5.0.100\NuGet.Build.Tasks.dll</ModulePath>
      <ModuleTime>2020-10-27T06:54:14Z</ModuleTime>
      <ModuleName>NuGet.Build.Tasks</ModuleName>
      <Classes />
    </Module>
    <Module skippedDueTo="MissingPdb" hash="4B-0C-5E-6A-B8-F7-1C-B6-D1-91-F8-FF-F9-3C-D2-A6-C8-C7-F7-28">
      <ModulePath>c:\program files\dotnet\sdk\5.0.100\NuGet.Common.dll</ModulePath>
      <ModuleTime>2020-10-27T06:53:30Z</ModuleTime>
      <ModuleName>NuGet.Common</ModuleName>
      <Classes />
    </Module>
    <Module skippedDueTo="MissingPdb" hash="7E-1F-E8-27-6B-C5-62-72-45-51-40-5C-6F-E3-2A-FA-62-41-02-36">
      <ModulePath>c:\program files\dotnet\sdk\5.0.100\NuGet.Commands.dll</ModulePath>
      <ModuleTime>2020-10-27T06:54:12Z</ModuleTime>
      <ModuleName>NuGet.Commands</ModuleName>
      <Classes />
    </Module>
    <Module skippedDueTo="MissingPdb" hash="3C-F4-1F-4E-BA-A1-03-E1-1A-76-8D-18-EE-1E-72-23-2D-2B-7D-F4">
      <ModulePath>c:\program files\dotnet\sdk\5.0.100\NuGet.ProjectModel.dll</ModulePath>
      <ModuleTime>2020-10-27T06:54:14Z</ModuleTime>
      <ModuleName>NuGet.ProjectModel</ModuleName>
      <Classes />
    </Module>
    <Module skippedDueTo="Filter" hash="5D-83-2E-85-FE-AF-92-14-97-12-16-A7-5D-41-7E-C9-81-A2-1D-6F">
      <ModulePath>c:\program files\dotnet\shared\Microsoft.NETCore.App\5.0.0\System.ComponentModel.dll</ModulePath>
      <ModuleTime>2020-10-19T22:14:22Z</ModuleTime>
      <ModuleName>System.ComponentModel</ModuleName>
      <Classes />
    </Module>
    <Module skippedDueTo="Filter" hash="BF-AA-61-8A-B0-02-BA-05-7B-72-14-27-97-9F-10-82-F5-2A-FC-3E">
      <ModulePath>c:\program files\dotnet\shared\Microsoft.NETCore.App\5.0.0\System.Threading.ThreadPool.dll</ModulePath>
      <ModuleTime>2020-10-19T22:15:12Z</ModuleTime>
      <ModuleName>System.Threading.ThreadPool</ModuleName>
      <Classes />
    </Module>
    <Module skippedDueTo="Filter" hash="7F-66-7C-F4-50-74-4D-56-81-35-E9-E6-8A-AC-34-1A-C2-00-27-8A">
      <ModulePath>c:\program files\dotnet\shared\Microsoft.NETCore.App\5.0.0\System.Diagnostics.FileVersionInfo.dll</ModulePath>
      <ModuleTime>2020-10-19T22:14:26Z</ModuleTime>
      <ModuleName>System.Diagnostics.FileVersionInfo</ModuleName>
      <Classes />
    </Module>
    <Module skippedDueTo="MissingPdb" hash="5C-23-6D-4B-20-45-8B-33-7A-AC-BE-96-AD-B1-71-A3-82-5A-D6-AA">
      <ModulePath>c:\program files\dotnet\sdk\5.0.100\Microsoft.Build.NuGetSdkResolver.dll</ModulePath>
      <ModuleTime>2020-10-27T06:54:26Z</ModuleTime>
      <ModuleName>Microsoft.Build.NuGetSdkResolver</ModuleName>
      <Classes />
    </Module>
    <Module skippedDueTo="Filter" hash="8F-C9-53-FE-6B-07-51-97-DD-E1-5E-E6-E0-C4-DD-76-11-6F-DB-6A">
      <ModulePath>c:\program files\dotnet\shared\Microsoft.NETCore.App\5.0.0\System.IO.Pipes.dll</ModulePath>
      <ModuleTime>2020-10-19T22:15:24Z</ModuleTime>
      <ModuleName>System.IO.Pipes</ModuleName>
      <Classes />
    </Module>
    <Module skippedDueTo="MissingPdb" hash="FF-0D-51-D1-97-67-34-FA-F5-5E-A1-12-B3-36-2D-87-FF-11-C8-C5">
      <ModulePath>c:\program files\dotnet\sdk\5.0.100\Microsoft.NET.Sdk.WorkloadMSBuildSdkResolver.dll</ModulePath>
      <ModuleTime>2020-10-27T06:55:46Z</ModuleTime>
      <ModuleName>Microsoft.NET.Sdk.WorkloadMSBuildSdkResolver</ModuleName>
      <Classes />
    </Module>
    <Module skippedDueTo="MissingPdb" hash="84-BF-A8-0F-7F-12-09-05-38-E1-99-51-38-29-A2-2C-E6-5B-49-8A">
      <ModulePath>c:\program files\dotnet\sdk\5.0.100\Microsoft.NET.Sdk.WorkloadManifestReader.dll</ModulePath>
      <ModuleTime>2020-10-27T06:54:28Z</ModuleTime>
      <ModuleName>Microsoft.NET.Sdk.WorkloadManifestReader</ModuleName>
      <Classes />
    </Module>
    <Module skippedDueTo="Filter" hash="02-28-F9-A5-3F-F3-AB-D7-0C-71-1B-86-B4-89-71-83-07-EE-BA-05">
      <ModulePath>c:\program files\dotnet\shared\Microsoft.NETCore.App\5.0.0\System.Private.CoreLib.dll</ModulePath>
      <ModuleTime>2020-10-19T22:10:06Z</ModuleTime>
      <ModuleName>System.Private.CoreLib</ModuleName>
      <Classes />
    </Module>
    <Module skippedDueTo="MissingPdb" hash="9C-DE-4A-6F-DA-8F-EB-91-B5-6F-CF-3B-72-64-B3-33-75-62-3A-C0">
      <ModulePath>c:\program files\dotnet\sdk\5.0.100\NuGet.Frameworks.dll</ModulePath>
      <ModuleTime>2020-10-27T06:54:12Z</ModuleTime>
      <ModuleName>NuGet.Frameworks</ModuleName>
      <Classes />
    </Module>
    <Module skippedDueTo="MissingPdb" hash="0F-4D-B6-80-E7-1B-3A-80-64-99-E5-1B-C3-91-C6-15-43-15-A2-DA">
      <ModulePath>c:\program files\dotnet\sdk\5.0.100\MSBuild.dll</ModulePath>
      <ModuleTime>2020-10-27T06:54:16Z</ModuleTime>
      <ModuleName>MSBuild</ModuleName>
      <Classes />
    </Module>
    <Module skippedDueTo="Filter" hash="A4-8E-A9-B3-A8-87-80-FF-48-98-58-BC-02-CA-42-CE-96-9F-A5-93">
      <ModulePath>c:\program files\dotnet\shared\Microsoft.NETCore.App\5.0.0\System.Runtime.dll</ModulePath>
      <ModuleTime>2020-10-19T22:15:36Z</ModuleTime>
      <ModuleName>System.Runtime</ModuleName>
      <Classes />
    </Module>
    <Module skippedDueTo="Filter" hash="19-E8-9C-3F-51-C3-D8-04-8E-1D-2F-E1-DE-26-9F-89-06-F2-91-A4">
      <ModulePath>c:\program files\dotnet\shared\Microsoft.NETCore.App\5.0.0\System.Runtime.Extensions.dll</ModulePath>
      <ModuleTime>2020-10-19T22:14:42Z</ModuleTime>
      <ModuleName>System.Runtime.Extensions</ModuleName>
      <Classes />
    </Module>
    <Module skippedDueTo="Filter" hash="48-FF-37-2E-76-C6-1A-35-14-61-9D-3D-21-40-E8-FB-88-74-B4-73">
      <ModulePath>c:\program files\dotnet\shared\Microsoft.NETCore.App\5.0.0\System.Threading.dll</ModulePath>
      <ModuleTime>2020-10-19T22:15:14Z</ModuleTime>
      <ModuleName>System.Threading</ModuleName>
      <Classes />
    </Module>
    <Module skippedDueTo="Filter" hash="6A-32-E3-4B-6A-D8-6C-F4-7F-76-96-EB-E4-52-F2-C6-8B-7F-E5-2D">
      <ModulePath>c:\program files\dotnet\shared\Microsoft.NETCore.App\5.0.0\System.Threading.Tasks.dll</ModulePath>
      <ModuleTime>2020-10-19T22:14:46Z</ModuleTime>
      <ModuleName>System.Threading.Tasks</ModuleName>
      <Classes />
    </Module>
    <Module skippedDueTo="MissingPdb" hash="FB-C2-5E-1D-2D-D0-7D-6E-90-EC-7C-F6-0B-9D-DB-4F-A9-10-6B-93">
      <ModulePath>c:\program files\dotnet\sdk\5.0.100\Microsoft.Build.Framework.dll</ModulePath>
      <ModuleTime>2020-10-27T06:54:26Z</ModuleTime>
      <ModuleName>Microsoft.Build.Framework</ModuleName>
      <Classes />
    </Module>
    <Module skippedDueTo="MissingPdb" hash="B6-0D-38-ED-5B-CB-35-F6-64-68-A4-3D-C4-34-9D-FA-97-0B-1C-02">
      <ModulePath>c:\program files\dotnet\shared\Microsoft.NETCore.App\5.0.0\netstandard.dll</ModulePath>
      <ModuleTime>2020-10-19T22:14:58Z</ModuleTime>
      <ModuleName>netstandard</ModuleName>
      <Classes />
    </Module>
    <Module skippedDueTo="Filter" hash="DD-08-61-4E-E3-E4-14-45-3A-29-F7-E2-BC-EF-3F-54-8C-EF-15-37">
      <ModulePath>c:\program files\dotnet\shared\Microsoft.NETCore.App\5.0.0\System.Runtime.InteropServices.RuntimeInformation.dll</ModulePath>
      <ModuleTime>2020-10-19T22:14:42Z</ModuleTime>
      <ModuleName>System.Runtime.InteropServices.RuntimeInformation</ModuleName>
      <Classes />
    </Module>
    <Module skippedDueTo="Filter" hash="F2-97-5D-23-2A-F3-91-BF-27-CF-FD-6F-18-75-82-5F-4A-C9-91-F3">
      <ModulePath>c:\program files\dotnet\shared\Microsoft.NETCore.App\5.0.0\System.Diagnostics.Process.dll</ModulePath>
      <ModuleTime>2020-10-19T22:15:24Z</ModuleTime>
      <ModuleName>System.Diagnostics.Process</ModuleName>
      <Classes />
    </Module>
    <Module skippedDueTo="Filter" hash="70-B6-A0-D6-C7-59-7F-AD-53-85-7B-DC-B6-BC-46-60-5F-76-32-44">
      <ModulePath>c:\program files\dotnet\shared\Microsoft.NETCore.App\5.0.0\System.ComponentModel.Primitives.dll</ModulePath>
      <ModuleTime>2020-10-19T22:14:24Z</ModuleTime>
      <ModuleName>System.ComponentModel.Primitives</ModuleName>
      <Classes />
    </Module>
    <Module skippedDueTo="Filter" hash="E6-84-21-9D-B7-67-08-08-C8-23-E3-EF-D5-38-6C-FC-94-A2-C9-BF">
      <ModulePath>c:\program files\dotnet\shared\Microsoft.NETCore.App\5.0.0\System.Linq.dll</ModulePath>
      <ModuleTime>2020-10-19T22:14:32Z</ModuleTime>
      <ModuleName>System.Linq</ModuleName>
      <Classes />
    </Module>
    <Module skippedDueTo="Filter" hash="33-FF-8C-53-D8-AD-9F-61-FE-38-98-2C-20-04-7A-FA-B3-D5-6A-AC">
      <ModulePath>c:\program files\dotnet\shared\Microsoft.NETCore.App\5.0.0\System.Text.RegularExpressions.dll</ModulePath>
      <ModuleTime>2020-10-19T22:15:12Z</ModuleTime>
      <ModuleName>System.Text.RegularExpressions</ModuleName>
      <Classes />
    </Module>
    <Module skippedDueTo="Filter" hash="59-67-3C-A1-27-65-FA-E5-5B-98-3A-22-4F-1E-46-FE-63-23-64-A3">
      <ModulePath>c:\program files\dotnet\shared\Microsoft.NETCore.App\5.0.0\System.Collections.Concurrent.dll</ModulePath>
      <ModuleTime>2020-10-19T22:14:22Z</ModuleTime>
      <ModuleName>System.Collections.Concurrent</ModuleName>
      <Classes />
    </Module>
    <Module skippedDueTo="Filter" hash="CF-27-53-8B-23-74-2B-4F-EC-21-31-83-C3-95-23-64-19-AA-C5-97">
      <ModulePath>c:\program files\dotnet\shared\Microsoft.NETCore.App\5.0.0\System.Collections.dll</ModulePath>
      <ModuleTime>2020-10-19T22:14:22Z</ModuleTime>
      <ModuleName>System.Collections</ModuleName>
      <Classes />
    </Module>
    <Module skippedDueTo="Filter" hash="E0-56-69-A7-82-F3-9F-FB-2E-09-D9-D4-30-FA-C1-82-74-3D-B1-46">
      <ModulePath>c:\program files\dotnet\shared\Microsoft.NETCore.App\5.0.0\System.Memory.dll</ModulePath>
      <ModuleTime>2020-10-19T22:14:32Z</ModuleTime>
      <ModuleName>System.Memory</ModuleName>
      <Classes />
    </Module>
    <Module skippedDueTo="Filter" hash="7A-C8-00-A9-4A-F0-DA-43-C7-8B-3C-34-11-AA-21-D4-5C-CF-91-1D">
      <ModulePath>c:\program files\dotnet\shared\Microsoft.NETCore.App\5.0.0\System.IO.FileSystem.dll</ModulePath>
      <ModuleTime>2020-10-19T22:14:28Z</ModuleTime>
      <ModuleName>System.IO.FileSystem</ModuleName>
      <Classes />
    </Module>
    <Module skippedDueTo="Filter" hash="72-79-CD-97-C3-F7-F4-75-36-29-E2-1C-B8-23-4E-40-82-B1-F8-90">
      <ModulePath>c:\program files\dotnet\shared\Microsoft.NETCore.App\5.0.0\System.Runtime.InteropServices.dll</ModulePath>
      <ModuleTime>2020-10-19T22:15:10Z</ModuleTime>
      <ModuleName>System.Runtime.InteropServices</ModuleName>
      <Classes />
    </Module>
    <Module skippedDueTo="Filter" hash="A0-AC-AB-3B-DE-38-E0-09-11-B2-E6-35-50-00-3F-98-C4-32-FB-63">
      <ModulePath>c:\program files\dotnet\shared\Microsoft.NETCore.App\5.0.0\System.Console.dll</ModulePath>
      <ModuleTime>2020-10-19T22:15:52Z</ModuleTime>
      <ModuleName>System.Console</ModuleName>
      <Classes />
    </Module>
    <Module skippedDueTo="MissingPdb" hash="D1-4A-A7-0F-18-27-50-31-9D-7C-E1-1A-D5-AF-CF-EB-F1-11-BE-2C">
      <ModulePath>c:\program files\dotnet\sdk\5.0.100\Microsoft.Build.dll</ModulePath>
      <ModuleTime>2020-10-27T06:54:26Z</ModuleTime>
      <ModuleName>Microsoft.Build</ModuleName>
      <Classes />
    </Module>
    <Module skippedDueTo="Filter" hash="72-19-F1-87-DE-F9-D1-5B-69-E8-7B-FA-47-02-25-C5-41-4E-0C-71">
      <ModulePath>c:\program files\dotnet\shared\Microsoft.NETCore.App\5.0.0\System.Diagnostics.Debug.dll</ModulePath>
      <ModuleTime>2020-10-19T22:14:24Z</ModuleTime>
      <ModuleName>System.Diagnostics.Debug</ModuleName>
      <Classes />
    </Module>
    <Module skippedDueTo="Filter" hash="06-0A-22-F6-9E-41-3B-47-E6-B0-C2-A8-E9-BF-2F-9B-20-0C-45-75">
      <ModulePath>c:\program files\dotnet\shared\Microsoft.NETCore.App\5.0.0\System.Diagnostics.Tracing.dll</ModulePath>
      <ModuleTime>2020-10-19T22:14:56Z</ModuleTime>
      <ModuleName>System.Diagnostics.Tracing</ModuleName>
      <Classes />
    </Module>
    <Module skippedDueTo="MissingPdb" hash="5C-F3-81-49-0C-A2-33-CF-84-83-20-F6-98-B7-5B-CD-79-6B-F8-D9">
      <ModulePath>c:\program files\dotnet\shared\Microsoft.NETCore.App\5.0.0\Microsoft.Win32.Primitives.dll</ModulePath>
      <ModuleTime>2020-10-19T22:14:22Z</ModuleTime>
      <ModuleName>Microsoft.Win32.Primitives</ModuleName>
      <Classes />
    </Module>
    <Module skippedDueTo="Filter" hash="B2-AB-E3-89-06-42-27-62-AF-0E-D1-C3-A5-E2-53-A2-82-16-0F-AB">
      <ModulePath>c:\program files\dotnet\shared\Microsoft.NETCore.App\5.0.0\System.Text.Encoding.CodePages.dll</ModulePath>
      <ModuleTime>2020-10-19T22:15:12Z</ModuleTime>
      <ModuleName>System.Text.Encoding.CodePages</ModuleName>
      <Classes />
    </Module>
    <Module skippedDueTo="Filter" hash="8F-C9-53-FE-6B-07-51-97-DD-E1-5E-E6-E0-C4-DD-76-11-6F-DB-6A">
      <ModulePath>c:\program files\dotnet\shared\Microsoft.NETCore.App\5.0.0\System.IO.Pipes.dll</ModulePath>
      <ModuleTime>2020-10-19T22:15:24Z</ModuleTime>
      <ModuleName>System.IO.Pipes</ModuleName>
      <Classes />
    </Module>
    <Module skippedDueTo="Filter" hash="44-DC-AC-10-11-A8-87-47-18-29-D4-08-91-38-B9-12-6E-70-8E-13">
      <ModulePath>c:\program files\dotnet\shared\Microsoft.NETCore.App\5.0.0\System.Text.Encoding.Extensions.dll</ModulePath>
      <ModuleTime>2020-10-19T22:15:36Z</ModuleTime>
      <ModuleName>System.Text.Encoding.Extensions</ModuleName>
      <Classes />
    </Module>
    <Module skippedDueTo="Filter" hash="F0-CD-D6-C0-87-46-40-59-37-7C-94-E7-38-49-15-28-5E-A2-F7-83">
      <ModulePath>c:\program files\dotnet\shared\Microsoft.NETCore.App\5.0.0\System.Security.AccessControl.dll</ModulePath>
      <ModuleTime>2020-10-19T22:14:44Z</ModuleTime>
      <ModuleName>System.Security.AccessControl</ModuleName>
      <Classes />
    </Module>
    <Module skippedDueTo="Filter" hash="A8-FD-C3-37-0F-70-7D-8E-82-B4-7E-54-4A-06-6C-FF-F6-8C-78-20">
      <ModulePath>c:\program files\dotnet\shared\Microsoft.NETCore.App\5.0.0\System.Security.Principal.Windows.dll</ModulePath>
      <ModuleTime>2020-10-19T22:15:14Z</ModuleTime>
      <ModuleName>System.Security.Principal.Windows</ModuleName>
      <Classes />
    </Module>
    <Module skippedDueTo="Filter" hash="F0-DC-58-89-16-46-9E-3B-B3-8A-A3-6A-ED-3F-2D-DB-98-9F-C1-D8">
      <ModulePath>c:\program files\dotnet\shared\Microsoft.NETCore.App\5.0.0\System.Security.Claims.dll</ModulePath>
      <ModuleTime>2020-10-19T22:14:44Z</ModuleTime>
      <ModuleName>System.Security.Claims</ModuleName>
      <Classes />
    </Module>
    <Module skippedDueTo="Filter" hash="E3-79-60-3F-E2-C2-06-19-1A-CB-44-3A-4E-89-DC-EB-9C-16-45-A9">
      <ModulePath>c:\program files\dotnet\shared\Microsoft.NETCore.App\5.0.0\System.Threading.Overlapped.dll</ModulePath>
      <ModuleTime>2020-10-19T22:15:12Z</ModuleTime>
      <ModuleName>System.Threading.Overlapped</ModuleName>
      <Classes />
    </Module>
    <Module skippedDueTo="Filter" hash="79-CE-21-28-C4-70-8F-51-25-40-5A-E2-6B-43-E6-0A-83-10-D6-AD">
      <ModulePath>c:\program files\dotnet\shared\Microsoft.NETCore.App\5.0.0\System.Threading.Thread.dll</ModulePath>
      <ModuleTime>2020-10-19T22:14:46Z</ModuleTime>
      <ModuleName>System.Threading.Thread</ModuleName>
      <Classes />
    </Module>
    <Module skippedDueTo="Filter" hash="E3-79-60-3F-E2-C2-06-19-1A-CB-44-3A-4E-89-DC-EB-9C-16-45-A9">
      <ModulePath>c:\program files\dotnet\shared\Microsoft.NETCore.App\5.0.0\System.Threading.Overlapped.dll</ModulePath>
      <ModuleTime>2020-10-19T22:15:12Z</ModuleTime>
      <ModuleName>System.Threading.Overlapped</ModuleName>
      <Classes />
    </Module>
    <Module skippedDueTo="Filter" hash="F0-CD-D6-C0-87-46-40-59-37-7C-94-E7-38-49-15-28-5E-A2-F7-83">
      <ModulePath>c:\program files\dotnet\shared\Microsoft.NETCore.App\5.0.0\System.Security.AccessControl.dll</ModulePath>
      <ModuleTime>2020-10-19T22:14:44Z</ModuleTime>
      <ModuleName>System.Security.AccessControl</ModuleName>
      <Classes />
    </Module>
    <Module skippedDueTo="Filter" hash="A8-FD-C3-37-0F-70-7D-8E-82-B4-7E-54-4A-06-6C-FF-F6-8C-78-20">
      <ModulePath>c:\program files\dotnet\shared\Microsoft.NETCore.App\5.0.0\System.Security.Principal.Windows.dll</ModulePath>
      <ModuleTime>2020-10-19T22:15:14Z</ModuleTime>
      <ModuleName>System.Security.Principal.Windows</ModuleName>
      <Classes />
    </Module>
    <Module skippedDueTo="Filter" hash="F0-DC-58-89-16-46-9E-3B-B3-8A-A3-6A-ED-3F-2D-DB-98-9F-C1-D8">
      <ModulePath>c:\program files\dotnet\shared\Microsoft.NETCore.App\5.0.0\System.Security.Claims.dll</ModulePath>
      <ModuleTime>2020-10-19T22:14:44Z</ModuleTime>
      <ModuleName>System.Security.Claims</ModuleName>
      <Classes />
    </Module>
    <Module skippedDueTo="Filter" hash="7F-66-7C-F4-50-74-4D-56-81-35-E9-E6-8A-AC-34-1A-C2-00-27-8A">
      <ModulePath>c:\program files\dotnet\shared\Microsoft.NETCore.App\5.0.0\System.Diagnostics.FileVersionInfo.dll</ModulePath>
      <ModuleTime>2020-10-19T22:14:26Z</ModuleTime>
      <ModuleName>System.Diagnostics.FileVersionInfo</ModuleName>
      <Classes />
    </Module>
    <Module skippedDueTo="Filter" hash="3F-70-05-4C-4B-E7-58-77-DC-FE-A7-90-33-1B-5B-A0-4B-B6-8E-C1">
      <ModulePath>c:\program files\dotnet\shared\Microsoft.NETCore.App\5.0.0\System.ObjectModel.dll</ModulePath>
      <ModuleTime>2020-10-19T22:15:10Z</ModuleTime>
      <ModuleName>System.ObjectModel</ModuleName>
      <Classes />
    </Module>
    <Module skippedDueTo="Filter" hash="31-11-DC-7F-66-1D-38-1E-18-BC-30-FE-B0-88-E8-07-77-79-9F-34">
      <ModulePath>c:\program files\dotnet\shared\Microsoft.NETCore.App\5.0.0\System.Threading.Tasks.Dataflow.dll</ModulePath>
      <ModuleTime>2020-10-19T22:15:14Z</ModuleTime>
      <ModuleName>System.Threading.Tasks.Dataflow</ModuleName>
      <Classes />
    </Module>
    <Module skippedDueTo="Filter" hash="AE-17-29-D5-95-9C-B5-59-32-6A-CA-48-80-36-08-44-BD-1F-7A-02">
      <ModulePath>c:\program files\dotnet\shared\Microsoft.NETCore.App\5.0.0\System.Runtime.Loader.dll</ModulePath>
      <ModuleTime>2020-10-19T22:14:40Z</ModuleTime>
      <ModuleName>System.Runtime.Loader</ModuleName>
      <Classes />
    </Module>
    <Module skippedDueTo="MissingPdb" hash="FB-C7-1B-DB-BA-A8-01-3F-25-40-60-E9-C3-73-BA-69-17-20-F2-B0">
      <ModulePath>c:\program files\dotnet\sdk\5.0.100\dotnet.dll</ModulePath>
      <ModuleTime>2020-10-27T06:54:26Z</ModuleTime>
      <ModuleName>dotnet</ModuleName>
      <Classes />
    </Module>
    <Module skippedDueTo="Filter" hash="0E-9C-61-9C-9D-8D-CF-3C-5C-0F-A3-D0-9B-30-7F-A5-6D-6A-0B-FD">
      <ModulePath>c:\program files\dotnet\shared\Microsoft.NETCore.App\5.0.0\System.Collections.Immutable.dll</ModulePath>
      <ModuleTime>2020-10-19T22:14:22Z</ModuleTime>
      <ModuleName>System.Collections.Immutable</ModuleName>
      <Classes />
    </Module>
    <Module skippedDueTo="MissingPdb" hash="4B-C5-A2-D8-A5-B4-0D-CF-53-77-11-B2-64-3D-D4-85-02-66-59-46">
      <ModulePath>c:\program files\dotnet\sdk\5.0.100\Microsoft.DotNet.Configurer.dll</ModulePath>
      <ModuleTime>2020-10-27T06:54:28Z</ModuleTime>
      <ModuleName>Microsoft.DotNet.Configurer</ModuleName>
      <Classes />
    </Module>
    <Module skippedDueTo="Filter" hash="E6-91-D6-DF-B4-48-7B-00-38-A8-60-9F-A2-B6-72-6E-63-BA-2C-FA">
      <ModulePath>c:\program files\dotnet\shared\Microsoft.NETCore.App\5.0.0\System.Resources.ResourceManager.dll</ModulePath>
      <ModuleTime>2020-10-19T22:14:38Z</ModuleTime>
      <ModuleName>System.Resources.ResourceManager</ModuleName>
      <Classes />
    </Module>
    <Module skippedDueTo="MissingPdb" hash="B1-1A-2D-44-BE-D5-59-0D-92-DD-13-1F-F2-53-B5-8E-D3-A1-F2-63">
      <ModulePath>c:\program files\dotnet\sdk\5.0.100\pt-BR\Microsoft.Build.resources.dll</ModulePath>
      <ModuleTime>2020-10-20T23:39:36Z</ModuleTime>
      <ModuleName>Microsoft.Build.resources</ModuleName>
      <Classes />
    </Module>
    <Module skippedDueTo="Filter" hash="C1-F4-E2-BA-BB-2B-A3-43-6D-4E-D6-AA-3D-E8-C1-88-F2-6A-54-06">
      <ModulePath>c:\program files\dotnet\shared\Microsoft.NETCore.App\5.0.0\System.Xml.ReaderWriter.dll</ModulePath>
      <ModuleTime>2020-10-19T22:14:38Z</ModuleTime>
      <ModuleName>System.Xml.ReaderWriter</ModuleName>
      <Classes />
    </Module>
    <Module skippedDueTo="Filter" hash="99-1B-9F-BB-17-7F-2A-55-29-95-D9-35-BE-3F-62-FA-41-B5-C4-2C">
      <ModulePath>c:\program files\dotnet\shared\Microsoft.NETCore.App\5.0.0\System.Private.Xml.dll</ModulePath>
      <ModuleTime>2020-10-19T22:16:24Z</ModuleTime>
      <ModuleName>System.Private.Xml</ModuleName>
      <Classes />
    </Module>
    <Module skippedDueTo="Filter" hash="C3-2B-92-9F-4D-3A-C7-2A-07-6F-D0-DC-E3-F0-AD-2D-5E-87-06-A6">
      <ModulePath>c:\program files\dotnet\shared\Microsoft.NETCore.App\5.0.0\System.Security.Cryptography.Algorithms.dll</ModulePath>
      <ModuleTime>2020-10-19T22:16:22Z</ModuleTime>
      <ModuleName>System.Security.Cryptography.Algorithms</ModuleName>
      <Classes />
    </Module>
    <Module skippedDueTo="Filter" hash="F7-C6-A8-BF-69-A6-DD-46-D4-EC-3B-18-95-68-C4-E1-4E-EE-44-9F">
      <ModulePath>c:\program files\dotnet\shared\Microsoft.NETCore.App\5.0.0\System.Private.Uri.dll</ModulePath>
      <ModuleTime>2020-10-19T22:17:04Z</ModuleTime>
      <ModuleName>System.Private.Uri</ModuleName>
      <Classes />
    </Module>
    <Module skippedDueTo="MissingPdb" hash="88-0F-01-F6-E3-30-D2-FA-BC-C6-39-76-FD-2D-73-C9-7C-D8-D6-7B">
      <ModulePath>c:\program files\dotnet\shared\Microsoft.NETCore.App\5.0.0\Microsoft.Win32.Registry.dll</ModulePath>
      <ModuleTime>2020-10-19T22:14:58Z</ModuleTime>
      <ModuleName>Microsoft.Win32.Registry</ModuleName>
      <Classes />
    </Module>
    <Module skippedDueTo="Filter" hash="5C-EB-AB-AF-DA-D4-1E-AB-16-8E-1B-51-EB-F3-AC-16-FD-03-A2-71">
      <ModulePath>c:\program files\dotnet\shared\Microsoft.NETCore.App\5.0.0\System.Diagnostics.TraceSource.dll</ModulePath>
      <ModuleTime>2020-10-19T22:15:26Z</ModuleTime>
      <ModuleName>System.Diagnostics.TraceSource</ModuleName>
      <Classes />
    </Module>
    <Module skippedDueTo="Filter" hash="2F-6B-D8-A5-2F-02-92-F5-50-A8-39-39-1F-DA-82-4F-9E-78-85-4C">
      <ModulePath>c:\program files\dotnet\shared\Microsoft.NETCore.App\5.0.0\System.Threading.Tasks.Parallel.dll</ModulePath>
      <ModuleTime>2020-10-19T22:16:00Z</ModuleTime>
      <ModuleName>System.Threading.Tasks.Parallel</ModuleName>
      <Classes />
    </Module>
    <Module skippedDueTo="MissingPdb" hash="9C-DE-4A-6F-DA-8F-EB-91-B5-6F-CF-3B-72-64-B3-33-75-62-3A-C0">
      <ModulePath>c:\program files\dotnet\sdk\5.0.100\NuGet.Frameworks.dll</ModulePath>
      <ModuleTime>2020-10-27T06:54:12Z</ModuleTime>
      <ModuleName>NuGet.Frameworks</ModuleName>
      <Classes />
    </Module>
    <Module skippedDueTo="MissingPdb" hash="73-0A-29-BE-43-AB-AA-5B-86-2D-1E-A8-7F-D0-BC-D4-ED-17-BE-94">
      <ModulePath>c:\program files\dotnet\sdk\5.0.100\Microsoft.Build.Utilities.Core.dll</ModulePath>
      <ModuleTime>2020-10-27T06:54:28Z</ModuleTime>
      <ModuleName>Microsoft.Build.Utilities.Core</ModuleName>
      <Classes />
    </Module>
    <Module skippedDueTo="Filter" hash="30-99-38-E2-F4-CD-CE-AE-B8-89-59-70-5A-F6-06-BA-95-C2-5B-FA">
      <ModulePath>c:\program files\dotnet\shared\Microsoft.NETCore.App\5.0.0\System.Reflection.Emit.ILGeneration.dll</ModulePath>
      <ModuleTime>2020-10-19T22:15:10Z</ModuleTime>
      <ModuleName>System.Reflection.Emit.ILGeneration</ModuleName>
      <Classes />
    </Module>
    <Module skippedDueTo="Filter" hash="ED-97-C1-EA-4B-0E-45-F5-E4-DC-BB-B9-E1-59-1E-5C-78-C0-75-7A">
      <ModulePath>c:\program files\dotnet\shared\Microsoft.NETCore.App\5.0.0\System.Reflection.Emit.Lightweight.dll</ModulePath>
      <ModuleTime>2020-10-19T22:15:36Z</ModuleTime>
      <ModuleName>System.Reflection.Emit.Lightweight</ModuleName>
      <Classes />
    </Module>
    <Module skippedDueTo="Filter" hash="82-DC-BF-37-4B-57-93-28-10-3E-53-BC-F6-1C-13-38-EF-75-F4-33">
      <ModulePath>c:\program files\dotnet\shared\Microsoft.NETCore.App\5.0.0\System.Reflection.Primitives.dll</ModulePath>
      <ModuleTime>2020-10-19T22:14:42Z</ModuleTime>
      <ModuleName>System.Reflection.Primitives</ModuleName>
      <Classes />
    </Module>
    <Module skippedDueTo="Filter" hash="9E-9A-F7-73-EC-34-46-28-02-03-92-5B-1F-F3-3F-72-FB-44-58-B8">
      <ModulePath>c:\program files\dotnet\shared\Microsoft.NETCore.App\5.0.0\System.Runtime.Serialization.Formatters.dll</ModulePath>
      <ModuleTime>2020-10-19T22:15:12Z</ModuleTime>
      <ModuleName>System.Runtime.Serialization.Formatters</ModuleName>
      <Classes />
    </Module>
    <Module skippedDueTo="Filter" hash="9E-9A-F7-73-EC-34-46-28-02-03-92-5B-1F-F3-3F-72-FB-44-58-B8">
      <ModulePath>c:\program files\dotnet\shared\Microsoft.NETCore.App\5.0.0\System.Runtime.Serialization.Formatters.dll</ModulePath>
      <ModuleTime>2020-10-19T22:15:12Z</ModuleTime>
      <ModuleName>System.Runtime.Serialization.Formatters</ModuleName>
      <Classes />
    </Module>
    <Module skippedDueTo="MissingPdb" hash="3F-E3-46-DB-21-87-3E-75-33-9B-45-53-94-0A-E7-24-36-DF-5D-EB">
      <ModulePath>c:\program files\dotnet\sdk\5.0.100\pt-BR\NuGet.Build.Tasks.resources.dll</ModulePath>
      <ModuleTime>2020-10-24T07:30:58Z</ModuleTime>
      <ModuleName>NuGet.Build.Tasks.resources</ModuleName>
      <Classes />
    </Module>
    <Module skippedDueTo="MissingPdb" hash="E9-F5-E9-D4-E8-F6-BF-B7-C4-45-A2-3F-D7-70-04-F6-6D-34-F6-95">
      <ModulePath>c:\program files\dotnet\sdk\5.0.100\Microsoft.Build.Tasks.Core.dll</ModulePath>
      <ModuleTime>2020-10-27T06:54:26Z</ModuleTime>
      <ModuleName>Microsoft.Build.Tasks.Core</ModuleName>
      <Classes />
    </Module>
    <Module skippedDueTo="Filter" hash="BF-AA-61-8A-B0-02-BA-05-7B-72-14-27-97-9F-10-82-F5-2A-FC-3E">
      <ModulePath>c:\program files\dotnet\shared\Microsoft.NETCore.App\5.0.0\System.Threading.ThreadPool.dll</ModulePath>
      <ModuleTime>2020-10-19T22:15:12Z</ModuleTime>
      <ModuleName>System.Threading.ThreadPool</ModuleName>
      <Classes />
    </Module>
    <Module skippedDueTo="MissingPdb" hash="AD-50-D8-10-F8-F3-3A-61-1C-80-E3-54-4A-BA-94-7F-65-9C-F9-BE">
      <ModulePath>c:\program files\dotnet\sdk\5.0.100\Sdks\Microsoft.NET.Sdk\tools\net5.0\Microsoft.NET.Build.Tasks.dll</ModulePath>
      <ModuleTime>2020-10-27T06:54:58Z</ModuleTime>
      <ModuleName>Microsoft.NET.Build.Tasks</ModuleName>
      <Classes />
    </Module>
    <Module skippedDueTo="MissingPdb" hash="AD-50-D8-10-F8-F3-3A-61-1C-80-E3-54-4A-BA-94-7F-65-9C-F9-BE">
      <ModulePath>c:\program files\dotnet\sdk\5.0.100\Sdks\Microsoft.NET.Sdk\tools\net5.0\Microsoft.NET.Build.Tasks.dll</ModulePath>
      <ModuleTime>2020-10-27T06:54:58Z</ModuleTime>
      <ModuleName>Microsoft.NET.Build.Tasks</ModuleName>
      <Classes />
    </Module>
    <Module skippedDueTo="MissingPdb" hash="9C-DE-4A-6F-DA-8F-EB-91-B5-6F-CF-3B-72-64-B3-33-75-62-3A-C0">
      <ModulePath>c:\program files\dotnet\sdk\5.0.100\NuGet.Frameworks.dll</ModulePath>
      <ModuleTime>2020-10-27T06:54:12Z</ModuleTime>
      <ModuleName>NuGet.Frameworks</ModuleName>
      <Classes />
    </Module>
    <Module skippedDueTo="MissingPdb" hash="9C-DE-4A-6F-DA-8F-EB-91-B5-6F-CF-3B-72-64-B3-33-75-62-3A-C0">
      <ModulePath>c:\program files\dotnet\sdk\5.0.100\NuGet.Frameworks.dll</ModulePath>
      <ModuleTime>2020-10-27T06:54:12Z</ModuleTime>
      <ModuleName>NuGet.Frameworks</ModuleName>
      <Classes />
    </Module>
    <Module skippedDueTo="MissingPdb" hash="86-42-3D-4D-06-1C-06-EA-B7-93-11-7E-BB-E2-BF-EE-2D-32-12-4A">
      <ModulePath>c:\program files\dotnet\sdk\5.0.100\NuGet.Build.Tasks.dll</ModulePath>
      <ModuleTime>2020-10-27T06:54:14Z</ModuleTime>
      <ModuleName>NuGet.Build.Tasks</ModuleName>
      <Classes />
    </Module>
    <Module skippedDueTo="MissingPdb" hash="4B-0C-5E-6A-B8-F7-1C-B6-D1-91-F8-FF-F9-3C-D2-A6-C8-C7-F7-28">
      <ModulePath>c:\program files\dotnet\sdk\5.0.100\NuGet.Common.dll</ModulePath>
      <ModuleTime>2020-10-27T06:53:30Z</ModuleTime>
      <ModuleName>NuGet.Common</ModuleName>
      <Classes />
    </Module>
    <Module skippedDueTo="MissingPdb" hash="7E-1F-E8-27-6B-C5-62-72-45-51-40-5C-6F-E3-2A-FA-62-41-02-36">
      <ModulePath>c:\program files\dotnet\sdk\5.0.100\NuGet.Commands.dll</ModulePath>
      <ModuleTime>2020-10-27T06:54:12Z</ModuleTime>
      <ModuleName>NuGet.Commands</ModuleName>
      <Classes />
    </Module>
    <Module skippedDueTo="MissingPdb" hash="3C-F4-1F-4E-BA-A1-03-E1-1A-76-8D-18-EE-1E-72-23-2D-2B-7D-F4">
      <ModulePath>c:\program files\dotnet\sdk\5.0.100\NuGet.ProjectModel.dll</ModulePath>
      <ModuleTime>2020-10-27T06:54:14Z</ModuleTime>
      <ModuleName>NuGet.ProjectModel</ModuleName>
      <Classes />
    </Module>
    <Module skippedDueTo="MissingPdb" hash="B6-00-CE-E4-49-B7-9A-94-61-36-F8-39-6B-39-94-07-D5-80-EF-39">
      <ModulePath>c:\program files\dotnet\sdk\5.0.100\NuGet.Packaging.dll</ModulePath>
      <ModuleTime>2020-10-27T06:54:16Z</ModuleTime>
      <ModuleName>NuGet.Packaging</ModuleName>
      <Classes />
    </Module>
    <Module skippedDueTo="Filter" hash="55-45-30-E3-65-51-66-BC-74-30-06-0E-AD-50-05-6D-00-B1-C0-D5">
      <ModulePath>c:\program files\dotnet\shared\Microsoft.NETCore.App\5.0.0\System.Collections.NonGeneric.dll</ModulePath>
      <ModuleTime>2020-10-19T22:14:56Z</ModuleTime>
      <ModuleName>System.Collections.NonGeneric</ModuleName>
      <Classes />
    </Module>
    <Module skippedDueTo="MissingPdb" hash="88-11-DE-76-FB-F4-9A-6A-02-B8-66-10-F5-56-A7-DD-DD-70-6D-19">
      <ModulePath>c:\program files\dotnet\sdk\5.0.100\NuGet.Configuration.dll</ModulePath>
      <ModuleTime>2020-10-27T06:54:10Z</ModuleTime>
      <ModuleName>NuGet.Configuration</ModuleName>
      <Classes />
    </Module>
    <Module skippedDueTo="Filter" hash="17-8A-8C-21-F5-73-E0-8E-A7-ED-33-98-EE-86-23-75-50-77-55-78">
      <ModulePath>c:\program files\dotnet\shared\Microsoft.NETCore.App\5.0.0\System.Xml.XDocument.dll</ModulePath>
      <ModuleTime>2020-10-19T22:14:16Z</ModuleTime>
      <ModuleName>System.Xml.XDocument</ModuleName>
      <Classes />
    </Module>
    <Module skippedDueTo="MissingPdb" hash="53-C0-41-0B-EE-BD-C8-EB-50-67-F5-64-3A-0B-63-8F-86-BD-D9-E3">
      <ModulePath>c:\program files\dotnet\sdk\5.0.100\Newtonsoft.Json.dll</ModulePath>
      <ModuleTime>2020-10-27T06:54:34Z</ModuleTime>
      <ModuleName>Newtonsoft.Json</ModuleName>
      <Classes />
    </Module>
    <Module skippedDueTo="Filter" hash="38-89-E3-4F-72-A3-0F-CF-54-EC-94-74-EB-6E-E5-94-92-0E-40-AF">
      <ModulePath>c:\program files\dotnet\shared\Microsoft.NETCore.App\5.0.0\System.Private.Xml.Linq.dll</ModulePath>
      <ModuleTime>2020-10-19T22:15:10Z</ModuleTime>
      <ModuleName>System.Private.Xml.Linq</ModuleName>
      <Classes />
    </Module>
    <Module skippedDueTo="Filter" hash="A3-A3-1D-73-B0-90-BB-F1-73-87-2B-22-AD-06-83-00-1E-C2-A3-E6">
      <ModulePath>c:\program files\dotnet\shared\Microsoft.NETCore.App\5.0.0\System.Security.Cryptography.Primitives.dll</ModulePath>
      <ModuleTime>2020-10-19T22:14:44Z</ModuleTime>
      <ModuleName>System.Security.Cryptography.Primitives</ModuleName>
      <Classes />
    </Module>
    <Module skippedDueTo="Filter" hash="70-0E-84-D7-F1-73-94-BF-52-15-A6-C5-6F-7B-C6-A2-15-E3-0A-60">
      <ModulePath>c:\program files\dotnet\shared\Microsoft.NETCore.App\5.0.0\System.Linq.Expressions.dll</ModulePath>
      <ModuleTime>2020-10-19T22:14:32Z</ModuleTime>
      <ModuleName>System.Linq.Expressions</ModuleName>
      <Classes />
    </Module>
    <Module skippedDueTo="Filter" hash="F5-68-48-94-73-26-92-0E-C6-E3-AB-4E-50-46-35-82-D4-8E-9F-73">
      <ModulePath>c:\program files\dotnet\shared\Microsoft.NETCore.App\5.0.0\System.ComponentModel.TypeConverter.dll</ModulePath>
      <ModuleTime>2020-10-19T22:15:26Z</ModuleTime>
      <ModuleName>System.ComponentModel.TypeConverter</ModuleName>
      <Classes />
    </Module>
    <Module skippedDueTo="Filter" hash="8A-1E-69-0B-E8-D3-19-17-71-B9-4F-37-39-43-B0-6E-79-BE-BE-35">
      <ModulePath>c:\program files\dotnet\shared\Microsoft.NETCore.App\5.0.0\System.Runtime.Numerics.dll</ModulePath>
      <ModuleTime>2020-10-19T22:16:22Z</ModuleTime>
      <ModuleName>System.Runtime.Numerics</ModuleName>
      <Classes />
    </Module>
    <Module skippedDueTo="Filter" hash="80-A2-B0-AE-0B-81-09-F9-40-35-0C-64-60-6E-42-AE-D4-8F-4B-04">
      <ModulePath>c:\program files\dotnet\shared\Microsoft.NETCore.App\5.0.0\System.Security.Cryptography.X509Certificates.dll</ModulePath>
      <ModuleTime>2020-10-19T22:15:38Z</ModuleTime>
      <ModuleName>System.Security.Cryptography.X509Certificates</ModuleName>
      <Classes />
    </Module>
    <Module skippedDueTo="MissingPdb" hash="88-11-DE-76-FB-F4-9A-6A-02-B8-66-10-F5-56-A7-DD-DD-70-6D-19">
      <ModulePath>c:\program files\dotnet\sdk\5.0.100\NuGet.Configuration.dll</ModulePath>
      <ModuleTime>2020-10-27T06:54:10Z</ModuleTime>
      <ModuleName>NuGet.Configuration</ModuleName>
      <Classes />
    </Module>
    <Module skippedDueTo="MissingPdb" hash="45-A3-9E-30-92-EB-D5-88-7C-6F-AE-4D-2A-5C-44-E2-9C-55-0B-C5">
      <ModulePath>c:\program files\dotnet\sdk\5.0.100\NuGet.Versioning.dll</ModulePath>
      <ModuleTime>2020-10-27T06:54:12Z</ModuleTime>
      <ModuleName>NuGet.Versioning</ModuleName>
      <Classes />
    </Module>
    <Module skippedDueTo="Filter" hash="80-A2-B0-AE-0B-81-09-F9-40-35-0C-64-60-6E-42-AE-D4-8F-4B-04">
      <ModulePath>c:\program files\dotnet\shared\Microsoft.NETCore.App\5.0.0\System.Security.Cryptography.X509Certificates.dll</ModulePath>
      <ModuleTime>2020-10-19T22:15:38Z</ModuleTime>
      <ModuleName>System.Security.Cryptography.X509Certificates</ModuleName>
      <Classes />
    </Module>
    <Module skippedDueTo="MissingPdb" hash="45-A3-9E-30-92-EB-D5-88-7C-6F-AE-4D-2A-5C-44-E2-9C-55-0B-C5">
      <ModulePath>c:\program files\dotnet\sdk\5.0.100\NuGet.Versioning.dll</ModulePath>
      <ModuleTime>2020-10-27T06:54:12Z</ModuleTime>
      <ModuleName>NuGet.Versioning</ModuleName>
      <Classes />
    </Module>
    <Module skippedDueTo="MissingPdb" hash="9C-DE-4A-6F-DA-8F-EB-91-B5-6F-CF-3B-72-64-B3-33-75-62-3A-C0">
      <ModulePath>c:\program files\dotnet\sdk\5.0.100\NuGet.Frameworks.dll</ModulePath>
      <ModuleTime>2020-10-27T06:54:12Z</ModuleTime>
      <ModuleName>NuGet.Frameworks</ModuleName>
      <Classes />
    </Module>
    <Module skippedDueTo="MissingPdb" hash="9C-DE-4A-6F-DA-8F-EB-91-B5-6F-CF-3B-72-64-B3-33-75-62-3A-C0">
      <ModulePath>c:\program files\dotnet\sdk\5.0.100\NuGet.Frameworks.dll</ModulePath>
      <ModuleTime>2020-10-27T06:54:12Z</ModuleTime>
      <ModuleName>NuGet.Frameworks</ModuleName>
      <Classes />
    </Module>
    <Module skippedDueTo="MissingPdb" hash="B6-00-CE-E4-49-B7-9A-94-61-36-F8-39-6B-39-94-07-D5-80-EF-39">
      <ModulePath>c:\program files\dotnet\sdk\5.0.100\NuGet.Packaging.dll</ModulePath>
      <ModuleTime>2020-10-27T06:54:16Z</ModuleTime>
      <ModuleName>NuGet.Packaging</ModuleName>
      <Classes />
    </Module>
    <Module skippedDueTo="MissingPdb" hash="36-A3-DC-16-81-9C-9E-8F-5C-60-E7-CE-A7-4B-E6-8C-AC-D2-ED-F8">
      <ModulePath>c:\program files\dotnet\sdk\5.0.100\NuGet.LibraryModel.dll</ModulePath>
      <ModuleTime>2020-10-27T06:54:14Z</ModuleTime>
      <ModuleName>NuGet.LibraryModel</ModuleName>
      <Classes />
    </Module>
    <Module skippedDueTo="MissingPdb" hash="E9-95-91-22-FE-0C-DF-41-FC-A1-07-1E-D7-80-D5-34-A5-98-23-83">
      <ModulePath>c:\program files\dotnet\sdk\5.0.100\NuGet.Protocol.dll</ModulePath>
      <ModuleTime>2020-10-27T06:54:12Z</ModuleTime>
      <ModuleName>NuGet.Protocol</ModuleName>
      <Classes />
    </Module>
    <Module skippedDueTo="MissingPdb" hash="E0-F6-4E-30-AB-7F-77-77-FC-62-93-29-3F-79-66-D1-3B-69-15-CC">
      <ModulePath>c:\program files\dotnet\sdk\5.0.100\NuGet.Credentials.dll</ModulePath>
      <ModuleTime>2020-10-27T06:54:08Z</ModuleTime>
      <ModuleName>NuGet.Credentials</ModuleName>
      <Classes />
    </Module>
    <Module skippedDueTo="MissingPdb" hash="FA-7B-79-48-73-BA-91-F9-C1-39-7F-57-35-31-1A-31-05-32-CB-85">
      <ModulePath>c:\program files\dotnet\sdk\5.0.100\NuGet.DependencyResolver.Core.dll</ModulePath>
      <ModuleTime>2020-10-27T06:54:08Z</ModuleTime>
      <ModuleName>NuGet.DependencyResolver.Core</ModuleName>
      <Classes />
    </Module>
    <Module skippedDueTo="MissingPdb" hash="59-30-2D-F3-2B-39-E5-FC-30-5B-06-D3-60-E8-97-B1-8F-53-39-98">
      <ModulePath>c:\program files\dotnet\sdk\5.0.100\pt-BR\NuGet.Commands.resources.dll</ModulePath>
      <ModuleTime>2020-10-24T07:32:16Z</ModuleTime>
      <ModuleName>NuGet.Commands.resources</ModuleName>
      <Classes />
    </Module>
    <Module skippedDueTo="Filter" hash="1E-CB-66-57-A2-C0-8F-CF-73-4F-8B-43-7F-FA-AA-5B-02-C5-90-07">
      <ModulePath>c:\program files\dotnet\shared\Microsoft.NETCore.App\5.0.0\System.Runtime.Serialization.Primitives.dll</ModulePath>
      <ModuleTime>2020-10-19T22:14:44Z</ModuleTime>
      <ModuleName>System.Runtime.Serialization.Primitives</ModuleName>
      <Classes />
    </Module>
    <Module skippedDueTo="Filter" hash="51-23-45-52-ED-2D-B8-28-71-EF-4C-AE-C2-4F-3C-8D-D9-67-DB-11">
      <ModulePath>c:\program files\dotnet\shared\Microsoft.NETCore.App\5.0.0\System.Net.Primitives.dll</ModulePath>
      <ModuleTime>2020-10-19T22:15:04Z</ModuleTime>
      <ModuleName>System.Net.Primitives</ModuleName>
      <Classes />
    </Module>
    <Module skippedDueTo="Filter" hash="5D-83-2E-85-FE-AF-92-14-97-12-16-A7-5D-41-7E-C9-81-A2-1D-6F">
      <ModulePath>c:\program files\dotnet\shared\Microsoft.NETCore.App\5.0.0\System.ComponentModel.dll</ModulePath>
      <ModuleTime>2020-10-19T22:14:22Z</ModuleTime>
      <ModuleName>System.ComponentModel</ModuleName>
      <Classes />
    </Module>
    <Module skippedDueTo="MissingPdb" hash="8A-72-8D-E5-8C-F5-DD-DE-CE-C0-AE-A3-65-C8-5C-2C-D3-29-91-14">
      <ModulePath>c:\program files\dotnet\sdk\5.0.100\Microsoft.TestPlatform.Build.dll</ModulePath>
      <ModuleTime>2020-10-27T06:54:32Z</ModuleTime>
      <ModuleName>Microsoft.TestPlatform.Build</ModuleName>
      <Classes />
    </Module>
    <Module skippedDueTo="MissingPdb" hash="CC-92-54-3F-4B-BB-8B-8D-DF-9E-34-96-2D-74-A8-46-57-64-C1-82">
      <ModulePath>c:\program files\dotnet\sdk\5.0.100\pt-BR\Microsoft.TestPlatform.Build.resources.dll</ModulePath>
      <ModuleTime>2020-10-22T18:43:40Z</ModuleTime>
      <ModuleName>Microsoft.TestPlatform.Build.resources</ModuleName>
      <Classes />
    </Module>
    <Module skippedDueTo="Filter" hash="B0-1C-81-66-89-17-EB-6B-85-66-C1-FE-21-0F-B3-00-64-8D-97-BA">
      <ModulePath>c:\program files\dotnet\shared\Microsoft.NETCore.App\5.0.0\mscorlib.dll</ModulePath>
      <ModuleTime>2020-10-19T22:10:14Z</ModuleTime>
      <ModuleName>mscorlib</ModuleName>
      <Classes />
    </Module>
    <Module skippedDueTo="Filter" hash="BF-EF-37-A7-B4-D7-5C-5C-1D-E1-92-D8-0D-8F-34-EF-BD-3B-53-0A">
      <ModulePath>c:\program files\dotnet\shared\Microsoft.NETCore.App\5.0.0\System.Runtime.CompilerServices.Unsafe.dll</ModulePath>
      <ModuleTime>2020-10-19T22:15:08Z</ModuleTime>
      <ModuleName>System.Runtime.CompilerServices.Unsafe</ModuleName>
      <Classes />
    </Module>
    <Module skippedDueTo="MissingPdb" hash="3C-F4-1F-4E-BA-A1-03-E1-1A-76-8D-18-EE-1E-72-23-2D-2B-7D-F4">
      <ModulePath>c:\program files\dotnet\sdk\5.0.100\NuGet.ProjectModel.dll</ModulePath>
      <ModuleTime>2020-10-27T06:54:14Z</ModuleTime>
      <ModuleName>NuGet.ProjectModel</ModuleName>
      <Classes />
    </Module>
    <Module skippedDueTo="Filter" hash="B0-1C-81-66-89-17-EB-6B-85-66-C1-FE-21-0F-B3-00-64-8D-97-BA">
      <ModulePath>c:\program files\dotnet\shared\Microsoft.NETCore.App\5.0.0\mscorlib.dll</ModulePath>
      <ModuleTime>2020-10-19T22:10:14Z</ModuleTime>
      <ModuleName>mscorlib</ModuleName>
      <Classes />
    </Module>
    <Module skippedDueTo="Filter" hash="35-38-32-7D-98-84-AC-FF-AF-A8-7F-20-F1-89-6F-5A-2A-32-8F-32">
      <ModulePath>c:\program files\dotnet\shared\Microsoft.NETCore.App\5.0.0\System.Diagnostics.Tools.dll</ModulePath>
      <ModuleTime>2020-10-19T22:14:26Z</ModuleTime>
      <ModuleName>System.Diagnostics.Tools</ModuleName>
      <Classes />
    </Module>
    <Module skippedDueTo="Filter" hash="24-E3-14-DA-FD-41-F9-6F-BA-9A-E1-43-D5-07-EE-BC-19-CB-21-0F">
      <ModulePath>c:\program files\dotnet\shared\Microsoft.NETCore.App\5.0.0\System.IO.dll</ModulePath>
      <ModuleTime>2020-10-19T22:14:30Z</ModuleTime>
      <ModuleName>System.IO</ModuleName>
      <Classes />
    </Module>
    <Module skippedDueTo="MissingPdb" hash="2E-C8-A5-F1-0F-37-B3-30-3A-E7-85-7F-A4-E7-3E-31-9B-C9-98-83">
      <ModulePath>c:\program files\dotnet\sdk\5.0.100\pt-BR\Microsoft.Build.Tasks.Core.resources.dll</ModulePath>
      <ModuleTime>2020-10-20T23:39:46Z</ModuleTime>
      <ModuleName>Microsoft.Build.Tasks.Core.resources</ModuleName>
      <Classes />
    </Module>
    <Module skippedDueTo="Filter" hash="19-DA-6C-6C-01-5D-DD-90-34-95-A3-EA-21-C7-E4-A8-61-F2-02-E4">
      <ModulePath>c:\program files\dotnet\shared\Microsoft.NETCore.App\5.0.0\System.Text.Encoding.dll</ModulePath>
      <ModuleTime>2020-10-19T22:14:46Z</ModuleTime>
      <ModuleName>System.Text.Encoding</ModuleName>
      <Classes />
    </Module>
    <Module skippedDueTo="Filter" hash="73-DF-3B-A2-DD-68-1D-6A-FD-A4-C2-E5-84-3F-A5-04-64-16-51-D9">
      <ModulePath>c:\program files\dotnet\shared\Microsoft.NETCore.App\5.0.0\System.IO.Compression.dll</ModulePath>
      <ModuleTime>2020-10-19T22:14:28Z</ModuleTime>
      <ModuleName>System.IO.Compression</ModuleName>
      <Classes />
    </Module>
    <Module skippedDueTo="Filter" hash="5F-40-05-FB-C2-FD-BC-B9-32-ED-10-69-78-25-1B-9A-0C-EA-44-C5">
      <ModulePath>c:\program files\dotnet\shared\Microsoft.NETCore.App\5.0.0\System.Net.Http.dll</ModulePath>
      <ModuleTime>2020-10-19T22:15:02Z</ModuleTime>
      <ModuleName>System.Net.Http</ModuleName>
      <Classes />
    </Module>
    <Module skippedDueTo="Filter" hash="5C-83-6D-6A-04-12-21-BE-93-5D-60-38-31-20-6F-23-F3-64-1E-DB">
      <ModulePath>c:\program files\dotnet\shared\Microsoft.NETCore.App\5.0.0\System.Net.Security.dll</ModulePath>
      <ModuleTime>2020-10-19T22:15:28Z</ModuleTime>
      <ModuleName>System.Net.Security</ModuleName>
      <Classes />
    </Module>
    <Module skippedDueTo="Filter" hash="93-E0-3B-C3-E9-FE-E6-6F-B1-94-E0-B7-4B-4B-99-03-69-DB-3A-AD">
      <ModulePath>c:\program files\dotnet\shared\Microsoft.NETCore.App\5.0.0\System.Diagnostics.DiagnosticSource.dll</ModulePath>
      <ModuleTime>2020-10-19T22:14:24Z</ModuleTime>
      <ModuleName>System.Diagnostics.DiagnosticSource</ModuleName>
      <Classes />
    </Module>
    <Module skippedDueTo="MissingPdb" hash="8A-72-8D-E5-8C-F5-DD-DE-CE-C0-AE-A3-65-C8-5C-2C-D3-29-91-14">
      <ModulePath>c:\program files\dotnet\sdk\5.0.100\Microsoft.TestPlatform.Build.dll</ModulePath>
      <ModuleTime>2020-10-27T06:54:32Z</ModuleTime>
      <ModuleName>Microsoft.TestPlatform.Build</ModuleName>
      <Classes />
    </Module>
    <Module skippedDueTo="MissingPdb" hash="CC-92-54-3F-4B-BB-8B-8D-DF-9E-34-96-2D-74-A8-46-57-64-C1-82">
      <ModulePath>c:\program files\dotnet\sdk\5.0.100\pt-BR\Microsoft.TestPlatform.Build.resources.dll</ModulePath>
      <ModuleTime>2020-10-22T18:43:40Z</ModuleTime>
      <ModuleName>Microsoft.TestPlatform.Build.resources</ModuleName>
      <Classes />
    </Module>
    <Module skippedDueTo="MissingPdb" hash="3F-E3-46-DB-21-87-3E-75-33-9B-45-53-94-0A-E7-24-36-DF-5D-EB">
      <ModulePath>c:\program files\dotnet\sdk\5.0.100\pt-BR\NuGet.Build.Tasks.resources.dll</ModulePath>
      <ModuleTime>2020-10-24T07:30:58Z</ModuleTime>
      <ModuleName>NuGet.Build.Tasks.resources</ModuleName>
      <Classes />
    </Module>
    <Module skippedDueTo="MissingPdb" hash="3C-F4-1F-4E-BA-A1-03-E1-1A-76-8D-18-EE-1E-72-23-2D-2B-7D-F4">
      <ModulePath>c:\program files\dotnet\sdk\5.0.100\NuGet.ProjectModel.dll</ModulePath>
      <ModuleTime>2020-10-27T06:54:14Z</ModuleTime>
      <ModuleName>NuGet.ProjectModel</ModuleName>
      <Classes />
    </Module>
    <Module skippedDueTo="MissingPdb" hash="45-A3-9E-30-92-EB-D5-88-7C-6F-AE-4D-2A-5C-44-E2-9C-55-0B-C5">
      <ModulePath>c:\program files\dotnet\sdk\5.0.100\NuGet.Versioning.dll</ModulePath>
      <ModuleTime>2020-10-27T06:54:12Z</ModuleTime>
      <ModuleName>NuGet.Versioning</ModuleName>
      <Classes />
    </Module>
    <Module skippedDueTo="MissingPdb" hash="4B-0C-5E-6A-B8-F7-1C-B6-D1-91-F8-FF-F9-3C-D2-A6-C8-C7-F7-28">
      <ModulePath>c:\program files\dotnet\sdk\5.0.100\NuGet.Common.dll</ModulePath>
      <ModuleTime>2020-10-27T06:53:30Z</ModuleTime>
      <ModuleName>NuGet.Common</ModuleName>
      <Classes />
    </Module>
    <Module skippedDueTo="MissingPdb" hash="2D-CC-79-2B-5B-24-CA-1E-6C-3A-72-1E-42-6F-35-0F-6D-C9-94-CD">
      <ModulePath>c:\program files\dotnet\sdk\5.0.100\Sdks\Microsoft.NET.Sdk\tools\net5.0\pt-BR\Microsoft.NET.Build.Tasks.resources.dll</ModulePath>
      <ModuleTime>2020-10-27T06:53:48Z</ModuleTime>
      <ModuleName>Microsoft.NET.Build.Tasks.resources</ModuleName>
      <Classes />
    </Module>
    <Module skippedDueTo="Filter" hash="5E-DA-9F-1D-9B-1A-40-55-8A-69-E8-05-64-91-18-40-8B-0E-90-D9">
      <ModulePath>c:\program files\dotnet\shared\Microsoft.NETCore.App\5.0.0\System.Reflection.Metadata.dll</ModulePath>
      <ModuleTime>2020-10-19T22:14:40Z</ModuleTime>
      <ModuleName>System.Reflection.Metadata</ModuleName>
      <Classes />
    </Module>
    <Module skippedDueTo="Filter" hash="E8-D2-56-C0-81-3A-99-A1-61-3B-42-D0-A6-C6-75-E2-68-20-56-68">
      <ModulePath>c:\program files\dotnet\shared\Microsoft.NETCore.App\5.0.0\System.IO.MemoryMappedFiles.dll</ModulePath>
      <ModuleTime>2020-10-19T22:14:30Z</ModuleTime>
      <ModuleName>System.IO.MemoryMappedFiles</ModuleName>
      <Classes />
    </Module>
    <Module skippedDueTo="MissingPdb" hash="2E-C8-A5-F1-0F-37-B3-30-3A-E7-85-7F-A4-E7-3E-31-9B-C9-98-83">
      <ModulePath>c:\program files\dotnet\sdk\5.0.100\pt-BR\Microsoft.Build.Tasks.Core.resources.dll</ModulePath>
      <ModuleTime>2020-10-20T23:39:46Z</ModuleTime>
      <ModuleName>Microsoft.Build.Tasks.Core.resources</ModuleName>
      <Classes />
    </Module>
    <Module skippedDueTo="MissingPdb" hash="46-7D-7D-2A-66-EA-36-C0-E0-8D-8C-59-1E-B4-B8-66-27-1F-9B-90">
      <ModulePath>c:\program files\dotnet\sdk\5.0.100\Roslyn\Microsoft.Build.Tasks.CodeAnalysis.dll</ModulePath>
      <ModuleTime>2020-10-27T06:54:58Z</ModuleTime>
      <ModuleName>Microsoft.Build.Tasks.CodeAnalysis</ModuleName>
      <Classes />
    </Module>
    <Module skippedDueTo="MissingPdb" hash="B1-8E-E0-F1-54-6F-26-19-B3-D7-D2-7B-E4-96-3D-B2-E2-D5-66-5E">
      <ModulePath>c:\program files\dotnet\sdk\5.0.100\Sdks\Microsoft.NET.Sdk.Razor\tasks\net5.0\Microsoft.NET.Sdk.Razor.Tasks.dll</ModulePath>
      <ModuleTime>2020-10-27T01:59:28Z</ModuleTime>
      <ModuleName>Microsoft.NET.Sdk.Razor.Tasks</ModuleName>
      <Classes />
    </Module>
    <Module skippedDueTo="MissingPdb" hash="8A-00-CB-1A-AB-44-61-4E-5B-58-AF-0B-D8-D1-66-15-11-F8-ED-CA">
      <ModulePath>C:\Users\DELL\source\repos\Armazenagem3L-API\.sonarqube\bin\SonarScanner.MSBuild.Tasks.dll</ModulePath>
      <ModuleTime>2020-11-11T19:45:56Z</ModuleTime>
      <ModuleName>SonarScanner.MSBuild.Tasks</ModuleName>
      <Classes />
    </Module>
    <Module skippedDueTo="MissingPdb" hash="80-3B-1D-11-EC-AB-D5-8F-91-9E-3B-18-0D-3D-85-8B-91-22-41-9D">
      <ModulePath>C:\Users\DELL\source\repos\Armazenagem3L-API\.sonarqube\bin\SonarScanner.MSBuild.Common.dll</ModulePath>
      <ModuleTime>2020-11-11T19:45:52Z</ModuleTime>
      <ModuleName>SonarScanner.MSBuild.Common</ModuleName>
      <Classes />
    </Module>
    <Module skippedDueTo="Filter" hash="8B-FF-A9-9A-53-A2-8C-93-05-FC-BB-7A-1C-05-F3-3E-66-1D-2E-48">
      <ModulePath>c:\program files\dotnet\shared\Microsoft.NETCore.App\5.0.0\System.dll</ModulePath>
      <ModuleTime>2020-10-19T22:15:52Z</ModuleTime>
      <ModuleName>System</ModuleName>
      <Classes />
    </Module>
    <Module skippedDueTo="Filter" hash="49-D9-DA-34-6F-30-9B-09-47-BF-E7-64-90-95-EE-F9-22-CE-73-01">
      <ModulePath>c:\program files\dotnet\shared\Microsoft.NETCore.App\5.0.0\System.Xml.dll</ModulePath>
      <ModuleTime>2020-10-19T22:15:02Z</ModuleTime>
      <ModuleName>System.Xml</ModuleName>
      <Classes />
    </Module>
    <Module skippedDueTo="Filter" hash="19-75-35-34-88-E7-D5-F8-01-3F-88-96-7C-89-3F-45-DB-72-D4-7D">
      <ModulePath>c:\program files\dotnet\shared\Microsoft.NETCore.App\5.0.0\System.Reflection.Emit.dll</ModulePath>
      <ModuleTime>2020-10-19T22:14:40Z</ModuleTime>
      <ModuleName>System.Reflection.Emit</ModuleName>
      <Classes />
    </Module>
    <Module skippedDueTo="MissingPdb" hash="">
      <ModulePath>RefEmit_InMemoryManifestModule</ModulePath>
      <ModuleTime>0001-01-01T00:00:00</ModuleTime>
      <ModuleName>Microsoft.GeneratedCode</ModuleName>
      <Classes />
    </Module>
    <Module skippedDueTo="Filter" hash="2F-5F-F4-01-E0-63-FE-AB-57-FB-FD-F6-3B-4B-9D-BD-71-29-A4-1B">
      <ModulePath>c:\program files\dotnet\shared\Microsoft.NETCore.App\5.0.0\System.Core.dll</ModulePath>
      <ModuleTime>2020-10-19T22:13:58Z</ModuleTime>
      <ModuleName>System.Core</ModuleName>
      <Classes />
    </Module>
    <Module skippedDueTo="MissingPdb" hash="">
      <ModulePath>RefEmit_InMemoryManifestModule</ModulePath>
      <ModuleTime>0001-01-01T00:00:00</ModuleTime>
      <ModuleName>Microsoft.GeneratedCode</ModuleName>
      <Classes />
    </Module>
    <Module skippedDueTo="MissingPdb" hash="EE-40-F1-47-58-52-EA-08-2E-2F-FA-D0-AB-3B-C4-E1-F4-C1-3D-13">
      <ModulePath>c:\program files\dotnet\sdk\5.0.100\Roslyn\pt-BR\Microsoft.Build.Tasks.CodeAnalysis.resources.dll</ModulePath>
      <ModuleTime>2020-10-20T00:19:26Z</ModuleTime>
      <ModuleName>Microsoft.Build.Tasks.CodeAnalysis.resources</ModuleName>
      <Classes />
    </Module>
    <Module skippedDueTo="Filter" hash="02-28-F9-A5-3F-F3-AB-D7-0C-71-1B-86-B4-89-71-83-07-EE-BA-05">
      <ModulePath>c:\program files\dotnet\shared\Microsoft.NETCore.App\5.0.0\System.Private.CoreLib.dll</ModulePath>
      <ModuleTime>2020-10-19T22:10:06Z</ModuleTime>
      <ModuleName>System.Private.CoreLib</ModuleName>
      <Classes />
    </Module>
    <Module skippedDueTo="MissingPdb" hash="86-3B-69-85-EA-9A-AA-68-13-7D-96-1E-38-02-02-58-D8-14-80-58">
      <ModulePath>c:\program files\dotnet\sdk\5.0.100\Roslyn\bincore\VBCSCompiler.dll</ModulePath>
      <ModuleTime>2020-10-27T06:54:26Z</ModuleTime>
      <ModuleName>VBCSCompiler</ModuleName>
      <Classes />
    </Module>
    <Module skippedDueTo="Filter" hash="A4-8E-A9-B3-A8-87-80-FF-48-98-58-BC-02-CA-42-CE-96-9F-A5-93">
      <ModulePath>c:\program files\dotnet\shared\Microsoft.NETCore.App\5.0.0\System.Runtime.dll</ModulePath>
      <ModuleTime>2020-10-19T22:15:36Z</ModuleTime>
      <ModuleName>System.Runtime</ModuleName>
      <Classes />
    </Module>
    <Module skippedDueTo="Filter" hash="C5-9C-3B-93-AB-B6-88-62-EC-56-91-25-75-6A-12-C3-7E-5E-16-FC">
      <ModulePath>c:\program files\dotnet\shared\Microsoft.NETCore.App\5.0.0\System.Collections.Specialized.dll</ModulePath>
      <ModuleTime>2020-10-19T22:14:22Z</ModuleTime>
      <ModuleName>System.Collections.Specialized</ModuleName>
      <Classes />
    </Module>
    <Module skippedDueTo="Filter" hash="6A-32-E3-4B-6A-D8-6C-F4-7F-76-96-EB-E4-52-F2-C6-8B-7F-E5-2D">
      <ModulePath>c:\program files\dotnet\shared\Microsoft.NETCore.App\5.0.0\System.Threading.Tasks.dll</ModulePath>
      <ModuleTime>2020-10-19T22:14:46Z</ModuleTime>
      <ModuleName>System.Threading.Tasks</ModuleName>
      <Classes />
    </Module>
    <Module skippedDueTo="Filter" hash="A0-AC-AB-3B-DE-38-E0-09-11-B2-E6-35-50-00-3F-98-C4-32-FB-63">
      <ModulePath>c:\program files\dotnet\shared\Microsoft.NETCore.App\5.0.0\System.Console.dll</ModulePath>
      <ModuleTime>2020-10-19T22:15:52Z</ModuleTime>
      <ModuleName>System.Console</ModuleName>
      <Classes />
    </Module>
    <Module skippedDueTo="Filter" hash="48-FF-37-2E-76-C6-1A-35-14-61-9D-3D-21-40-E8-FB-88-74-B4-73">
      <ModulePath>c:\program files\dotnet\shared\Microsoft.NETCore.App\5.0.0\System.Threading.dll</ModulePath>
      <ModuleTime>2020-10-19T22:15:14Z</ModuleTime>
      <ModuleName>System.Threading</ModuleName>
      <Classes />
    </Module>
    <Module skippedDueTo="MissingPdb" hash="44-3F-7A-39-40-B7-D6-11-D2-22-A7-99-2D-8C-83-8D-13-97-41-80">
      <ModulePath>c:\program files\dotnet\sdk\5.0.100\Roslyn\bincore\Microsoft.CodeAnalysis.dll</ModulePath>
      <ModuleTime>2020-10-27T06:54:58Z</ModuleTime>
      <ModuleName>Microsoft.CodeAnalysis</ModuleName>
      <Classes />
    </Module>
    <Module skippedDueTo="Filter" hash="19-E8-9C-3F-51-C3-D8-04-8E-1D-2F-E1-DE-26-9F-89-06-F2-91-A4">
      <ModulePath>c:\program files\dotnet\shared\Microsoft.NETCore.App\5.0.0\System.Runtime.Extensions.dll</ModulePath>
      <ModuleTime>2020-10-19T22:14:42Z</ModuleTime>
      <ModuleName>System.Runtime.Extensions</ModuleName>
      <Classes />
    </Module>
    <Module skippedDueTo="Filter" hash="72-79-CD-97-C3-F7-F4-75-36-29-E2-1C-B8-23-4E-40-82-B1-F8-90">
      <ModulePath>c:\program files\dotnet\shared\Microsoft.NETCore.App\5.0.0\System.Runtime.InteropServices.dll</ModulePath>
      <ModuleTime>2020-10-19T22:15:10Z</ModuleTime>
      <ModuleName>System.Runtime.InteropServices</ModuleName>
      <Classes />
    </Module>
    <Module skippedDueTo="Filter" hash="0E-9C-61-9C-9D-8D-CF-3C-5C-0F-A3-D0-9B-30-7F-A5-6D-6A-0B-FD">
      <ModulePath>c:\program files\dotnet\shared\Microsoft.NETCore.App\5.0.0\System.Collections.Immutable.dll</ModulePath>
      <ModuleTime>2020-10-19T22:14:22Z</ModuleTime>
      <ModuleName>System.Collections.Immutable</ModuleName>
      <Classes />
    </Module>
    <Module skippedDueTo="Filter" hash="CF-27-53-8B-23-74-2B-4F-EC-21-31-83-C3-95-23-64-19-AA-C5-97">
      <ModulePath>c:\program files\dotnet\shared\Microsoft.NETCore.App\5.0.0\System.Collections.dll</ModulePath>
      <ModuleTime>2020-10-19T22:14:22Z</ModuleTime>
      <ModuleName>System.Collections</ModuleName>
      <Classes />
    </Module>
    <Module skippedDueTo="Filter" hash="7A-C8-00-A9-4A-F0-DA-43-C7-8B-3C-34-11-AA-21-D4-5C-CF-91-1D">
      <ModulePath>c:\program files\dotnet\shared\Microsoft.NETCore.App\5.0.0\System.IO.FileSystem.dll</ModulePath>
      <ModuleTime>2020-10-19T22:14:28Z</ModuleTime>
      <ModuleName>System.IO.FileSystem</ModuleName>
      <Classes />
    </Module>
    <Module skippedDueTo="Filter" hash="E0-56-69-A7-82-F3-9F-FB-2E-09-D9-D4-30-FA-C1-82-74-3D-B1-46">
      <ModulePath>c:\program files\dotnet\shared\Microsoft.NETCore.App\5.0.0\System.Memory.dll</ModulePath>
      <ModuleTime>2020-10-19T22:14:32Z</ModuleTime>
      <ModuleName>System.Memory</ModuleName>
      <Classes />
    </Module>
    <Module skippedDueTo="Filter" hash="8F-C9-53-FE-6B-07-51-97-DD-E1-5E-E6-E0-C4-DD-76-11-6F-DB-6A">
      <ModulePath>c:\program files\dotnet\shared\Microsoft.NETCore.App\5.0.0\System.IO.Pipes.dll</ModulePath>
      <ModuleTime>2020-10-19T22:15:24Z</ModuleTime>
      <ModuleName>System.IO.Pipes</ModuleName>
      <Classes />
    </Module>
    <Module skippedDueTo="Filter" hash="F0-CD-D6-C0-87-46-40-59-37-7C-94-E7-38-49-15-28-5E-A2-F7-83">
      <ModulePath>c:\program files\dotnet\shared\Microsoft.NETCore.App\5.0.0\System.Security.AccessControl.dll</ModulePath>
      <ModuleTime>2020-10-19T22:14:44Z</ModuleTime>
      <ModuleName>System.Security.AccessControl</ModuleName>
      <Classes />
    </Module>
    <Module skippedDueTo="Filter" hash="A8-FD-C3-37-0F-70-7D-8E-82-B4-7E-54-4A-06-6C-FF-F6-8C-78-20">
      <ModulePath>c:\program files\dotnet\shared\Microsoft.NETCore.App\5.0.0\System.Security.Principal.Windows.dll</ModulePath>
      <ModuleTime>2020-10-19T22:15:14Z</ModuleTime>
      <ModuleName>System.Security.Principal.Windows</ModuleName>
      <Classes />
    </Module>
    <Module skippedDueTo="Filter" hash="F0-DC-58-89-16-46-9E-3B-B3-8A-A3-6A-ED-3F-2D-DB-98-9F-C1-D8">
      <ModulePath>c:\program files\dotnet\shared\Microsoft.NETCore.App\5.0.0\System.Security.Claims.dll</ModulePath>
      <ModuleTime>2020-10-19T22:14:44Z</ModuleTime>
      <ModuleName>System.Security.Claims</ModuleName>
      <Classes />
    </Module>
    <Module skippedDueTo="MissingPdb" hash="5C-F3-81-49-0C-A2-33-CF-84-83-20-F6-98-B7-5B-CD-79-6B-F8-D9">
      <ModulePath>c:\program files\dotnet\shared\Microsoft.NETCore.App\5.0.0\Microsoft.Win32.Primitives.dll</ModulePath>
      <ModuleTime>2020-10-19T22:14:22Z</ModuleTime>
      <ModuleName>Microsoft.Win32.Primitives</ModuleName>
      <Classes />
    </Module>
    <Module skippedDueTo="Filter" hash="E3-79-60-3F-E2-C2-06-19-1A-CB-44-3A-4E-89-DC-EB-9C-16-45-A9">
      <ModulePath>c:\program files\dotnet\shared\Microsoft.NETCore.App\5.0.0\System.Threading.Overlapped.dll</ModulePath>
      <ModuleTime>2020-10-19T22:15:12Z</ModuleTime>
      <ModuleName>System.Threading.Overlapped</ModuleName>
      <Classes />
    </Module>
    <Module skippedDueTo="Filter" hash="F2-97-5D-23-2A-F3-91-BF-27-CF-FD-6F-18-75-82-5F-4A-C9-91-F3">
      <ModulePath>c:\program files\dotnet\shared\Microsoft.NETCore.App\5.0.0\System.Diagnostics.Process.dll</ModulePath>
      <ModuleTime>2020-10-19T22:15:24Z</ModuleTime>
      <ModuleName>System.Diagnostics.Process</ModuleName>
      <Classes />
    </Module>
    <Module skippedDueTo="Filter" hash="70-B6-A0-D6-C7-59-7F-AD-53-85-7B-DC-B6-BC-46-60-5F-76-32-44">
      <ModulePath>c:\program files\dotnet\shared\Microsoft.NETCore.App\5.0.0\System.ComponentModel.Primitives.dll</ModulePath>
      <ModuleTime>2020-10-19T22:14:24Z</ModuleTime>
      <ModuleName>System.ComponentModel.Primitives</ModuleName>
      <Classes />
    </Module>
    <Module skippedDueTo="Filter" hash="E6-84-21-9D-B7-67-08-08-C8-23-E3-EF-D5-38-6C-FC-94-A2-C9-BF">
      <ModulePath>c:\program files\dotnet\shared\Microsoft.NETCore.App\5.0.0\System.Linq.dll</ModulePath>
      <ModuleTime>2020-10-19T22:14:32Z</ModuleTime>
      <ModuleName>System.Linq</ModuleName>
      <Classes />
    </Module>
    <Module skippedDueTo="Filter" hash="E6-91-D6-DF-B4-48-7B-00-38-A8-60-9F-A2-B6-72-6E-63-BA-2C-FA">
      <ModulePath>c:\program files\dotnet\shared\Microsoft.NETCore.App\5.0.0\System.Resources.ResourceManager.dll</ModulePath>
      <ModuleTime>2020-10-19T22:14:38Z</ModuleTime>
      <ModuleName>System.Resources.ResourceManager</ModuleName>
      <Classes />
    </Module>
    <Module skippedDueTo="Filter" hash="5E-DA-9F-1D-9B-1A-40-55-8A-69-E8-05-64-91-18-40-8B-0E-90-D9">
      <ModulePath>c:\program files\dotnet\shared\Microsoft.NETCore.App\5.0.0\System.Reflection.Metadata.dll</ModulePath>
      <ModuleTime>2020-10-19T22:14:40Z</ModuleTime>
      <ModuleName>System.Reflection.Metadata</ModuleName>
      <Classes />
    </Module>
    <Module skippedDueTo="MissingPdb" hash="59-8D-FE-0F-20-D5-62-A8-F8-25-37-B5-A6-C4-C7-CD-DA-BB-F6-1E">
      <ModulePath>c:\program files\dotnet\sdk\5.0.100\Roslyn\bincore\Microsoft.CodeAnalysis.CSharp.dll</ModulePath>
      <ModuleTime>2020-10-27T06:54:58Z</ModuleTime>
      <ModuleName>Microsoft.CodeAnalysis.CSharp</ModuleName>
      <Classes />
    </Module>
    <Module skippedDueTo="MissingPdb" hash="17-37-2E-95-3D-EA-37-B6-05-06-E6-B8-36-E1-9A-43-A1-FB-39-42">
      <ModulePath>c:\program files\dotnet\sdk\5.0.100\Roslyn\bincore\Microsoft.CodeAnalysis.VisualBasic.dll</ModulePath>
      <ModuleTime>2020-10-27T06:54:58Z</ModuleTime>
      <ModuleName>Microsoft.CodeAnalysis.VisualBasic</ModuleName>
      <Classes />
    </Module>
    <Module skippedDueTo="MissingPdb" hash="B6-0D-38-ED-5B-CB-35-F6-64-68-A4-3D-C4-34-9D-FA-97-0B-1C-02">
      <ModulePath>c:\program files\dotnet\shared\Microsoft.NETCore.App\5.0.0\netstandard.dll</ModulePath>
      <ModuleTime>2020-10-19T22:14:58Z</ModuleTime>
      <ModuleName>netstandard</ModuleName>
      <Classes />
    </Module>
    <Module skippedDueTo="Filter" hash="A3-A3-1D-73-B0-90-BB-F1-73-87-2B-22-AD-06-83-00-1E-C2-A3-E6">
      <ModulePath>c:\program files\dotnet\shared\Microsoft.NETCore.App\5.0.0\System.Security.Cryptography.Primitives.dll</ModulePath>
      <ModuleTime>2020-10-19T22:14:44Z</ModuleTime>
      <ModuleName>System.Security.Cryptography.Primitives</ModuleName>
      <Classes />
    </Module>
    <Module skippedDueTo="Filter" hash="C1-F4-E2-BA-BB-2B-A3-43-6D-4E-D6-AA-3D-E8-C1-88-F2-6A-54-06">
      <ModulePath>c:\program files\dotnet\shared\Microsoft.NETCore.App\5.0.0\System.Xml.ReaderWriter.dll</ModulePath>
      <ModuleTime>2020-10-19T22:14:38Z</ModuleTime>
      <ModuleName>System.Xml.ReaderWriter</ModuleName>
      <Classes />
    </Module>
    <Module skippedDueTo="Filter" hash="99-1B-9F-BB-17-7F-2A-55-29-95-D9-35-BE-3F-62-FA-41-B5-C4-2C">
      <ModulePath>c:\program files\dotnet\shared\Microsoft.NETCore.App\5.0.0\System.Private.Xml.dll</ModulePath>
      <ModuleTime>2020-10-19T22:16:24Z</ModuleTime>
      <ModuleName>System.Private.Xml</ModuleName>
      <Classes />
    </Module>
    <Module skippedDueTo="Filter" hash="17-8A-8C-21-F5-73-E0-8E-A7-ED-33-98-EE-86-23-75-50-77-55-78">
      <ModulePath>c:\program files\dotnet\shared\Microsoft.NETCore.App\5.0.0\System.Xml.XDocument.dll</ModulePath>
      <ModuleTime>2020-10-19T22:14:16Z</ModuleTime>
      <ModuleName>System.Xml.XDocument</ModuleName>
      <Classes />
    </Module>
    <Module skippedDueTo="Filter" hash="38-89-E3-4F-72-A3-0F-CF-54-EC-94-74-EB-6E-E5-94-92-0E-40-AF">
      <ModulePath>c:\program files\dotnet\shared\Microsoft.NETCore.App\5.0.0\System.Private.Xml.Linq.dll</ModulePath>
      <ModuleTime>2020-10-19T22:15:10Z</ModuleTime>
      <ModuleName>System.Private.Xml.Linq</ModuleName>
      <Classes />
    </Module>
    <Module skippedDueTo="Filter" hash="F7-C6-A8-BF-69-A6-DD-46-D4-EC-3B-18-95-68-C4-E1-4E-EE-44-9F">
      <ModulePath>c:\program files\dotnet\shared\Microsoft.NETCore.App\5.0.0\System.Private.Uri.dll</ModulePath>
      <ModuleTime>2020-10-19T22:17:04Z</ModuleTime>
      <ModuleName>System.Private.Uri</ModuleName>
      <Classes />
    </Module>
    <Module skippedDueTo="Filter" hash="79-CE-21-28-C4-70-8F-51-25-40-5A-E2-6B-43-E6-0A-83-10-D6-AD">
      <ModulePath>c:\program files\dotnet\shared\Microsoft.NETCore.App\5.0.0\System.Threading.Thread.dll</ModulePath>
      <ModuleTime>2020-10-19T22:14:46Z</ModuleTime>
      <ModuleName>System.Threading.Thread</ModuleName>
      <Classes />
    </Module>
    <Module skippedDueTo="Filter" hash="C3-2B-92-9F-4D-3A-C7-2A-07-6F-D0-DC-E3-F0-AD-2D-5E-87-06-A6">
      <ModulePath>c:\program files\dotnet\shared\Microsoft.NETCore.App\5.0.0\System.Security.Cryptography.Algorithms.dll</ModulePath>
      <ModuleTime>2020-10-19T22:16:22Z</ModuleTime>
      <ModuleName>System.Security.Cryptography.Algorithms</ModuleName>
      <Classes />
    </Module>
    <Module skippedDueTo="Filter" hash="44-DC-AC-10-11-A8-87-47-18-29-D4-08-91-38-B9-12-6E-70-8E-13">
      <ModulePath>c:\program files\dotnet\shared\Microsoft.NETCore.App\5.0.0\System.Text.Encoding.Extensions.dll</ModulePath>
      <ModuleTime>2020-10-19T22:15:36Z</ModuleTime>
      <ModuleName>System.Text.Encoding.Extensions</ModuleName>
      <Classes />
    </Module>
    <Module skippedDueTo="Filter" hash="59-67-3C-A1-27-65-FA-E5-5B-98-3A-22-4F-1E-46-FE-63-23-64-A3">
      <ModulePath>c:\program files\dotnet\shared\Microsoft.NETCore.App\5.0.0\System.Collections.Concurrent.dll</ModulePath>
      <ModuleTime>2020-10-19T22:14:22Z</ModuleTime>
      <ModuleName>System.Collections.Concurrent</ModuleName>
      <Classes />
    </Module>
    <Module skippedDueTo="Filter" hash="E8-D2-56-C0-81-3A-99-A1-61-3B-42-D0-A6-C6-75-E2-68-20-56-68">
      <ModulePath>c:\program files\dotnet\shared\Microsoft.NETCore.App\5.0.0\System.IO.MemoryMappedFiles.dll</ModulePath>
      <ModuleTime>2020-10-19T22:14:30Z</ModuleTime>
      <ModuleName>System.IO.MemoryMappedFiles</ModuleName>
      <Classes />
    </Module>
    <Module skippedDueTo="Filter" hash="AE-17-29-D5-95-9C-B5-59-32-6A-CA-48-80-36-08-44-BD-1F-7A-02">
      <ModulePath>c:\program files\dotnet\shared\Microsoft.NETCore.App\5.0.0\System.Runtime.Loader.dll</ModulePath>
      <ModuleTime>2020-10-19T22:14:40Z</ModuleTime>
      <ModuleName>System.Runtime.Loader</ModuleName>
      <Classes />
    </Module>
    <Module skippedDueTo="MissingPdb" hash="A1-A9-BC-CC-6E-18-1D-40-16-49-27-1B-7F-36-BC-05-DE-DB-7F-32">
      <ModulePath>C:\Users\DELL\AppData\Local\Temp\VBCSCompiler\AnalyzerAssemblyLoader\02917e5a19814902a9abd59604c6be86\1\Google.Protobuf.dll</ModulePath>
      <ModuleTime>2019-06-18T18:04:52Z</ModuleTime>
      <ModuleName>Google.Protobuf</ModuleName>
      <Classes />
    </Module>
    <Module skippedDueTo="MissingPdb" hash="0A-E4-A9-E2-EB-FA-88-80-EA-20-21-5D-06-74-F6-5C-49-33-5B-17">
      <ModulePath>C:\Users\DELL\AppData\Local\Temp\VBCSCompiler\AnalyzerAssemblyLoader\02917e5a19814902a9abd59604c6be86\2\SonarAnalyzer.CSharp.dll</ModulePath>
      <ModuleTime>2019-06-18T18:04:52Z</ModuleTime>
      <ModuleName>SonarAnalyzer.CSharp</ModuleName>
      <Classes />
    </Module>
    <Module skippedDueTo="MissingPdb" hash="9F-6A-EC-2C-C5-E8-83-FC-96-6A-E3-3F-B0-D6-67-0F-E8-9D-F6-D0">
      <ModulePath>C:\Users\DELL\AppData\Local\Temp\VBCSCompiler\AnalyzerAssemblyLoader\02917e5a19814902a9abd59604c6be86\3\SonarAnalyzer.dll</ModulePath>
      <ModuleTime>2019-06-18T18:04:52Z</ModuleTime>
      <ModuleName>SonarAnalyzer</ModuleName>
      <Classes />
    </Module>
    <Module skippedDueTo="Filter" hash="02-28-F9-A5-3F-F3-AB-D7-0C-71-1B-86-B4-89-71-83-07-EE-BA-05">
      <ModulePath>c:\program files\dotnet\shared\Microsoft.NETCore.App\5.0.0\System.Private.CoreLib.dll</ModulePath>
      <ModuleTime>2020-10-19T22:10:06Z</ModuleTime>
      <ModuleName>System.Private.CoreLib</ModuleName>
      <Classes />
    </Module>
    <Module skippedDueTo="MissingPdb" hash="BE-C2-10-06-ED-97-DF-DA-53-D3-68-D1-F6-E3-9E-7C-36-71-B6-3B">
      <ModulePath>c:\program files\dotnet\sdk\5.0.100\Roslyn\bincore\csc.dll</ModulePath>
      <ModuleTime>2020-10-27T06:54:24Z</ModuleTime>
      <ModuleName>csc</ModuleName>
      <Classes />
    </Module>
    <Module skippedDueTo="Filter" hash="A4-8E-A9-B3-A8-87-80-FF-48-98-58-BC-02-CA-42-CE-96-9F-A5-93">
      <ModulePath>c:\program files\dotnet\shared\Microsoft.NETCore.App\5.0.0\System.Runtime.dll</ModulePath>
      <ModuleTime>2020-10-19T22:15:36Z</ModuleTime>
      <ModuleName>System.Runtime</ModuleName>
      <Classes />
    </Module>
    <Module skippedDueTo="Filter" hash="A0-AC-AB-3B-DE-38-E0-09-11-B2-E6-35-50-00-3F-98-C4-32-FB-63">
      <ModulePath>c:\program files\dotnet\shared\Microsoft.NETCore.App\5.0.0\System.Console.dll</ModulePath>
      <ModuleTime>2020-10-19T22:15:52Z</ModuleTime>
      <ModuleName>System.Console</ModuleName>
      <Classes />
    </Module>
    <Module skippedDueTo="MissingPdb" hash="59-8D-FE-0F-20-D5-62-A8-F8-25-37-B5-A6-C4-C7-CD-DA-BB-F6-1E">
      <ModulePath>c:\program files\dotnet\sdk\5.0.100\Roslyn\bincore\Microsoft.CodeAnalysis.CSharp.dll</ModulePath>
      <ModuleTime>2020-10-27T06:54:58Z</ModuleTime>
      <ModuleName>Microsoft.CodeAnalysis.CSharp</ModuleName>
      <Classes />
    </Module>
    <Module skippedDueTo="MissingPdb" hash="44-3F-7A-39-40-B7-D6-11-D2-22-A7-99-2D-8C-83-8D-13-97-41-80">
      <ModulePath>c:\program files\dotnet\sdk\5.0.100\Roslyn\bincore\Microsoft.CodeAnalysis.dll</ModulePath>
      <ModuleTime>2020-10-27T06:54:58Z</ModuleTime>
      <ModuleName>Microsoft.CodeAnalysis</ModuleName>
      <Classes />
    </Module>
    <Module skippedDueTo="Filter" hash="19-E8-9C-3F-51-C3-D8-04-8E-1D-2F-E1-DE-26-9F-89-06-F2-91-A4">
      <ModulePath>c:\program files\dotnet\shared\Microsoft.NETCore.App\5.0.0\System.Runtime.Extensions.dll</ModulePath>
      <ModuleTime>2020-10-19T22:14:42Z</ModuleTime>
      <ModuleName>System.Runtime.Extensions</ModuleName>
      <Classes />
    </Module>
    <Module skippedDueTo="Filter" hash="0E-9C-61-9C-9D-8D-CF-3C-5C-0F-A3-D0-9B-30-7F-A5-6D-6A-0B-FD">
      <ModulePath>c:\program files\dotnet\shared\Microsoft.NETCore.App\5.0.0\System.Collections.Immutable.dll</ModulePath>
      <ModuleTime>2020-10-19T22:14:22Z</ModuleTime>
      <ModuleName>System.Collections.Immutable</ModuleName>
      <Classes />
    </Module>
    <Module skippedDueTo="Filter" hash="CF-27-53-8B-23-74-2B-4F-EC-21-31-83-C3-95-23-64-19-AA-C5-97">
      <ModulePath>c:\program files\dotnet\shared\Microsoft.NETCore.App\5.0.0\System.Collections.dll</ModulePath>
      <ModuleTime>2020-10-19T22:14:22Z</ModuleTime>
      <ModuleName>System.Collections</ModuleName>
      <Classes />
    </Module>
    <Module skippedDueTo="Filter" hash="7A-C8-00-A9-4A-F0-DA-43-C7-8B-3C-34-11-AA-21-D4-5C-CF-91-1D">
      <ModulePath>c:\program files\dotnet\shared\Microsoft.NETCore.App\5.0.0\System.IO.FileSystem.dll</ModulePath>
      <ModuleTime>2020-10-19T22:14:28Z</ModuleTime>
      <ModuleName>System.IO.FileSystem</ModuleName>
      <Classes />
    </Module>
    <Module skippedDueTo="Filter" hash="B2-AB-E3-89-06-42-27-62-AF-0E-D1-C3-A5-E2-53-A2-82-16-0F-AB">
      <ModulePath>c:\program files\dotnet\shared\Microsoft.NETCore.App\5.0.0\System.Text.Encoding.CodePages.dll</ModulePath>
      <ModuleTime>2020-10-19T22:15:12Z</ModuleTime>
      <ModuleName>System.Text.Encoding.CodePages</ModuleName>
      <Classes />
    </Module>
    <Module skippedDueTo="Filter" hash="72-79-CD-97-C3-F7-F4-75-36-29-E2-1C-B8-23-4E-40-82-B1-F8-90">
      <ModulePath>c:\program files\dotnet\shared\Microsoft.NETCore.App\5.0.0\System.Runtime.InteropServices.dll</ModulePath>
      <ModuleTime>2020-10-19T22:15:10Z</ModuleTime>
      <ModuleName>System.Runtime.InteropServices</ModuleName>
      <Classes />
    </Module>
    <Module skippedDueTo="Filter" hash="48-FF-37-2E-76-C6-1A-35-14-61-9D-3D-21-40-E8-FB-88-74-B4-73">
      <ModulePath>c:\program files\dotnet\shared\Microsoft.NETCore.App\5.0.0\System.Threading.dll</ModulePath>
      <ModuleTime>2020-10-19T22:15:14Z</ModuleTime>
      <ModuleName>System.Threading</ModuleName>
      <Classes />
    </Module>
    <Module skippedDueTo="Filter" hash="E6-84-21-9D-B7-67-08-08-C8-23-E3-EF-D5-38-6C-FC-94-A2-C9-BF">
      <ModulePath>c:\program files\dotnet\shared\Microsoft.NETCore.App\5.0.0\System.Linq.dll</ModulePath>
      <ModuleTime>2020-10-19T22:14:32Z</ModuleTime>
      <ModuleName>System.Linq</ModuleName>
      <Classes />
    </Module>
    <Module skippedDueTo="Filter" hash="44-DC-AC-10-11-A8-87-47-18-29-D4-08-91-38-B9-12-6E-70-8E-13">
      <ModulePath>c:\program files\dotnet\shared\Microsoft.NETCore.App\5.0.0\System.Text.Encoding.Extensions.dll</ModulePath>
      <ModuleTime>2020-10-19T22:15:36Z</ModuleTime>
      <ModuleName>System.Text.Encoding.Extensions</ModuleName>
      <Classes />
    </Module>
    <Module skippedDueTo="Filter" hash="BF-EF-37-A7-B4-D7-5C-5C-1D-E1-92-D8-0D-8F-34-EF-BD-3B-53-0A">
      <ModulePath>c:\program files\dotnet\shared\Microsoft.NETCore.App\5.0.0\System.Runtime.CompilerServices.Unsafe.dll</ModulePath>
      <ModuleTime>2020-10-19T22:15:08Z</ModuleTime>
      <ModuleName>System.Runtime.CompilerServices.Unsafe</ModuleName>
      <Classes />
    </Module>
    <Module skippedDueTo="Filter" hash="5E-DA-9F-1D-9B-1A-40-55-8A-69-E8-05-64-91-18-40-8B-0E-90-D9">
      <ModulePath>c:\program files\dotnet\shared\Microsoft.NETCore.App\5.0.0\System.Reflection.Metadata.dll</ModulePath>
      <ModuleTime>2020-10-19T22:14:40Z</ModuleTime>
      <ModuleName>System.Reflection.Metadata</ModuleName>
      <Classes />
    </Module>
    <Module skippedDueTo="Filter" hash="A3-A3-1D-73-B0-90-BB-F1-73-87-2B-22-AD-06-83-00-1E-C2-A3-E6">
      <ModulePath>c:\program files\dotnet\shared\Microsoft.NETCore.App\5.0.0\System.Security.Cryptography.Primitives.dll</ModulePath>
      <ModuleTime>2020-10-19T22:14:44Z</ModuleTime>
      <ModuleName>System.Security.Cryptography.Primitives</ModuleName>
      <Classes />
    </Module>
    <Module skippedDueTo="Filter" hash="C1-F4-E2-BA-BB-2B-A3-43-6D-4E-D6-AA-3D-E8-C1-88-F2-6A-54-06">
      <ModulePath>c:\program files\dotnet\shared\Microsoft.NETCore.App\5.0.0\System.Xml.ReaderWriter.dll</ModulePath>
      <ModuleTime>2020-10-19T22:14:38Z</ModuleTime>
      <ModuleName>System.Xml.ReaderWriter</ModuleName>
      <Classes />
    </Module>
    <Module skippedDueTo="Filter" hash="99-1B-9F-BB-17-7F-2A-55-29-95-D9-35-BE-3F-62-FA-41-B5-C4-2C">
      <ModulePath>c:\program files\dotnet\shared\Microsoft.NETCore.App\5.0.0\System.Private.Xml.dll</ModulePath>
      <ModuleTime>2020-10-19T22:16:24Z</ModuleTime>
      <ModuleName>System.Private.Xml</ModuleName>
      <Classes />
    </Module>
    <Module skippedDueTo="Filter" hash="17-8A-8C-21-F5-73-E0-8E-A7-ED-33-98-EE-86-23-75-50-77-55-78">
      <ModulePath>c:\program files\dotnet\shared\Microsoft.NETCore.App\5.0.0\System.Xml.XDocument.dll</ModulePath>
      <ModuleTime>2020-10-19T22:14:16Z</ModuleTime>
      <ModuleName>System.Xml.XDocument</ModuleName>
      <Classes />
    </Module>
    <Module skippedDueTo="Filter" hash="38-89-E3-4F-72-A3-0F-CF-54-EC-94-74-EB-6E-E5-94-92-0E-40-AF">
      <ModulePath>c:\program files\dotnet\shared\Microsoft.NETCore.App\5.0.0\System.Private.Xml.Linq.dll</ModulePath>
      <ModuleTime>2020-10-19T22:15:10Z</ModuleTime>
      <ModuleName>System.Private.Xml.Linq</ModuleName>
      <Classes />
    </Module>
    <Module skippedDueTo="Filter" hash="F7-C6-A8-BF-69-A6-DD-46-D4-EC-3B-18-95-68-C4-E1-4E-EE-44-9F">
      <ModulePath>c:\program files\dotnet\shared\Microsoft.NETCore.App\5.0.0\System.Private.Uri.dll</ModulePath>
      <ModuleTime>2020-10-19T22:17:04Z</ModuleTime>
      <ModuleName>System.Private.Uri</ModuleName>
      <Classes />
    </Module>
    <Module skippedDueTo="Filter" hash="79-CE-21-28-C4-70-8F-51-25-40-5A-E2-6B-43-E6-0A-83-10-D6-AD">
      <ModulePath>c:\program files\dotnet\shared\Microsoft.NETCore.App\5.0.0\System.Threading.Thread.dll</ModulePath>
      <ModuleTime>2020-10-19T22:14:46Z</ModuleTime>
      <ModuleName>System.Threading.Thread</ModuleName>
      <Classes />
    </Module>
    <Module skippedDueTo="Filter" hash="E0-56-69-A7-82-F3-9F-FB-2E-09-D9-D4-30-FA-C1-82-74-3D-B1-46">
      <ModulePath>c:\program files\dotnet\shared\Microsoft.NETCore.App\5.0.0\System.Memory.dll</ModulePath>
      <ModuleTime>2020-10-19T22:14:32Z</ModuleTime>
      <ModuleName>System.Memory</ModuleName>
      <Classes />
    </Module>
    <Module skippedDueTo="Filter" hash="C3-2B-92-9F-4D-3A-C7-2A-07-6F-D0-DC-E3-F0-AD-2D-5E-87-06-A6">
      <ModulePath>c:\program files\dotnet\shared\Microsoft.NETCore.App\5.0.0\System.Security.Cryptography.Algorithms.dll</ModulePath>
      <ModuleTime>2020-10-19T22:16:22Z</ModuleTime>
      <ModuleName>System.Security.Cryptography.Algorithms</ModuleName>
      <Classes />
    </Module>
    <Module skippedDueTo="Filter" hash="59-67-3C-A1-27-65-FA-E5-5B-98-3A-22-4F-1E-46-FE-63-23-64-A3">
      <ModulePath>c:\program files\dotnet\shared\Microsoft.NETCore.App\5.0.0\System.Collections.Concurrent.dll</ModulePath>
      <ModuleTime>2020-10-19T22:14:22Z</ModuleTime>
      <ModuleName>System.Collections.Concurrent</ModuleName>
      <Classes />
    </Module>
    <Module skippedDueTo="Filter" hash="6A-32-E3-4B-6A-D8-6C-F4-7F-76-96-EB-E4-52-F2-C6-8B-7F-E5-2D">
      <ModulePath>c:\program files\dotnet\shared\Microsoft.NETCore.App\5.0.0\System.Threading.Tasks.dll</ModulePath>
      <ModuleTime>2020-10-19T22:14:46Z</ModuleTime>
      <ModuleName>System.Threading.Tasks</ModuleName>
      <Classes />
    </Module>
    <Module skippedDueTo="Filter" hash="E6-91-D6-DF-B4-48-7B-00-38-A8-60-9F-A2-B6-72-6E-63-BA-2C-FA">
      <ModulePath>c:\program files\dotnet\shared\Microsoft.NETCore.App\5.0.0\System.Resources.ResourceManager.dll</ModulePath>
      <ModuleTime>2020-10-19T22:14:38Z</ModuleTime>
      <ModuleName>System.Resources.ResourceManager</ModuleName>
      <Classes />
    </Module>
    <Module skippedDueTo="MissingPdb" hash="CF-2D-B6-56-5D-14-15-9C-57-A5-B0-55-F3-D3-1A-F4-3E-27-96-5D">
      <ModulePath>c:\program files\dotnet\sdk\5.0.100\Roslyn\bincore\pt-BR\Microsoft.CodeAnalysis.CSharp.resources.dll</ModulePath>
      <ModuleTime>2020-10-20T00:20:02Z</ModuleTime>
      <ModuleName>Microsoft.CodeAnalysis.CSharp.resources</ModuleName>
      <Classes />
    </Module>
    <Module skippedDueTo="Filter" hash="33-FF-8C-53-D8-AD-9F-61-FE-38-98-2C-20-04-7A-FA-B3-D5-6A-AC">
      <ModulePath>c:\program files\dotnet\shared\Microsoft.NETCore.App\5.0.0\System.Text.RegularExpressions.dll</ModulePath>
      <ModuleTime>2020-10-19T22:15:12Z</ModuleTime>
      <ModuleName>System.Text.RegularExpressions</ModuleName>
      <Classes />
    </Module>
    <Module skippedDueTo="Filter" hash="30-99-38-E2-F4-CD-CE-AE-B8-89-59-70-5A-F6-06-BA-95-C2-5B-FA">
      <ModulePath>c:\program files\dotnet\shared\Microsoft.NETCore.App\5.0.0\System.Reflection.Emit.ILGeneration.dll</ModulePath>
      <ModuleTime>2020-10-19T22:15:10Z</ModuleTime>
      <ModuleName>System.Reflection.Emit.ILGeneration</ModuleName>
      <Classes />
    </Module>
    <Module skippedDueTo="Filter" hash="ED-97-C1-EA-4B-0E-45-F5-E4-DC-BB-B9-E1-59-1E-5C-78-C0-75-7A">
      <ModulePath>c:\program files\dotnet\shared\Microsoft.NETCore.App\5.0.0\System.Reflection.Emit.Lightweight.dll</ModulePath>
      <ModuleTime>2020-10-19T22:15:36Z</ModuleTime>
      <ModuleName>System.Reflection.Emit.Lightweight</ModuleName>
      <Classes />
    </Module>
    <Module skippedDueTo="Filter" hash="82-DC-BF-37-4B-57-93-28-10-3E-53-BC-F6-1C-13-38-EF-75-F4-33">
      <ModulePath>c:\program files\dotnet\shared\Microsoft.NETCore.App\5.0.0\System.Reflection.Primitives.dll</ModulePath>
      <ModuleTime>2020-10-19T22:14:42Z</ModuleTime>
      <ModuleName>System.Reflection.Primitives</ModuleName>
      <Classes />
    </Module>
    <Module skippedDueTo="Filter" hash="2F-6B-D8-A5-2F-02-92-F5-50-A8-39-39-1F-DA-82-4F-9E-78-85-4C">
      <ModulePath>c:\program files\dotnet\shared\Microsoft.NETCore.App\5.0.0\System.Threading.Tasks.Parallel.dll</ModulePath>
      <ModuleTime>2020-10-19T22:16:00Z</ModuleTime>
      <ModuleName>System.Threading.Tasks.Parallel</ModuleName>
      <Classes />
    </Module>
    <Module skippedDueTo="Filter" hash="DD-03-8F-93-64-72-9C-D1-4A-EF-6A-35-CF-E2-0A-96-9F-71-0A-E8">
      <ModulePath>c:\program files\dotnet\shared\Microsoft.NETCore.App\5.0.0\System.Globalization.dll</ModulePath>
      <ModuleTime>2020-10-19T22:13:58Z</ModuleTime>
      <ModuleName>System.Globalization</ModuleName>
      <Classes />
    </Module>
    <Module skippedDueTo="Filter" hash="06-0A-22-F6-9E-41-3B-47-E6-B0-C2-A8-E9-BF-2F-9B-20-0C-45-75">
      <ModulePath>c:\program files\dotnet\shared\Microsoft.NETCore.App\5.0.0\System.Diagnostics.Tracing.dll</ModulePath>
      <ModuleTime>2020-10-19T22:14:56Z</ModuleTime>
      <ModuleName>System.Diagnostics.Tracing</ModuleName>
      <Classes />
    </Module>
    <Module skippedDueTo="Filter" hash="E8-D2-56-C0-81-3A-99-A1-61-3B-42-D0-A6-C6-75-E2-68-20-56-68">
      <ModulePath>c:\program files\dotnet\shared\Microsoft.NETCore.App\5.0.0\System.IO.MemoryMappedFiles.dll</ModulePath>
      <ModuleTime>2020-10-19T22:14:30Z</ModuleTime>
      <ModuleName>System.IO.MemoryMappedFiles</ModuleName>
      <Classes />
    </Module>
    <Module skippedDueTo="Filter" hash="AE-17-29-D5-95-9C-B5-59-32-6A-CA-48-80-36-08-44-BD-1F-7A-02">
      <ModulePath>c:\program files\dotnet\shared\Microsoft.NETCore.App\5.0.0\System.Runtime.Loader.dll</ModulePath>
      <ModuleTime>2020-10-19T22:14:40Z</ModuleTime>
      <ModuleName>System.Runtime.Loader</ModuleName>
      <Classes />
    </Module>
    <Module skippedDueTo="MissingPdb" hash="0A-E4-A9-E2-EB-FA-88-80-EA-20-21-5D-06-74-F6-5C-49-33-5B-17">
      <ModulePath>C:\Users\DELL\AppData\Local\Temp\.sonarqube\resources\0\SonarAnalyzer.CSharp.dll</ModulePath>
      <ModuleTime>2019-06-18T18:04:52Z</ModuleTime>
      <ModuleName>SonarAnalyzer.CSharp</ModuleName>
      <Classes />
    </Module>
    <Module skippedDueTo="MissingPdb" hash="9F-6A-EC-2C-C5-E8-83-FC-96-6A-E3-3F-B0-D6-67-0F-E8-9D-F6-D0">
      <ModulePath>C:\Users\DELL\AppData\Local\Temp\.sonarqube\resources\0\SonarAnalyzer.dll</ModulePath>
      <ModuleTime>2019-06-18T18:04:52Z</ModuleTime>
      <ModuleName>SonarAnalyzer</ModuleName>
      <Classes />
    </Module>
    <Module skippedDueTo="Filter" hash="B0-1C-81-66-89-17-EB-6B-85-66-C1-FE-21-0F-B3-00-64-8D-97-BA">
      <ModulePath>c:\program files\dotnet\shared\Microsoft.NETCore.App\5.0.0\mscorlib.dll</ModulePath>
      <ModuleTime>2020-10-19T22:10:14Z</ModuleTime>
      <ModuleName>mscorlib</ModuleName>
      <Classes />
    </Module>
    <Module skippedDueTo="Filter" hash="2F-5F-F4-01-E0-63-FE-AB-57-FB-FD-F6-3B-4B-9D-BD-71-29-A4-1B">
      <ModulePath>c:\program files\dotnet\shared\Microsoft.NETCore.App\5.0.0\System.Core.dll</ModulePath>
      <ModuleTime>2020-10-19T22:13:58Z</ModuleTime>
      <ModuleName>System.Core</ModuleName>
      <Classes />
    </Module>
    <Module skippedDueTo="Filter" hash="8B-FF-A9-9A-53-A2-8C-93-05-FC-BB-7A-1C-05-F3-3E-66-1D-2E-48">
      <ModulePath>c:\program files\dotnet\shared\Microsoft.NETCore.App\5.0.0\System.dll</ModulePath>
      <ModuleTime>2020-10-19T22:15:52Z</ModuleTime>
      <ModuleName>System</ModuleName>
      <Classes />
    </Module>
    <Module skippedDueTo="MissingPdb" hash="A1-A9-BC-CC-6E-18-1D-40-16-49-27-1B-7F-36-BC-05-DE-DB-7F-32">
      <ModulePath>C:\Users\DELL\AppData\Local\Temp\.sonarqube\resources\0\Google.Protobuf.dll</ModulePath>
      <ModuleTime>2019-06-18T18:04:52Z</ModuleTime>
      <ModuleName>Google.Protobuf</ModuleName>
      <Classes />
    </Module>
    <Module skippedDueTo="MissingPdb" hash="45-4D-F7-DD-00-F0-DD-63-7E-ED-3E-C1-94-34-F4-6B-DA-B6-CC-83">
      <ModulePath>c:\program files\dotnet\sdk\5.0.100\Sdks\Microsoft.NET.Sdk.Web\analyzers\cs\Microsoft.AspNetCore.Analyzers.dll</ModulePath>
      <ModuleTime>2020-10-27T01:59:56Z</ModuleTime>
      <ModuleName>Microsoft.AspNetCore.Analyzers</ModuleName>
      <Classes />
    </Module>
    <Module skippedDueTo="MissingPdb" hash="03-90-53-16-08-7B-D3-74-86-C8-A9-C7-43-90-BB-3F-30-67-5E-A3">
      <ModulePath>c:\program files\dotnet\sdk\5.0.100\Sdks\Microsoft.NET.Sdk.Web\analyzers\cs\Microsoft.AspNetCore.Mvc.Analyzers.dll</ModulePath>
      <ModuleTime>2020-10-27T01:59:10Z</ModuleTime>
      <ModuleName>Microsoft.AspNetCore.Mvc.Analyzers</ModuleName>
      <Classes />
    </Module>
    <Module skippedDueTo="MissingPdb" hash="B6-0D-38-ED-5B-CB-35-F6-64-68-A4-3D-C4-34-9D-FA-97-0B-1C-02">
      <ModulePath>c:\program files\dotnet\shared\Microsoft.NETCore.App\5.0.0\netstandard.dll</ModulePath>
      <ModuleTime>2020-10-19T22:14:58Z</ModuleTime>
      <ModuleName>netstandard</ModuleName>
      <Classes />
    </Module>
    <Module skippedDueTo="MissingPdb" hash="91-B2-86-98-31-BA-7D-F2-C8-B3-72-16-6B-7E-A3-BD-DC-5E-0D-26">
      <ModulePath>c:\program files\dotnet\sdk\5.0.100\Sdks\Microsoft.NET.Sdk.Web\analyzers\cs\Microsoft.AspNetCore.Components.Analyzers.dll</ModulePath>
      <ModuleTime>2020-10-27T01:59:28Z</ModuleTime>
      <ModuleName>Microsoft.AspNetCore.Components.Analyzers</ModuleName>
      <Classes />
    </Module>
    <Module skippedDueTo="MissingPdb" hash="9A-9F-82-37-67-D1-B0-BC-96-D6-8E-92-C4-6A-23-AA-CC-38-2D-A1">
      <ModulePath>c:\program files\dotnet\sdk\5.0.100\Sdks\Microsoft.NET.Sdk\analyzers\Microsoft.CodeAnalysis.CSharp.NetAnalyzers.dll</ModulePath>
      <ModuleTime>2020-10-23T21:31:20Z</ModuleTime>
      <ModuleName>Microsoft.CodeAnalysis.CSharp.NetAnalyzers</ModuleName>
      <Classes />
    </Module>
    <Module skippedDueTo="MissingPdb" hash="06-32-50-34-EE-05-6F-8D-E0-9B-C4-1F-3D-97-27-32-D4-12-46-72">
      <ModulePath>c:\program files\dotnet\sdk\5.0.100\Sdks\Microsoft.NET.Sdk\analyzers\Microsoft.CodeAnalysis.NetAnalyzers.dll</ModulePath>
      <ModuleTime>2020-10-23T21:30:26Z</ModuleTime>
      <ModuleName>Microsoft.CodeAnalysis.NetAnalyzers</ModuleName>
      <Classes />
    </Module>
    <Module skippedDueTo="MissingPdb" hash="93-20-44-BF-FD-D1-A6-CB-9F-B0-A1-F1-36-05-53-F2-3C-52-38-6B">
      <ModulePath>C:\Users\DELL\.nuget\packages\microsoft.entityframeworkcore.analyzers\5.0.0\analyzers\dotnet\cs\Microsoft.EntityFrameworkCore.Analyzers.dll</ModulePath>
      <ModuleTime>2020-10-24T09:39:44Z</ModuleTime>
      <ModuleName>Microsoft.EntityFrameworkCore.Analyzers</ModuleName>
      <Classes />
    </Module>
    <Module skippedDueTo="Filter" hash="49-D9-DA-34-6F-30-9B-09-47-BF-E7-64-90-95-EE-F9-22-CE-73-01">
      <ModulePath>c:\program files\dotnet\shared\Microsoft.NETCore.App\5.0.0\System.Xml.dll</ModulePath>
      <ModuleTime>2020-10-19T22:15:02Z</ModuleTime>
      <ModuleName>System.Xml</ModuleName>
      <Classes />
    </Module>
    <Module skippedDueTo="Filter" hash="38-61-F8-AC-D2-54-B0-41-B7-CE-77-80-F5-28-9E-5C-E3-DF-F2-87">
      <ModulePath>c:\program files\dotnet\shared\Microsoft.NETCore.App\5.0.0\System.Xml.Linq.dll</ModulePath>
      <ModuleTime>2020-10-19T22:14:40Z</ModuleTime>
      <ModuleName>System.Xml.Linq</ModuleName>
      <Classes />
    </Module>
    <Module skippedDueTo="Filter" hash="51-23-45-52-ED-2D-B8-28-71-EF-4C-AE-C2-4F-3C-8D-D9-67-DB-11">
      <ModulePath>c:\program files\dotnet\shared\Microsoft.NETCore.App\5.0.0\System.Net.Primitives.dll</ModulePath>
      <ModuleTime>2020-10-19T22:15:04Z</ModuleTime>
      <ModuleName>System.Net.Primitives</ModuleName>
      <Classes />
    </Module>
    <Module skippedDueTo="Filter" hash="8A-1E-69-0B-E8-D3-19-17-71-B9-4F-37-39-43-B0-6E-79-BE-BE-35">
      <ModulePath>c:\program files\dotnet\shared\Microsoft.NETCore.App\5.0.0\System.Runtime.Numerics.dll</ModulePath>
      <ModuleTime>2020-10-19T22:16:22Z</ModuleTime>
      <ModuleName>System.Runtime.Numerics</ModuleName>
      <Classes />
    </Module>
    <Module skippedDueTo="MissingPdb" hash="68-58-FA-2B-56-54-B8-8B-09-BF-7E-93-D7-16-2A-94-45-BC-37-8C">
      <ModulePath>c:\program files\dotnet\sdk\5.0.100\Sdks\Microsoft.NET.Sdk\analyzers\pt-BR\Microsoft.CodeAnalysis.NetAnalyzers.resources.dll</ModulePath>
      <ModuleTime>2020-10-23T21:30:32Z</ModuleTime>
      <ModuleName>Microsoft.CodeAnalysis.NetAnalyzers.resources</ModuleName>
      <Classes />
    </Module>
    <Module skippedDueTo="Filter" hash="70-0E-84-D7-F1-73-94-BF-52-15-A6-C5-6F-7B-C6-A2-15-E3-0A-60">
      <ModulePath>c:\program files\dotnet\shared\Microsoft.NETCore.App\5.0.0\System.Linq.Expressions.dll</ModulePath>
      <ModuleTime>2020-10-19T22:14:32Z</ModuleTime>
      <ModuleName>System.Linq.Expressions</ModuleName>
      <Classes />
    </Module>
    <Module skippedDueTo="MissingPdb" hash="">
      <ModulePath>RefEmit_InMemoryManifestModule</ModulePath>
      <ModuleTime>0001-01-01T00:00:00</ModuleTime>
      <ModuleName>Anonymously Hosted DynamicMethods Assembly</ModuleName>
      <Classes />
    </Module>
    <Module skippedDueTo="Filter" hash="3F-70-05-4C-4B-E7-58-77-DC-FE-A7-90-33-1B-5B-A0-4B-B6-8E-C1">
      <ModulePath>c:\program files\dotnet\shared\Microsoft.NETCore.App\5.0.0\System.ObjectModel.dll</ModulePath>
      <ModuleTime>2020-10-19T22:15:10Z</ModuleTime>
      <ModuleName>System.ObjectModel</ModuleName>
      <Classes />
    </Module>
    <Module skippedDueTo="MissingPdb" hash="5C-F3-81-49-0C-A2-33-CF-84-83-20-F6-98-B7-5B-CD-79-6B-F8-D9">
      <ModulePath>c:\program files\dotnet\shared\Microsoft.NETCore.App\5.0.0\Microsoft.Win32.Primitives.dll</ModulePath>
      <ModuleTime>2020-10-19T22:14:22Z</ModuleTime>
      <ModuleName>Microsoft.Win32.Primitives</ModuleName>
      <Classes />
    </Module>
    <Module skippedDueTo="Filter" hash="72-19-F1-87-DE-F9-D1-5B-69-E8-7B-FA-47-02-25-C5-41-4E-0C-71">
      <ModulePath>c:\program files\dotnet\shared\Microsoft.NETCore.App\5.0.0\System.Diagnostics.Debug.dll</ModulePath>
      <ModuleTime>2020-10-19T22:14:24Z</ModuleTime>
      <ModuleName>System.Diagnostics.Debug</ModuleName>
      <Classes />
    </Module>
    <Module skippedDueTo="MissingPdb" hash="F0-83-56-AC-E3-75-1C-D7-32-D5-7C-85-A3-78-61-75-47-EC-2C-FE">
      <ModulePath>c:\program files\dotnet\sdk\5.0.100\Microsoft.NET.HostModel.dll</ModulePath>
      <ModuleTime>2020-10-27T06:54:30Z</ModuleTime>
      <ModuleName>Microsoft.NET.HostModel</ModuleName>
      <Classes />
    </Module>
    <Module skippedDueTo="Filter" hash="38-61-F8-AC-D2-54-B0-41-B7-CE-77-80-F5-28-9E-5C-E3-DF-F2-87">
      <ModulePath>c:\program files\dotnet\shared\Microsoft.NETCore.App\5.0.0\System.Xml.Linq.dll</ModulePath>
      <ModuleTime>2020-10-19T22:14:40Z</ModuleTime>
      <ModuleName>System.Xml.Linq</ModuleName>
      <Classes />
    </Module>
    <Module skippedDueTo="MissingPdb" hash="">
      <ModulePath>RefEmit_InMemoryManifestModule</ModulePath>
      <ModuleTime>0001-01-01T00:00:00</ModuleTime>
      <ModuleName>Microsoft.GeneratedCode</ModuleName>
      <Classes />
    </Module>
    <Module skippedDueTo="MissingPdb" hash="45-A3-9E-30-92-EB-D5-88-7C-6F-AE-4D-2A-5C-44-E2-9C-55-0B-C5">
      <ModulePath>c:\program files\dotnet\sdk\5.0.100\NuGet.Versioning.dll</ModulePath>
      <ModuleTime>2020-10-27T06:54:12Z</ModuleTime>
      <ModuleName>NuGet.Versioning</ModuleName>
      <Classes />
    </Module>
    <Module skippedDueTo="MissingPdb" hash="B6-00-CE-E4-49-B7-9A-94-61-36-F8-39-6B-39-94-07-D5-80-EF-39">
      <ModulePath>c:\program files\dotnet\sdk\5.0.100\NuGet.Packaging.dll</ModulePath>
      <ModuleTime>2020-10-27T06:54:16Z</ModuleTime>
      <ModuleName>NuGet.Packaging</ModuleName>
      <Classes />
    </Module>
    <Module skippedDueTo="MissingPdb" hash="4B-0C-5E-6A-B8-F7-1C-B6-D1-91-F8-FF-F9-3C-D2-A6-C8-C7-F7-28">
      <ModulePath>c:\program files\dotnet\sdk\5.0.100\NuGet.Common.dll</ModulePath>
      <ModuleTime>2020-10-27T06:53:30Z</ModuleTime>
      <ModuleName>NuGet.Common</ModuleName>
      <Classes />
    </Module>
    <Module skippedDueTo="Filter" hash="51-23-45-52-ED-2D-B8-28-71-EF-4C-AE-C2-4F-3C-8D-D9-67-DB-11">
      <ModulePath>c:\program files\dotnet\shared\Microsoft.NETCore.App\5.0.0\System.Net.Primitives.dll</ModulePath>
      <ModuleTime>2020-10-19T22:15:04Z</ModuleTime>
      <ModuleName>System.Net.Primitives</ModuleName>
      <Classes />
    </Module>
    <Module skippedDueTo="MissingPdb" hash="2D-CC-79-2B-5B-24-CA-1E-6C-3A-72-1E-42-6F-35-0F-6D-C9-94-CD">
      <ModulePath>c:\program files\dotnet\sdk\5.0.100\Sdks\Microsoft.NET.Sdk\tools\net5.0\pt-BR\Microsoft.NET.Build.Tasks.resources.dll</ModulePath>
      <ModuleTime>2020-10-27T06:53:48Z</ModuleTime>
      <ModuleName>Microsoft.NET.Build.Tasks.resources</ModuleName>
      <Classes />
    </Module>
    <Module skippedDueTo="Filter" hash="5E-DA-9F-1D-9B-1A-40-55-8A-69-E8-05-64-91-18-40-8B-0E-90-D9">
      <ModulePath>c:\program files\dotnet\shared\Microsoft.NETCore.App\5.0.0\System.Reflection.Metadata.dll</ModulePath>
      <ModuleTime>2020-10-19T22:14:40Z</ModuleTime>
      <ModuleName>System.Reflection.Metadata</ModuleName>
      <Classes />
    </Module>
    <Module skippedDueTo="Filter" hash="E8-D2-56-C0-81-3A-99-A1-61-3B-42-D0-A6-C6-75-E2-68-20-56-68">
      <ModulePath>c:\program files\dotnet\shared\Microsoft.NETCore.App\5.0.0\System.IO.MemoryMappedFiles.dll</ModulePath>
      <ModuleTime>2020-10-19T22:14:30Z</ModuleTime>
      <ModuleName>System.IO.MemoryMappedFiles</ModuleName>
      <Classes />
    </Module>
    <Module skippedDueTo="Filter" hash="2F-5F-F4-01-E0-63-FE-AB-57-FB-FD-F6-3B-4B-9D-BD-71-29-A4-1B">
      <ModulePath>c:\program files\dotnet\shared\Microsoft.NETCore.App\5.0.0\System.Core.dll</ModulePath>
      <ModuleTime>2020-10-19T22:13:58Z</ModuleTime>
      <ModuleName>System.Core</ModuleName>
      <Classes />
    </Module>
    <Module skippedDueTo="MissingPdb" hash="46-7D-7D-2A-66-EA-36-C0-E0-8D-8C-59-1E-B4-B8-66-27-1F-9B-90">
      <ModulePath>c:\program files\dotnet\sdk\5.0.100\Roslyn\Microsoft.Build.Tasks.CodeAnalysis.dll</ModulePath>
      <ModuleTime>2020-10-27T06:54:58Z</ModuleTime>
      <ModuleName>Microsoft.Build.Tasks.CodeAnalysis</ModuleName>
      <Classes />
    </Module>
    <Module skippedDueTo="MissingPdb" hash="8A-00-CB-1A-AB-44-61-4E-5B-58-AF-0B-D8-D1-66-15-11-F8-ED-CA">
      <ModulePath>C:\Users\DELL\source\repos\Armazenagem3L-API\.sonarqube\bin\SonarScanner.MSBuild.Tasks.dll</ModulePath>
      <ModuleTime>2020-11-11T19:45:56Z</ModuleTime>
      <ModuleName>SonarScanner.MSBuild.Tasks</ModuleName>
      <Classes />
    </Module>
    <Module skippedDueTo="MissingPdb" hash="80-3B-1D-11-EC-AB-D5-8F-91-9E-3B-18-0D-3D-85-8B-91-22-41-9D">
      <ModulePath>C:\Users\DELL\source\repos\Armazenagem3L-API\.sonarqube\bin\SonarScanner.MSBuild.Common.dll</ModulePath>
      <ModuleTime>2020-11-11T19:45:52Z</ModuleTime>
      <ModuleName>SonarScanner.MSBuild.Common</ModuleName>
      <Classes />
    </Module>
    <Module skippedDueTo="Filter" hash="8B-FF-A9-9A-53-A2-8C-93-05-FC-BB-7A-1C-05-F3-3E-66-1D-2E-48">
      <ModulePath>c:\program files\dotnet\shared\Microsoft.NETCore.App\5.0.0\System.dll</ModulePath>
      <ModuleTime>2020-10-19T22:15:52Z</ModuleTime>
      <ModuleName>System</ModuleName>
      <Classes />
    </Module>
    <Module skippedDueTo="Filter" hash="49-D9-DA-34-6F-30-9B-09-47-BF-E7-64-90-95-EE-F9-22-CE-73-01">
      <ModulePath>c:\program files\dotnet\shared\Microsoft.NETCore.App\5.0.0\System.Xml.dll</ModulePath>
      <ModuleTime>2020-10-19T22:15:02Z</ModuleTime>
      <ModuleName>System.Xml</ModuleName>
      <Classes />
    </Module>
    <Module skippedDueTo="Filter" hash="19-75-35-34-88-E7-D5-F8-01-3F-88-96-7C-89-3F-45-DB-72-D4-7D">
      <ModulePath>c:\program files\dotnet\shared\Microsoft.NETCore.App\5.0.0\System.Reflection.Emit.dll</ModulePath>
      <ModuleTime>2020-10-19T22:14:40Z</ModuleTime>
      <ModuleName>System.Reflection.Emit</ModuleName>
      <Classes />
    </Module>
    <Module skippedDueTo="MissingPdb" hash="">
      <ModulePath>RefEmit_InMemoryManifestModule</ModulePath>
      <ModuleTime>0001-01-01T00:00:00</ModuleTime>
      <ModuleName>Microsoft.GeneratedCode</ModuleName>
      <Classes />
    </Module>
    <Module skippedDueTo="MissingPdb" hash="EE-40-F1-47-58-52-EA-08-2E-2F-FA-D0-AB-3B-C4-E1-F4-C1-3D-13">
      <ModulePath>c:\program files\dotnet\sdk\5.0.100\Roslyn\pt-BR\Microsoft.Build.Tasks.CodeAnalysis.resources.dll</ModulePath>
      <ModuleTime>2020-10-20T00:19:26Z</ModuleTime>
      <ModuleName>Microsoft.Build.Tasks.CodeAnalysis.resources</ModuleName>
      <Classes />
    </Module>
    <Module skippedDueTo="Filter" hash="02-28-F9-A5-3F-F3-AB-D7-0C-71-1B-86-B4-89-71-83-07-EE-BA-05">
      <ModulePath>c:\program files\dotnet\shared\Microsoft.NETCore.App\5.0.0\System.Private.CoreLib.dll</ModulePath>
      <ModuleTime>2020-10-19T22:10:06Z</ModuleTime>
      <ModuleName>System.Private.CoreLib</ModuleName>
      <Classes />
    </Module>
    <Module skippedDueTo="MissingPdb" hash="86-3B-69-85-EA-9A-AA-68-13-7D-96-1E-38-02-02-58-D8-14-80-58">
      <ModulePath>c:\program files\dotnet\sdk\5.0.100\Roslyn\bincore\VBCSCompiler.dll</ModulePath>
      <ModuleTime>2020-10-27T06:54:26Z</ModuleTime>
      <ModuleName>VBCSCompiler</ModuleName>
      <Classes />
    </Module>
    <Module skippedDueTo="Filter" hash="A4-8E-A9-B3-A8-87-80-FF-48-98-58-BC-02-CA-42-CE-96-9F-A5-93">
      <ModulePath>c:\program files\dotnet\shared\Microsoft.NETCore.App\5.0.0\System.Runtime.dll</ModulePath>
      <ModuleTime>2020-10-19T22:15:36Z</ModuleTime>
      <ModuleName>System.Runtime</ModuleName>
      <Classes />
    </Module>
    <Module skippedDueTo="Filter" hash="C5-9C-3B-93-AB-B6-88-62-EC-56-91-25-75-6A-12-C3-7E-5E-16-FC">
      <ModulePath>c:\program files\dotnet\shared\Microsoft.NETCore.App\5.0.0\System.Collections.Specialized.dll</ModulePath>
      <ModuleTime>2020-10-19T22:14:22Z</ModuleTime>
      <ModuleName>System.Collections.Specialized</ModuleName>
      <Classes />
    </Module>
    <Module skippedDueTo="Filter" hash="6A-32-E3-4B-6A-D8-6C-F4-7F-76-96-EB-E4-52-F2-C6-8B-7F-E5-2D">
      <ModulePath>c:\program files\dotnet\shared\Microsoft.NETCore.App\5.0.0\System.Threading.Tasks.dll</ModulePath>
      <ModuleTime>2020-10-19T22:14:46Z</ModuleTime>
      <ModuleName>System.Threading.Tasks</ModuleName>
      <Classes />
    </Module>
    <Module skippedDueTo="Filter" hash="A0-AC-AB-3B-DE-38-E0-09-11-B2-E6-35-50-00-3F-98-C4-32-FB-63">
      <ModulePath>c:\program files\dotnet\shared\Microsoft.NETCore.App\5.0.0\System.Console.dll</ModulePath>
      <ModuleTime>2020-10-19T22:15:52Z</ModuleTime>
      <ModuleName>System.Console</ModuleName>
      <Classes />
    </Module>
    <Module skippedDueTo="Filter" hash="48-FF-37-2E-76-C6-1A-35-14-61-9D-3D-21-40-E8-FB-88-74-B4-73">
      <ModulePath>c:\program files\dotnet\shared\Microsoft.NETCore.App\5.0.0\System.Threading.dll</ModulePath>
      <ModuleTime>2020-10-19T22:15:14Z</ModuleTime>
      <ModuleName>System.Threading</ModuleName>
      <Classes />
    </Module>
    <Module skippedDueTo="MissingPdb" hash="44-3F-7A-39-40-B7-D6-11-D2-22-A7-99-2D-8C-83-8D-13-97-41-80">
      <ModulePath>c:\program files\dotnet\sdk\5.0.100\Roslyn\bincore\Microsoft.CodeAnalysis.dll</ModulePath>
      <ModuleTime>2020-10-27T06:54:58Z</ModuleTime>
      <ModuleName>Microsoft.CodeAnalysis</ModuleName>
      <Classes />
    </Module>
    <Module skippedDueTo="Filter" hash="19-E8-9C-3F-51-C3-D8-04-8E-1D-2F-E1-DE-26-9F-89-06-F2-91-A4">
      <ModulePath>c:\program files\dotnet\shared\Microsoft.NETCore.App\5.0.0\System.Runtime.Extensions.dll</ModulePath>
      <ModuleTime>2020-10-19T22:14:42Z</ModuleTime>
      <ModuleName>System.Runtime.Extensions</ModuleName>
      <Classes />
    </Module>
    <Module skippedDueTo="Filter" hash="72-79-CD-97-C3-F7-F4-75-36-29-E2-1C-B8-23-4E-40-82-B1-F8-90">
      <ModulePath>c:\program files\dotnet\shared\Microsoft.NETCore.App\5.0.0\System.Runtime.InteropServices.dll</ModulePath>
      <ModuleTime>2020-10-19T22:15:10Z</ModuleTime>
      <ModuleName>System.Runtime.InteropServices</ModuleName>
      <Classes />
    </Module>
    <Module skippedDueTo="Filter" hash="0E-9C-61-9C-9D-8D-CF-3C-5C-0F-A3-D0-9B-30-7F-A5-6D-6A-0B-FD">
      <ModulePath>c:\program files\dotnet\shared\Microsoft.NETCore.App\5.0.0\System.Collections.Immutable.dll</ModulePath>
      <ModuleTime>2020-10-19T22:14:22Z</ModuleTime>
      <ModuleName>System.Collections.Immutable</ModuleName>
      <Classes />
    </Module>
    <Module skippedDueTo="Filter" hash="CF-27-53-8B-23-74-2B-4F-EC-21-31-83-C3-95-23-64-19-AA-C5-97">
      <ModulePath>c:\program files\dotnet\shared\Microsoft.NETCore.App\5.0.0\System.Collections.dll</ModulePath>
      <ModuleTime>2020-10-19T22:14:22Z</ModuleTime>
      <ModuleName>System.Collections</ModuleName>
      <Classes />
    </Module>
    <Module skippedDueTo="Filter" hash="7A-C8-00-A9-4A-F0-DA-43-C7-8B-3C-34-11-AA-21-D4-5C-CF-91-1D">
      <ModulePath>c:\program files\dotnet\shared\Microsoft.NETCore.App\5.0.0\System.IO.FileSystem.dll</ModulePath>
      <ModuleTime>2020-10-19T22:14:28Z</ModuleTime>
      <ModuleName>System.IO.FileSystem</ModuleName>
      <Classes />
    </Module>
    <Module skippedDueTo="Filter" hash="E0-56-69-A7-82-F3-9F-FB-2E-09-D9-D4-30-FA-C1-82-74-3D-B1-46">
      <ModulePath>c:\program files\dotnet\shared\Microsoft.NETCore.App\5.0.0\System.Memory.dll</ModulePath>
      <ModuleTime>2020-10-19T22:14:32Z</ModuleTime>
      <ModuleName>System.Memory</ModuleName>
      <Classes />
    </Module>
    <Module skippedDueTo="Filter" hash="8F-C9-53-FE-6B-07-51-97-DD-E1-5E-E6-E0-C4-DD-76-11-6F-DB-6A">
      <ModulePath>c:\program files\dotnet\shared\Microsoft.NETCore.App\5.0.0\System.IO.Pipes.dll</ModulePath>
      <ModuleTime>2020-10-19T22:15:24Z</ModuleTime>
      <ModuleName>System.IO.Pipes</ModuleName>
      <Classes />
    </Module>
    <Module skippedDueTo="Filter" hash="F0-CD-D6-C0-87-46-40-59-37-7C-94-E7-38-49-15-28-5E-A2-F7-83">
      <ModulePath>c:\program files\dotnet\shared\Microsoft.NETCore.App\5.0.0\System.Security.AccessControl.dll</ModulePath>
      <ModuleTime>2020-10-19T22:14:44Z</ModuleTime>
      <ModuleName>System.Security.AccessControl</ModuleName>
      <Classes />
    </Module>
    <Module skippedDueTo="Filter" hash="A8-FD-C3-37-0F-70-7D-8E-82-B4-7E-54-4A-06-6C-FF-F6-8C-78-20">
      <ModulePath>c:\program files\dotnet\shared\Microsoft.NETCore.App\5.0.0\System.Security.Principal.Windows.dll</ModulePath>
      <ModuleTime>2020-10-19T22:15:14Z</ModuleTime>
      <ModuleName>System.Security.Principal.Windows</ModuleName>
      <Classes />
    </Module>
    <Module skippedDueTo="Filter" hash="F0-DC-58-89-16-46-9E-3B-B3-8A-A3-6A-ED-3F-2D-DB-98-9F-C1-D8">
      <ModulePath>c:\program files\dotnet\shared\Microsoft.NETCore.App\5.0.0\System.Security.Claims.dll</ModulePath>
      <ModuleTime>2020-10-19T22:14:44Z</ModuleTime>
      <ModuleName>System.Security.Claims</ModuleName>
      <Classes />
    </Module>
    <Module skippedDueTo="MissingPdb" hash="5C-F3-81-49-0C-A2-33-CF-84-83-20-F6-98-B7-5B-CD-79-6B-F8-D9">
      <ModulePath>c:\program files\dotnet\shared\Microsoft.NETCore.App\5.0.0\Microsoft.Win32.Primitives.dll</ModulePath>
      <ModuleTime>2020-10-19T22:14:22Z</ModuleTime>
      <ModuleName>Microsoft.Win32.Primitives</ModuleName>
      <Classes />
    </Module>
    <Module skippedDueTo="Filter" hash="E3-79-60-3F-E2-C2-06-19-1A-CB-44-3A-4E-89-DC-EB-9C-16-45-A9">
      <ModulePath>c:\program files\dotnet\shared\Microsoft.NETCore.App\5.0.0\System.Threading.Overlapped.dll</ModulePath>
      <ModuleTime>2020-10-19T22:15:12Z</ModuleTime>
      <ModuleName>System.Threading.Overlapped</ModuleName>
      <Classes />
    </Module>
    <Module skippedDueTo="Filter" hash="F2-97-5D-23-2A-F3-91-BF-27-CF-FD-6F-18-75-82-5F-4A-C9-91-F3">
      <ModulePath>c:\program files\dotnet\shared\Microsoft.NETCore.App\5.0.0\System.Diagnostics.Process.dll</ModulePath>
      <ModuleTime>2020-10-19T22:15:24Z</ModuleTime>
      <ModuleName>System.Diagnostics.Process</ModuleName>
      <Classes />
    </Module>
    <Module skippedDueTo="Filter" hash="70-B6-A0-D6-C7-59-7F-AD-53-85-7B-DC-B6-BC-46-60-5F-76-32-44">
      <ModulePath>c:\program files\dotnet\shared\Microsoft.NETCore.App\5.0.0\System.ComponentModel.Primitives.dll</ModulePath>
      <ModuleTime>2020-10-19T22:14:24Z</ModuleTime>
      <ModuleName>System.ComponentModel.Primitives</ModuleName>
      <Classes />
    </Module>
    <Module skippedDueTo="Filter" hash="E6-84-21-9D-B7-67-08-08-C8-23-E3-EF-D5-38-6C-FC-94-A2-C9-BF">
      <ModulePath>c:\program files\dotnet\shared\Microsoft.NETCore.App\5.0.0\System.Linq.dll</ModulePath>
      <ModuleTime>2020-10-19T22:14:32Z</ModuleTime>
      <ModuleName>System.Linq</ModuleName>
      <Classes />
    </Module>
    <Module skippedDueTo="Filter" hash="E6-91-D6-DF-B4-48-7B-00-38-A8-60-9F-A2-B6-72-6E-63-BA-2C-FA">
      <ModulePath>c:\program files\dotnet\shared\Microsoft.NETCore.App\5.0.0\System.Resources.ResourceManager.dll</ModulePath>
      <ModuleTime>2020-10-19T22:14:38Z</ModuleTime>
      <ModuleName>System.Resources.ResourceManager</ModuleName>
      <Classes />
    </Module>
    <Module skippedDueTo="Filter" hash="5E-DA-9F-1D-9B-1A-40-55-8A-69-E8-05-64-91-18-40-8B-0E-90-D9">
      <ModulePath>c:\program files\dotnet\shared\Microsoft.NETCore.App\5.0.0\System.Reflection.Metadata.dll</ModulePath>
      <ModuleTime>2020-10-19T22:14:40Z</ModuleTime>
      <ModuleName>System.Reflection.Metadata</ModuleName>
      <Classes />
    </Module>
    <Module skippedDueTo="MissingPdb" hash="59-8D-FE-0F-20-D5-62-A8-F8-25-37-B5-A6-C4-C7-CD-DA-BB-F6-1E">
      <ModulePath>c:\program files\dotnet\sdk\5.0.100\Roslyn\bincore\Microsoft.CodeAnalysis.CSharp.dll</ModulePath>
      <ModuleTime>2020-10-27T06:54:58Z</ModuleTime>
      <ModuleName>Microsoft.CodeAnalysis.CSharp</ModuleName>
      <Classes />
    </Module>
    <Module skippedDueTo="MissingPdb" hash="17-37-2E-95-3D-EA-37-B6-05-06-E6-B8-36-E1-9A-43-A1-FB-39-42">
      <ModulePath>c:\program files\dotnet\sdk\5.0.100\Roslyn\bincore\Microsoft.CodeAnalysis.VisualBasic.dll</ModulePath>
      <ModuleTime>2020-10-27T06:54:58Z</ModuleTime>
      <ModuleName>Microsoft.CodeAnalysis.VisualBasic</ModuleName>
      <Classes />
    </Module>
    <Module skippedDueTo="MissingPdb" hash="B6-0D-38-ED-5B-CB-35-F6-64-68-A4-3D-C4-34-9D-FA-97-0B-1C-02">
      <ModulePath>c:\program files\dotnet\shared\Microsoft.NETCore.App\5.0.0\netstandard.dll</ModulePath>
      <ModuleTime>2020-10-19T22:14:58Z</ModuleTime>
      <ModuleName>netstandard</ModuleName>
      <Classes />
    </Module>
    <Module skippedDueTo="Filter" hash="A3-A3-1D-73-B0-90-BB-F1-73-87-2B-22-AD-06-83-00-1E-C2-A3-E6">
      <ModulePath>c:\program files\dotnet\shared\Microsoft.NETCore.App\5.0.0\System.Security.Cryptography.Primitives.dll</ModulePath>
      <ModuleTime>2020-10-19T22:14:44Z</ModuleTime>
      <ModuleName>System.Security.Cryptography.Primitives</ModuleName>
      <Classes />
    </Module>
    <Module skippedDueTo="Filter" hash="C1-F4-E2-BA-BB-2B-A3-43-6D-4E-D6-AA-3D-E8-C1-88-F2-6A-54-06">
      <ModulePath>c:\program files\dotnet\shared\Microsoft.NETCore.App\5.0.0\System.Xml.ReaderWriter.dll</ModulePath>
      <ModuleTime>2020-10-19T22:14:38Z</ModuleTime>
      <ModuleName>System.Xml.ReaderWriter</ModuleName>
      <Classes />
    </Module>
    <Module skippedDueTo="Filter" hash="99-1B-9F-BB-17-7F-2A-55-29-95-D9-35-BE-3F-62-FA-41-B5-C4-2C">
      <ModulePath>c:\program files\dotnet\shared\Microsoft.NETCore.App\5.0.0\System.Private.Xml.dll</ModulePath>
      <ModuleTime>2020-10-19T22:16:24Z</ModuleTime>
      <ModuleName>System.Private.Xml</ModuleName>
      <Classes />
    </Module>
    <Module skippedDueTo="Filter" hash="17-8A-8C-21-F5-73-E0-8E-A7-ED-33-98-EE-86-23-75-50-77-55-78">
      <ModulePath>c:\program files\dotnet\shared\Microsoft.NETCore.App\5.0.0\System.Xml.XDocument.dll</ModulePath>
      <ModuleTime>2020-10-19T22:14:16Z</ModuleTime>
      <ModuleName>System.Xml.XDocument</ModuleName>
      <Classes />
    </Module>
    <Module skippedDueTo="Filter" hash="38-89-E3-4F-72-A3-0F-CF-54-EC-94-74-EB-6E-E5-94-92-0E-40-AF">
      <ModulePath>c:\program files\dotnet\shared\Microsoft.NETCore.App\5.0.0\System.Private.Xml.Linq.dll</ModulePath>
      <ModuleTime>2020-10-19T22:15:10Z</ModuleTime>
      <ModuleName>System.Private.Xml.Linq</ModuleName>
      <Classes />
    </Module>
    <Module skippedDueTo="Filter" hash="F7-C6-A8-BF-69-A6-DD-46-D4-EC-3B-18-95-68-C4-E1-4E-EE-44-9F">
      <ModulePath>c:\program files\dotnet\shared\Microsoft.NETCore.App\5.0.0\System.Private.Uri.dll</ModulePath>
      <ModuleTime>2020-10-19T22:17:04Z</ModuleTime>
      <ModuleName>System.Private.Uri</ModuleName>
      <Classes />
    </Module>
    <Module skippedDueTo="Filter" hash="79-CE-21-28-C4-70-8F-51-25-40-5A-E2-6B-43-E6-0A-83-10-D6-AD">
      <ModulePath>c:\program files\dotnet\shared\Microsoft.NETCore.App\5.0.0\System.Threading.Thread.dll</ModulePath>
      <ModuleTime>2020-10-19T22:14:46Z</ModuleTime>
      <ModuleName>System.Threading.Thread</ModuleName>
      <Classes />
    </Module>
    <Module skippedDueTo="Filter" hash="C3-2B-92-9F-4D-3A-C7-2A-07-6F-D0-DC-E3-F0-AD-2D-5E-87-06-A6">
      <ModulePath>c:\program files\dotnet\shared\Microsoft.NETCore.App\5.0.0\System.Security.Cryptography.Algorithms.dll</ModulePath>
      <ModuleTime>2020-10-19T22:16:22Z</ModuleTime>
      <ModuleName>System.Security.Cryptography.Algorithms</ModuleName>
      <Classes />
    </Module>
    <Module skippedDueTo="Filter" hash="44-DC-AC-10-11-A8-87-47-18-29-D4-08-91-38-B9-12-6E-70-8E-13">
      <ModulePath>c:\program files\dotnet\shared\Microsoft.NETCore.App\5.0.0\System.Text.Encoding.Extensions.dll</ModulePath>
      <ModuleTime>2020-10-19T22:15:36Z</ModuleTime>
      <ModuleName>System.Text.Encoding.Extensions</ModuleName>
      <Classes />
    </Module>
    <Module skippedDueTo="Filter" hash="59-67-3C-A1-27-65-FA-E5-5B-98-3A-22-4F-1E-46-FE-63-23-64-A3">
      <ModulePath>c:\program files\dotnet\shared\Microsoft.NETCore.App\5.0.0\System.Collections.Concurrent.dll</ModulePath>
      <ModuleTime>2020-10-19T22:14:22Z</ModuleTime>
      <ModuleName>System.Collections.Concurrent</ModuleName>
      <Classes />
    </Module>
    <Module skippedDueTo="Filter" hash="E8-D2-56-C0-81-3A-99-A1-61-3B-42-D0-A6-C6-75-E2-68-20-56-68">
      <ModulePath>c:\program files\dotnet\shared\Microsoft.NETCore.App\5.0.0\System.IO.MemoryMappedFiles.dll</ModulePath>
      <ModuleTime>2020-10-19T22:14:30Z</ModuleTime>
      <ModuleName>System.IO.MemoryMappedFiles</ModuleName>
      <Classes />
    </Module>
    <Module skippedDueTo="Filter" hash="AE-17-29-D5-95-9C-B5-59-32-6A-CA-48-80-36-08-44-BD-1F-7A-02">
      <ModulePath>c:\program files\dotnet\shared\Microsoft.NETCore.App\5.0.0\System.Runtime.Loader.dll</ModulePath>
      <ModuleTime>2020-10-19T22:14:40Z</ModuleTime>
      <ModuleName>System.Runtime.Loader</ModuleName>
      <Classes />
    </Module>
    <Module skippedDueTo="MissingPdb" hash="A1-A9-BC-CC-6E-18-1D-40-16-49-27-1B-7F-36-BC-05-DE-DB-7F-32">
      <ModulePath>C:\Users\DELL\AppData\Local\Temp\VBCSCompiler\AnalyzerAssemblyLoader\b4d4c2f0f0fd489e9a9b73f836404611\1\Google.Protobuf.dll</ModulePath>
      <ModuleTime>2019-06-18T18:04:52Z</ModuleTime>
      <ModuleName>Google.Protobuf</ModuleName>
      <Classes />
    </Module>
    <Module skippedDueTo="MissingPdb" hash="0A-E4-A9-E2-EB-FA-88-80-EA-20-21-5D-06-74-F6-5C-49-33-5B-17">
      <ModulePath>C:\Users\DELL\AppData\Local\Temp\VBCSCompiler\AnalyzerAssemblyLoader\b4d4c2f0f0fd489e9a9b73f836404611\2\SonarAnalyzer.CSharp.dll</ModulePath>
      <ModuleTime>2019-06-18T18:04:52Z</ModuleTime>
      <ModuleName>SonarAnalyzer.CSharp</ModuleName>
      <Classes />
    </Module>
    <Module skippedDueTo="MissingPdb" hash="9F-6A-EC-2C-C5-E8-83-FC-96-6A-E3-3F-B0-D6-67-0F-E8-9D-F6-D0">
      <ModulePath>C:\Users\DELL\AppData\Local\Temp\VBCSCompiler\AnalyzerAssemblyLoader\b4d4c2f0f0fd489e9a9b73f836404611\3\SonarAnalyzer.dll</ModulePath>
      <ModuleTime>2019-06-18T18:04:52Z</ModuleTime>
      <ModuleName>SonarAnalyzer</ModuleName>
      <Classes />
    </Module>
    <Module skippedDueTo="Filter" hash="02-28-F9-A5-3F-F3-AB-D7-0C-71-1B-86-B4-89-71-83-07-EE-BA-05">
      <ModulePath>c:\program files\dotnet\shared\Microsoft.NETCore.App\5.0.0\System.Private.CoreLib.dll</ModulePath>
      <ModuleTime>2020-10-19T22:10:06Z</ModuleTime>
      <ModuleName>System.Private.CoreLib</ModuleName>
      <Classes />
    </Module>
    <Module skippedDueTo="MissingPdb" hash="BE-C2-10-06-ED-97-DF-DA-53-D3-68-D1-F6-E3-9E-7C-36-71-B6-3B">
      <ModulePath>c:\program files\dotnet\sdk\5.0.100\Roslyn\bincore\csc.dll</ModulePath>
      <ModuleTime>2020-10-27T06:54:24Z</ModuleTime>
      <ModuleName>csc</ModuleName>
      <Classes />
    </Module>
    <Module skippedDueTo="Filter" hash="A4-8E-A9-B3-A8-87-80-FF-48-98-58-BC-02-CA-42-CE-96-9F-A5-93">
      <ModulePath>c:\program files\dotnet\shared\Microsoft.NETCore.App\5.0.0\System.Runtime.dll</ModulePath>
      <ModuleTime>2020-10-19T22:15:36Z</ModuleTime>
      <ModuleName>System.Runtime</ModuleName>
      <Classes />
    </Module>
    <Module skippedDueTo="Filter" hash="A0-AC-AB-3B-DE-38-E0-09-11-B2-E6-35-50-00-3F-98-C4-32-FB-63">
      <ModulePath>c:\program files\dotnet\shared\Microsoft.NETCore.App\5.0.0\System.Console.dll</ModulePath>
      <ModuleTime>2020-10-19T22:15:52Z</ModuleTime>
      <ModuleName>System.Console</ModuleName>
      <Classes />
    </Module>
    <Module skippedDueTo="MissingPdb" hash="59-8D-FE-0F-20-D5-62-A8-F8-25-37-B5-A6-C4-C7-CD-DA-BB-F6-1E">
      <ModulePath>c:\program files\dotnet\sdk\5.0.100\Roslyn\bincore\Microsoft.CodeAnalysis.CSharp.dll</ModulePath>
      <ModuleTime>2020-10-27T06:54:58Z</ModuleTime>
      <ModuleName>Microsoft.CodeAnalysis.CSharp</ModuleName>
      <Classes />
    </Module>
    <Module skippedDueTo="MissingPdb" hash="44-3F-7A-39-40-B7-D6-11-D2-22-A7-99-2D-8C-83-8D-13-97-41-80">
      <ModulePath>c:\program files\dotnet\sdk\5.0.100\Roslyn\bincore\Microsoft.CodeAnalysis.dll</ModulePath>
      <ModuleTime>2020-10-27T06:54:58Z</ModuleTime>
      <ModuleName>Microsoft.CodeAnalysis</ModuleName>
      <Classes />
    </Module>
    <Module skippedDueTo="Filter" hash="19-E8-9C-3F-51-C3-D8-04-8E-1D-2F-E1-DE-26-9F-89-06-F2-91-A4">
      <ModulePath>c:\program files\dotnet\shared\Microsoft.NETCore.App\5.0.0\System.Runtime.Extensions.dll</ModulePath>
      <ModuleTime>2020-10-19T22:14:42Z</ModuleTime>
      <ModuleName>System.Runtime.Extensions</ModuleName>
      <Classes />
    </Module>
    <Module skippedDueTo="Filter" hash="0E-9C-61-9C-9D-8D-CF-3C-5C-0F-A3-D0-9B-30-7F-A5-6D-6A-0B-FD">
      <ModulePath>c:\program files\dotnet\shared\Microsoft.NETCore.App\5.0.0\System.Collections.Immutable.dll</ModulePath>
      <ModuleTime>2020-10-19T22:14:22Z</ModuleTime>
      <ModuleName>System.Collections.Immutable</ModuleName>
      <Classes />
    </Module>
    <Module skippedDueTo="Filter" hash="CF-27-53-8B-23-74-2B-4F-EC-21-31-83-C3-95-23-64-19-AA-C5-97">
      <ModulePath>c:\program files\dotnet\shared\Microsoft.NETCore.App\5.0.0\System.Collections.dll</ModulePath>
      <ModuleTime>2020-10-19T22:14:22Z</ModuleTime>
      <ModuleName>System.Collections</ModuleName>
      <Classes />
    </Module>
    <Module skippedDueTo="Filter" hash="7A-C8-00-A9-4A-F0-DA-43-C7-8B-3C-34-11-AA-21-D4-5C-CF-91-1D">
      <ModulePath>c:\program files\dotnet\shared\Microsoft.NETCore.App\5.0.0\System.IO.FileSystem.dll</ModulePath>
      <ModuleTime>2020-10-19T22:14:28Z</ModuleTime>
      <ModuleName>System.IO.FileSystem</ModuleName>
      <Classes />
    </Module>
    <Module skippedDueTo="Filter" hash="B2-AB-E3-89-06-42-27-62-AF-0E-D1-C3-A5-E2-53-A2-82-16-0F-AB">
      <ModulePath>c:\program files\dotnet\shared\Microsoft.NETCore.App\5.0.0\System.Text.Encoding.CodePages.dll</ModulePath>
      <ModuleTime>2020-10-19T22:15:12Z</ModuleTime>
      <ModuleName>System.Text.Encoding.CodePages</ModuleName>
      <Classes />
    </Module>
    <Module skippedDueTo="Filter" hash="72-79-CD-97-C3-F7-F4-75-36-29-E2-1C-B8-23-4E-40-82-B1-F8-90">
      <ModulePath>c:\program files\dotnet\shared\Microsoft.NETCore.App\5.0.0\System.Runtime.InteropServices.dll</ModulePath>
      <ModuleTime>2020-10-19T22:15:10Z</ModuleTime>
      <ModuleName>System.Runtime.InteropServices</ModuleName>
      <Classes />
    </Module>
    <Module skippedDueTo="Filter" hash="48-FF-37-2E-76-C6-1A-35-14-61-9D-3D-21-40-E8-FB-88-74-B4-73">
      <ModulePath>c:\program files\dotnet\shared\Microsoft.NETCore.App\5.0.0\System.Threading.dll</ModulePath>
      <ModuleTime>2020-10-19T22:15:14Z</ModuleTime>
      <ModuleName>System.Threading</ModuleName>
      <Classes />
    </Module>
    <Module skippedDueTo="Filter" hash="E6-84-21-9D-B7-67-08-08-C8-23-E3-EF-D5-38-6C-FC-94-A2-C9-BF">
      <ModulePath>c:\program files\dotnet\shared\Microsoft.NETCore.App\5.0.0\System.Linq.dll</ModulePath>
      <ModuleTime>2020-10-19T22:14:32Z</ModuleTime>
      <ModuleName>System.Linq</ModuleName>
      <Classes />
    </Module>
    <Module skippedDueTo="Filter" hash="44-DC-AC-10-11-A8-87-47-18-29-D4-08-91-38-B9-12-6E-70-8E-13">
      <ModulePath>c:\program files\dotnet\shared\Microsoft.NETCore.App\5.0.0\System.Text.Encoding.Extensions.dll</ModulePath>
      <ModuleTime>2020-10-19T22:15:36Z</ModuleTime>
      <ModuleName>System.Text.Encoding.Extensions</ModuleName>
      <Classes />
    </Module>
    <Module skippedDueTo="Filter" hash="BF-EF-37-A7-B4-D7-5C-5C-1D-E1-92-D8-0D-8F-34-EF-BD-3B-53-0A">
      <ModulePath>c:\program files\dotnet\shared\Microsoft.NETCore.App\5.0.0\System.Runtime.CompilerServices.Unsafe.dll</ModulePath>
      <ModuleTime>2020-10-19T22:15:08Z</ModuleTime>
      <ModuleName>System.Runtime.CompilerServices.Unsafe</ModuleName>
      <Classes />
    </Module>
    <Module skippedDueTo="Filter" hash="5E-DA-9F-1D-9B-1A-40-55-8A-69-E8-05-64-91-18-40-8B-0E-90-D9">
      <ModulePath>c:\program files\dotnet\shared\Microsoft.NETCore.App\5.0.0\System.Reflection.Metadata.dll</ModulePath>
      <ModuleTime>2020-10-19T22:14:40Z</ModuleTime>
      <ModuleName>System.Reflection.Metadata</ModuleName>
      <Classes />
    </Module>
    <Module skippedDueTo="Filter" hash="A3-A3-1D-73-B0-90-BB-F1-73-87-2B-22-AD-06-83-00-1E-C2-A3-E6">
      <ModulePath>c:\program files\dotnet\shared\Microsoft.NETCore.App\5.0.0\System.Security.Cryptography.Primitives.dll</ModulePath>
      <ModuleTime>2020-10-19T22:14:44Z</ModuleTime>
      <ModuleName>System.Security.Cryptography.Primitives</ModuleName>
      <Classes />
    </Module>
    <Module skippedDueTo="Filter" hash="C1-F4-E2-BA-BB-2B-A3-43-6D-4E-D6-AA-3D-E8-C1-88-F2-6A-54-06">
      <ModulePath>c:\program files\dotnet\shared\Microsoft.NETCore.App\5.0.0\System.Xml.ReaderWriter.dll</ModulePath>
      <ModuleTime>2020-10-19T22:14:38Z</ModuleTime>
      <ModuleName>System.Xml.ReaderWriter</ModuleName>
      <Classes />
    </Module>
    <Module skippedDueTo="Filter" hash="99-1B-9F-BB-17-7F-2A-55-29-95-D9-35-BE-3F-62-FA-41-B5-C4-2C">
      <ModulePath>c:\program files\dotnet\shared\Microsoft.NETCore.App\5.0.0\System.Private.Xml.dll</ModulePath>
      <ModuleTime>2020-10-19T22:16:24Z</ModuleTime>
      <ModuleName>System.Private.Xml</ModuleName>
      <Classes />
    </Module>
    <Module skippedDueTo="Filter" hash="17-8A-8C-21-F5-73-E0-8E-A7-ED-33-98-EE-86-23-75-50-77-55-78">
      <ModulePath>c:\program files\dotnet\shared\Microsoft.NETCore.App\5.0.0\System.Xml.XDocument.dll</ModulePath>
      <ModuleTime>2020-10-19T22:14:16Z</ModuleTime>
      <ModuleName>System.Xml.XDocument</ModuleName>
      <Classes />
    </Module>
    <Module skippedDueTo="Filter" hash="38-89-E3-4F-72-A3-0F-CF-54-EC-94-74-EB-6E-E5-94-92-0E-40-AF">
      <ModulePath>c:\program files\dotnet\shared\Microsoft.NETCore.App\5.0.0\System.Private.Xml.Linq.dll</ModulePath>
      <ModuleTime>2020-10-19T22:15:10Z</ModuleTime>
      <ModuleName>System.Private.Xml.Linq</ModuleName>
      <Classes />
    </Module>
    <Module skippedDueTo="Filter" hash="F7-C6-A8-BF-69-A6-DD-46-D4-EC-3B-18-95-68-C4-E1-4E-EE-44-9F">
      <ModulePath>c:\program files\dotnet\shared\Microsoft.NETCore.App\5.0.0\System.Private.Uri.dll</ModulePath>
      <ModuleTime>2020-10-19T22:17:04Z</ModuleTime>
      <ModuleName>System.Private.Uri</ModuleName>
      <Classes />
    </Module>
    <Module skippedDueTo="Filter" hash="79-CE-21-28-C4-70-8F-51-25-40-5A-E2-6B-43-E6-0A-83-10-D6-AD">
      <ModulePath>c:\program files\dotnet\shared\Microsoft.NETCore.App\5.0.0\System.Threading.Thread.dll</ModulePath>
      <ModuleTime>2020-10-19T22:14:46Z</ModuleTime>
      <ModuleName>System.Threading.Thread</ModuleName>
      <Classes />
    </Module>
    <Module skippedDueTo="Filter" hash="E0-56-69-A7-82-F3-9F-FB-2E-09-D9-D4-30-FA-C1-82-74-3D-B1-46">
      <ModulePath>c:\program files\dotnet\shared\Microsoft.NETCore.App\5.0.0\System.Memory.dll</ModulePath>
      <ModuleTime>2020-10-19T22:14:32Z</ModuleTime>
      <ModuleName>System.Memory</ModuleName>
      <Classes />
    </Module>
    <Module skippedDueTo="Filter" hash="C3-2B-92-9F-4D-3A-C7-2A-07-6F-D0-DC-E3-F0-AD-2D-5E-87-06-A6">
      <ModulePath>c:\program files\dotnet\shared\Microsoft.NETCore.App\5.0.0\System.Security.Cryptography.Algorithms.dll</ModulePath>
      <ModuleTime>2020-10-19T22:16:22Z</ModuleTime>
      <ModuleName>System.Security.Cryptography.Algorithms</ModuleName>
      <Classes />
    </Module>
    <Module skippedDueTo="Filter" hash="59-67-3C-A1-27-65-FA-E5-5B-98-3A-22-4F-1E-46-FE-63-23-64-A3">
      <ModulePath>c:\program files\dotnet\shared\Microsoft.NETCore.App\5.0.0\System.Collections.Concurrent.dll</ModulePath>
      <ModuleTime>2020-10-19T22:14:22Z</ModuleTime>
      <ModuleName>System.Collections.Concurrent</ModuleName>
      <Classes />
    </Module>
    <Module skippedDueTo="Filter" hash="6A-32-E3-4B-6A-D8-6C-F4-7F-76-96-EB-E4-52-F2-C6-8B-7F-E5-2D">
      <ModulePath>c:\program files\dotnet\shared\Microsoft.NETCore.App\5.0.0\System.Threading.Tasks.dll</ModulePath>
      <ModuleTime>2020-10-19T22:14:46Z</ModuleTime>
      <ModuleName>System.Threading.Tasks</ModuleName>
      <Classes />
    </Module>
    <Module skippedDueTo="Filter" hash="E6-91-D6-DF-B4-48-7B-00-38-A8-60-9F-A2-B6-72-6E-63-BA-2C-FA">
      <ModulePath>c:\program files\dotnet\shared\Microsoft.NETCore.App\5.0.0\System.Resources.ResourceManager.dll</ModulePath>
      <ModuleTime>2020-10-19T22:14:38Z</ModuleTime>
      <ModuleName>System.Resources.ResourceManager</ModuleName>
      <Classes />
    </Module>
    <Module skippedDueTo="MissingPdb" hash="CF-2D-B6-56-5D-14-15-9C-57-A5-B0-55-F3-D3-1A-F4-3E-27-96-5D">
      <ModulePath>c:\program files\dotnet\sdk\5.0.100\Roslyn\bincore\pt-BR\Microsoft.CodeAnalysis.CSharp.resources.dll</ModulePath>
      <ModuleTime>2020-10-20T00:20:02Z</ModuleTime>
      <ModuleName>Microsoft.CodeAnalysis.CSharp.resources</ModuleName>
      <Classes />
    </Module>
    <Module skippedDueTo="Filter" hash="33-FF-8C-53-D8-AD-9F-61-FE-38-98-2C-20-04-7A-FA-B3-D5-6A-AC">
      <ModulePath>c:\program files\dotnet\shared\Microsoft.NETCore.App\5.0.0\System.Text.RegularExpressions.dll</ModulePath>
      <ModuleTime>2020-10-19T22:15:12Z</ModuleTime>
      <ModuleName>System.Text.RegularExpressions</ModuleName>
      <Classes />
    </Module>
    <Module skippedDueTo="Filter" hash="30-99-38-E2-F4-CD-CE-AE-B8-89-59-70-5A-F6-06-BA-95-C2-5B-FA">
      <ModulePath>c:\program files\dotnet\shared\Microsoft.NETCore.App\5.0.0\System.Reflection.Emit.ILGeneration.dll</ModulePath>
      <ModuleTime>2020-10-19T22:15:10Z</ModuleTime>
      <ModuleName>System.Reflection.Emit.ILGeneration</ModuleName>
      <Classes />
    </Module>
    <Module skippedDueTo="Filter" hash="ED-97-C1-EA-4B-0E-45-F5-E4-DC-BB-B9-E1-59-1E-5C-78-C0-75-7A">
      <ModulePath>c:\program files\dotnet\shared\Microsoft.NETCore.App\5.0.0\System.Reflection.Emit.Lightweight.dll</ModulePath>
      <ModuleTime>2020-10-19T22:15:36Z</ModuleTime>
      <ModuleName>System.Reflection.Emit.Lightweight</ModuleName>
      <Classes />
    </Module>
    <Module skippedDueTo="Filter" hash="82-DC-BF-37-4B-57-93-28-10-3E-53-BC-F6-1C-13-38-EF-75-F4-33">
      <ModulePath>c:\program files\dotnet\shared\Microsoft.NETCore.App\5.0.0\System.Reflection.Primitives.dll</ModulePath>
      <ModuleTime>2020-10-19T22:14:42Z</ModuleTime>
      <ModuleName>System.Reflection.Primitives</ModuleName>
      <Classes />
    </Module>
    <Module skippedDueTo="Filter" hash="2F-6B-D8-A5-2F-02-92-F5-50-A8-39-39-1F-DA-82-4F-9E-78-85-4C">
      <ModulePath>c:\program files\dotnet\shared\Microsoft.NETCore.App\5.0.0\System.Threading.Tasks.Parallel.dll</ModulePath>
      <ModuleTime>2020-10-19T22:16:00Z</ModuleTime>
      <ModuleName>System.Threading.Tasks.Parallel</ModuleName>
      <Classes />
    </Module>
    <Module skippedDueTo="Filter" hash="DD-03-8F-93-64-72-9C-D1-4A-EF-6A-35-CF-E2-0A-96-9F-71-0A-E8">
      <ModulePath>c:\program files\dotnet\shared\Microsoft.NETCore.App\5.0.0\System.Globalization.dll</ModulePath>
      <ModuleTime>2020-10-19T22:13:58Z</ModuleTime>
      <ModuleName>System.Globalization</ModuleName>
      <Classes />
    </Module>
    <Module skippedDueTo="Filter" hash="06-0A-22-F6-9E-41-3B-47-E6-B0-C2-A8-E9-BF-2F-9B-20-0C-45-75">
      <ModulePath>c:\program files\dotnet\shared\Microsoft.NETCore.App\5.0.0\System.Diagnostics.Tracing.dll</ModulePath>
      <ModuleTime>2020-10-19T22:14:56Z</ModuleTime>
      <ModuleName>System.Diagnostics.Tracing</ModuleName>
      <Classes />
    </Module>
    <Module skippedDueTo="Filter" hash="E8-D2-56-C0-81-3A-99-A1-61-3B-42-D0-A6-C6-75-E2-68-20-56-68">
      <ModulePath>c:\program files\dotnet\shared\Microsoft.NETCore.App\5.0.0\System.IO.MemoryMappedFiles.dll</ModulePath>
      <ModuleTime>2020-10-19T22:14:30Z</ModuleTime>
      <ModuleName>System.IO.MemoryMappedFiles</ModuleName>
      <Classes />
    </Module>
    <Module skippedDueTo="Filter" hash="AE-17-29-D5-95-9C-B5-59-32-6A-CA-48-80-36-08-44-BD-1F-7A-02">
      <ModulePath>c:\program files\dotnet\shared\Microsoft.NETCore.App\5.0.0\System.Runtime.Loader.dll</ModulePath>
      <ModuleTime>2020-10-19T22:14:40Z</ModuleTime>
      <ModuleName>System.Runtime.Loader</ModuleName>
      <Classes />
    </Module>
    <Module skippedDueTo="MissingPdb" hash="0A-E4-A9-E2-EB-FA-88-80-EA-20-21-5D-06-74-F6-5C-49-33-5B-17">
      <ModulePath>C:\Users\DELL\AppData\Local\Temp\.sonarqube\resources\0\SonarAnalyzer.CSharp.dll</ModulePath>
      <ModuleTime>2019-06-18T18:04:52Z</ModuleTime>
      <ModuleName>SonarAnalyzer.CSharp</ModuleName>
      <Classes />
    </Module>
    <Module skippedDueTo="MissingPdb" hash="9F-6A-EC-2C-C5-E8-83-FC-96-6A-E3-3F-B0-D6-67-0F-E8-9D-F6-D0">
      <ModulePath>C:\Users\DELL\AppData\Local\Temp\.sonarqube\resources\0\SonarAnalyzer.dll</ModulePath>
      <ModuleTime>2019-06-18T18:04:52Z</ModuleTime>
      <ModuleName>SonarAnalyzer</ModuleName>
      <Classes />
    </Module>
    <Module skippedDueTo="Filter" hash="B0-1C-81-66-89-17-EB-6B-85-66-C1-FE-21-0F-B3-00-64-8D-97-BA">
      <ModulePath>c:\program files\dotnet\shared\Microsoft.NETCore.App\5.0.0\mscorlib.dll</ModulePath>
      <ModuleTime>2020-10-19T22:10:14Z</ModuleTime>
      <ModuleName>mscorlib</ModuleName>
      <Classes />
    </Module>
    <Module skippedDueTo="Filter" hash="2F-5F-F4-01-E0-63-FE-AB-57-FB-FD-F6-3B-4B-9D-BD-71-29-A4-1B">
      <ModulePath>c:\program files\dotnet\shared\Microsoft.NETCore.App\5.0.0\System.Core.dll</ModulePath>
      <ModuleTime>2020-10-19T22:13:58Z</ModuleTime>
      <ModuleName>System.Core</ModuleName>
      <Classes />
    </Module>
    <Module skippedDueTo="Filter" hash="8B-FF-A9-9A-53-A2-8C-93-05-FC-BB-7A-1C-05-F3-3E-66-1D-2E-48">
      <ModulePath>c:\program files\dotnet\shared\Microsoft.NETCore.App\5.0.0\System.dll</ModulePath>
      <ModuleTime>2020-10-19T22:15:52Z</ModuleTime>
      <ModuleName>System</ModuleName>
      <Classes />
    </Module>
    <Module skippedDueTo="MissingPdb" hash="A1-A9-BC-CC-6E-18-1D-40-16-49-27-1B-7F-36-BC-05-DE-DB-7F-32">
      <ModulePath>C:\Users\DELL\AppData\Local\Temp\.sonarqube\resources\0\Google.Protobuf.dll</ModulePath>
      <ModuleTime>2019-06-18T18:04:52Z</ModuleTime>
      <ModuleName>Google.Protobuf</ModuleName>
      <Classes />
    </Module>
    <Module skippedDueTo="Filter" hash="38-61-F8-AC-D2-54-B0-41-B7-CE-77-80-F5-28-9E-5C-E3-DF-F2-87">
      <ModulePath>c:\program files\dotnet\shared\Microsoft.NETCore.App\5.0.0\System.Xml.Linq.dll</ModulePath>
      <ModuleTime>2020-10-19T22:14:40Z</ModuleTime>
      <ModuleName>System.Xml.Linq</ModuleName>
      <Classes />
    </Module>
    <Module skippedDueTo="Filter" hash="51-23-45-52-ED-2D-B8-28-71-EF-4C-AE-C2-4F-3C-8D-D9-67-DB-11">
      <ModulePath>c:\program files\dotnet\shared\Microsoft.NETCore.App\5.0.0\System.Net.Primitives.dll</ModulePath>
      <ModuleTime>2020-10-19T22:15:04Z</ModuleTime>
      <ModuleName>System.Net.Primitives</ModuleName>
      <Classes />
    </Module>
    <Module skippedDueTo="Filter" hash="70-0E-84-D7-F1-73-94-BF-52-15-A6-C5-6F-7B-C6-A2-15-E3-0A-60">
      <ModulePath>c:\program files\dotnet\shared\Microsoft.NETCore.App\5.0.0\System.Linq.Expressions.dll</ModulePath>
      <ModuleTime>2020-10-19T22:14:32Z</ModuleTime>
      <ModuleName>System.Linq.Expressions</ModuleName>
      <Classes />
    </Module>
    <Module skippedDueTo="MissingPdb" hash="">
      <ModulePath>RefEmit_InMemoryManifestModule</ModulePath>
      <ModuleTime>0001-01-01T00:00:00</ModuleTime>
      <ModuleName>Anonymously Hosted DynamicMethods Assembly</ModuleName>
      <Classes />
    </Module>
    <Module skippedDueTo="Filter" hash="3F-70-05-4C-4B-E7-58-77-DC-FE-A7-90-33-1B-5B-A0-4B-B6-8E-C1">
      <ModulePath>c:\program files\dotnet\shared\Microsoft.NETCore.App\5.0.0\System.ObjectModel.dll</ModulePath>
      <ModuleTime>2020-10-19T22:15:10Z</ModuleTime>
      <ModuleName>System.ObjectModel</ModuleName>
      <Classes />
    </Module>
    <Module skippedDueTo="Filter" hash="8A-1E-69-0B-E8-D3-19-17-71-B9-4F-37-39-43-B0-6E-79-BE-BE-35">
      <ModulePath>c:\program files\dotnet\shared\Microsoft.NETCore.App\5.0.0\System.Runtime.Numerics.dll</ModulePath>
      <ModuleTime>2020-10-19T22:16:22Z</ModuleTime>
      <ModuleName>System.Runtime.Numerics</ModuleName>
      <Classes />
    </Module>
    <Module skippedDueTo="Filter" hash="38-61-F8-AC-D2-54-B0-41-B7-CE-77-80-F5-28-9E-5C-E3-DF-F2-87">
      <ModulePath>c:\program files\dotnet\shared\Microsoft.NETCore.App\5.0.0\System.Xml.Linq.dll</ModulePath>
      <ModuleTime>2020-10-19T22:14:40Z</ModuleTime>
      <ModuleName>System.Xml.Linq</ModuleName>
      <Classes />
    </Module>
    <Module skippedDueTo="MissingPdb" hash="">
      <ModulePath>RefEmit_InMemoryManifestModule</ModulePath>
      <ModuleTime>0001-01-01T00:00:00</ModuleTime>
      <ModuleName>Microsoft.GeneratedCode</ModuleName>
      <Classes />
    </Module>
    <Module skippedDueTo="Filter" hash="02-28-F9-A5-3F-F3-AB-D7-0C-71-1B-86-B4-89-71-83-07-EE-BA-05">
      <ModulePath>c:\program files\dotnet\shared\Microsoft.NETCore.App\5.0.0\System.Private.CoreLib.dll</ModulePath>
      <ModuleTime>2020-10-19T22:10:06Z</ModuleTime>
      <ModuleName>System.Private.CoreLib</ModuleName>
      <Classes />
    </Module>
    <Module skippedDueTo="MissingPdb" hash="CD-4C-6C-EC-7D-47-9A-88-92-0F-9D-B3-A8-80-B1-19-96-0C-5C-C7">
      <ModulePath>c:\program files\dotnet\sdk\5.0.100\vstest.console.dll</ModulePath>
      <ModuleTime>2020-10-27T06:54:14Z</ModuleTime>
      <ModuleName>vstest.console</ModuleName>
      <Classes />
    </Module>
    <Module skippedDueTo="Filter" hash="A4-8E-A9-B3-A8-87-80-FF-48-98-58-BC-02-CA-42-CE-96-9F-A5-93">
      <ModulePath>c:\program files\dotnet\shared\Microsoft.NETCore.App\5.0.0\System.Runtime.dll</ModulePath>
      <ModuleTime>2020-10-19T22:15:36Z</ModuleTime>
      <ModuleName>System.Runtime</ModuleName>
      <Classes />
    </Module>
    <Module skippedDueTo="Filter" hash="F2-97-5D-23-2A-F3-91-BF-27-CF-FD-6F-18-75-82-5F-4A-C9-91-F3">
      <ModulePath>c:\program files\dotnet\shared\Microsoft.NETCore.App\5.0.0\System.Diagnostics.Process.dll</ModulePath>
      <ModuleTime>2020-10-19T22:15:24Z</ModuleTime>
      <ModuleName>System.Diagnostics.Process</ModuleName>
      <Classes />
    </Module>
    <Module skippedDueTo="Filter" hash="70-B6-A0-D6-C7-59-7F-AD-53-85-7B-DC-B6-BC-46-60-5F-76-32-44">
      <ModulePath>c:\program files\dotnet\shared\Microsoft.NETCore.App\5.0.0\System.ComponentModel.Primitives.dll</ModulePath>
      <ModuleTime>2020-10-19T22:14:24Z</ModuleTime>
      <ModuleName>System.ComponentModel.Primitives</ModuleName>
      <Classes />
    </Module>
    <Module skippedDueTo="Filter" hash="19-E8-9C-3F-51-C3-D8-04-8E-1D-2F-E1-DE-26-9F-89-06-F2-91-A4">
      <ModulePath>c:\program files\dotnet\shared\Microsoft.NETCore.App\5.0.0\System.Runtime.Extensions.dll</ModulePath>
      <ModuleTime>2020-10-19T22:14:42Z</ModuleTime>
      <ModuleName>System.Runtime.Extensions</ModuleName>
      <Classes />
    </Module>
    <Module skippedDueTo="MissingPdb" hash="7C-0C-85-01-A7-98-38-2B-EE-83-1F-30-B8-85-E4-02-BD-91-66-70">
      <ModulePath>c:\program files\dotnet\sdk\5.0.100\Microsoft.TestPlatform.CoreUtilities.dll</ModulePath>
      <ModuleTime>2020-10-27T06:54:32Z</ModuleTime>
      <ModuleName>Microsoft.TestPlatform.CoreUtilities</ModuleName>
      <Classes />
    </Module>
    <Module skippedDueTo="MissingPdb" hash="B6-0D-38-ED-5B-CB-35-F6-64-68-A4-3D-C4-34-9D-FA-97-0B-1C-02">
      <ModulePath>c:\program files\dotnet\shared\Microsoft.NETCore.App\5.0.0\netstandard.dll</ModulePath>
      <ModuleTime>2020-10-19T22:14:58Z</ModuleTime>
      <ModuleName>netstandard</ModuleName>
      <Classes />
    </Module>
    <Module skippedDueTo="Filter" hash="72-19-F1-87-DE-F9-D1-5B-69-E8-7B-FA-47-02-25-C5-41-4E-0C-71">
      <ModulePath>c:\program files\dotnet\shared\Microsoft.NETCore.App\5.0.0\System.Diagnostics.Debug.dll</ModulePath>
      <ModuleTime>2020-10-19T22:14:24Z</ModuleTime>
      <ModuleName>System.Diagnostics.Debug</ModuleName>
      <Classes />
    </Module>
    <Module skippedDueTo="Filter" hash="79-CE-21-28-C4-70-8F-51-25-40-5A-E2-6B-43-E6-0A-83-10-D6-AD">
      <ModulePath>c:\program files\dotnet\shared\Microsoft.NETCore.App\5.0.0\System.Threading.Thread.dll</ModulePath>
      <ModuleTime>2020-10-19T22:14:46Z</ModuleTime>
      <ModuleName>System.Threading.Thread</ModuleName>
      <Classes />
    </Module>
    <Module skippedDueTo="Filter" hash="48-FF-37-2E-76-C6-1A-35-14-61-9D-3D-21-40-E8-FB-88-74-B4-73">
      <ModulePath>c:\program files\dotnet\shared\Microsoft.NETCore.App\5.0.0\System.Threading.dll</ModulePath>
      <ModuleTime>2020-10-19T22:15:14Z</ModuleTime>
      <ModuleName>System.Threading</ModuleName>
      <Classes />
    </Module>
    <Module skippedDueTo="Filter" hash="A0-AC-AB-3B-DE-38-E0-09-11-B2-E6-35-50-00-3F-98-C4-32-FB-63">
      <ModulePath>c:\program files\dotnet\shared\Microsoft.NETCore.App\5.0.0\System.Console.dll</ModulePath>
      <ModuleTime>2020-10-19T22:15:52Z</ModuleTime>
      <ModuleName>System.Console</ModuleName>
      <Classes />
    </Module>
    <Module skippedDueTo="Filter" hash="44-DC-AC-10-11-A8-87-47-18-29-D4-08-91-38-B9-12-6E-70-8E-13">
      <ModulePath>c:\program files\dotnet\shared\Microsoft.NETCore.App\5.0.0\System.Text.Encoding.Extensions.dll</ModulePath>
      <ModuleTime>2020-10-19T22:15:36Z</ModuleTime>
      <ModuleName>System.Text.Encoding.Extensions</ModuleName>
      <Classes />
    </Module>
    <Module skippedDueTo="Filter" hash="06-0A-22-F6-9E-41-3B-47-E6-B0-C2-A8-E9-BF-2F-9B-20-0C-45-75">
      <ModulePath>c:\program files\dotnet\shared\Microsoft.NETCore.App\5.0.0\System.Diagnostics.Tracing.dll</ModulePath>
      <ModuleTime>2020-10-19T22:14:56Z</ModuleTime>
      <ModuleName>System.Diagnostics.Tracing</ModuleName>
      <Classes />
    </Module>
    <Module skippedDueTo="Filter" hash="CF-27-53-8B-23-74-2B-4F-EC-21-31-83-C3-95-23-64-19-AA-C5-97">
      <ModulePath>c:\program files\dotnet\shared\Microsoft.NETCore.App\5.0.0\System.Collections.dll</ModulePath>
      <ModuleTime>2020-10-19T22:14:22Z</ModuleTime>
      <ModuleName>System.Collections</ModuleName>
      <Classes />
    </Module>
    <Module skippedDueTo="MissingPdb" hash="F9-47-39-52-F0-DE-DD-BE-77-3E-E5-87-27-33-D3-CE-5E-4C-4F-5A">
      <ModulePath>c:\program files\dotnet\sdk\5.0.100\Microsoft.VisualStudio.TestPlatform.ObjectModel.dll</ModulePath>
      <ModuleTime>2020-10-27T06:54:34Z</ModuleTime>
      <ModuleName>Microsoft.VisualStudio.TestPlatform.ObjectModel</ModuleName>
      <Classes />
    </Module>
    <Module skippedDueTo="MissingPdb" hash="FB-F5-1C-16-07-06-2D-5F-13-46-8C-E5-58-7C-D3-4E-6B-36-DD-69">
      <ModulePath>c:\program files\dotnet\sdk\5.0.100\Microsoft.VisualStudio.TestPlatform.Client.dll</ModulePath>
      <ModuleTime>2020-10-27T06:54:34Z</ModuleTime>
      <ModuleName>Microsoft.VisualStudio.TestPlatform.Client</ModuleName>
      <Classes />
    </Module>
    <Module skippedDueTo="MissingPdb" hash="A8-7F-C4-40-BE-CF-25-CE-EE-15-81-89-E9-C8-2A-94-E5-39-99-BC">
      <ModulePath>c:\program files\dotnet\sdk\5.0.100\Microsoft.VisualStudio.TestPlatform.Common.dll</ModulePath>
      <ModuleTime>2020-10-27T06:54:32Z</ModuleTime>
      <ModuleName>Microsoft.VisualStudio.TestPlatform.Common</ModuleName>
      <Classes />
    </Module>
    <Module skippedDueTo="Filter" hash="E6-84-21-9D-B7-67-08-08-C8-23-E3-EF-D5-38-6C-FC-94-A2-C9-BF">
      <ModulePath>c:\program files\dotnet\shared\Microsoft.NETCore.App\5.0.0\System.Linq.dll</ModulePath>
      <ModuleTime>2020-10-19T22:14:32Z</ModuleTime>
      <ModuleName>System.Linq</ModuleName>
      <Classes />
    </Module>
    <Module skippedDueTo="Filter" hash="72-79-CD-97-C3-F7-F4-75-36-29-E2-1C-B8-23-4E-40-82-B1-F8-90">
      <ModulePath>c:\program files\dotnet\shared\Microsoft.NETCore.App\5.0.0\System.Runtime.InteropServices.dll</ModulePath>
      <ModuleTime>2020-10-19T22:15:10Z</ModuleTime>
      <ModuleName>System.Runtime.InteropServices</ModuleName>
      <Classes />
    </Module>
    <Module skippedDueTo="Filter" hash="E6-91-D6-DF-B4-48-7B-00-38-A8-60-9F-A2-B6-72-6E-63-BA-2C-FA">
      <ModulePath>c:\program files\dotnet\shared\Microsoft.NETCore.App\5.0.0\System.Resources.ResourceManager.dll</ModulePath>
      <ModuleTime>2020-10-19T22:14:38Z</ModuleTime>
      <ModuleName>System.Resources.ResourceManager</ModuleName>
      <Classes />
    </Module>
    <Module skippedDueTo="MissingPdb" hash="B0-93-BB-06-CC-38-D1-01-8E-95-60-02-84-E1-30-3F-4C-6B-88-02">
      <ModulePath>c:\program files\dotnet\sdk\5.0.100\pt-BR\vstest.console.resources.dll</ModulePath>
      <ModuleTime>2020-10-22T18:39:50Z</ModuleTime>
      <ModuleName>vstest.console.resources</ModuleName>
      <Classes />
    </Module>
    <Module skippedDueTo="Filter" hash="7A-C8-00-A9-4A-F0-DA-43-C7-8B-3C-34-11-AA-21-D4-5C-CF-91-1D">
      <ModulePath>c:\program files\dotnet\shared\Microsoft.NETCore.App\5.0.0\System.IO.FileSystem.dll</ModulePath>
      <ModuleTime>2020-10-19T22:14:28Z</ModuleTime>
      <ModuleName>System.IO.FileSystem</ModuleName>
      <Classes />
    </Module>
    <Module skippedDueTo="Filter" hash="C1-F4-E2-BA-BB-2B-A3-43-6D-4E-D6-AA-3D-E8-C1-88-F2-6A-54-06">
      <ModulePath>c:\program files\dotnet\shared\Microsoft.NETCore.App\5.0.0\System.Xml.ReaderWriter.dll</ModulePath>
      <ModuleTime>2020-10-19T22:14:38Z</ModuleTime>
      <ModuleName>System.Xml.ReaderWriter</ModuleName>
      <Classes />
    </Module>
    <Module skippedDueTo="Filter" hash="99-1B-9F-BB-17-7F-2A-55-29-95-D9-35-BE-3F-62-FA-41-B5-C4-2C">
      <ModulePath>c:\program files\dotnet\shared\Microsoft.NETCore.App\5.0.0\System.Private.Xml.dll</ModulePath>
      <ModuleTime>2020-10-19T22:16:24Z</ModuleTime>
      <ModuleName>System.Private.Xml</ModuleName>
      <Classes />
    </Module>
    <Module skippedDueTo="MissingPdb" hash="87-2E-F4-C0-C2-5A-1A-63-C5-00-AC-E0-BD-74-BA-81-B0-AE-72-B6">
      <ModulePath>c:\program files\dotnet\sdk\5.0.100\Microsoft.TestPlatform.PlatformAbstractions.dll</ModulePath>
      <ModuleTime>2020-10-27T06:54:32Z</ModuleTime>
      <ModuleName>Microsoft.TestPlatform.PlatformAbstractions</ModuleName>
      <Classes />
    </Module>
    <Module skippedDueTo="MissingPdb" hash="5A-1E-E2-B1-19-A3-A2-74-DE-81-32-F9-F3-71-99-70-96-79-17-82">
      <ModulePath>c:\program files\dotnet\sdk\5.0.100\Microsoft.TestPlatform.Utilities.dll</ModulePath>
      <ModuleTime>2020-10-27T06:54:32Z</ModuleTime>
      <ModuleName>Microsoft.TestPlatform.Utilities</ModuleName>
      <Classes />
    </Module>
    <Module skippedDueTo="Filter" hash="DD-08-61-4E-E3-E4-14-45-3A-29-F7-E2-BC-EF-3F-54-8C-EF-15-37">
      <ModulePath>c:\program files\dotnet\shared\Microsoft.NETCore.App\5.0.0\System.Runtime.InteropServices.RuntimeInformation.dll</ModulePath>
      <ModuleTime>2020-10-19T22:14:42Z</ModuleTime>
      <ModuleName>System.Runtime.InteropServices.RuntimeInformation</ModuleName>
      <Classes />
    </Module>
    <Module skippedDueTo="MissingPdb" hash="9C-DE-4A-6F-DA-8F-EB-91-B5-6F-CF-3B-72-64-B3-33-75-62-3A-C0">
      <ModulePath>c:\program files\dotnet\sdk\5.0.100\NuGet.Frameworks.dll</ModulePath>
      <ModuleTime>2020-10-27T06:54:12Z</ModuleTime>
      <ModuleName>NuGet.Frameworks</ModuleName>
      <Classes />
    </Module>
    <Module skippedDueTo="Filter" hash="E0-56-69-A7-82-F3-9F-FB-2E-09-D9-D4-30-FA-C1-82-74-3D-B1-46">
      <ModulePath>c:\program files\dotnet\shared\Microsoft.NETCore.App\5.0.0\System.Memory.dll</ModulePath>
      <ModuleTime>2020-10-19T22:14:32Z</ModuleTime>
      <ModuleName>System.Memory</ModuleName>
      <Classes />
    </Module>
    <Module skippedDueTo="Filter" hash="C3-2B-92-9F-4D-3A-C7-2A-07-6F-D0-DC-E3-F0-AD-2D-5E-87-06-A6">
      <ModulePath>c:\program files\dotnet\shared\Microsoft.NETCore.App\5.0.0\System.Security.Cryptography.Algorithms.dll</ModulePath>
      <ModuleTime>2020-10-19T22:16:22Z</ModuleTime>
      <ModuleName>System.Security.Cryptography.Algorithms</ModuleName>
      <Classes />
    </Module>
    <Module skippedDueTo="Filter" hash="F7-C6-A8-BF-69-A6-DD-46-D4-EC-3B-18-95-68-C4-E1-4E-EE-44-9F">
      <ModulePath>c:\program files\dotnet\shared\Microsoft.NETCore.App\5.0.0\System.Private.Uri.dll</ModulePath>
      <ModuleTime>2020-10-19T22:17:04Z</ModuleTime>
      <ModuleName>System.Private.Uri</ModuleName>
      <Classes />
    </Module>
    <Module skippedDueTo="Filter" hash="5C-EB-AB-AF-DA-D4-1E-AB-16-8E-1B-51-EB-F3-AC-16-FD-03-A2-71">
      <ModulePath>c:\program files\dotnet\shared\Microsoft.NETCore.App\5.0.0\System.Diagnostics.TraceSource.dll</ModulePath>
      <ModuleTime>2020-10-19T22:15:26Z</ModuleTime>
      <ModuleName>System.Diagnostics.TraceSource</ModuleName>
      <Classes />
    </Module>
    <Module skippedDueTo="Filter" hash="BF-AA-61-8A-B0-02-BA-05-7B-72-14-27-97-9F-10-82-F5-2A-FC-3E">
      <ModulePath>c:\program files\dotnet\shared\Microsoft.NETCore.App\5.0.0\System.Threading.ThreadPool.dll</ModulePath>
      <ModuleTime>2020-10-19T22:15:12Z</ModuleTime>
      <ModuleName>System.Threading.ThreadPool</ModuleName>
      <Classes />
    </Module>
    <Module skippedDueTo="Filter" hash="55-45-30-E3-65-51-66-BC-74-30-06-0E-AD-50-05-6D-00-B1-C0-D5">
      <ModulePath>c:\program files\dotnet\shared\Microsoft.NETCore.App\5.0.0\System.Collections.NonGeneric.dll</ModulePath>
      <ModuleTime>2020-10-19T22:14:56Z</ModuleTime>
      <ModuleName>System.Collections.NonGeneric</ModuleName>
      <Classes />
    </Module>
    <Module skippedDueTo="MissingPdb" hash="99-28-F3-7F-45-32-49-4E-AA-C9-E8-C0-FA-DD-9D-05-6E-01-1E-77">
      <ModulePath>c:\program files\dotnet\sdk\5.0.100\Microsoft.Extensions.FileSystemGlobbing.dll</ModulePath>
      <ModuleTime>2020-10-27T06:54:30Z</ModuleTime>
      <ModuleName>Microsoft.Extensions.FileSystemGlobbing</ModuleName>
      <Classes />
    </Module>
    <Module skippedDueTo="MissingPdb" hash="A7-70-9C-F6-4C-D9-00-41-BC-3A-DA-7E-52-83-2E-5D-F1-45-A7-80">
      <ModulePath>c:\program files\dotnet\sdk\5.0.100\Microsoft.TestPlatform.CrossPlatEngine.dll</ModulePath>
      <ModuleTime>2020-10-27T06:54:34Z</ModuleTime>
      <ModuleName>Microsoft.TestPlatform.CrossPlatEngine</ModuleName>
      <Classes />
    </Module>
    <Module skippedDueTo="Filter" hash="AE-17-29-D5-95-9C-B5-59-32-6A-CA-48-80-36-08-44-BD-1F-7A-02">
      <ModulePath>c:\program files\dotnet\shared\Microsoft.NETCore.App\5.0.0\System.Runtime.Loader.dll</ModulePath>
      <ModuleTime>2020-10-19T22:14:40Z</ModuleTime>
      <ModuleName>System.Runtime.Loader</ModuleName>
      <Classes />
    </Module>
    <Module skippedDueTo="MissingPdb" hash="C5-7B-A8-CB-C2-F4-BB-35-30-92-D4-5D-5A-43-B7-77-9C-8C-1B-9C">
      <ModulePath>c:\program files\dotnet\sdk\5.0.100\Extensions\Microsoft.Diagnostics.NETCore.Client.dll</ModulePath>
      <ModuleTime>2020-10-27T06:54:38Z</ModuleTime>
      <ModuleName>Microsoft.Diagnostics.NETCore.Client</ModuleName>
      <Classes />
    </Module>
    <Module skippedDueTo="Filter" hash="91-D1-00-40-6E-3A-9F-00-C0-1E-9E-47-40-53-58-9F-B2-8D-F6-4E">
      <ModulePath>c:\program files\dotnet\shared\Microsoft.NETCore.App\5.0.0\System.Net.Sockets.dll</ModulePath>
      <ModuleTime>2020-10-19T22:15:10Z</ModuleTime>
      <ModuleName>System.Net.Sockets</ModuleName>
      <Classes />
    </Module>
    <Module skippedDueTo="Filter" hash="51-23-45-52-ED-2D-B8-28-71-EF-4C-AE-C2-4F-3C-8D-D9-67-DB-11">
      <ModulePath>c:\program files\dotnet\shared\Microsoft.NETCore.App\5.0.0\System.Net.Primitives.dll</ModulePath>
      <ModuleTime>2020-10-19T22:15:04Z</ModuleTime>
      <ModuleName>System.Net.Primitives</ModuleName>
      <Classes />
    </Module>
    <Module skippedDueTo="Filter" hash="A6-F3-61-43-8D-A2-D3-FB-40-F3-D6-48-1C-3F-E5-A8-76-C9-E2-81">
      <ModulePath>c:\program files\dotnet\shared\Microsoft.NETCore.App\5.0.0\System.Threading.Tasks.Extensions.dll</ModulePath>
      <ModuleTime>2020-10-19T22:15:38Z</ModuleTime>
      <ModuleName>System.Threading.Tasks.Extensions</ModuleName>
      <Classes />
    </Module>
    <Module skippedDueTo="Filter" hash="CF-9B-36-64-42-AE-98-92-3C-8F-26-44-37-D2-8B-BD-70-76-EB-B3">
      <ModulePath>c:\program files\dotnet\shared\Microsoft.NETCore.App\5.0.0\System.Diagnostics.StackTrace.dll</ModulePath>
      <ModuleTime>2020-10-19T22:14:56Z</ModuleTime>
      <ModuleName>System.Diagnostics.StackTrace</ModuleName>
      <Classes />
    </Module>
    <Module skippedDueTo="Filter" hash="5E-DA-9F-1D-9B-1A-40-55-8A-69-E8-05-64-91-18-40-8B-0E-90-D9">
      <ModulePath>c:\program files\dotnet\shared\Microsoft.NETCore.App\5.0.0\System.Reflection.Metadata.dll</ModulePath>
      <ModuleTime>2020-10-19T22:14:40Z</ModuleTime>
      <ModuleName>System.Reflection.Metadata</ModuleName>
      <Classes />
    </Module>
    <Module skippedDueTo="Filter" hash="0E-9C-61-9C-9D-8D-CF-3C-5C-0F-A3-D0-9B-30-7F-A5-6D-6A-0B-FD">
      <ModulePath>c:\program files\dotnet\shared\Microsoft.NETCore.App\5.0.0\System.Collections.Immutable.dll</ModulePath>
      <ModuleTime>2020-10-19T22:14:22Z</ModuleTime>
      <ModuleName>System.Collections.Immutable</ModuleName>
      <Classes />
    </Module>
    <Module skippedDueTo="MissingPdb" hash="88-FE-65-07-A0-65-E4-19-86-9B-2B-4A-D9-88-1E-EF-53-8F-75-0C">
      <ModulePath>c:\program files\dotnet\sdk\5.0.100\Extensions\Microsoft.TestPlatform.Extensions.BlameDataCollector.dll</ModulePath>
      <ModuleTime>2020-10-27T06:54:36Z</ModuleTime>
      <ModuleName>Microsoft.TestPlatform.Extensions.BlameDataCollector</ModuleName>
      <Classes />
    </Module>
    <Module skippedDueTo="MissingPdb" hash="C7-09-0D-F6-04-35-83-8E-A2-C7-62-EF-20-26-70-37-68-56-95-EF">
      <ModulePath>c:\program files\dotnet\sdk\5.0.100\Extensions\Microsoft.TestPlatform.Extensions.EventLogCollector.dll</ModulePath>
      <ModuleTime>2020-10-22T18:39:50Z</ModuleTime>
      <ModuleName>Microsoft.TestPlatform.Extensions.EventLogCollector</ModuleName>
      <Classes />
    </Module>
    <Module skippedDueTo="Filter" hash="B0-1C-81-66-89-17-EB-6B-85-66-C1-FE-21-0F-B3-00-64-8D-97-BA">
      <ModulePath>c:\program files\dotnet\shared\Microsoft.NETCore.App\5.0.0\mscorlib.dll</ModulePath>
      <ModuleTime>2020-10-19T22:10:14Z</ModuleTime>
      <ModuleName>mscorlib</ModuleName>
      <Classes />
    </Module>
    <Module skippedDueTo="Filter" hash="49-D9-DA-34-6F-30-9B-09-47-BF-E7-64-90-95-EE-F9-22-CE-73-01">
      <ModulePath>c:\program files\dotnet\shared\Microsoft.NETCore.App\5.0.0\System.Xml.dll</ModulePath>
      <ModuleTime>2020-10-19T22:15:02Z</ModuleTime>
      <ModuleName>System.Xml</ModuleName>
      <Classes />
    </Module>
    <Module skippedDueTo="MissingPdb" hash="CA-72-E6-03-1A-33-3E-F1-24-74-19-EA-99-F8-85-EF-EC-F6-B6-7A">
      <ModulePath>c:\program files\dotnet\sdk\5.0.100\Extensions\Microsoft.TestPlatform.TestHostRuntimeProvider.dll</ModulePath>
      <ModuleTime>2020-10-27T06:54:36Z</ModuleTime>
      <ModuleName>Microsoft.TestPlatform.TestHostRuntimeProvider</ModuleName>
      <Classes />
    </Module>
    <Module skippedDueTo="MissingPdb" hash="96-E1-5E-CF-89-DF-5F-A6-AD-6B-A5-C1-9C-CD-16-4C-30-7A-86-9B">
      <ModulePath>c:\program files\dotnet\sdk\5.0.100\Extensions\Microsoft.VisualStudio.TestPlatform.Extensions.Html.TestLogger.dll</ModulePath>
      <ModuleTime>2020-10-27T06:54:36Z</ModuleTime>
      <ModuleName>Microsoft.VisualStudio.TestPlatform.Extensions.Html.TestLogger</ModuleName>
      <Classes />
    </Module>
    <Module skippedDueTo="MissingPdb" hash="47-06-21-F1-32-02-F0-C0-59-99-4C-8D-A9-EC-8B-68-1D-4D-E8-82">
      <ModulePath>c:\program files\dotnet\sdk\5.0.100\Extensions\Microsoft.VisualStudio.TestPlatform.Extensions.Trx.TestLogger.dll</ModulePath>
      <ModuleTime>2020-10-27T06:54:36Z</ModuleTime>
      <ModuleName>Microsoft.VisualStudio.TestPlatform.Extensions.Trx.TestLogger</ModuleName>
      <Classes />
    </Module>
    <Module skippedDueTo="Filter" hash="6A-32-E3-4B-6A-D8-6C-F4-7F-76-96-EB-E4-52-F2-C6-8B-7F-E5-2D">
      <ModulePath>c:\program files\dotnet\shared\Microsoft.NETCore.App\5.0.0\System.Threading.Tasks.dll</ModulePath>
      <ModuleTime>2020-10-19T22:14:46Z</ModuleTime>
      <ModuleName>System.Threading.Tasks</ModuleName>
      <Classes />
    </Module>
    <Module skippedDueTo="Filter" hash="59-67-3C-A1-27-65-FA-E5-5B-98-3A-22-4F-1E-46-FE-63-23-64-A3">
      <ModulePath>c:\program files\dotnet\shared\Microsoft.NETCore.App\5.0.0\System.Collections.Concurrent.dll</ModulePath>
      <ModuleTime>2020-10-19T22:14:22Z</ModuleTime>
      <ModuleName>System.Collections.Concurrent</ModuleName>
      <Classes />
    </Module>
    <Module skippedDueTo="MissingPdb" hash="5C-F3-81-49-0C-A2-33-CF-84-83-20-F6-98-B7-5B-CD-79-6B-F8-D9">
      <ModulePath>c:\program files\dotnet\shared\Microsoft.NETCore.App\5.0.0\Microsoft.Win32.Primitives.dll</ModulePath>
      <ModuleTime>2020-10-19T22:14:22Z</ModuleTime>
      <ModuleName>Microsoft.Win32.Primitives</ModuleName>
      <Classes />
    </Module>
    <Module skippedDueTo="MissingPdb" hash="CD-21-0C-C8-61-5C-BE-A9-6C-60-05-C9-82-45-D1-8C-98-BD-4E-BD">
      <ModulePath>c:\program files\dotnet\sdk\5.0.100\Microsoft.TestPlatform.CommunicationUtilities.dll</ModulePath>
      <ModuleTime>2020-10-27T06:54:32Z</ModuleTime>
      <ModuleName>Microsoft.TestPlatform.CommunicationUtilities</ModuleName>
      <Classes />
    </Module>
    <Module skippedDueTo="MissingPdb" hash="53-C0-41-0B-EE-BD-C8-EB-50-67-F5-64-3A-0B-63-8F-86-BD-D9-E3">
      <ModulePath>c:\program files\dotnet\sdk\5.0.100\Newtonsoft.Json.dll</ModulePath>
      <ModuleTime>2020-10-27T06:54:34Z</ModuleTime>
      <ModuleName>Newtonsoft.Json</ModuleName>
      <Classes />
    </Module>
    <Module skippedDueTo="Filter" hash="9E-9A-F7-73-EC-34-46-28-02-03-92-5B-1F-F3-3F-72-FB-44-58-B8">
      <ModulePath>c:\program files\dotnet\shared\Microsoft.NETCore.App\5.0.0\System.Runtime.Serialization.Formatters.dll</ModulePath>
      <ModuleTime>2020-10-19T22:15:12Z</ModuleTime>
      <ModuleName>System.Runtime.Serialization.Formatters</ModuleName>
      <Classes />
    </Module>
    <Module skippedDueTo="Filter" hash="CD-D4-A3-E5-6B-FF-20-30-03-95-A0-3E-F6-51-AE-C9-5A-EE-38-50">
      <ModulePath>c:\program files\dotnet\shared\Microsoft.NETCore.App\5.0.0\System.Net.NameResolution.dll</ModulePath>
      <ModuleTime>2020-10-19T22:15:00Z</ModuleTime>
      <ModuleName>System.Net.NameResolution</ModuleName>
      <Classes />
    </Module>
    <Module skippedDueTo="Filter" hash="E3-79-60-3F-E2-C2-06-19-1A-CB-44-3A-4E-89-DC-EB-9C-16-45-A9">
      <ModulePath>c:\program files\dotnet\shared\Microsoft.NETCore.App\5.0.0\System.Threading.Overlapped.dll</ModulePath>
      <ModuleTime>2020-10-19T22:15:12Z</ModuleTime>
      <ModuleName>System.Threading.Overlapped</ModuleName>
      <Classes />
    </Module>
    <Module skippedDueTo="Filter" hash="02-28-F9-A5-3F-F3-AB-D7-0C-71-1B-86-B4-89-71-83-07-EE-BA-05">
      <ModulePath>c:\program files\dotnet\shared\Microsoft.NETCore.App\5.0.0\System.Private.CoreLib.dll</ModulePath>
      <ModuleTime>2020-10-19T22:10:06Z</ModuleTime>
      <ModuleName>System.Private.CoreLib</ModuleName>
      <Classes />
    </Module>
    <Module skippedDueTo="MissingPdb" hash="D3-BC-93-B1-65-8C-B6-A6-06-DE-D1-F6-2E-4F-A1-4F-E0-0A-8A-B0">
      <ModulePath>C:\Users\DELL\source\repos\Armazenagem3L-API\Armazenagem-3LC__Tests\bin\Debug\net5.0\testhost.dll</ModulePath>
      <ModuleTime>2020-08-19T19:36:10Z</ModuleTime>
      <ModuleName>testhost</ModuleName>
      <Classes />
    </Module>
    <Module skippedDueTo="Filter" hash="A4-8E-A9-B3-A8-87-80-FF-48-98-58-BC-02-CA-42-CE-96-9F-A5-93">
      <ModulePath>c:\program files\dotnet\shared\Microsoft.NETCore.App\5.0.0\System.Runtime.dll</ModulePath>
      <ModuleTime>2020-10-19T22:15:36Z</ModuleTime>
      <ModuleName>System.Runtime</ModuleName>
      <Classes />
    </Module>
    <Module skippedDueTo="MissingPdb" hash="8B-D3-CA-0C-E8-E3-72-5B-BC-AE-D8-4B-57-0A-BD-5A-18-09-4E-B0">
      <ModulePath>C:\Users\DELL\source\repos\Armazenagem3L-API\Armazenagem-3LC__Tests\bin\Debug\net5.0\Microsoft.TestPlatform.CoreUtilities.dll</ModulePath>
      <ModuleTime>2020-08-19T19:36:08Z</ModuleTime>
      <ModuleName>Microsoft.TestPlatform.CoreUtilities</ModuleName>
      <Classes />
    </Module>
    <Module skippedDueTo="MissingPdb" hash="B6-0D-38-ED-5B-CB-35-F6-64-68-A4-3D-C4-34-9D-FA-97-0B-1C-02">
      <ModulePath>c:\program files\dotnet\shared\Microsoft.NETCore.App\5.0.0\netstandard.dll</ModulePath>
      <ModuleTime>2020-10-19T22:14:58Z</ModuleTime>
      <ModuleName>netstandard</ModuleName>
      <Classes />
    </Module>
    <Module skippedDueTo="Filter" hash="06-0A-22-F6-9E-41-3B-47-E6-B0-C2-A8-E9-BF-2F-9B-20-0C-45-75">
      <ModulePath>c:\program files\dotnet\shared\Microsoft.NETCore.App\5.0.0\System.Diagnostics.Tracing.dll</ModulePath>
      <ModuleTime>2020-10-19T22:14:56Z</ModuleTime>
      <ModuleName>System.Diagnostics.Tracing</ModuleName>
      <Classes />
    </Module>
    <Module skippedDueTo="MissingPdb" hash="E7-20-16-DF-83-1F-E3-8B-B3-00-18-95-5E-70-98-E9-AF-9E-E6-93">
      <ModulePath>C:\Users\DELL\source\repos\Armazenagem3L-API\Armazenagem-3LC__Tests\bin\Debug\net5.0\Microsoft.TestPlatform.PlatformAbstractions.dll</ModulePath>
      <ModuleTime>2020-08-19T19:36:08Z</ModuleTime>
      <ModuleName>Microsoft.TestPlatform.PlatformAbstractions</ModuleName>
      <Classes />
    </Module>
    <Module skippedDueTo="Filter" hash="19-E8-9C-3F-51-C3-D8-04-8E-1D-2F-E1-DE-26-9F-89-06-F2-91-A4">
      <ModulePath>c:\program files\dotnet\shared\Microsoft.NETCore.App\5.0.0\System.Runtime.Extensions.dll</ModulePath>
      <ModuleTime>2020-10-19T22:14:42Z</ModuleTime>
      <ModuleName>System.Runtime.Extensions</ModuleName>
      <Classes />
    </Module>
    <Module skippedDueTo="Filter" hash="72-19-F1-87-DE-F9-D1-5B-69-E8-7B-FA-47-02-25-C5-41-4E-0C-71">
      <ModulePath>c:\program files\dotnet\shared\Microsoft.NETCore.App\5.0.0\System.Diagnostics.Debug.dll</ModulePath>
      <ModuleTime>2020-10-19T22:14:24Z</ModuleTime>
      <ModuleName>System.Diagnostics.Debug</ModuleName>
      <Classes />
    </Module>
    <Module skippedDueTo="Filter" hash="CF-27-53-8B-23-74-2B-4F-EC-21-31-83-C3-95-23-64-19-AA-C5-97">
      <ModulePath>c:\program files\dotnet\shared\Microsoft.NETCore.App\5.0.0\System.Collections.dll</ModulePath>
      <ModuleTime>2020-10-19T22:14:22Z</ModuleTime>
      <ModuleName>System.Collections</ModuleName>
      <Classes />
    </Module>
    <Module skippedDueTo="MissingPdb" hash="DE-64-C7-6B-E8-53-17-D5-07-22-7A-2C-B6-51-7C-46-9E-02-BC-4A">
      <ModulePath>C:\Users\DELL\source\repos\Armazenagem3L-API\Armazenagem-3LC__Tests\bin\Debug\net5.0\Microsoft.TestPlatform.CrossPlatEngine.dll</ModulePath>
      <ModuleTime>2020-08-19T19:36:10Z</ModuleTime>
      <ModuleName>Microsoft.TestPlatform.CrossPlatEngine</ModuleName>
      <Classes />
    </Module>
    <Module skippedDueTo="MissingPdb" hash="E2-9A-D8-5D-A9-D4-2D-52-57-59-F4-15-7E-73-91-BC-FD-8B-76-38">
      <ModulePath>C:\Users\DELL\source\repos\Armazenagem3L-API\Armazenagem-3LC__Tests\bin\Debug\net5.0\Microsoft.TestPlatform.CommunicationUtilities.dll</ModulePath>
      <ModuleTime>2020-08-19T19:36:10Z</ModuleTime>
      <ModuleName>Microsoft.TestPlatform.CommunicationUtilities</ModuleName>
      <Classes />
    </Module>
    <Module skippedDueTo="MissingPdb" hash="F0-06-21-B0-5E-2C-B3-2A-B6-FF-AD-4E-EB-6C-0F-CF-11-A4-93-70">
      <ModulePath>C:\Users\DELL\source\repos\Armazenagem3L-API\Armazenagem-3LC__Tests\bin\Debug\net5.0\Microsoft.VisualStudio.TestPlatform.ObjectModel.dll</ModulePath>
      <ModuleTime>2020-08-19T19:36:08Z</ModuleTime>
      <ModuleName>Microsoft.VisualStudio.TestPlatform.ObjectModel</ModuleName>
      <Classes />
    </Module>
    <Module skippedDueTo="MissingPdb" hash="A9-35-8B-D0-24-BC-9F-89-49-1E-A8-32-AB-83-D2-EC-B0-C9-3B-6C">
      <ModulePath>C:\Users\DELL\source\repos\Armazenagem3L-API\Armazenagem-3LC__Tests\bin\Debug\net5.0\Microsoft.VisualStudio.TestPlatform.Common.dll</ModulePath>
      <ModuleTime>2020-08-19T19:36:10Z</ModuleTime>
      <ModuleName>Microsoft.VisualStudio.TestPlatform.Common</ModuleName>
      <Classes />
    </Module>
    <Module skippedDueTo="MissingPdb" hash="C1-CE-AF-E3-FA-14-E0-99-C9-78-20-58-CF-59-86-86-36-19-02-FD">
      <ModulePath>C:\Users\DELL\source\repos\Armazenagem3L-API\Armazenagem-3LC__Tests\bin\Debug\net5.0\Newtonsoft.Json.dll</ModulePath>
      <ModuleTime>2019-04-22T04:06:16Z</ModuleTime>
      <ModuleName>Newtonsoft.Json</ModuleName>
      <Classes />
    </Module>
    <Module skippedDueTo="Filter" hash="9E-9A-F7-73-EC-34-46-28-02-03-92-5B-1F-F3-3F-72-FB-44-58-B8">
      <ModulePath>c:\program files\dotnet\shared\Microsoft.NETCore.App\5.0.0\System.Runtime.Serialization.Formatters.dll</ModulePath>
      <ModuleTime>2020-10-19T22:15:12Z</ModuleTime>
      <ModuleName>System.Runtime.Serialization.Formatters</ModuleName>
      <Classes />
    </Module>
    <Module skippedDueTo="Filter" hash="59-67-3C-A1-27-65-FA-E5-5B-98-3A-22-4F-1E-46-FE-63-23-64-A3">
      <ModulePath>c:\program files\dotnet\shared\Microsoft.NETCore.App\5.0.0\System.Collections.Concurrent.dll</ModulePath>
      <ModuleTime>2020-10-19T22:14:22Z</ModuleTime>
      <ModuleName>System.Collections.Concurrent</ModuleName>
      <Classes />
    </Module>
    <Module skippedDueTo="Filter" hash="5C-EB-AB-AF-DA-D4-1E-AB-16-8E-1B-51-EB-F3-AC-16-FD-03-A2-71">
      <ModulePath>c:\program files\dotnet\shared\Microsoft.NETCore.App\5.0.0\System.Diagnostics.TraceSource.dll</ModulePath>
      <ModuleTime>2020-10-19T22:15:26Z</ModuleTime>
      <ModuleName>System.Diagnostics.TraceSource</ModuleName>
      <Classes />
    </Module>
    <Module skippedDueTo="Filter" hash="48-FF-37-2E-76-C6-1A-35-14-61-9D-3D-21-40-E8-FB-88-74-B4-73">
      <ModulePath>c:\program files\dotnet\shared\Microsoft.NETCore.App\5.0.0\System.Threading.dll</ModulePath>
      <ModuleTime>2020-10-19T22:15:14Z</ModuleTime>
      <ModuleName>System.Threading</ModuleName>
      <Classes />
    </Module>
    <Module skippedDueTo="Filter" hash="DD-08-61-4E-E3-E4-14-45-3A-29-F7-E2-BC-EF-3F-54-8C-EF-15-37">
      <ModulePath>c:\program files\dotnet\shared\Microsoft.NETCore.App\5.0.0\System.Runtime.InteropServices.RuntimeInformation.dll</ModulePath>
      <ModuleTime>2020-10-19T22:14:42Z</ModuleTime>
      <ModuleName>System.Runtime.InteropServices.RuntimeInformation</ModuleName>
      <Classes />
    </Module>
    <Module skippedDueTo="Filter" hash="F2-97-5D-23-2A-F3-91-BF-27-CF-FD-6F-18-75-82-5F-4A-C9-91-F3">
      <ModulePath>c:\program files\dotnet\shared\Microsoft.NETCore.App\5.0.0\System.Diagnostics.Process.dll</ModulePath>
      <ModuleTime>2020-10-19T22:15:24Z</ModuleTime>
      <ModuleName>System.Diagnostics.Process</ModuleName>
      <Classes />
    </Module>
    <Module skippedDueTo="Filter" hash="70-B6-A0-D6-C7-59-7F-AD-53-85-7B-DC-B6-BC-46-60-5F-76-32-44">
      <ModulePath>c:\program files\dotnet\shared\Microsoft.NETCore.App\5.0.0\System.ComponentModel.Primitives.dll</ModulePath>
      <ModuleTime>2020-10-19T22:14:24Z</ModuleTime>
      <ModuleName>System.ComponentModel.Primitives</ModuleName>
      <Classes />
    </Module>
    <Module skippedDueTo="Filter" hash="E0-56-69-A7-82-F3-9F-FB-2E-09-D9-D4-30-FA-C1-82-74-3D-B1-46">
      <ModulePath>c:\program files\dotnet\shared\Microsoft.NETCore.App\5.0.0\System.Memory.dll</ModulePath>
      <ModuleTime>2020-10-19T22:14:32Z</ModuleTime>
      <ModuleName>System.Memory</ModuleName>
      <Classes />
    </Module>
    <Module skippedDueTo="Filter" hash="BF-AA-61-8A-B0-02-BA-05-7B-72-14-27-97-9F-10-82-F5-2A-FC-3E">
      <ModulePath>c:\program files\dotnet\shared\Microsoft.NETCore.App\5.0.0\System.Threading.ThreadPool.dll</ModulePath>
      <ModuleTime>2020-10-19T22:15:12Z</ModuleTime>
      <ModuleName>System.Threading.ThreadPool</ModuleName>
      <Classes />
    </Module>
    <Module skippedDueTo="Filter" hash="72-79-CD-97-C3-F7-F4-75-36-29-E2-1C-B8-23-4E-40-82-B1-F8-90">
      <ModulePath>c:\program files\dotnet\shared\Microsoft.NETCore.App\5.0.0\System.Runtime.InteropServices.dll</ModulePath>
      <ModuleTime>2020-10-19T22:15:10Z</ModuleTime>
      <ModuleName>System.Runtime.InteropServices</ModuleName>
      <Classes />
    </Module>
    <Module skippedDueTo="MissingPdb" hash="5C-F3-81-49-0C-A2-33-CF-84-83-20-F6-98-B7-5B-CD-79-6B-F8-D9">
      <ModulePath>c:\program files\dotnet\shared\Microsoft.NETCore.App\5.0.0\Microsoft.Win32.Primitives.dll</ModulePath>
      <ModuleTime>2020-10-19T22:14:22Z</ModuleTime>
      <ModuleName>Microsoft.Win32.Primitives</ModuleName>
      <Classes />
    </Module>
    <Module skippedDueTo="Filter" hash="51-23-45-52-ED-2D-B8-28-71-EF-4C-AE-C2-4F-3C-8D-D9-67-DB-11">
      <ModulePath>c:\program files\dotnet\shared\Microsoft.NETCore.App\5.0.0\System.Net.Primitives.dll</ModulePath>
      <ModuleTime>2020-10-19T22:15:04Z</ModuleTime>
      <ModuleName>System.Net.Primitives</ModuleName>
      <Classes />
    </Module>
    <Module skippedDueTo="Filter" hash="91-D1-00-40-6E-3A-9F-00-C0-1E-9E-47-40-53-58-9F-B2-8D-F6-4E">
      <ModulePath>c:\program files\dotnet\shared\Microsoft.NETCore.App\5.0.0\System.Net.Sockets.dll</ModulePath>
      <ModuleTime>2020-10-19T22:15:10Z</ModuleTime>
      <ModuleName>System.Net.Sockets</ModuleName>
      <Classes />
    </Module>
    <Module skippedDueTo="Filter" hash="CD-D4-A3-E5-6B-FF-20-30-03-95-A0-3E-F6-51-AE-C9-5A-EE-38-50">
      <ModulePath>c:\program files\dotnet\shared\Microsoft.NETCore.App\5.0.0\System.Net.NameResolution.dll</ModulePath>
      <ModuleTime>2020-10-19T22:15:00Z</ModuleTime>
      <ModuleName>System.Net.NameResolution</ModuleName>
      <Classes />
    </Module>
    <Module skippedDueTo="Filter" hash="F7-C6-A8-BF-69-A6-DD-46-D4-EC-3B-18-95-68-C4-E1-4E-EE-44-9F">
      <ModulePath>c:\program files\dotnet\shared\Microsoft.NETCore.App\5.0.0\System.Private.Uri.dll</ModulePath>
      <ModuleTime>2020-10-19T22:17:04Z</ModuleTime>
      <ModuleName>System.Private.Uri</ModuleName>
      <Classes />
    </Module>
    <Module skippedDueTo="Filter" hash="E3-79-60-3F-E2-C2-06-19-1A-CB-44-3A-4E-89-DC-EB-9C-16-45-A9">
      <ModulePath>c:\program files\dotnet\shared\Microsoft.NETCore.App\5.0.0\System.Threading.Overlapped.dll</ModulePath>
      <ModuleTime>2020-10-19T22:15:12Z</ModuleTime>
      <ModuleName>System.Threading.Overlapped</ModuleName>
      <Classes />
    </Module>
    <Module skippedDueTo="Filter" hash="70-0E-84-D7-F1-73-94-BF-52-15-A6-C5-6F-7B-C6-A2-15-E3-0A-60">
      <ModulePath>c:\program files\dotnet\shared\Microsoft.NETCore.App\5.0.0\System.Linq.Expressions.dll</ModulePath>
      <ModuleTime>2020-10-19T22:14:32Z</ModuleTime>
      <ModuleName>System.Linq.Expressions</ModuleName>
      <Classes />
    </Module>
    <Module skippedDueTo="Filter" hash="1E-CB-66-57-A2-C0-8F-CF-73-4F-8B-43-7F-FA-AA-5B-02-C5-90-07">
      <ModulePath>c:\program files\dotnet\shared\Microsoft.NETCore.App\5.0.0\System.Runtime.Serialization.Primitives.dll</ModulePath>
      <ModuleTime>2020-10-19T22:14:44Z</ModuleTime>
      <ModuleName>System.Runtime.Serialization.Primitives</ModuleName>
      <Classes />
    </Module>
    <Module skippedDueTo="Filter" hash="8A-1E-69-0B-E8-D3-19-17-71-B9-4F-37-39-43-B0-6E-79-BE-BE-35">
      <ModulePath>c:\program files\dotnet\shared\Microsoft.NETCore.App\5.0.0\System.Runtime.Numerics.dll</ModulePath>
      <ModuleTime>2020-10-19T22:16:22Z</ModuleTime>
      <ModuleName>System.Runtime.Numerics</ModuleName>
      <Classes />
    </Module>
    <Module skippedDueTo="Filter" hash="3F-70-05-4C-4B-E7-58-77-DC-FE-A7-90-33-1B-5B-A0-4B-B6-8E-C1">
      <ModulePath>c:\program files\dotnet\shared\Microsoft.NETCore.App\5.0.0\System.ObjectModel.dll</ModulePath>
      <ModuleTime>2020-10-19T22:15:10Z</ModuleTime>
      <ModuleName>System.ObjectModel</ModuleName>
      <Classes />
    </Module>
    <Module skippedDueTo="Filter" hash="E7-9F-2A-42-AE-EB-87-B5-D5-F4-93-C7-EE-AA-3E-90-41-CD-E1-29">
      <ModulePath>c:\program files\dotnet\shared\Microsoft.NETCore.App\5.0.0\System.Data.Common.dll</ModulePath>
      <ModuleTime>2020-10-19T22:15:00Z</ModuleTime>
      <ModuleName>System.Data.Common</ModuleName>
      <Classes />
    </Module>
    <Module skippedDueTo="Filter" hash="F5-68-48-94-73-26-92-0E-C6-E3-AB-4E-50-46-35-82-D4-8E-9F-73">
      <ModulePath>c:\program files\dotnet\shared\Microsoft.NETCore.App\5.0.0\System.ComponentModel.TypeConverter.dll</ModulePath>
      <ModuleTime>2020-10-19T22:15:26Z</ModuleTime>
      <ModuleName>System.ComponentModel.TypeConverter</ModuleName>
      <Classes />
    </Module>
    <Module skippedDueTo="Filter" hash="5D-83-2E-85-FE-AF-92-14-97-12-16-A7-5D-41-7E-C9-81-A2-1D-6F">
      <ModulePath>c:\program files\dotnet\shared\Microsoft.NETCore.App\5.0.0\System.ComponentModel.dll</ModulePath>
      <ModuleTime>2020-10-19T22:14:22Z</ModuleTime>
      <ModuleName>System.ComponentModel</ModuleName>
      <Classes />
    </Module>
    <Module skippedDueTo="Filter" hash="30-99-38-E2-F4-CD-CE-AE-B8-89-59-70-5A-F6-06-BA-95-C2-5B-FA">
      <ModulePath>c:\program files\dotnet\shared\Microsoft.NETCore.App\5.0.0\System.Reflection.Emit.ILGeneration.dll</ModulePath>
      <ModuleTime>2020-10-19T22:15:10Z</ModuleTime>
      <ModuleName>System.Reflection.Emit.ILGeneration</ModuleName>
      <Classes />
    </Module>
    <Module skippedDueTo="Filter" hash="ED-97-C1-EA-4B-0E-45-F5-E4-DC-BB-B9-E1-59-1E-5C-78-C0-75-7A">
      <ModulePath>c:\program files\dotnet\shared\Microsoft.NETCore.App\5.0.0\System.Reflection.Emit.Lightweight.dll</ModulePath>
      <ModuleTime>2020-10-19T22:15:36Z</ModuleTime>
      <ModuleName>System.Reflection.Emit.Lightweight</ModuleName>
      <Classes />
    </Module>
    <Module skippedDueTo="Filter" hash="82-DC-BF-37-4B-57-93-28-10-3E-53-BC-F6-1C-13-38-EF-75-F4-33">
      <ModulePath>c:\program files\dotnet\shared\Microsoft.NETCore.App\5.0.0\System.Reflection.Primitives.dll</ModulePath>
      <ModuleTime>2020-10-19T22:14:42Z</ModuleTime>
      <ModuleName>System.Reflection.Primitives</ModuleName>
      <Classes />
    </Module>
    <Module skippedDueTo="MissingPdb" hash="">
      <ModulePath>RefEmit_InMemoryManifestModule</ModulePath>
      <ModuleTime>0001-01-01T00:00:00</ModuleTime>
      <ModuleName>Anonymously Hosted DynamicMethods Assembly</ModuleName>
      <Classes />
    </Module>
    <Module skippedDueTo="Filter" hash="C5-9C-3B-93-AB-B6-88-62-EC-56-91-25-75-6A-12-C3-7E-5E-16-FC">
      <ModulePath>c:\program files\dotnet\shared\Microsoft.NETCore.App\5.0.0\System.Collections.Specialized.dll</ModulePath>
      <ModuleTime>2020-10-19T22:14:22Z</ModuleTime>
      <ModuleName>System.Collections.Specialized</ModuleName>
      <Classes />
    </Module>
    <Module skippedDueTo="Filter" hash="70-0E-84-D7-F1-73-94-BF-52-15-A6-C5-6F-7B-C6-A2-15-E3-0A-60">
      <ModulePath>c:\program files\dotnet\shared\Microsoft.NETCore.App\5.0.0\System.Linq.Expressions.dll</ModulePath>
      <ModuleTime>2020-10-19T22:14:32Z</ModuleTime>
      <ModuleName>System.Linq.Expressions</ModuleName>
      <Classes />
    </Module>
    <Module skippedDueTo="Filter" hash="8A-1E-69-0B-E8-D3-19-17-71-B9-4F-37-39-43-B0-6E-79-BE-BE-35">
      <ModulePath>c:\program files\dotnet\shared\Microsoft.NETCore.App\5.0.0\System.Runtime.Numerics.dll</ModulePath>
      <ModuleTime>2020-10-19T22:16:22Z</ModuleTime>
      <ModuleName>System.Runtime.Numerics</ModuleName>
      <Classes />
    </Module>
    <Module skippedDueTo="Filter" hash="E6-84-21-9D-B7-67-08-08-C8-23-E3-EF-D5-38-6C-FC-94-A2-C9-BF">
      <ModulePath>c:\program files\dotnet\shared\Microsoft.NETCore.App\5.0.0\System.Linq.dll</ModulePath>
      <ModuleTime>2020-10-19T22:14:32Z</ModuleTime>
      <ModuleName>System.Linq</ModuleName>
      <Classes />
    </Module>
    <Module skippedDueTo="Filter" hash="F5-68-48-94-73-26-92-0E-C6-E3-AB-4E-50-46-35-82-D4-8E-9F-73">
      <ModulePath>c:\program files\dotnet\shared\Microsoft.NETCore.App\5.0.0\System.ComponentModel.TypeConverter.dll</ModulePath>
      <ModuleTime>2020-10-19T22:15:26Z</ModuleTime>
      <ModuleName>System.ComponentModel.TypeConverter</ModuleName>
      <Classes />
    </Module>
    <Module skippedDueTo="Filter" hash="3F-70-05-4C-4B-E7-58-77-DC-FE-A7-90-33-1B-5B-A0-4B-B6-8E-C1">
      <ModulePath>c:\program files\dotnet\shared\Microsoft.NETCore.App\5.0.0\System.ObjectModel.dll</ModulePath>
      <ModuleTime>2020-10-19T22:15:10Z</ModuleTime>
      <ModuleName>System.ObjectModel</ModuleName>
      <Classes />
    </Module>
    <Module skippedDueTo="Filter" hash="C5-9C-3B-93-AB-B6-88-62-EC-56-91-25-75-6A-12-C3-7E-5E-16-FC">
      <ModulePath>c:\program files\dotnet\shared\Microsoft.NETCore.App\5.0.0\System.Collections.Specialized.dll</ModulePath>
      <ModuleTime>2020-10-19T22:14:22Z</ModuleTime>
      <ModuleName>System.Collections.Specialized</ModuleName>
      <Classes />
    </Module>
    <Module skippedDueTo="Filter" hash="1E-CB-66-57-A2-C0-8F-CF-73-4F-8B-43-7F-FA-AA-5B-02-C5-90-07">
      <ModulePath>c:\program files\dotnet\shared\Microsoft.NETCore.App\5.0.0\System.Runtime.Serialization.Primitives.dll</ModulePath>
      <ModuleTime>2020-10-19T22:14:44Z</ModuleTime>
      <ModuleName>System.Runtime.Serialization.Primitives</ModuleName>
      <Classes />
    </Module>
    <Module skippedDueTo="Filter" hash="E7-9F-2A-42-AE-EB-87-B5-D5-F4-93-C7-EE-AA-3E-90-41-CD-E1-29">
      <ModulePath>c:\program files\dotnet\shared\Microsoft.NETCore.App\5.0.0\System.Data.Common.dll</ModulePath>
      <ModuleTime>2020-10-19T22:15:00Z</ModuleTime>
      <ModuleName>System.Data.Common</ModuleName>
      <Classes />
    </Module>
    <Module skippedDueTo="Filter" hash="C1-F4-E2-BA-BB-2B-A3-43-6D-4E-D6-AA-3D-E8-C1-88-F2-6A-54-06">
      <ModulePath>c:\program files\dotnet\shared\Microsoft.NETCore.App\5.0.0\System.Xml.ReaderWriter.dll</ModulePath>
      <ModuleTime>2020-10-19T22:14:38Z</ModuleTime>
      <ModuleName>System.Xml.ReaderWriter</ModuleName>
      <Classes />
    </Module>
    <Module skippedDueTo="Filter" hash="99-1B-9F-BB-17-7F-2A-55-29-95-D9-35-BE-3F-62-FA-41-B5-C4-2C">
      <ModulePath>c:\program files\dotnet\shared\Microsoft.NETCore.App\5.0.0\System.Private.Xml.dll</ModulePath>
      <ModuleTime>2020-10-19T22:16:24Z</ModuleTime>
      <ModuleName>System.Private.Xml</ModuleName>
      <Classes />
    </Module>
    <Module skippedDueTo="Filter" hash="5D-83-2E-85-FE-AF-92-14-97-12-16-A7-5D-41-7E-C9-81-A2-1D-6F">
      <ModulePath>c:\program files\dotnet\shared\Microsoft.NETCore.App\5.0.0\System.ComponentModel.dll</ModulePath>
      <ModuleTime>2020-10-19T22:14:22Z</ModuleTime>
      <ModuleName>System.ComponentModel</ModuleName>
      <Classes />
    </Module>
    <Module skippedDueTo="Filter" hash="30-99-38-E2-F4-CD-CE-AE-B8-89-59-70-5A-F6-06-BA-95-C2-5B-FA">
      <ModulePath>c:\program files\dotnet\shared\Microsoft.NETCore.App\5.0.0\System.Reflection.Emit.ILGeneration.dll</ModulePath>
      <ModuleTime>2020-10-19T22:15:10Z</ModuleTime>
      <ModuleName>System.Reflection.Emit.ILGeneration</ModuleName>
      <Classes />
    </Module>
    <Module skippedDueTo="Filter" hash="ED-97-C1-EA-4B-0E-45-F5-E4-DC-BB-B9-E1-59-1E-5C-78-C0-75-7A">
      <ModulePath>c:\program files\dotnet\shared\Microsoft.NETCore.App\5.0.0\System.Reflection.Emit.Lightweight.dll</ModulePath>
      <ModuleTime>2020-10-19T22:15:36Z</ModuleTime>
      <ModuleName>System.Reflection.Emit.Lightweight</ModuleName>
      <Classes />
    </Module>
    <Module skippedDueTo="Filter" hash="82-DC-BF-37-4B-57-93-28-10-3E-53-BC-F6-1C-13-38-EF-75-F4-33">
      <ModulePath>c:\program files\dotnet\shared\Microsoft.NETCore.App\5.0.0\System.Reflection.Primitives.dll</ModulePath>
      <ModuleTime>2020-10-19T22:14:42Z</ModuleTime>
      <ModuleName>System.Reflection.Primitives</ModuleName>
      <Classes />
    </Module>
    <Module skippedDueTo="MissingPdb" hash="">
      <ModulePath>RefEmit_InMemoryManifestModule</ModulePath>
      <ModuleTime>0001-01-01T00:00:00</ModuleTime>
      <ModuleName>Anonymously Hosted DynamicMethods Assembly</ModuleName>
      <Classes />
    </Module>
    <Module skippedDueTo="Filter" hash="55-45-30-E3-65-51-66-BC-74-30-06-0E-AD-50-05-6D-00-B1-C0-D5">
      <ModulePath>c:\program files\dotnet\shared\Microsoft.NETCore.App\5.0.0\System.Collections.NonGeneric.dll</ModulePath>
      <ModuleTime>2020-10-19T22:14:56Z</ModuleTime>
      <ModuleName>System.Collections.NonGeneric</ModuleName>
      <Classes />
    </Module>
    <Module skippedDueTo="Filter" hash="7A-C8-00-A9-4A-F0-DA-43-C7-8B-3C-34-11-AA-21-D4-5C-CF-91-1D">
      <ModulePath>c:\program files\dotnet\shared\Microsoft.NETCore.App\5.0.0\System.IO.FileSystem.dll</ModulePath>
      <ModuleTime>2020-10-19T22:14:28Z</ModuleTime>
      <ModuleName>System.IO.FileSystem</ModuleName>
      <Classes />
    </Module>
    <Module skippedDueTo="Filter" hash="AE-17-29-D5-95-9C-B5-59-32-6A-CA-48-80-36-08-44-BD-1F-7A-02">
      <ModulePath>c:\program files\dotnet\shared\Microsoft.NETCore.App\5.0.0\System.Runtime.Loader.dll</ModulePath>
      <ModuleTime>2020-10-19T22:14:40Z</ModuleTime>
      <ModuleName>System.Runtime.Loader</ModuleName>
      <Classes />
    </Module>
    <Module hash="C5-28-40-F8-84-8C-91-E4-1D-63-79-0D-F0-A1-FC-5E-7A-E5-DA-F5">
      <Summary numSequencePoints="0" visitedSequencePoints="0" numBranchPoints="0" visitedBranchPoints="0" sequenceCoverage="0" branchCoverage="0" maxCyclomaticComplexity="0" minCyclomaticComplexity="0" maxCrapScore="0" minCrapScore="0" visitedClasses="0" numClasses="0" visitedMethods="0" numMethods="0" />
      <ModulePath>C:\Users\DELL\source\repos\Armazenagem3L-API\Armazenagem-3LC__Tests\bin\Debug\net5.0\xunit.runner.visualstudio.dotnetcore.testadapter.dll</ModulePath>
      <ModuleTime>2020-08-03T16:58:40Z</ModuleTime>
      <ModuleName>xunit.runner.visualstudio.dotnetcore.testadapter</ModuleName>
      <Files />
      <Classes>
        <Class skippedDueTo="Filter">
          <FullName>&lt;Module&gt;</FullName>
          <Methods />
        </Class>
        <Class skippedDueTo="Filter">
          <FullName>ThisAssembly</FullName>
          <Methods />
        </Class>
        <Class skippedDueTo="Filter">
          <FullName>DictionaryExtensions</FullName>
          <Methods />
        </Class>
        <Class skippedDueTo="Filter">
          <FullName>DictionaryExtensions/&lt;&gt;c__2`2</FullName>
          <Methods />
        </Class>
        <Class skippedDueTo="Filter">
          <FullName>DictionaryExtensions/&lt;&gt;c__4`2</FullName>
          <Methods />
        </Class>
        <Class skippedDueTo="Filter">
          <FullName>ExceptionExtensions</FullName>
          <Methods />
        </Class>
        <Class skippedDueTo="Filter">
          <FullName>Guard</FullName>
          <Methods />
        </Class>
        <Class skippedDueTo="Filter">
          <FullName>LoggerHelper</FullName>
          <Methods />
        </Class>
        <Class skippedDueTo="Filter">
          <FullName>System.Collections.Generic.CollectionExtensions</FullName>
          <Methods />
        </Class>
        <Class skippedDueTo="Filter">
          <FullName>System.Collections.Generic.CollectionExtensions/&lt;&gt;c__DisplayClass2_0</FullName>
          <Methods />
        </Class>
        <Class skippedDueTo="Filter">
          <FullName>System.Collections.Generic.CollectionExtensions/&lt;&gt;c__DisplayClass5_0</FullName>
          <Methods />
        </Class>
        <Class skippedDueTo="Filter">
          <FullName>System.Collections.Generic.CollectionExtensions/&lt;&gt;c</FullName>
          <Methods />
        </Class>
        <Class skippedDueTo="Filter">
          <FullName>System.Collections.Generic.EnumerableExtensions</FullName>
          <Methods />
        </Class>
        <Class skippedDueTo="Filter">
          <FullName>Internal.Microsoft.Extensions.DependencyModel.CompilationLibrary</FullName>
          <Methods />
        </Class>
        <Class skippedDueTo="Filter">
          <FullName>Internal.Microsoft.Extensions.DependencyModel.CompilationOptions</FullName>
          <Methods />
        </Class>
        <Class skippedDueTo="Filter">
          <FullName>Internal.Microsoft.Extensions.DependencyModel.DependencyContext</FullName>
          <Methods />
        </Class>
        <Class skippedDueTo="Filter">
          <FullName>Internal.Microsoft.Extensions.DependencyModel.DependencyContext/LibraryMergeEqualityComparer`1</FullName>
          <Methods />
        </Class>
        <Class skippedDueTo="Filter">
          <FullName>Internal.Microsoft.Extensions.DependencyModel.DependencyContextExtensions</FullName>
          <Methods />
        </Class>
        <Class skippedDueTo="Filter">
          <FullName>Internal.Microsoft.Extensions.DependencyModel.DependencyContextExtensions/&lt;&gt;c__DisplayClass1_0</FullName>
          <Methods />
        </Class>
        <Class skippedDueTo="Filter">
          <FullName>Internal.Microsoft.Extensions.DependencyModel.DependencyContextExtensions/&lt;&gt;c__DisplayClass2_0</FullName>
          <Methods />
        </Class>
        <Class skippedDueTo="Filter">
          <FullName>Internal.Microsoft.Extensions.DependencyModel.DependencyContextExtensions/&lt;&gt;c__DisplayClass5_0</FullName>
          <Methods />
        </Class>
        <Class skippedDueTo="Filter">
          <FullName>Internal.Microsoft.Extensions.DependencyModel.DependencyContextExtensions/&lt;&gt;c__DisplayClass6_0</FullName>
          <Methods />
        </Class>
        <Class skippedDueTo="Filter">
          <FullName>Internal.Microsoft.Extensions.DependencyModel.DependencyContextExtensions/&lt;&gt;c__DisplayClass10_0</FullName>
          <Methods />
        </Class>
        <Class skippedDueTo="Filter">
          <FullName>Internal.Microsoft.Extensions.DependencyModel.DependencyContextExtensions/&lt;&gt;c__DisplayClass11_0</FullName>
          <Methods />
        </Class>
        <Class skippedDueTo="Filter">
          <FullName>Internal.Microsoft.Extensions.DependencyModel.DependencyContextJsonReader</FullName>
          <Methods />
        </Class>
        <Class skippedDueTo="Filter">
          <FullName>Internal.Microsoft.Extensions.DependencyModel.DependencyContextJsonReader/Target</FullName>
          <Methods />
        </Class>
        <Class skippedDueTo="Filter">
          <FullName>Internal.Microsoft.Extensions.DependencyModel.DependencyContextJsonReader/&lt;&gt;c__DisplayClass6_0</FullName>
          <Methods />
        </Class>
        <Class skippedDueTo="Filter">
          <FullName>Internal.Microsoft.Extensions.DependencyModel.DependencyContextJsonReader/&lt;&gt;c__DisplayClass19_0</FullName>
          <Methods />
        </Class>
        <Class skippedDueTo="Filter">
          <FullName>Internal.Microsoft.Extensions.DependencyModel.DependencyContextJsonReader/&lt;&gt;c</FullName>
          <Methods />
        </Class>
        <Class skippedDueTo="Filter">
          <FullName>Internal.Microsoft.Extensions.DependencyModel.DependencyContextLoader</FullName>
          <Methods />
        </Class>
        <Class skippedDueTo="Filter">
          <FullName>Internal.Microsoft.Extensions.DependencyModel.DependencyContextLoader/&lt;&gt;c</FullName>
          <Methods />
        </Class>
        <Class skippedDueTo="Filter">
          <FullName>Internal.Microsoft.Extensions.DependencyModel.DependencyContextPaths</FullName>
          <Methods />
        </Class>
        <Class skippedDueTo="Filter">
          <FullName>Internal.Microsoft.Extensions.DependencyModel.DependencyContextStrings</FullName>
          <Methods />
        </Class>
        <Class skippedDueTo="Filter">
          <FullName>Internal.Microsoft.Extensions.DependencyModel.DirectoryWrapper</FullName>
          <Methods />
        </Class>
        <Class skippedDueTo="Filter">
          <FullName>Internal.Microsoft.Extensions.DependencyModel.EnvironmentWrapper</FullName>
          <Methods />
        </Class>
        <Class skippedDueTo="Filter">
          <FullName>Internal.Microsoft.Extensions.DependencyModel.FileSystemWrapper</FullName>
          <Methods />
        </Class>
        <Class skippedDueTo="Filter">
          <FullName>Internal.Microsoft.Extensions.DependencyModel.FileWrapper</FullName>
          <Methods />
        </Class>
        <Class skippedDueTo="Filter">
          <FullName>Internal.Microsoft.Extensions.DependencyModel.Library</FullName>
          <Methods />
        </Class>
        <Class skippedDueTo="Filter">
          <FullName>Internal.Microsoft.Extensions.DependencyModel.ResourceAssembly</FullName>
          <Methods />
        </Class>
        <Class skippedDueTo="Filter">
          <FullName>Internal.Microsoft.Extensions.DependencyModel.RuntimeAssembly</FullName>
          <Methods />
        </Class>
        <Class skippedDueTo="Filter">
          <FullName>Internal.Microsoft.Extensions.DependencyModel.RuntimeAssetGroup</FullName>
          <Methods />
        </Class>
        <Class skippedDueTo="Filter">
          <FullName>Internal.Microsoft.Extensions.DependencyModel.RuntimeFallbacks</FullName>
          <Methods />
        </Class>
        <Class skippedDueTo="Filter">
          <FullName>Internal.Microsoft.Extensions.DependencyModel.RuntimeLibrary</FullName>
          <Methods />
        </Class>
        <Class skippedDueTo="Filter">
          <FullName>Internal.Microsoft.Extensions.DependencyModel.TargetInfo</FullName>
          <Methods />
        </Class>
        <Class skippedDueTo="Filter">
          <FullName>Internal.Microsoft.Extensions.DependencyModel.Resolution.AppBaseCompilationAssemblyResolver</FullName>
          <Methods />
        </Class>
        <Class skippedDueTo="Filter">
          <FullName>Internal.Microsoft.Extensions.DependencyModel.Resolution.CompositeCompilationAssemblyResolver</FullName>
          <Methods />
        </Class>
        <Class skippedDueTo="Filter">
          <FullName>Internal.Microsoft.Extensions.DependencyModel.Resolution.DotNetReferenceAssembliesPathResolver</FullName>
          <Methods />
        </Class>
        <Class skippedDueTo="Filter">
          <FullName>Internal.Microsoft.Extensions.DependencyModel.Resolution.PackageCompilationAssemblyResolver</FullName>
          <Methods />
        </Class>
        <Class skippedDueTo="Filter">
          <FullName>Internal.Microsoft.Extensions.DependencyModel.Resolution.ReferenceAssemblyPathResolver</FullName>
          <Methods />
        </Class>
        <Class skippedDueTo="Filter">
          <FullName>Internal.Microsoft.Extensions.DependencyModel.Resolution.ResolverUtils</FullName>
          <Methods />
        </Class>
        <Class skippedDueTo="Filter">
          <FullName>Internal.Microsoft.DotNet.PlatformAbstractions.ApplicationEnvironment</FullName>
          <Methods />
        </Class>
        <Class skippedDueTo="Filter">
          <FullName>Internal.Microsoft.DotNet.PlatformAbstractions.RuntimeEnvironment</FullName>
          <Methods />
        </Class>
        <Class skippedDueTo="Filter">
          <FullName>Internal.Microsoft.DotNet.PlatformAbstractions.Native.NativeMethods</FullName>
          <Methods />
        </Class>
        <Class skippedDueTo="Filter">
          <FullName>Internal.Microsoft.DotNet.PlatformAbstractions.Native.NativeMethods/Darwin</FullName>
          <Methods />
        </Class>
        <Class skippedDueTo="Filter">
          <FullName>Internal.Microsoft.DotNet.PlatformAbstractions.Native.NativeMethods/Windows</FullName>
          <Methods />
        </Class>
        <Class skippedDueTo="Filter">
          <FullName>Internal.Microsoft.DotNet.PlatformAbstractions.Native.PlatformApis</FullName>
          <Methods />
        </Class>
        <Class skippedDueTo="Filter">
          <FullName>Internal.Microsoft.DotNet.PlatformAbstractions.Native.PlatformApis/DistroInfo</FullName>
          <Methods />
        </Class>
        <Class skippedDueTo="Filter">
          <FullName>Xunit.AssemblyHelper</FullName>
          <Methods />
        </Class>
        <Class skippedDueTo="Filter">
          <FullName>Xunit.DependencyContextAssemblyCache</FullName>
          <Methods />
        </Class>
        <Class skippedDueTo="Filter">
          <FullName>Xunit.DependencyContextAssemblyCache/&lt;&gt;c__DisplayClass17_0</FullName>
          <Methods />
        </Class>
        <Class skippedDueTo="Filter">
          <FullName>Xunit.DependencyContextAssemblyCache/&lt;&gt;c__DisplayClass17_1</FullName>
          <Methods />
        </Class>
        <Class skippedDueTo="Filter">
          <FullName>Xunit.DependencyContextAssemblyCache/&lt;&gt;c__DisplayClass17_2</FullName>
          <Methods />
        </Class>
        <Class skippedDueTo="Filter">
          <FullName>Xunit.DependencyContextAssemblyCache/&lt;&gt;c__DisplayClass17_3</FullName>
          <Methods />
        </Class>
        <Class skippedDueTo="Filter">
          <FullName>Xunit.DependencyContextAssemblyCache/&lt;&gt;c__DisplayClass17_4</FullName>
          <Methods />
        </Class>
        <Class skippedDueTo="Filter">
          <FullName>Xunit.DependencyContextAssemblyCache/&lt;&gt;c__DisplayClass17_5</FullName>
          <Methods />
        </Class>
        <Class skippedDueTo="Filter">
          <FullName>Xunit.DependencyContextAssemblyCache/&lt;&gt;c__DisplayClass17_6</FullName>
          <Methods />
        </Class>
        <Class skippedDueTo="Filter">
          <FullName>Xunit.DependencyContextAssemblyCache/&lt;&gt;c</FullName>
          <Methods />
        </Class>
        <Class skippedDueTo="Filter">
          <FullName>Xunit.DependencyContextAssemblyCache/&lt;GetUnmanagedDllFormats&gt;d__21</FullName>
          <Methods />
        </Class>
        <Class skippedDueTo="Filter">
          <FullName>Xunit.DependencyContextAssemblyCache/&lt;&gt;c__DisplayClass24_0</FullName>
          <Methods />
        </Class>
        <Class skippedDueTo="Filter">
          <FullName>Xunit.DependencyContextAssemblyCache/&lt;&gt;c__DisplayClass25_0</FullName>
          <Methods />
        </Class>
        <Class skippedDueTo="Filter">
          <FullName>Xunit.XunitPackageCompilationAssemblyResolver</FullName>
          <Methods />
        </Class>
        <Class skippedDueTo="Filter">
          <FullName>Xunit.XunitPackageCompilationAssemblyResolver/&lt;&gt;c</FullName>
          <Methods />
        </Class>
        <Class skippedDueTo="Filter">
          <FullName>Xunit._DiagnosticMessage</FullName>
          <Methods />
        </Class>
        <Class skippedDueTo="Filter">
          <FullName>Xunit.ConsoleHelper</FullName>
          <Methods />
        </Class>
        <Class skippedDueTo="Filter">
          <FullName>Xunit.JsonArray</FullName>
          <Methods />
        </Class>
        <Class skippedDueTo="Filter">
          <FullName>Xunit.JsonBoolean</FullName>
          <Methods />
        </Class>
        <Class skippedDueTo="Filter">
          <FullName>Xunit.JsonBuffer</FullName>
          <Methods />
        </Class>
        <Class skippedDueTo="Filter">
          <FullName>Xunit.JsonDeserializer</FullName>
          <Methods />
        </Class>
        <Class skippedDueTo="Filter">
          <FullName>Xunit.JsonDeserializerException</FullName>
          <Methods />
        </Class>
        <Class skippedDueTo="Filter">
          <FullName>Xunit.JsonDeserializerResource</FullName>
          <Methods />
        </Class>
        <Class skippedDueTo="Filter">
          <FullName>Xunit.JsonNull</FullName>
          <Methods />
        </Class>
        <Class skippedDueTo="Filter">
          <FullName>Xunit.JsonNumber</FullName>
          <Methods />
        </Class>
        <Class skippedDueTo="Filter">
          <FullName>Xunit.JsonObject</FullName>
          <Methods />
        </Class>
        <Class skippedDueTo="Filter">
          <FullName>Xunit.JsonString</FullName>
          <Methods />
        </Class>
        <Class skippedDueTo="Filter">
          <FullName>Xunit.JsonValue</FullName>
          <Methods />
        </Class>
        <Class skippedDueTo="Filter">
          <FullName>Xunit.Runner.VisualStudio.Constants</FullName>
          <Methods />
        </Class>
        <Class skippedDueTo="Filter">
          <FullName>Xunit.Runner.VisualStudio.DiagnosticMessageSink</FullName>
          <Methods />
        </Class>
        <Class skippedDueTo="Filter">
          <FullName>Xunit.Runner.VisualStudio.DiagnosticMessageSink/&lt;&gt;c__DisplayClass1_0</FullName>
          <Methods />
        </Class>
        <Class skippedDueTo="Filter">
          <FullName>Xunit.Runner.VisualStudio.DiagnosticMessageSink/&lt;&gt;c__DisplayClass2_0</FullName>
          <Methods />
        </Class>
        <Class skippedDueTo="Filter">
          <FullName>Xunit.Runner.VisualStudio.VsDiscoverySink</FullName>
          <Methods />
        </Class>
        <Class skippedDueTo="Filter">
          <FullName>Xunit.Runner.VisualStudio.VsExecutionDiscoverySink</FullName>
          <Methods />
        </Class>
        <Class skippedDueTo="Filter">
          <FullName>Xunit.Runner.VisualStudio.VsExecutionSink</FullName>
          <Methods />
        </Class>
        <Class skippedDueTo="Filter">
          <FullName>Xunit.Runner.VisualStudio.VsExecutionSink/&lt;&gt;c__DisplayClass20_0</FullName>
          <Methods />
        </Class>
        <Class skippedDueTo="Filter">
          <FullName>Xunit.Runner.VisualStudio.VsExecutionSink/&lt;&gt;c__DisplayClass21_0</FullName>
          <Methods />
        </Class>
        <Class skippedDueTo="Filter">
          <FullName>Xunit.Runner.VisualStudio.VsExecutionSink/&lt;&gt;c__DisplayClass22_0</FullName>
          <Methods />
        </Class>
        <Class skippedDueTo="Filter">
          <FullName>Xunit.Runner.VisualStudio.VsExecutionSink/&lt;&gt;c__DisplayClass23_0</FullName>
          <Methods />
        </Class>
        <Class skippedDueTo="Filter">
          <FullName>Xunit.Runner.VisualStudio.VsExecutionSink/&lt;&gt;c__DisplayClass24_0</FullName>
          <Methods />
        </Class>
        <Class skippedDueTo="Filter">
          <FullName>Xunit.Runner.VisualStudio.VsExecutionSink/&lt;&gt;c__DisplayClass31_0</FullName>
          <Methods />
        </Class>
        <Class skippedDueTo="Filter">
          <FullName>Xunit.Runner.VisualStudio.AssemblyRunInfo</FullName>
          <Methods />
        </Class>
        <Class skippedDueTo="Filter">
          <FullName>Xunit.Runner.VisualStudio.RunSettings</FullName>
          <Methods />
        </Class>
        <Class skippedDueTo="Filter">
          <FullName>Xunit.Runner.VisualStudio.TestCaseFilter</FullName>
          <Methods />
        </Class>
        <Class skippedDueTo="Filter">
          <FullName>Xunit.Runner.VisualStudio.TestCaseFilter/&lt;&gt;c__DisplayClass9_0</FullName>
          <Methods />
        </Class>
        <Class skippedDueTo="Filter">
          <FullName>Xunit.Runner.VisualStudio.VisualStudioRunnerLogger</FullName>
          <Methods />
        </Class>
        <Class skippedDueTo="Filter">
          <FullName>Xunit.Runner.VisualStudio.VsTestRunner</FullName>
          <Methods />
        </Class>
        <Class skippedDueTo="Filter">
          <FullName>Xunit.Runner.VisualStudio.VsTestRunner/AssemblyDiscoveredInfo</FullName>
          <Methods />
        </Class>
        <Class skippedDueTo="Filter">
          <FullName>Xunit.Runner.VisualStudio.VsTestRunner/DiscoveredTestCase</FullName>
          <Methods />
        </Class>
        <Class skippedDueTo="Filter">
          <FullName>Xunit.Runner.VisualStudio.VsTestRunner/&lt;&gt;c__DisplayClass7_0</FullName>
          <Methods />
        </Class>
        <Class skippedDueTo="Filter">
          <FullName>Xunit.Runner.VisualStudio.VsTestRunner/&lt;&gt;c__DisplayClass9_0</FullName>
          <Methods />
        </Class>
        <Class skippedDueTo="Filter">
          <FullName>Xunit.Runner.VisualStudio.VsTestRunner/&lt;&gt;c</FullName>
          <Methods />
        </Class>
        <Class skippedDueTo="Filter">
          <FullName>Xunit.Runner.VisualStudio.VsTestRunner/&lt;&gt;c__DisplayClass10_0</FullName>
          <Methods />
        </Class>
        <Class skippedDueTo="Filter">
          <FullName>Xunit.Runner.VisualStudio.VsTestRunner/&lt;&gt;c__DisplayClass20_0</FullName>
          <Methods />
        </Class>
        <Class skippedDueTo="Filter">
          <FullName>Xunit.Runner.VisualStudio.VsTestRunner/&lt;&gt;c__DisplayClass21_0</FullName>
          <Methods />
        </Class>
        <Class skippedDueTo="Filter">
          <FullName>Xunit.Runner.VisualStudio.VsTestRunner/&lt;&gt;c__DisplayClass21_1</FullName>
          <Methods />
        </Class>
        <Class skippedDueTo="Filter">
          <FullName>Xunit.Runner.VisualStudio.VsTestRunner/&lt;&gt;c__DisplayClass22_0</FullName>
          <Methods />
        </Class>
        <Class skippedDueTo="Filter">
          <FullName>Xunit.Runner.VisualStudio.VsTestRunner/&lt;&gt;c__DisplayClass23_0</FullName>
          <Methods />
        </Class>
        <Class skippedDueTo="Filter">
          <FullName>Xunit.Runner.VisualStudio.VsTestRunner/&lt;&gt;c__DisplayClass24_0</FullName>
          <Methods />
        </Class>
      </Classes>
    </Module>
    <Module skippedDueTo="MissingPdb" hash="92-A0-D3-58-E7-34-2E-3D-A1-E7-3D-FB-27-C7-83-DE-55-A3-79-C1">
      <ModulePath>C:\Users\DELL\source\repos\Armazenagem3L-API\Armazenagem-3LC__Tests\bin\Debug\net5.0\xunit.abstractions.dll</ModulePath>
      <ModuleTime>2018-08-25T22:54:14Z</ModuleTime>
      <ModuleName>xunit.abstractions</ModuleName>
      <Classes />
    </Module>
    <Module hash="9D-E3-65-0D-B9-4A-A5-FE-82-F8-C0-4A-71-9F-13-71-79-F5-00-59">
      <Summary numSequencePoints="0" visitedSequencePoints="0" numBranchPoints="0" visitedBranchPoints="0" sequenceCoverage="0" branchCoverage="0" maxCyclomaticComplexity="0" minCyclomaticComplexity="0" maxCrapScore="0" minCrapScore="0" visitedClasses="0" numClasses="0" visitedMethods="0" numMethods="0" />
      <ModulePath>C:\Users\DELL\source\repos\Armazenagem3L-API\Armazenagem-3LC__Tests\bin\Debug\net5.0\xunit.runner.utility.netcoreapp10.dll</ModulePath>
      <ModuleTime>2018-10-29T07:17:10Z</ModuleTime>
      <ModuleName>xunit.runner.utility.netcoreapp10</ModuleName>
      <Files />
      <Classes>
        <Class skippedDueTo="Filter">
          <FullName>&lt;Module&gt;</FullName>
          <Methods />
        </Class>
        <Class skippedDueTo="Filter">
          <FullName>DisposableExtensions</FullName>
          <Methods />
        </Class>
        <Class skippedDueTo="Filter">
          <FullName>IRunnerLoggerExtensions</FullName>
          <Methods />
        </Class>
        <Class skippedDueTo="Filter">
          <FullName>MessageSinkMessageExtensions</FullName>
          <Methods />
        </Class>
        <Class skippedDueTo="Filter">
          <FullName>MessageSinkWithTypesExtensions</FullName>
          <Methods />
        </Class>
        <Class skippedDueTo="Filter">
          <FullName>TestFrameworkExtensions</FullName>
          <Methods />
        </Class>
        <Class skippedDueTo="Filter">
          <FullName>TestFrameworkOptionsReadWriteExtensions</FullName>
          <Methods />
        </Class>
        <Class skippedDueTo="Filter">
          <FullName>AssemblyExtensions</FullName>
          <Methods />
        </Class>
        <Class skippedDueTo="Filter">
          <FullName>CommonTasks</FullName>
          <Methods />
        </Class>
        <Class skippedDueTo="Filter">
          <FullName>DictionaryExtensions</FullName>
          <Methods />
        </Class>
        <Class skippedDueTo="Filter">
          <FullName>DictionaryExtensions/&lt;&gt;c__2`2</FullName>
          <Methods />
        </Class>
        <Class skippedDueTo="Filter">
          <FullName>DictionaryExtensions/&lt;&gt;c__4`2</FullName>
          <Methods />
        </Class>
        <Class skippedDueTo="Filter">
          <FullName>ExceptionExtensions</FullName>
          <Methods />
        </Class>
        <Class skippedDueTo="Filter">
          <FullName>Guard</FullName>
          <Methods />
        </Class>
        <Class skippedDueTo="Filter">
          <FullName>NewReflectionExtensions</FullName>
          <Methods />
        </Class>
        <Class skippedDueTo="Filter">
          <FullName>TestOptionsNames</FullName>
          <Methods />
        </Class>
        <Class skippedDueTo="Filter">
          <FullName>TestOptionsNames/Discovery</FullName>
          <Methods />
        </Class>
        <Class skippedDueTo="Filter">
          <FullName>TestOptionsNames/Execution</FullName>
          <Methods />
        </Class>
        <Class skippedDueTo="Filter">
          <FullName>Xunit.AppDomainManagerFactory</FullName>
          <Methods />
        </Class>
        <Class skippedDueTo="Filter">
          <FullName>Xunit.AppDomainManager_NoAppDomain</FullName>
          <Methods />
        </Class>
        <Class skippedDueTo="Filter">
          <FullName>Xunit.ConfigReader</FullName>
          <Methods />
        </Class>
        <Class skippedDueTo="Filter">
          <FullName>Xunit.ConfigReader_Json</FullName>
          <Methods />
        </Class>
        <Class skippedDueTo="Filter">
          <FullName>Xunit.ConfigReader_Json/Configuration</FullName>
          <Methods />
        </Class>
        <Class skippedDueTo="Filter">
          <FullName>Xunit.DefaultTestCaseBulkDeserializer</FullName>
          <Methods />
        </Class>
        <Class skippedDueTo="Filter">
          <FullName>Xunit.DefaultTestCaseBulkDeserializer/&lt;&gt;c</FullName>
          <Methods />
        </Class>
        <Class skippedDueTo="Filter">
          <FullName>Xunit.DefaultTestCaseDescriptorProvider</FullName>
          <Methods />
        </Class>
        <Class skippedDueTo="Filter">
          <FullName>Xunit.TestCaseDescriptor</FullName>
          <Methods />
        </Class>
        <Class skippedDueTo="Filter">
          <FullName>Xunit.NullSourceInformationProvider</FullName>
          <Methods />
        </Class>
        <Class skippedDueTo="Filter">
          <FullName>Xunit.TestAssemblyConfiguration</FullName>
          <Methods />
        </Class>
        <Class skippedDueTo="Filter">
          <FullName>Xunit.TestFrameworkOptions</FullName>
          <Methods />
        </Class>
        <Class skippedDueTo="Filter">
          <FullName>Xunit.Xunit1AssemblyInfo</FullName>
          <Methods />
        </Class>
        <Class skippedDueTo="Filter">
          <FullName>Xunit.Xunit1ReflectionWrapper</FullName>
          <Methods />
        </Class>
        <Class skippedDueTo="Filter">
          <FullName>Xunit.Xunit1ReflectionWrapper/&lt;Xunit-Abstractions-IAssemblyInfo-GetTypes&gt;d__24</FullName>
          <Methods />
        </Class>
        <Class skippedDueTo="Filter">
          <FullName>Xunit.Xunit1ReflectionWrapper/&lt;Xunit-Abstractions-ITypeInfo-GetMethods&gt;d__64</FullName>
          <Methods />
        </Class>
        <Class skippedDueTo="Filter">
          <FullName>Xunit.Xunit1RunSummary</FullName>
          <Methods />
        </Class>
        <Class skippedDueTo="Filter">
          <FullName>Xunit.Xunit1Test</FullName>
          <Methods />
        </Class>
        <Class skippedDueTo="Filter">
          <FullName>Xunit.Xunit1TestCase</FullName>
          <Methods />
        </Class>
        <Class skippedDueTo="Filter">
          <FullName>Xunit.Xunit2</FullName>
          <Methods />
        </Class>
        <Class skippedDueTo="Filter">
          <FullName>Xunit.Xunit2/DeserializeCallback</FullName>
          <Methods />
        </Class>
        <Class skippedDueTo="Filter">
          <FullName>Xunit.Xunit2Discoverer</FullName>
          <Methods />
        </Class>
        <Class skippedDueTo="Filter">
          <FullName>Xunit.Xunit2Discoverer/DescriptorCallback</FullName>
          <Methods />
        </Class>
        <Class skippedDueTo="Filter">
          <FullName>Xunit.Xunit2Discoverer/&lt;&gt;c</FullName>
          <Methods />
        </Class>
        <Class skippedDueTo="Filter">
          <FullName>Xunit.VisualStudioSourceInformationProvider</FullName>
          <Methods />
        </Class>
        <Class skippedDueTo="Filter">
          <FullName>Xunit.XunitFrontController</FullName>
          <Methods />
        </Class>
        <Class skippedDueTo="Filter">
          <FullName>Xunit.LongRunningTestsSummary</FullName>
          <Methods />
        </Class>
        <Class skippedDueTo="Filter">
          <FullName>Xunit.MessageSinkAdapter</FullName>
          <Methods />
        </Class>
        <Class skippedDueTo="Filter">
          <FullName>Xunit.MessageSinkAdapter/&lt;&gt;c</FullName>
          <Methods />
        </Class>
        <Class skippedDueTo="Filter">
          <FullName>Xunit.MessageSinkWithTypesAdapter</FullName>
          <Methods />
        </Class>
        <Class skippedDueTo="Filter">
          <FullName>Xunit.OptimizedRemoteMessageSink</FullName>
          <Methods />
        </Class>
        <Class skippedDueTo="Filter">
          <FullName>Xunit.OptimizedRemoteMessageSink/&lt;&gt;c</FullName>
          <Methods />
        </Class>
        <Class skippedDueTo="Filter">
          <FullName>Xunit.TestAssemblyDiscoveryFinished</FullName>
          <Methods />
        </Class>
        <Class skippedDueTo="Filter">
          <FullName>Xunit.TestAssemblyDiscoveryFinished/&lt;&gt;c</FullName>
          <Methods />
        </Class>
        <Class skippedDueTo="Filter">
          <FullName>Xunit.TestAssemblyDiscoveryStarting</FullName>
          <Methods />
        </Class>
        <Class skippedDueTo="Filter">
          <FullName>Xunit.TestAssemblyDiscoveryStarting/&lt;&gt;c</FullName>
          <Methods />
        </Class>
        <Class skippedDueTo="Filter">
          <FullName>Xunit.TestAssemblyExecutionFinished</FullName>
          <Methods />
        </Class>
        <Class skippedDueTo="Filter">
          <FullName>Xunit.TestAssemblyExecutionFinished/&lt;&gt;c</FullName>
          <Methods />
        </Class>
        <Class skippedDueTo="Filter">
          <FullName>Xunit.TestAssemblyExecutionStarting</FullName>
          <Methods />
        </Class>
        <Class skippedDueTo="Filter">
          <FullName>Xunit.TestAssemblyExecutionStarting/&lt;&gt;c</FullName>
          <Methods />
        </Class>
        <Class skippedDueTo="Filter">
          <FullName>Xunit.TestExecutionSummary</FullName>
          <Methods />
        </Class>
        <Class skippedDueTo="Filter">
          <FullName>Xunit.TestExecutionSummary/&lt;&gt;c</FullName>
          <Methods />
        </Class>
        <Class skippedDueTo="Filter">
          <FullName>Xunit.XunitFilters</FullName>
          <Methods />
        </Class>
        <Class skippedDueTo="Filter">
          <FullName>Xunit.XunitFilters/ChangeTrackingHashSet`1</FullName>
          <Methods />
        </Class>
        <Class skippedDueTo="Filter">
          <FullName>Xunit.XunitFilters/&lt;&gt;c__DisplayClass32_0</FullName>
          <Methods />
        </Class>
        <Class skippedDueTo="Filter">
          <FullName>Xunit.XunitFilters/&lt;&gt;c__DisplayClass33_0</FullName>
          <Methods />
        </Class>
        <Class skippedDueTo="Filter">
          <FullName>Xunit.XunitProject</FullName>
          <Methods />
        </Class>
        <Class skippedDueTo="Filter">
          <FullName>Xunit.XunitProjectAssembly</FullName>
          <Methods />
        </Class>
        <Class skippedDueTo="Filter">
          <FullName>Xunit.DefaultRunnerReporter</FullName>
          <Methods />
        </Class>
        <Class skippedDueTo="Filter">
          <FullName>Xunit.DefaultRunnerReporterMessageHandler</FullName>
          <Methods />
        </Class>
        <Class skippedDueTo="Filter">
          <FullName>Xunit.DefaultRunnerReporterMessageHandler/ReaderWriterLockWrapper</FullName>
          <Methods />
        </Class>
        <Class skippedDueTo="Filter">
          <FullName>Xunit.DefaultRunnerReporterMessageHandler/&lt;&gt;c</FullName>
          <Methods />
        </Class>
        <Class skippedDueTo="Filter">
          <FullName>Xunit.DefaultRunnerReporterWithTypes</FullName>
          <Methods />
        </Class>
        <Class skippedDueTo="Filter">
          <FullName>Xunit.DefaultRunnerReporterWithTypesMessageHandler</FullName>
          <Methods />
        </Class>
        <Class skippedDueTo="Filter">
          <FullName>Xunit.DefaultRunnerReporterWithTypesMessageHandler/ReaderWriterLockWrapper</FullName>
          <Methods />
        </Class>
        <Class skippedDueTo="Filter">
          <FullName>Xunit.DefaultRunnerReporterWithTypesMessageHandler/&lt;&gt;c</FullName>
          <Methods />
        </Class>
        <Class skippedDueTo="Filter">
          <FullName>Xunit.AggregateMessageSink</FullName>
          <Methods />
        </Class>
        <Class skippedDueTo="Filter">
          <FullName>Xunit.DelegatingExecutionSummarySink</FullName>
          <Methods />
        </Class>
        <Class skippedDueTo="Filter">
          <FullName>Xunit.DelegatingExecutionSummarySink/&lt;&gt;c</FullName>
          <Methods />
        </Class>
        <Class skippedDueTo="Filter">
          <FullName>Xunit.DelegatingFailSkipSink</FullName>
          <Methods />
        </Class>
        <Class skippedDueTo="Filter">
          <FullName>Xunit.DelegatingLongRunningTestDetectionSink</FullName>
          <Methods />
        </Class>
        <Class skippedDueTo="Filter">
          <FullName>Xunit.DelegatingLongRunningTestDetectionSink/&lt;&gt;c__DisplayClass8_0</FullName>
          <Methods />
        </Class>
        <Class skippedDueTo="Filter">
          <FullName>Xunit.DelegatingLongRunningTestDetectionSink/&lt;&gt;c</FullName>
          <Methods />
        </Class>
        <Class skippedDueTo="Filter">
          <FullName>Xunit.DelegatingLongRunningTestDetectionSink/&lt;&gt;c__DisplayClass23_0</FullName>
          <Methods />
        </Class>
        <Class skippedDueTo="Filter">
          <FullName>Xunit.DelegatingXmlCreationSink</FullName>
          <Methods />
        </Class>
        <Class skippedDueTo="Filter">
          <FullName>Xunit.DelegatingXmlCreationSink/&lt;&gt;c</FullName>
          <Methods />
        </Class>
        <Class skippedDueTo="Filter">
          <FullName>Xunit.DiagnosticEventSink</FullName>
          <Methods />
        </Class>
        <Class skippedDueTo="Filter">
          <FullName>Xunit.DiscoveryEventSink</FullName>
          <Methods />
        </Class>
        <Class skippedDueTo="Filter">
          <FullName>Xunit.ExecutionEventSink</FullName>
          <Methods />
        </Class>
        <Class skippedDueTo="Delegate">
          <FullName>Xunit.MessageHandler`1</FullName>
          <Methods />
        </Class>
        <Class skippedDueTo="Filter">
          <FullName>Xunit.MessageHandlerArgs</FullName>
          <Methods />
        </Class>
        <Class skippedDueTo="Filter">
          <FullName>Xunit.MessageHandlerArgs`1</FullName>
          <Methods />
        </Class>
        <Class skippedDueTo="Filter">
          <FullName>Xunit.RunnerEventSink</FullName>
          <Methods />
        </Class>
        <Class skippedDueTo="Filter">
          <FullName>Xunit.TestDiscoverySink</FullName>
          <Methods />
        </Class>
        <Class skippedDueTo="Filter">
          <FullName>Xunit.TestDiscoverySink/&lt;&gt;c</FullName>
          <Methods />
        </Class>
        <Class skippedDueTo="Filter">
          <FullName>Xunit.TestMessageSink</FullName>
          <Methods />
        </Class>
        <Class skippedDueTo="Filter">
          <FullName>Xunit.ConsoleRunnerLogger</FullName>
          <Methods />
        </Class>
        <Class skippedDueTo="Filter">
          <FullName>Xunit.ConsoleRunnerLogger/ColorRestorer</FullName>
          <Methods />
        </Class>
        <Class skippedDueTo="Filter">
          <FullName>Xunit.DiaNavigationData</FullName>
          <Methods />
        </Class>
        <Class skippedDueTo="Filter">
          <FullName>Xunit.DiaSession</FullName>
          <Methods />
        </Class>
        <Class skippedDueTo="Filter">
          <FullName>Xunit.DiaSessionWrapperHelper</FullName>
          <Methods />
        </Class>
        <Class skippedDueTo="Filter">
          <FullName>Xunit.DiaSessionWrapperHelper/&lt;&gt;c</FullName>
          <Methods />
        </Class>
        <Class skippedDueTo="Filter">
          <FullName>Xunit.DiaSessionWrapper</FullName>
          <Methods />
        </Class>
        <Class skippedDueTo="Filter">
          <FullName>Xunit.ExecutionSummary</FullName>
          <Methods />
        </Class>
        <Class skippedDueTo="Filter">
          <FullName>Xunit.RemotingUtility</FullName>
          <Methods />
        </Class>
        <Class skippedDueTo="Filter">
          <FullName>Xunit.StackFrameTransformer</FullName>
          <Methods />
        </Class>
        <Class skippedDueTo="Filter">
          <FullName>Xunit.StackFrameTransformer/&lt;&gt;c__DisplayClass3_0</FullName>
          <Methods />
        </Class>
        <Class skippedDueTo="Filter">
          <FullName>Xunit.FailSkipVisitor</FullName>
          <Methods />
        </Class>
        <Class skippedDueTo="Filter">
          <FullName>Xunit.TestDiscoveryVisitor</FullName>
          <Methods />
        </Class>
        <Class skippedDueTo="Filter">
          <FullName>Xunit.TestMessageVisitor</FullName>
          <Methods />
        </Class>
        <Class skippedDueTo="Filter">
          <FullName>Xunit.TestMessageVisitor/&lt;&gt;c</FullName>
          <Methods />
        </Class>
        <Class skippedDueTo="Filter">
          <FullName>Xunit.TestMessageVisitor`1</FullName>
          <Methods />
        </Class>
        <Class skippedDueTo="Filter">
          <FullName>Xunit.XmlAggregateVisitor</FullName>
          <Methods />
        </Class>
        <Class skippedDueTo="Filter">
          <FullName>Xunit.XmlTestExecutionVisitor</FullName>
          <Methods />
        </Class>
        <Class skippedDueTo="Filter">
          <FullName>Xunit.XmlTestExecutionVisitor/&lt;&gt;c</FullName>
          <Methods />
        </Class>
        <Class skippedDueTo="Filter">
          <FullName>Xunit.ConsoleHelper</FullName>
          <Methods />
        </Class>
        <Class skippedDueTo="Filter">
          <FullName>Xunit.ExceptionUtility</FullName>
          <Methods />
        </Class>
        <Class skippedDueTo="Filter">
          <FullName>Xunit.ExceptionUtility/FailureInformation</FullName>
          <Methods />
        </Class>
        <Class skippedDueTo="Filter">
          <FullName>Xunit.ExceptionUtility/&lt;SplitLines&gt;d__9</FullName>
          <Methods />
        </Class>
        <Class skippedDueTo="Filter">
          <FullName>Xunit.JsonArray</FullName>
          <Methods />
        </Class>
        <Class skippedDueTo="Filter">
          <FullName>Xunit.JsonBoolean</FullName>
          <Methods />
        </Class>
        <Class skippedDueTo="Filter">
          <FullName>Xunit.JsonBuffer</FullName>
          <Methods />
        </Class>
        <Class skippedDueTo="Filter">
          <FullName>Xunit.JsonDeserializer</FullName>
          <Methods />
        </Class>
        <Class skippedDueTo="Filter">
          <FullName>Xunit.JsonDeserializerException</FullName>
          <Methods />
        </Class>
        <Class skippedDueTo="Filter">
          <FullName>Xunit.JsonDeserializerResource</FullName>
          <Methods />
        </Class>
        <Class skippedDueTo="Filter">
          <FullName>Xunit.JsonNull</FullName>
          <Methods />
        </Class>
        <Class skippedDueTo="Filter">
          <FullName>Xunit.JsonNumber</FullName>
          <Methods />
        </Class>
        <Class skippedDueTo="Filter">
          <FullName>Xunit.JsonObject</FullName>
          <Methods />
        </Class>
        <Class skippedDueTo="Filter">
          <FullName>Xunit.JsonString</FullName>
          <Methods />
        </Class>
        <Class skippedDueTo="Filter">
          <FullName>Xunit.JsonValue</FullName>
          <Methods />
        </Class>
        <Class skippedDueTo="Filter">
          <FullName>Xunit.NullMessageSink</FullName>
          <Methods />
        </Class>
        <Class skippedDueTo="Filter">
          <FullName>Xunit.SourceInformation</FullName>
          <Methods />
        </Class>
        <Class skippedDueTo="Filter">
          <FullName>Xunit._DiagnosticMessage</FullName>
          <Methods />
        </Class>
        <Class skippedDueTo="Filter">
          <FullName>Xunit.AfterTestFinished</FullName>
          <Methods />
        </Class>
        <Class skippedDueTo="Filter">
          <FullName>Xunit.AfterTestStarting</FullName>
          <Methods />
        </Class>
        <Class skippedDueTo="Filter">
          <FullName>Xunit.TestAssemblyMessage</FullName>
          <Methods />
        </Class>
        <Class skippedDueTo="Filter">
          <FullName>Xunit.TestCaseMessage</FullName>
          <Methods />
        </Class>
        <Class skippedDueTo="Filter">
          <FullName>Xunit.TestClassMessage</FullName>
          <Methods />
        </Class>
        <Class skippedDueTo="Filter">
          <FullName>Xunit.TestCollectionMessage</FullName>
          <Methods />
        </Class>
        <Class skippedDueTo="Filter">
          <FullName>Xunit.TestMessage</FullName>
          <Methods />
        </Class>
        <Class skippedDueTo="Filter">
          <FullName>Xunit.TestMethodMessage</FullName>
          <Methods />
        </Class>
        <Class skippedDueTo="Filter">
          <FullName>Xunit.TestResultMessage</FullName>
          <Methods />
        </Class>
        <Class skippedDueTo="Filter">
          <FullName>Xunit.BeforeTestFinished</FullName>
          <Methods />
        </Class>
        <Class skippedDueTo="Filter">
          <FullName>Xunit.BeforeTestStarting</FullName>
          <Methods />
        </Class>
        <Class skippedDueTo="Filter">
          <FullName>Xunit.DiagnosticMessage</FullName>
          <Methods />
        </Class>
        <Class skippedDueTo="Filter">
          <FullName>Xunit.DiagnosticMessage/&lt;&gt;c</FullName>
          <Methods />
        </Class>
        <Class skippedDueTo="Filter">
          <FullName>Xunit.DiscoveryCompleteMessage</FullName>
          <Methods />
        </Class>
        <Class skippedDueTo="Filter">
          <FullName>Xunit.ErrorMessage</FullName>
          <Methods />
        </Class>
        <Class skippedDueTo="Filter">
          <FullName>Xunit.TestAssemblyCleanupFailure</FullName>
          <Methods />
        </Class>
        <Class skippedDueTo="Filter">
          <FullName>Xunit.TestAssemblyFinished</FullName>
          <Methods />
        </Class>
        <Class skippedDueTo="Filter">
          <FullName>Xunit.TestAssemblyStarting</FullName>
          <Methods />
        </Class>
        <Class skippedDueTo="Filter">
          <FullName>Xunit.TestCaseCleanupFailure</FullName>
          <Methods />
        </Class>
        <Class skippedDueTo="Filter">
          <FullName>Xunit.TestCaseDiscoveryMessage</FullName>
          <Methods />
        </Class>
        <Class skippedDueTo="Filter">
          <FullName>Xunit.TestCaseFinished</FullName>
          <Methods />
        </Class>
        <Class skippedDueTo="Filter">
          <FullName>Xunit.TestCaseStarting</FullName>
          <Methods />
        </Class>
        <Class skippedDueTo="Filter">
          <FullName>Xunit.TestClassCleanupFailure</FullName>
          <Methods />
        </Class>
        <Class skippedDueTo="Filter">
          <FullName>Xunit.TestClassConstructionFinished</FullName>
          <Methods />
        </Class>
        <Class skippedDueTo="Filter">
          <FullName>Xunit.TestClassConstructionStarting</FullName>
          <Methods />
        </Class>
        <Class skippedDueTo="Filter">
          <FullName>Xunit.TestClassDisposeFinished</FullName>
          <Methods />
        </Class>
        <Class skippedDueTo="Filter">
          <FullName>Xunit.TestClassDisposeStarting</FullName>
          <Methods />
        </Class>
        <Class skippedDueTo="Filter">
          <FullName>Xunit.TestClassFinished</FullName>
          <Methods />
        </Class>
        <Class skippedDueTo="Filter">
          <FullName>Xunit.TestClassStarting</FullName>
          <Methods />
        </Class>
        <Class skippedDueTo="Filter">
          <FullName>Xunit.TestCleanupFailure</FullName>
          <Methods />
        </Class>
        <Class skippedDueTo="Filter">
          <FullName>Xunit.TestCollectionCleanupFailure</FullName>
          <Methods />
        </Class>
        <Class skippedDueTo="Filter">
          <FullName>Xunit.TestCollectionFinished</FullName>
          <Methods />
        </Class>
        <Class skippedDueTo="Filter">
          <FullName>Xunit.TestCollectionStarting</FullName>
          <Methods />
        </Class>
        <Class skippedDueTo="Filter">
          <FullName>Xunit.TestFailed</FullName>
          <Methods />
        </Class>
        <Class skippedDueTo="Filter">
          <FullName>Xunit.TestFinished</FullName>
          <Methods />
        </Class>
        <Class skippedDueTo="Filter">
          <FullName>Xunit.TestMethodCleanupFailure</FullName>
          <Methods />
        </Class>
        <Class skippedDueTo="Filter">
          <FullName>Xunit.TestMethodFinished</FullName>
          <Methods />
        </Class>
        <Class skippedDueTo="Filter">
          <FullName>Xunit.TestMethodStarting</FullName>
          <Methods />
        </Class>
        <Class skippedDueTo="Filter">
          <FullName>Xunit.TestOutput</FullName>
          <Methods />
        </Class>
        <Class skippedDueTo="Filter">
          <FullName>Xunit.TestPassed</FullName>
          <Methods />
        </Class>
        <Class skippedDueTo="Filter">
          <FullName>Xunit.TestSkipped</FullName>
          <Methods />
        </Class>
        <Class skippedDueTo="Filter">
          <FullName>Xunit.TestStarting</FullName>
          <Methods />
        </Class>
        <Class skippedDueTo="Filter">
          <FullName>Xunit.Serialization.XunitSerializationInfo</FullName>
          <Methods />
        </Class>
        <Class skippedDueTo="Filter">
          <FullName>Xunit.Serialization.XunitSerializationInfo/ArraySerializer</FullName>
          <Methods />
        </Class>
        <Class skippedDueTo="Filter">
          <FullName>Xunit.Serialization.XunitSerializationInfo/&lt;&gt;c</FullName>
          <Methods />
        </Class>
        <Class skippedDueTo="Filter">
          <FullName>Xunit.Serialization.XunitSerializationTriple</FullName>
          <Methods />
        </Class>
        <Class skippedDueTo="Filter">
          <FullName>Xunit.Sdk.LongLivedMarshalByRefObject</FullName>
          <Methods />
        </Class>
        <Class skippedDueTo="Filter">
          <FullName>Xunit.Sdk.SerializationHelper</FullName>
          <Methods />
        </Class>
        <Class skippedDueTo="Filter">
          <FullName>Xunit.Sdk.SerializationHelper/&lt;&gt;c</FullName>
          <Methods />
        </Class>
        <Class skippedDueTo="Filter">
          <FullName>Xunit.Sdk.SerializationHelper/&lt;&gt;c__DisplayClass6_0</FullName>
          <Methods />
        </Class>
        <Class skippedDueTo="Filter">
          <FullName>Xunit.Sdk.XunitWorkerThread</FullName>
          <Methods />
        </Class>
        <Class skippedDueTo="Filter">
          <FullName>Xunit.Sdk.XunitWorkerThread/State</FullName>
          <Methods />
        </Class>
        <Class skippedDueTo="Filter">
          <FullName>Xunit.Sdk.XunitWorkerThread/&lt;&gt;c</FullName>
          <Methods />
        </Class>
        <Class skippedDueTo="Filter">
          <FullName>Xunit.Runners.AssemblyRunner</FullName>
          <Methods />
        </Class>
        <Class skippedDueTo="Filter">
          <FullName>Xunit.Runners.AssemblyRunner/&lt;&gt;c__DisplayClass63_0</FullName>
          <Methods />
        </Class>
        <Class skippedDueTo="Filter">
          <FullName>Xunit.Runners.DiagnosticMessageInfo</FullName>
          <Methods />
        </Class>
        <Class skippedDueTo="Filter">
          <FullName>Xunit.Runners.DiscoveryCompleteInfo</FullName>
          <Methods />
        </Class>
        <Class skippedDueTo="Filter">
          <FullName>Xunit.Runners.ErrorMessageInfo</FullName>
          <Methods />
        </Class>
        <Class skippedDueTo="Filter">
          <FullName>Xunit.Runners.ExecutionCompleteInfo</FullName>
          <Methods />
        </Class>
        <Class skippedDueTo="Filter">
          <FullName>Xunit.Runners.TestExecutedInfo</FullName>
          <Methods />
        </Class>
        <Class skippedDueTo="Filter">
          <FullName>Xunit.Runners.TestFailedInfo</FullName>
          <Methods />
        </Class>
        <Class skippedDueTo="Filter">
          <FullName>Xunit.Runners.TestFinishedInfo</FullName>
          <Methods />
        </Class>
        <Class skippedDueTo="Filter">
          <FullName>Xunit.Runners.TestInfo</FullName>
          <Methods />
        </Class>
        <Class skippedDueTo="Filter">
          <FullName>Xunit.Runners.TestOutputInfo</FullName>
          <Methods />
        </Class>
        <Class skippedDueTo="Filter">
          <FullName>Xunit.Runners.TestPassedInfo</FullName>
          <Methods />
        </Class>
        <Class skippedDueTo="Filter">
          <FullName>Xunit.Runners.TestSkippedInfo</FullName>
          <Methods />
        </Class>
        <Class skippedDueTo="Filter">
          <FullName>Xunit.Runners.TestStartingInfo</FullName>
          <Methods />
        </Class>
      </Classes>
    </Module>
    <Module skippedDueTo="Filter" hash="79-CE-21-28-C4-70-8F-51-25-40-5A-E2-6B-43-E6-0A-83-10-D6-AD">
      <ModulePath>c:\program files\dotnet\shared\Microsoft.NETCore.App\5.0.0\System.Threading.Thread.dll</ModulePath>
      <ModuleTime>2020-10-19T22:14:46Z</ModuleTime>
      <ModuleName>System.Threading.Thread</ModuleName>
      <Classes />
    </Module>
    <Module skippedDueTo="Filter" hash="C3-2B-92-9F-4D-3A-C7-2A-07-6F-D0-DC-E3-F0-AD-2D-5E-87-06-A6">
      <ModulePath>c:\program files\dotnet\shared\Microsoft.NETCore.App\5.0.0\System.Security.Cryptography.Algorithms.dll</ModulePath>
      <ModuleTime>2020-10-19T22:16:22Z</ModuleTime>
      <ModuleName>System.Security.Cryptography.Algorithms</ModuleName>
      <Classes />
    </Module>
    <Module skippedDueTo="MissingPdb" hash="F6-EE-71-1B-0B-FD-90-44-CE-E1-C0-44-EC-94-B9-13-AF-C2-A3-A7">
      <ModulePath>C:\Users\DELL\source\repos\Armazenagem3L-API\Armazenagem-3LC__Tests\bin\Debug\net5.0\pt-BR\Microsoft.VisualStudio.TestPlatform.Common.resources.dll</ModulePath>
      <ModuleTime>2020-08-19T19:36:10Z</ModuleTime>
      <ModuleName>Microsoft.VisualStudio.TestPlatform.Common.resources</ModuleName>
      <Classes />
    </Module>
    <Module skippedDueTo="MissingPdb" hash="C1-E6-95-46-6B-22-AB-AD-8C-29-08-C6-4F-A8-BC-C8-E3-D9-B3-83">
      <ModulePath>C:\Users\DELL\source\repos\Armazenagem3L-API\Armazenagem-3LC__Tests\bin\Debug\net5.0\NuGet.Frameworks.dll</ModulePath>
      <ModuleTime>2019-04-01T21:23:50Z</ModuleTime>
      <ModuleName>NuGet.Frameworks</ModuleName>
      <Classes />
    </Module>
    <Module skippedDueTo="Filter" hash="5E-DA-9F-1D-9B-1A-40-55-8A-69-E8-05-64-91-18-40-8B-0E-90-D9">
      <ModulePath>c:\program files\dotnet\shared\Microsoft.NETCore.App\5.0.0\System.Reflection.Metadata.dll</ModulePath>
      <ModuleTime>2020-10-19T22:14:40Z</ModuleTime>
      <ModuleName>System.Reflection.Metadata</ModuleName>
      <Classes />
    </Module>
    <Module skippedDueTo="Filter" hash="0E-9C-61-9C-9D-8D-CF-3C-5C-0F-A3-D0-9B-30-7F-A5-6D-6A-0B-FD">
      <ModulePath>c:\program files\dotnet\shared\Microsoft.NETCore.App\5.0.0\System.Collections.Immutable.dll</ModulePath>
      <ModuleTime>2020-10-19T22:14:22Z</ModuleTime>
      <ModuleName>System.Collections.Immutable</ModuleName>
      <Classes />
    </Module>
    <Module skippedDueTo="Filter" hash="17-8A-8C-21-F5-73-E0-8E-A7-ED-33-98-EE-86-23-75-50-77-55-78">
      <ModulePath>c:\program files\dotnet\shared\Microsoft.NETCore.App\5.0.0\System.Xml.XDocument.dll</ModulePath>
      <ModuleTime>2020-10-19T22:14:16Z</ModuleTime>
      <ModuleName>System.Xml.XDocument</ModuleName>
      <Classes />
    </Module>
    <Module skippedDueTo="Filter" hash="38-89-E3-4F-72-A3-0F-CF-54-EC-94-74-EB-6E-E5-94-92-0E-40-AF">
      <ModulePath>c:\program files\dotnet\shared\Microsoft.NETCore.App\5.0.0\System.Private.Xml.Linq.dll</ModulePath>
      <ModuleTime>2020-10-19T22:15:10Z</ModuleTime>
      <ModuleName>System.Private.Xml.Linq</ModuleName>
      <Classes />
    </Module>
    <Module skippedDueTo="Filter" hash="44-DC-AC-10-11-A8-87-47-18-29-D4-08-91-38-B9-12-6E-70-8E-13">
      <ModulePath>c:\program files\dotnet\shared\Microsoft.NETCore.App\5.0.0\System.Text.Encoding.Extensions.dll</ModulePath>
      <ModuleTime>2020-10-19T22:15:36Z</ModuleTime>
      <ModuleName>System.Text.Encoding.Extensions</ModuleName>
      <Classes />
    </Module>
    <Module skippedDueTo="Filter" hash="24-E3-14-DA-FD-41-F9-6F-BA-9A-E1-43-D5-07-EE-BC-19-CB-21-0F">
      <ModulePath>c:\program files\dotnet\shared\Microsoft.NETCore.App\5.0.0\System.IO.dll</ModulePath>
      <ModuleTime>2020-10-19T22:14:30Z</ModuleTime>
      <ModuleName>System.IO</ModuleName>
      <Classes />
    </Module>
    <Module skippedDueTo="Filter" hash="A0-AC-AB-3B-DE-38-E0-09-11-B2-E6-35-50-00-3F-98-C4-32-FB-63">
      <ModulePath>c:\program files\dotnet\shared\Microsoft.NETCore.App\5.0.0\System.Console.dll</ModulePath>
      <ModuleTime>2020-10-19T22:15:52Z</ModuleTime>
      <ModuleName>System.Console</ModuleName>
      <Classes />
    </Module>
    <Module hash="68-85-A3-7A-D9-29-52-A7-8F-2D-AF-76-3B-EA-C9-12-08-6B-8B-40">
      <Summary numSequencePoints="0" visitedSequencePoints="0" numBranchPoints="0" visitedBranchPoints="0" sequenceCoverage="0" branchCoverage="0" maxCyclomaticComplexity="0" minCyclomaticComplexity="0" maxCrapScore="0" minCrapScore="0" visitedClasses="0" numClasses="0" visitedMethods="0" numMethods="0" />
      <ModulePath>C:\Users\DELL\source\repos\Armazenagem3L-API\Armazenagem-3LC__Tests\bin\Debug\net5.0\Armazenagem-3LC__Tests.dll</ModulePath>
      <ModuleTime>2020-12-22T14:47:38.6544829Z</ModuleTime>
      <ModuleName>Armazenagem-3LC__Tests</ModuleName>
      <Files />
      <Classes>
        <Class skippedDueTo="Filter">
          <FullName>&lt;Module&gt;</FullName>
          <Methods />
        </Class>
        <Class skippedDueTo="Filter">
          <FullName>AutoGeneratedProgram</FullName>
          <Methods />
        </Class>
        <Class skippedDueTo="Filter">
          <FullName>Armazenagem_3LC__Tests.CargaServiceTest</FullName>
          <Methods />
        </Class>
        <Class skippedDueTo="Filter">
          <FullName>Armazenagem_3LC__Tests.CargaServiceTest/&lt;&gt;c</FullName>
          <Methods />
        </Class>
        <Class skippedDueTo="Filter">
          <FullName>Armazenagem_3LC__Tests.MotoristaServiceTest</FullName>
          <Methods />
        </Class>
        <Class skippedDueTo="Filter">
          <FullName>Armazenagem_3LC__Tests.MotoristaServiceTest/&lt;&gt;c</FullName>
          <Methods />
        </Class>
        <Class skippedDueTo="Filter">
          <FullName>Armazenagem_3LC__Tests.ProdutoServiceTest</FullName>
          <Methods />
        </Class>
        <Class skippedDueTo="Filter">
          <FullName>Armazenagem_3LC__Tests.ProdutoServiceTest/&lt;&gt;c</FullName>
          <Methods />
        </Class>
      </Classes>
    </Module>
    <Module skippedDueTo="MissingPdb" hash="1B-C8-5E-15-86-C8-33-45-A1-6A-73-C1-FC-AD-DF-63-1C-24-B8-23">
      <ModulePath>C:\Users\DELL\source\repos\Armazenagem3L-API\Armazenagem-3LC__Tests\bin\Debug\net5.0\Castle.Core.dll</ModulePath>
      <ModuleTime>2019-04-05T04:50:28Z</ModuleTime>
      <ModuleName>Castle.Core</ModuleName>
      <Classes />
    </Module>
    <Module skippedDueTo="Filter" hash="8C-35-F8-5A-A2-33-10-3F-B9-56-F4-13-66-6C-96-09-B5-D5-48-39">
      <ModulePath>c:\program files\dotnet\shared\Microsoft.NETCore.App\5.0.0\System.Reflection.dll</ModulePath>
      <ModuleTime>2020-10-19T22:14:38Z</ModuleTime>
      <ModuleName>System.Reflection</ModuleName>
      <Classes />
    </Module>
    <Module skippedDueTo="Filter" hash="97-55-F7-5B-93-43-58-AA-A9-6B-D0-F3-71-B0-07-3E-B3-FB-74-B8">
      <ModulePath>c:\program files\dotnet\shared\Microsoft.NETCore.App\5.0.0\System.Reflection.Extensions.dll</ModulePath>
      <ModuleTime>2020-10-19T22:15:08Z</ModuleTime>
      <ModuleName>System.Reflection.Extensions</ModuleName>
      <Classes />
    </Module>
    <Module skippedDueTo="Filter" hash="2C-DA-AA-FE-F9-F7-48-5F-72-56-E6-3B-1E-3E-76-45-6C-E4-BD-A6">
      <ModulePath>c:\program files\dotnet\shared\Microsoft.NETCore.App\5.0.0\System.Dynamic.Runtime.dll</ModulePath>
      <ModuleTime>2020-10-19T22:15:50Z</ModuleTime>
      <ModuleName>System.Dynamic.Runtime</ModuleName>
      <Classes />
    </Module>
    <Module skippedDueTo="MissingPdb" hash="D5-3C-2B-A8-ED-75-71-BF-5F-60-75-9D-67-CC-7C-AE-1E-CB-CA-00">
      <ModulePath>C:\Users\DELL\source\repos\Armazenagem3L-API\Armazenagem-3LC__Tests\bin\Debug\net5.0\EntityFramework.SqlServer.dll</ModulePath>
      <ModuleTime>2020-04-16T23:39:00Z</ModuleTime>
      <ModuleName>EntityFramework.SqlServer</ModuleName>
      <Classes />
    </Module>
    <Module skippedDueTo="MissingPdb" hash="15-86-44-37-3A-A9-A2-C3-30-32-C5-C0-7E-43-0A-12-0D-7D-37-54">
      <ModulePath>C:\Users\DELL\source\repos\Armazenagem3L-API\Armazenagem-3LC__Tests\bin\Debug\net5.0\EntityFramework.dll</ModulePath>
      <ModuleTime>2020-04-16T23:38:44Z</ModuleTime>
      <ModuleName>EntityFramework</ModuleName>
      <Classes />
    </Module>
    <Module skippedDueTo="Filter" hash="21-32-45-1E-6D-C8-B1-C1-85-68-18-1D-DB-5D-69-7A-49-1E-F7-FA">
      <ModulePath>C:\Users\DELL\source\repos\Armazenagem3L-API\Armazenagem-3LC__Tests\bin\Debug\net5.0\System.Configuration.ConfigurationManager.dll</ModulePath>
      <ModuleTime>2019-11-15T11:37:04Z</ModuleTime>
      <ModuleName>System.Configuration.ConfigurationManager</ModuleName>
      <Classes />
    </Module>
    <Module skippedDueTo="Filter" hash="A5-DE-7C-21-26-45-B1-45-90-85-B9-D1-31-DB-B9-6F-8F-74-4B-06">
      <ModulePath>c:\program files\dotnet\shared\Microsoft.NETCore.App\5.0.0\System.ComponentModel.Annotations.dll</ModulePath>
      <ModuleTime>2020-10-19T22:15:26Z</ModuleTime>
      <ModuleName>System.ComponentModel.Annotations</ModuleName>
      <Classes />
    </Module>
    <Module skippedDueTo="Filter" hash="7D-F7-9E-E8-35-4F-8F-87-2E-7B-C0-F2-B5-BE-FE-DE-2C-A4-EF-24">
      <ModulePath>c:\program files\dotnet\shared\Microsoft.NETCore.App\5.0.0\System.Runtime.Serialization.Xml.dll</ModulePath>
      <ModuleTime>2020-10-19T22:16:22Z</ModuleTime>
      <ModuleName>System.Runtime.Serialization.Xml</ModuleName>
      <Classes />
    </Module>
    <Module skippedDueTo="Filter" hash="76-94-C1-B9-ED-05-DE-A3-3F-7E-A5-79-44-A1-92-E4-A3-AA-9A-CA">
      <ModulePath>c:\program files\dotnet\shared\Microsoft.NETCore.App\5.0.0\System.Private.DataContractSerialization.dll</ModulePath>
      <ModuleTime>2020-10-19T22:16:00Z</ModuleTime>
      <ModuleName>System.Private.DataContractSerialization</ModuleName>
      <Classes />
    </Module>
    <Module skippedDueTo="Filter" hash="72-5F-D9-47-9F-D5-38-89-E4-92-65-26-BB-52-CA-D7-FD-B0-CD-3B">
      <ModulePath>c:\program files\dotnet\shared\Microsoft.NETCore.App\5.0.0\System.Transactions.Local.dll</ModulePath>
      <ModuleTime>2020-10-19T22:15:12Z</ModuleTime>
      <ModuleName>System.Transactions.Local</ModuleName>
      <Classes />
    </Module>
    <Module skippedDueTo="Filter" hash="E8-01-61-92-D0-A6-73-8C-D0-75-F8-37-10-98-45-37-6B-27-0F-14">
      <ModulePath>C:\Users\DELL\source\repos\Armazenagem3L-API\Armazenagem-3LC__Tests\bin\Debug\net5.0\System.Net.Http.Formatting.dll</ModulePath>
      <ModuleTime>2018-11-28T15:00:36Z</ModuleTime>
      <ModuleName>System.Net.Http.Formatting</ModuleName>
      <Classes />
    </Module>
    <Module skippedDueTo="Filter" hash="5F-40-05-FB-C2-FD-BC-B9-32-ED-10-69-78-25-1B-9A-0C-EA-44-C5">
      <ModulePath>c:\program files\dotnet\shared\Microsoft.NETCore.App\5.0.0\System.Net.Http.dll</ModulePath>
      <ModuleTime>2020-10-19T22:15:02Z</ModuleTime>
      <ModuleName>System.Net.Http</ModuleName>
      <Classes />
    </Module>
    <Module skippedDueTo="Filter" hash="C2-AE-C3-BD-D8-BE-78-62-3B-27-0D-4C-FF-A2-21-F0-39-53-79-01">
      <ModulePath>c:\program files\dotnet\shared\Microsoft.NETCore.App\5.0.0\System.ComponentModel.EventBasedAsync.dll</ModulePath>
      <ModuleTime>2020-10-19T22:14:58Z</ModuleTime>
      <ModuleName>System.ComponentModel.EventBasedAsync</ModuleName>
      <Classes />
    </Module>
    <Module skippedDueTo="Filter" hash="F0-75-95-99-12-3B-46-21-20-80-FA-42-E8-4F-23-D2-EA-2D-7B-0A">
      <ModulePath>C:\Users\DELL\source\repos\Armazenagem3L-API\Armazenagem-3LC__Tests\bin\Debug\net5.0\System.Web.Http.dll</ModulePath>
      <ModuleTime>2018-11-28T15:01:00Z</ModuleTime>
      <ModuleName>System.Web.Http</ModuleName>
      <Classes />
    </Module>
    <Module skippedDueTo="Filter" hash="B0-1C-81-66-89-17-EB-6B-85-66-C1-FE-21-0F-B3-00-64-8D-97-BA">
      <ModulePath>c:\program files\dotnet\shared\Microsoft.NETCore.App\5.0.0\mscorlib.dll</ModulePath>
      <ModuleTime>2020-10-19T22:10:14Z</ModuleTime>
      <ModuleName>mscorlib</ModuleName>
      <Classes />
    </Module>
    <Module skippedDueTo="Filter" hash="49-D9-DA-34-6F-30-9B-09-47-BF-E7-64-90-95-EE-F9-22-CE-73-01">
      <ModulePath>c:\program files\dotnet\shared\Microsoft.NETCore.App\5.0.0\System.Xml.dll</ModulePath>
      <ModuleTime>2020-10-19T22:15:02Z</ModuleTime>
      <ModuleName>System.Xml</ModuleName>
      <Classes />
    </Module>
    <Module skippedDueTo="Filter" hash="8B-FF-A9-9A-53-A2-8C-93-05-FC-BB-7A-1C-05-F3-3E-66-1D-2E-48">
      <ModulePath>c:\program files\dotnet\shared\Microsoft.NETCore.App\5.0.0\System.dll</ModulePath>
      <ModuleTime>2020-10-19T22:15:52Z</ModuleTime>
      <ModuleName>System</ModuleName>
      <Classes />
    </Module>
    <Module skippedDueTo="Filter" hash="2F-5F-F4-01-E0-63-FE-AB-57-FB-FD-F6-3B-4B-9D-BD-71-29-A4-1B">
      <ModulePath>c:\program files\dotnet\shared\Microsoft.NETCore.App\5.0.0\System.Core.dll</ModulePath>
      <ModuleTime>2020-10-19T22:13:58Z</ModuleTime>
      <ModuleName>System.Core</ModuleName>
      <Classes />
    </Module>
    <Module skippedDueTo="Filter" hash="1A-11-01-89-B4-12-31-A5-00-64-8D-83-0E-4E-C5-A1-C1-7E-33-C4">
      <ModulePath>c:\program files\dotnet\shared\Microsoft.NETCore.App\5.0.0\System.Runtime.Serialization.dll</ModulePath>
      <ModuleTime>2020-10-19T22:14:40Z</ModuleTime>
      <ModuleName>System.Runtime.Serialization</ModuleName>
      <Classes />
    </Module>
    <Module skippedDueTo="Filter" hash="2C-E7-B9-82-4E-0D-F9-06-25-1D-DB-BE-5D-1E-7B-10-61-83-AE-BE">
      <ModulePath>c:\program files\dotnet\shared\Microsoft.NETCore.App\5.0.0\System.Runtime.Serialization.Json.dll</ModulePath>
      <ModuleTime>2020-10-19T22:15:10Z</ModuleTime>
      <ModuleName>System.Runtime.Serialization.Json</ModuleName>
      <Classes />
    </Module>
    <Module skippedDueTo="Filter" hash="8E-1A-9E-0B-77-E9-DE-C3-9B-04-6A-29-A0-B2-27-FC-9C-FE-29-F1">
      <ModulePath>c:\program files\dotnet\shared\Microsoft.NETCore.App\5.0.0\System.Xml.XmlSerializer.dll</ModulePath>
      <ModuleTime>2020-10-19T22:14:38Z</ModuleTime>
      <ModuleName>System.Xml.XmlSerializer</ModuleName>
      <Classes />
    </Module>
    <Module skippedDueTo="MissingPdb" hash="94-37-A6-E0-42-BF-D2-A5-42-74-22-F2-7B-B1-8B-ED-94-8D-F2-F8">
      <ModulePath>C:\Users\DELL\source\repos\Armazenagem3L-API\Armazenagem-3LC__Tests\bin\Debug\net5.0\Microsoft.AspNetCore.Authentication.JwtBearer.dll</ModulePath>
      <ModuleTime>2020-10-27T01:59:54Z</ModuleTime>
      <ModuleName>Microsoft.AspNetCore.Authentication.JwtBearer</ModuleName>
      <Classes />
    </Module>
    <Module skippedDueTo="MissingPdb" hash="B2-4A-91-71-0C-FF-DA-B9-25-EC-D6-78-0F-42-D5-45-59-C4-62-59">
      <ModulePath>c:\program files\dotnet\shared\Microsoft.AspNetCore.App\5.0.0\Microsoft.AspNetCore.Authentication.dll</ModulePath>
      <ModuleTime>2020-10-27T02:01:38Z</ModuleTime>
      <ModuleName>Microsoft.AspNetCore.Authentication</ModuleName>
      <Classes />
    </Module>
    <Module skippedDueTo="MissingPdb" hash="84-FC-7F-0C-C4-0C-3F-C0-8A-AE-79-1F-08-33-C9-97-F7-9A-65-40">
      <ModulePath>c:\program files\dotnet\shared\Microsoft.AspNetCore.App\5.0.0\Microsoft.AspNetCore.Authentication.Abstractions.dll</ModulePath>
      <ModuleTime>2020-10-27T02:01:38Z</ModuleTime>
      <ModuleName>Microsoft.AspNetCore.Authentication.Abstractions</ModuleName>
      <Classes />
    </Module>
    <Module skippedDueTo="MissingPdb" hash="D0-63-DE-3C-5D-BF-74-30-0F-7C-65-CE-13-5D-01-87-2D-59-C6-F2">
      <ModulePath>c:\program files\dotnet\shared\Microsoft.AspNetCore.App\5.0.0\Microsoft.AspNetCore.Http.Abstractions.dll</ModulePath>
      <ModuleTime>2020-10-27T02:01:44Z</ModuleTime>
      <ModuleName>Microsoft.AspNetCore.Http.Abstractions</ModuleName>
      <Classes />
    </Module>
    <Module skippedDueTo="MissingPdb" hash="75-C9-89-99-36-4C-DB-47-C2-4F-A0-3F-82-A5-B3-05-84-53-41-D0">
      <ModulePath>c:\program files\dotnet\shared\Microsoft.AspNetCore.App\5.0.0\Microsoft.Extensions.Options.dll</ModulePath>
      <ModuleTime>2020-10-27T02:01:34Z</ModuleTime>
      <ModuleName>Microsoft.Extensions.Options</ModuleName>
      <Classes />
    </Module>
    <Module skippedDueTo="MissingPdb" hash="8F-9A-5E-4B-4F-1F-03-E8-37-CA-3A-45-68-74-14-28-19-9B-20-2B">
      <ModulePath>C:\Users\DELL\source\repos\Armazenagem3L-API\Armazenagem-3LC__Tests\bin\Debug\net5.0\Microsoft.IdentityModel.Protocols.OpenIdConnect.dll</ModulePath>
      <ModuleTime>2020-06-30T04:13:54Z</ModuleTime>
      <ModuleName>Microsoft.IdentityModel.Protocols.OpenIdConnect</ModuleName>
      <Classes />
    </Module>
    <Module skippedDueTo="MissingPdb" hash="8A-FC-25-A3-11-5B-C5-CC-B7-23-F9-ED-F5-45-99-6D-82-E4-E1-DC">
      <ModulePath>C:\Users\DELL\source\repos\Armazenagem3L-API\Armazenagem-3LC__Tests\bin\Debug\net5.0\Microsoft.AspNetCore.Authentication.OpenIdConnect.dll</ModulePath>
      <ModuleTime>2020-10-27T02:00:10Z</ModuleTime>
      <ModuleName>Microsoft.AspNetCore.Authentication.OpenIdConnect</ModuleName>
      <Classes />
    </Module>
    <Module skippedDueTo="MissingPdb" hash="1A-54-3F-26-24-6C-F3-FD-4C-20-8E-C4-EA-5B-FF-98-DE-32-80-EB">
      <ModulePath>c:\program files\dotnet\shared\Microsoft.AspNetCore.App\5.0.0\Microsoft.AspNetCore.Authentication.OAuth.dll</ModulePath>
      <ModuleTime>2020-10-27T02:01:38Z</ModuleTime>
      <ModuleName>Microsoft.AspNetCore.Authentication.OAuth</ModuleName>
      <Classes />
    </Module>
    <Module skippedDueTo="Filter" hash="3E-62-E0-43-1B-CD-BC-63-3B-BD-C1-5B-A3-79-6A-88-7F-B8-5F-7C">
      <ModulePath>c:\program files\dotnet\shared\Microsoft.NETCore.App\5.0.0\System.Text.Json.dll</ModulePath>
      <ModuleTime>2020-10-19T22:15:38Z</ModuleTime>
      <ModuleName>System.Text.Json</ModuleName>
      <Classes />
    </Module>
    <Module skippedDueTo="Filter" hash="F0-DC-58-89-16-46-9E-3B-B3-8A-A3-6A-ED-3F-2D-DB-98-9F-C1-D8">
      <ModulePath>c:\program files\dotnet\shared\Microsoft.NETCore.App\5.0.0\System.Security.Claims.dll</ModulePath>
      <ModuleTime>2020-10-19T22:14:44Z</ModuleTime>
      <ModuleName>System.Security.Claims</ModuleName>
      <Classes />
    </Module>
    <Module skippedDueTo="MissingPdb" hash="B3-8A-1E-26-43-CA-40-DF-17-2F-CB-E7-4C-3C-F8-0A-B4-15-EF-26">
      <ModulePath>c:\program files\dotnet\shared\Microsoft.AspNetCore.App\5.0.0\Microsoft.AspNetCore.Http.Features.dll</ModulePath>
      <ModuleTime>2020-10-27T02:01:46Z</ModuleTime>
      <ModuleName>Microsoft.AspNetCore.Http.Features</ModuleName>
      <Classes />
    </Module>
    <Module skippedDueTo="MissingPdb" hash="61-91-F6-88-9B-C9-E1-29-4A-03-6C-B5-B3-BC-FF-10-02-29-E6-72">
      <ModulePath>c:\program files\dotnet\shared\Microsoft.AspNetCore.App\5.0.0\Microsoft.Extensions.Primitives.dll</ModulePath>
      <ModuleTime>2020-10-27T02:01:34Z</ModuleTime>
      <ModuleName>Microsoft.Extensions.Primitives</ModuleName>
      <Classes />
    </Module>
    <Module skippedDueTo="MissingPdb" hash="BA-14-AE-CF-A2-7B-2F-43-37-BA-EE-1B-42-73-E4-62-DF-3A-A1-19">
      <ModulePath>C:\Users\DELL\source\repos\Armazenagem3L-API\Armazenagem-3LC__Tests\bin\Debug\net5.0\Microsoft.IdentityModel.Protocols.dll</ModulePath>
      <ModuleTime>2020-06-30T04:06:48Z</ModuleTime>
      <ModuleName>Microsoft.IdentityModel.Protocols</ModuleName>
      <Classes />
    </Module>
    <Module skippedDueTo="MissingPdb" hash="03-15-A9-49-1A-2C-4E-BD-D5-3A-A0-4E-18-F4-12-FC-44-32-44-85">
      <ModulePath>C:\Users\DELL\source\repos\Armazenagem3L-API\Armazenagem-3LC__Tests\bin\Debug\net5.0\Microsoft.AspNetCore.JsonPatch.dll</ModulePath>
      <ModuleTime>2020-10-27T01:57:32Z</ModuleTime>
      <ModuleName>Microsoft.AspNetCore.JsonPatch</ModuleName>
      <Classes />
    </Module>
    <Module skippedDueTo="MissingPdb" hash="50-CD-59-BE-D2-00-F0-6F-13-E2-AB-8C-04-DB-9B-F9-8C-E1-36-78">
      <ModulePath>C:\Users\DELL\source\repos\Armazenagem3L-API\Armazenagem-3LC__Tests\bin\Debug\net5.0\Microsoft.AspNetCore.Mvc.NewtonsoftJson.dll</ModulePath>
      <ModuleTime>2020-10-27T02:02:18Z</ModuleTime>
      <ModuleName>Microsoft.AspNetCore.Mvc.NewtonsoftJson</ModuleName>
      <Classes />
    </Module>
    <Module skippedDueTo="MissingPdb" hash="1D-AA-63-8B-9B-CF-DE-BC-43-6E-BD-55-CD-80-C0-F1-49-13-AE-8C">
      <ModulePath>c:\program files\dotnet\shared\Microsoft.AspNetCore.App\5.0.0\Microsoft.AspNetCore.Mvc.Core.dll</ModulePath>
      <ModuleTime>2020-10-27T02:01:48Z</ModuleTime>
      <ModuleName>Microsoft.AspNetCore.Mvc.Core</ModuleName>
      <Classes />
    </Module>
    <Module skippedDueTo="MissingPdb" hash="9C-60-73-DB-04-4E-5C-66-44-EC-AA-5D-CD-76-0E-10-29-3B-0C-32">
      <ModulePath>c:\program files\dotnet\shared\Microsoft.AspNetCore.App\5.0.0\Microsoft.AspNetCore.Mvc.Abstractions.dll</ModulePath>
      <ModuleTime>2020-10-27T02:01:48Z</ModuleTime>
      <ModuleName>Microsoft.AspNetCore.Mvc.Abstractions</ModuleName>
      <Classes />
    </Module>
    <Module skippedDueTo="MissingPdb" hash="F9-52-51-D4-8C-8A-73-7C-2F-5F-AB-F1-3B-2B-12-FC-73-74-61-4F">
      <ModulePath>c:\program files\dotnet\shared\Microsoft.AspNetCore.App\5.0.0\Microsoft.AspNetCore.Mvc.ViewFeatures.dll</ModulePath>
      <ModuleTime>2020-10-27T02:01:52Z</ModuleTime>
      <ModuleName>Microsoft.AspNetCore.Mvc.ViewFeatures</ModuleName>
      <Classes />
    </Module>
    <Module skippedDueTo="MissingPdb" hash="F5-36-4C-1E-E6-53-5D-14-3E-96-C6-2D-3B-CE-F5-05-03-FC-CD-2B">
      <ModulePath>c:\program files\dotnet\shared\Microsoft.AspNetCore.App\5.0.0\Microsoft.Extensions.ObjectPool.dll</ModulePath>
      <ModuleTime>2020-10-27T02:01:58Z</ModuleTime>
      <ModuleName>Microsoft.Extensions.ObjectPool</ModuleName>
      <Classes />
    </Module>
    <Module skippedDueTo="MissingPdb" hash="65-F6-2B-34-29-19-89-39-F1-32-B2-B7-83-9F-42-AA-83-3B-C9-47">
      <ModulePath>c:\program files\dotnet\shared\Microsoft.AspNetCore.App\5.0.0\Microsoft.AspNetCore.Html.Abstractions.dll</ModulePath>
      <ModuleTime>2020-10-27T02:01:44Z</ModuleTime>
      <ModuleName>Microsoft.AspNetCore.Html.Abstractions</ModuleName>
      <Classes />
    </Module>
    <Module skippedDueTo="MissingPdb" hash="F8-41-40-F4-44-EB-7E-65-C6-29-83-CD-88-45-7F-9A-C4-2F-C7-A3">
      <ModulePath>C:\Users\DELL\source\repos\Armazenagem3L-API\Armazenagem-3LC__Tests\bin\Debug\net5.0\Microsoft.VisualStudio.CodeCoverage.Shim.dll</ModulePath>
      <ModuleTime>2020-08-19T19:35:48Z</ModuleTime>
      <ModuleName>Microsoft.VisualStudio.CodeCoverage.Shim</ModuleName>
      <Classes />
    </Module>
    <Module skippedDueTo="MissingPdb" hash="4D-00-DF-BD-5A-67-E7-71-67-A6-B0-DB-5D-DE-6C-74-08-F4-A5-56">
      <ModulePath>C:\Users\DELL\source\repos\Armazenagem3L-API\Armazenagem-3LC__Tests\bin\Debug\net5.0\Microsoft.EntityFrameworkCore.dll</ModulePath>
      <ModuleTime>2020-10-24T09:40:02Z</ModuleTime>
      <ModuleName>Microsoft.EntityFrameworkCore</ModuleName>
      <Classes />
    </Module>
    <Module skippedDueTo="MissingPdb" hash="EA-12-F7-4C-A4-68-7D-7E-76-78-DF-DA-82-40-28-D3-7E-6B-4F-A5">
      <ModulePath>c:\program files\dotnet\shared\Microsoft.AspNetCore.App\5.0.0\Microsoft.Extensions.Logging.Abstractions.dll</ModulePath>
      <ModuleTime>2020-10-27T02:01:32Z</ModuleTime>
      <ModuleName>Microsoft.Extensions.Logging.Abstractions</ModuleName>
      <Classes />
    </Module>
    <Module skippedDueTo="Filter" hash="B1-8B-09-B3-FC-11-E3-5C-40-08-30-99-A5-50-AB-D6-64-E9-AA-C2">
      <ModulePath>c:\program files\dotnet\shared\Microsoft.NETCore.App\5.0.0\System.Net.NetworkInformation.dll</ModulePath>
      <ModuleTime>2020-10-19T22:15:26Z</ModuleTime>
      <ModuleName>System.Net.NetworkInformation</ModuleName>
      <Classes />
    </Module>
    <Module skippedDueTo="MissingPdb" hash="AD-F7-B6-B2-FB-8A-7A-D9-20-B6-09-72-A8-2F-6C-C1-B8-47-D5-F6">
      <ModulePath>C:\Users\DELL\source\repos\Armazenagem3L-API\Armazenagem-3LC__Tests\bin\Debug\net5.0\Microsoft.EntityFrameworkCore.Abstractions.dll</ModulePath>
      <ModuleTime>2020-10-24T09:39:40Z</ModuleTime>
      <ModuleName>Microsoft.EntityFrameworkCore.Abstractions</ModuleName>
      <Classes />
    </Module>
    <Module skippedDueTo="MissingPdb" hash="E0-9C-3C-D8-70-51-74-F8-ED-CF-B6-63-20-B6-6D-ED-AC-8E-08-50">
      <ModulePath>c:\program files\dotnet\shared\Microsoft.AspNetCore.App\5.0.0\Microsoft.Extensions.DependencyInjection.Abstractions.dll</ModulePath>
      <ModuleTime>2020-10-27T02:01:30Z</ModuleTime>
      <ModuleName>Microsoft.Extensions.DependencyInjection.Abstractions</ModuleName>
      <Classes />
    </Module>
    <Module skippedDueTo="MissingPdb" hash="84-D6-FB-5D-58-B1-01-9E-52-97-DD-97-33-AC-0C-8F-79-A9-12-0D">
      <ModulePath>C:\Users\DELL\source\repos\Armazenagem3L-API\Armazenagem-3LC__Tests\bin\Debug\net5.0\Microsoft.EntityFrameworkCore.Relational.dll</ModulePath>
      <ModuleTime>2020-10-24T09:40:08Z</ModuleTime>
      <ModuleName>Microsoft.EntityFrameworkCore.Relational</ModuleName>
      <Classes />
    </Module>
    <Module skippedDueTo="MissingPdb" hash="DD-F5-61-1D-3C-9B-1B-0C-E2-AA-1B-0E-0B-7F-DD-63-04-D8-A9-F7">
      <ModulePath>C:\Users\DELL\source\repos\Armazenagem3L-API\Armazenagem-3LC__Tests\bin\Debug\net5.0\Microsoft.IdentityModel.JsonWebTokens.dll</ModulePath>
      <ModuleTime>2020-06-30T04:04:58Z</ModuleTime>
      <ModuleName>Microsoft.IdentityModel.JsonWebTokens</ModuleName>
      <Classes />
    </Module>
    <Module skippedDueTo="MissingPdb" hash="AC-B2-3E-FB-C5-80-B6-E5-39-51-8A-61-61-EF-50-AE-24-E2-00-9D">
      <ModulePath>C:\Users\DELL\source\repos\Armazenagem3L-API\Armazenagem-3LC__Tests\bin\Debug\net5.0\Microsoft.IdentityModel.Tokens.dll</ModulePath>
      <ModuleTime>2020-06-30T04:09:50Z</ModuleTime>
      <ModuleName>Microsoft.IdentityModel.Tokens</ModuleName>
      <Classes />
    </Module>
    <Module skippedDueTo="MissingPdb" hash="C1-5B-AB-EF-F1-A8-C1-1B-4D-A4-0D-A9-73-2A-F0-1A-49-1B-5C-B6">
      <ModulePath>C:\Users\DELL\source\repos\Armazenagem3L-API\Armazenagem-3LC__Tests\bin\Debug\net5.0\Microsoft.IdentityModel.Logging.dll</ModulePath>
      <ModuleTime>2020-06-30T04:05:58Z</ModuleTime>
      <ModuleName>Microsoft.IdentityModel.Logging</ModuleName>
      <Classes />
    </Module>
    <Module skippedDueTo="Filter" hash="A3-A3-1D-73-B0-90-BB-F1-73-87-2B-22-AD-06-83-00-1E-C2-A3-E6">
      <ModulePath>c:\program files\dotnet\shared\Microsoft.NETCore.App\5.0.0\System.Security.Cryptography.Primitives.dll</ModulePath>
      <ModuleTime>2020-10-19T22:14:44Z</ModuleTime>
      <ModuleName>System.Security.Cryptography.Primitives</ModuleName>
      <Classes />
    </Module>
    <Module skippedDueTo="Filter" hash="73-DF-3B-A2-DD-68-1D-6A-FD-A4-C2-E5-84-3F-A5-04-64-16-51-D9">
      <ModulePath>c:\program files\dotnet\shared\Microsoft.NETCore.App\5.0.0\System.IO.Compression.dll</ModulePath>
      <ModuleTime>2020-10-19T22:14:28Z</ModuleTime>
      <ModuleName>System.IO.Compression</ModuleName>
      <Classes />
    </Module>
    <Module skippedDueTo="MissingPdb" hash="EA-82-07-64-64-B7-D8-67-EA-4E-D5-BE-B0-E9-BD-EB-B8-85-88-F5">
      <ModulePath>C:\Users\DELL\source\repos\Armazenagem3L-API\Armazenagem-3LC__Tests\bin\Debug\net5.0\Microsoft.OpenApi.dll</ModulePath>
      <ModuleTime>2020-08-29T23:14:12Z</ModuleTime>
      <ModuleName>Microsoft.OpenApi</ModuleName>
      <Classes />
    </Module>
    <Module skippedDueTo="Filter" hash="2D-D6-D3-78-94-CC-66-D6-35-FD-E8-86-E9-F3-CC-43-10-3B-E4-D2">
      <ModulePath>c:\program files\dotnet\shared\Microsoft.NETCore.App\5.0.0\System.Diagnostics.TextWriterTraceListener.dll</ModulePath>
      <ModuleTime>2020-10-19T22:14:56Z</ModuleTime>
      <ModuleName>System.Diagnostics.TextWriterTraceListener</ModuleName>
      <Classes />
    </Module>
    <Module skippedDueTo="MissingPdb" hash="49-41-59-B8-AB-2E-70-92-B3-04-D9-43-64-5E-92-B8-B1-B8-9D-C1">
      <ModulePath>C:\Users\DELL\source\repos\Armazenagem3L-API\Armazenagem-3LC__Tests\bin\Debug\net5.0\Microsoft.TestPlatform.Utilities.dll</ModulePath>
      <ModuleTime>2020-08-19T19:36:10Z</ModuleTime>
      <ModuleName>Microsoft.TestPlatform.Utilities</ModuleName>
      <Classes />
    </Module>
    <Module hash="13-FE-6A-C3-3C-81-0A-11-D1-36-9B-9E-F0-0C-1D-95-AD-15-73-78">
      <Summary numSequencePoints="0" visitedSequencePoints="0" numBranchPoints="0" visitedBranchPoints="0" sequenceCoverage="0" branchCoverage="0" maxCyclomaticComplexity="0" minCyclomaticComplexity="0" maxCrapScore="0" minCrapScore="0" visitedClasses="0" numClasses="0" visitedMethods="0" numMethods="0" />
      <ModulePath>C:\Users\DELL\source\repos\Armazenagem3L-API\Armazenagem-3LC__Tests\bin\Debug\net5.0\Moq.dll</ModulePath>
      <ModuleTime>2020-11-26T23:36:50Z</ModuleTime>
      <ModuleName>Moq</ModuleName>
      <Files />
      <Classes>
        <Class skippedDueTo="Filter">
          <FullName>&lt;Module&gt;</FullName>
          <Methods />
        </Class>
        <Class skippedDueTo="Filter">
          <FullName>Microsoft.CodeAnalysis.EmbeddedAttribute</FullName>
          <Methods />
        </Class>
        <Class skippedDueTo="Filter">
          <FullName>System.Runtime.CompilerServices.IsReadOnlyAttribute</FullName>
          <Methods />
        </Class>
        <Class skippedDueTo="Filter">
          <FullName>TypeNameFormatter.TypeName</FullName>
          <Methods />
        </Class>
        <Class skippedDueTo="Filter">
          <FullName>Moq.ActionObserver</FullName>
          <Methods />
        </Class>
        <Class skippedDueTo="Filter">
          <FullName>Moq.ActionObserver/Recorder</FullName>
          <Methods />
        </Class>
        <Class skippedDueTo="Filter">
          <FullName>Moq.AsInterface`1</FullName>
          <Methods />
        </Class>
        <Class skippedDueTo="Filter">
          <FullName>Moq.AutoImplementedPropertyGetterSetup</FullName>
          <Methods />
        </Class>
        <Class skippedDueTo="Filter">
          <FullName>Moq.AutoImplementedPropertySetterSetup</FullName>
          <Methods />
        </Class>
        <Class skippedDueTo="Filter">
          <FullName>Moq.Behavior</FullName>
          <Methods />
        </Class>
        <Class skippedDueTo="Filter">
          <FullName>Moq.Capture</FullName>
          <Methods />
        </Class>
        <Class skippedDueTo="Filter">
          <FullName>Moq.CaptureMatch`1</FullName>
          <Methods />
        </Class>
        <Class skippedDueTo="Filter">
          <FullName>Moq.CaptureMatch`1/&lt;&gt;c</FullName>
          <Methods />
        </Class>
        <Class skippedDueTo="Filter">
          <FullName>Moq.CaptureMatch`1/&lt;&gt;c__DisplayClass2_0</FullName>
          <Methods />
        </Class>
        <Class skippedDueTo="Filter">
          <FullName>Moq.CaptureMatch`1/&lt;&gt;c__DisplayClass3_0</FullName>
          <Methods />
        </Class>
        <Class skippedDueTo="Filter">
          <FullName>Moq.Condition</FullName>
          <Methods />
        </Class>
        <Class skippedDueTo="Filter">
          <FullName>Moq.DefaultExpressionCompiler</FullName>
          <Methods />
        </Class>
        <Class skippedDueTo="Filter">
          <FullName>Moq.DefaultValueProvider</FullName>
          <Methods />
        </Class>
        <Class skippedDueTo="Filter">
          <FullName>Moq.EmptyDefaultValueProvider</FullName>
          <Methods />
        </Class>
        <Class skippedDueTo="Filter">
          <FullName>Moq.EmptyDefaultValueProvider/&lt;&gt;c</FullName>
          <Methods />
        </Class>
        <Class skippedDueTo="Filter">
          <FullName>Moq.Evaluator</FullName>
          <Methods />
        </Class>
        <Class skippedDueTo="Filter">
          <FullName>Moq.Evaluator/SubtreeEvaluator</FullName>
          <Methods />
        </Class>
        <Class skippedDueTo="Filter">
          <FullName>Moq.Evaluator/Nominator</FullName>
          <Methods />
        </Class>
        <Class skippedDueTo="Filter">
          <FullName>Moq.Evaluator/&lt;&gt;c</FullName>
          <Methods />
        </Class>
        <Class skippedDueTo="Filter">
          <FullName>Moq.EventHandlerCollection</FullName>
          <Methods />
        </Class>
        <Class skippedDueTo="Filter">
          <FullName>Moq.ExpressionComparer</FullName>
          <Methods />
        </Class>
        <Class skippedDueTo="Filter">
          <FullName>Moq.ExpressionCompiler</FullName>
          <Methods />
        </Class>
        <Class skippedDueTo="Filter">
          <FullName>Moq.ExpressionExtensions</FullName>
          <Methods />
        </Class>
        <Class skippedDueTo="Filter">
          <FullName>Moq.ExpressionExtensions/&lt;&gt;c__DisplayClass6_0</FullName>
          <Methods />
        </Class>
        <Class skippedDueTo="Filter">
          <FullName>Moq.ExpressionReconstructor</FullName>
          <Methods />
        </Class>
        <Class skippedDueTo="Filter">
          <FullName>Moq.Extensions</FullName>
          <Methods />
        </Class>
        <Class skippedDueTo="Filter">
          <FullName>Moq.Extensions/&lt;&gt;c__DisplayClass2_0</FullName>
          <Methods />
        </Class>
        <Class skippedDueTo="Filter">
          <FullName>Moq.Extensions/&lt;&gt;c__DisplayClass4_0</FullName>
          <Methods />
        </Class>
        <Class skippedDueTo="Filter">
          <FullName>Moq.Extensions/&lt;&gt;c__DisplayClass31_0</FullName>
          <Methods />
        </Class>
        <Class skippedDueTo="Filter">
          <FullName>Moq.Extensions/&lt;&gt;c__DisplayClass32_0</FullName>
          <Methods />
        </Class>
        <Class skippedDueTo="Filter">
          <FullName>Moq.Guard</FullName>
          <Methods />
        </Class>
        <Class skippedDueTo="Filter">
          <FullName>Moq.InnerMockSetup</FullName>
          <Methods />
        </Class>
        <Class skippedDueTo="Filter">
          <FullName>Moq.HandleWellKnownMethods</FullName>
          <Methods />
        </Class>
        <Class skippedDueTo="Filter">
          <FullName>Moq.HandleWellKnownMethods/&lt;&gt;c</FullName>
          <Methods />
        </Class>
        <Class skippedDueTo="Filter">
          <FullName>Moq.FindAndExecuteMatchingSetup</FullName>
          <Methods />
        </Class>
        <Class skippedDueTo="Filter">
          <FullName>Moq.HandleEventSubscription</FullName>
          <Methods />
        </Class>
        <Class skippedDueTo="Filter">
          <FullName>Moq.HandleEventSubscription/&lt;&gt;c__DisplayClass0_0</FullName>
          <Methods />
        </Class>
        <Class skippedDueTo="Filter">
          <FullName>Moq.HandleEventSubscription/&lt;&gt;c__DisplayClass0_1</FullName>
          <Methods />
        </Class>
        <Class skippedDueTo="Filter">
          <FullName>Moq.RecordInvocation</FullName>
          <Methods />
        </Class>
        <Class skippedDueTo="Filter">
          <FullName>Moq.Return</FullName>
          <Methods />
        </Class>
        <Class skippedDueTo="Filter">
          <FullName>Moq.HandleAutoSetupProperties</FullName>
          <Methods />
        </Class>
        <Class skippedDueTo="Filter">
          <FullName>Moq.HandleAutoSetupProperties/&lt;&gt;c__DisplayClass1_0</FullName>
          <Methods />
        </Class>
        <Class skippedDueTo="Filter">
          <FullName>Moq.FailForStrictMock</FullName>
          <Methods />
        </Class>
        <Class skippedDueTo="Filter">
          <FullName>Moq.Mock</FullName>
          <Methods />
        </Class>
        <Class skippedDueTo="Filter">
          <FullName>Moq.Mock/&lt;&gt;c__7`1</FullName>
          <Methods />
        </Class>
        <Class skippedDueTo="Filter">
          <FullName>Moq.Mock/&lt;&gt;c</FullName>
          <Methods />
        </Class>
        <Class skippedDueTo="Filter">
          <FullName>Moq.Mock/&lt;&gt;c__DisplayClass63_0</FullName>
          <Methods />
        </Class>
        <Class skippedDueTo="Filter">
          <FullName>Moq.Mock/&lt;&gt;c__DisplayClass66_0</FullName>
          <Methods />
        </Class>
        <Class skippedDueTo="Filter">
          <FullName>Moq.Mock/&lt;&gt;c__DisplayClass75_0</FullName>
          <Methods />
        </Class>
        <Class skippedDueTo="Filter">
          <FullName>Moq.Mock/&lt;&gt;c__DisplayClass75_1</FullName>
          <Methods />
        </Class>
        <Class skippedDueTo="Filter">
          <FullName>Moq.Invocation</FullName>
          <Methods />
        </Class>
        <Class skippedDueTo="Filter">
          <FullName>Moq.InvocationCollection</FullName>
          <Methods />
        </Class>
        <Class skippedDueTo="Filter">
          <FullName>Moq.InvocationCollection/&lt;GetEnumerator&gt;d__14</FullName>
          <Methods />
        </Class>
        <Class skippedDueTo="Filter">
          <FullName>Moq.InvocationShape</FullName>
          <Methods />
        </Class>
        <Class skippedDueTo="Filter">
          <FullName>Moq.It</FullName>
          <Methods />
        </Class>
        <Class skippedDueTo="Filter">
          <FullName>Moq.It/Ref`1</FullName>
          <Methods />
        </Class>
        <Class skippedDueTo="Filter">
          <FullName>Moq.It/IsAnyType</FullName>
          <Methods />
        </Class>
        <Class skippedDueTo="Filter">
          <FullName>Moq.It/IsSubtype`1</FullName>
          <Methods />
        </Class>
        <Class skippedDueTo="Filter">
          <FullName>Moq.It/&lt;&gt;c__1`1</FullName>
          <Methods />
        </Class>
        <Class skippedDueTo="Filter">
          <FullName>Moq.It/&lt;&gt;c__5`1</FullName>
          <Methods />
        </Class>
        <Class skippedDueTo="Filter">
          <FullName>Moq.It/&lt;&gt;c__DisplayClass6_0`1</FullName>
          <Methods />
        </Class>
        <Class skippedDueTo="Filter">
          <FullName>Moq.It/&lt;&gt;c__DisplayClass7_0`1</FullName>
          <Methods />
        </Class>
        <Class skippedDueTo="Filter">
          <FullName>Moq.It/&lt;&gt;c__DisplayClass8_0`1</FullName>
          <Methods />
        </Class>
        <Class skippedDueTo="Filter">
          <FullName>Moq.It/&lt;&gt;c__DisplayClass9_0`1</FullName>
          <Methods />
        </Class>
        <Class skippedDueTo="Filter">
          <FullName>Moq.It/&lt;&gt;c__DisplayClass10_0`1</FullName>
          <Methods />
        </Class>
        <Class skippedDueTo="Filter">
          <FullName>Moq.It/&lt;&gt;c__DisplayClass11_0`1</FullName>
          <Methods />
        </Class>
        <Class skippedDueTo="Filter">
          <FullName>Moq.It/&lt;&gt;c__DisplayClass12_0`1</FullName>
          <Methods />
        </Class>
        <Class skippedDueTo="Filter">
          <FullName>Moq.It/&lt;&gt;c__DisplayClass13_0`1</FullName>
          <Methods />
        </Class>
        <Class skippedDueTo="Filter">
          <FullName>Moq.It/&lt;&gt;c__DisplayClass14_0`1</FullName>
          <Methods />
        </Class>
        <Class skippedDueTo="Filter">
          <FullName>Moq.It/&lt;&gt;c__DisplayClass15_0`1</FullName>
          <Methods />
        </Class>
        <Class skippedDueTo="Filter">
          <FullName>Moq.It/&lt;&gt;c__DisplayClass16_0</FullName>
          <Methods />
        </Class>
        <Class skippedDueTo="Filter">
          <FullName>Moq.It/&lt;&gt;c__DisplayClass17_0</FullName>
          <Methods />
        </Class>
        <Class skippedDueTo="Filter">
          <FullName>Moq.MockRepository</FullName>
          <Methods />
        </Class>
        <Class skippedDueTo="Filter">
          <FullName>Moq.MockRepository/&lt;CreateMocks&gt;d__10`1</FullName>
          <Methods />
        </Class>
        <Class skippedDueTo="Filter">
          <FullName>Moq.Mocks</FullName>
          <Methods />
        </Class>
        <Class skippedDueTo="Filter">
          <FullName>Moq.Mocks/&lt;CreateMocks&gt;d__8`1</FullName>
          <Methods />
        </Class>
        <Class skippedDueTo="Filter">
          <FullName>Moq.LookupOrFallbackDefaultValueProvider</FullName>
          <Methods />
        </Class>
        <Class skippedDueTo="Filter">
          <FullName>Moq.Match</FullName>
          <Methods />
        </Class>
        <Class skippedDueTo="Filter">
          <FullName>Moq.Match/&lt;&gt;c__9`1</FullName>
          <Methods />
        </Class>
        <Class skippedDueTo="Filter">
          <FullName>Moq.Match`1</FullName>
          <Methods />
        </Class>
        <Class skippedDueTo="Filter">
          <FullName>Moq.MatchFactory</FullName>
          <Methods />
        </Class>
        <Class skippedDueTo="Filter">
          <FullName>Moq.MatcherFactory</FullName>
          <Methods />
        </Class>
        <Class skippedDueTo="Filter">
          <FullName>Moq.MatcherObserver</FullName>
          <Methods />
        </Class>
        <Class skippedDueTo="Filter">
          <FullName>Moq.MatcherObserver/&lt;&gt;c__DisplayClass10_0</FullName>
          <Methods />
        </Class>
        <Class skippedDueTo="Filter">
          <FullName>Moq.MatcherObserver/&lt;&gt;c</FullName>
          <Methods />
        </Class>
        <Class skippedDueTo="Filter">
          <FullName>Moq.MatchExpression</FullName>
          <Methods />
        </Class>
        <Class skippedDueTo="Filter">
          <FullName>Moq.MethodCall</FullName>
          <Methods />
        </Class>
        <Class skippedDueTo="Filter">
          <FullName>Moq.MethodCall/&lt;&gt;c__DisplayClass13_0</FullName>
          <Methods />
        </Class>
        <Class skippedDueTo="Filter">
          <FullName>Moq.MethodCall/&lt;&gt;c__DisplayClass17_0</FullName>
          <Methods />
        </Class>
        <Class skippedDueTo="Filter">
          <FullName>Moq.MethodCall/&lt;&gt;c__DisplayClass22_0</FullName>
          <Methods />
        </Class>
        <Class skippedDueTo="Filter">
          <FullName>Moq.Mock`1</FullName>
          <Methods />
        </Class>
        <Class skippedDueTo="Filter">
          <FullName>Moq.Mock`1/&lt;&gt;c</FullName>
          <Methods />
        </Class>
        <Class skippedDueTo="Filter">
          <FullName>Moq.Mock`1/&lt;&gt;c__DisplayClass73_0`1</FullName>
          <Methods />
        </Class>
        <Class skippedDueTo="Filter">
          <FullName>Moq.MockDefaultValueProvider</FullName>
          <Methods />
        </Class>
        <Class skippedDueTo="Filter">
          <FullName>Moq.MockException</FullName>
          <Methods />
        </Class>
        <Class skippedDueTo="Filter">
          <FullName>Moq.MockExtensions</FullName>
          <Methods />
        </Class>
        <Class skippedDueTo="Filter">
          <FullName>Moq.MockSequence</FullName>
          <Methods />
        </Class>
        <Class skippedDueTo="Filter">
          <FullName>Moq.MockSequence/&lt;&gt;c__DisplayClass8_0`1</FullName>
          <Methods />
        </Class>
        <Class skippedDueTo="Filter">
          <FullName>Moq.MockSequenceHelper</FullName>
          <Methods />
        </Class>
        <Class skippedDueTo="Filter">
          <FullName>Moq.MatcherAttribute</FullName>
          <Methods />
        </Class>
        <Class skippedDueTo="Filter">
          <FullName>Moq.MockLegacyExtensions</FullName>
          <Methods />
        </Class>
        <Class skippedDueTo="Filter">
          <FullName>Moq.MockFactory</FullName>
          <Methods />
        </Class>
        <Class skippedDueTo="Filter">
          <FullName>Moq.MockFactory/&lt;&gt;c</FullName>
          <Methods />
        </Class>
        <Class skippedDueTo="Filter">
          <FullName>Moq.ObsoleteMockExtensions</FullName>
          <Methods />
        </Class>
        <Class skippedDueTo="Filter">
          <FullName>Moq.SequenceExtensions</FullName>
          <Methods />
        </Class>
        <Class skippedDueTo="Filter">
          <FullName>Moq.SequenceExtensions/&lt;&gt;c__DisplayClass2_0`1</FullName>
          <Methods />
        </Class>
        <Class skippedDueTo="Filter">
          <FullName>Moq.SequenceExtensions/&lt;&gt;c__DisplayClass3_0`1</FullName>
          <Methods />
        </Class>
        <Class skippedDueTo="Filter">
          <FullName>Moq.SequenceExtensions/&lt;&gt;c__DisplayClass4_0`1</FullName>
          <Methods />
        </Class>
        <Class skippedDueTo="Filter">
          <FullName>Moq.SequenceExtensions/&lt;&gt;c__DisplayClass5_0`1</FullName>
          <Methods />
        </Class>
        <Class skippedDueTo="Filter">
          <FullName>Moq.SequenceExtensions/&lt;&gt;c</FullName>
          <Methods />
        </Class>
        <Class skippedDueTo="Filter">
          <FullName>Moq.SequenceExtensions/&lt;&gt;c__DisplayClass8_0`1</FullName>
          <Methods />
        </Class>
        <Class skippedDueTo="Filter">
          <FullName>Moq.SequenceExtensions/&lt;&gt;c__DisplayClass9_0`1</FullName>
          <Methods />
        </Class>
        <Class skippedDueTo="Filter">
          <FullName>Moq.SequenceExtensions/&lt;&gt;c__DisplayClass10_0</FullName>
          <Methods />
        </Class>
        <Class skippedDueTo="Filter">
          <FullName>Moq.SequenceExtensions/&lt;&gt;c__DisplayClass11_0</FullName>
          <Methods />
        </Class>
        <Class skippedDueTo="Filter">
          <FullName>Moq.ParameterTypes/&lt;GetEnumerator&gt;d__6</FullName>
          <Methods />
        </Class>
        <Class skippedDueTo="Filter">
          <FullName>Moq.CastleProxyFactory</FullName>
          <Methods />
        </Class>
        <Class skippedDueTo="Filter">
          <FullName>Moq.CastleProxyFactory/Interceptor</FullName>
          <Methods />
        </Class>
        <Class skippedDueTo="Filter">
          <FullName>Moq.CastleProxyFactory/Invocation</FullName>
          <Methods />
        </Class>
        <Class skippedDueTo="Filter">
          <FullName>Moq.CastleProxyFactory/IncludeObjectMethodsHook</FullName>
          <Methods />
        </Class>
        <Class skippedDueTo="Filter">
          <FullName>Moq.ProxyFactory</FullName>
          <Methods />
        </Class>
        <Class skippedDueTo="Filter">
          <FullName>Moq.ReturnsExtensions</FullName>
          <Methods />
        </Class>
        <Class skippedDueTo="Filter">
          <FullName>Moq.ReturnsExtensions/&lt;&gt;c__DisplayClass0_0`2</FullName>
          <Methods />
        </Class>
        <Class skippedDueTo="Filter">
          <FullName>Moq.ReturnsExtensions/&lt;&gt;c__DisplayClass1_0`2</FullName>
          <Methods />
        </Class>
        <Class skippedDueTo="Filter">
          <FullName>Moq.ReturnsExtensions/&lt;&gt;c__DisplayClass2_0`2</FullName>
          <Methods />
        </Class>
        <Class skippedDueTo="Filter">
          <FullName>Moq.ReturnsExtensions/&lt;&gt;c__2`2</FullName>
          <Methods />
        </Class>
        <Class skippedDueTo="Filter">
          <FullName>Moq.ReturnsExtensions/&lt;&gt;c__DisplayClass3_0`2</FullName>
          <Methods />
        </Class>
        <Class skippedDueTo="Filter">
          <FullName>Moq.ReturnsExtensions/&lt;&gt;c__3`2</FullName>
          <Methods />
        </Class>
        <Class skippedDueTo="Filter">
          <FullName>Moq.ReturnsExtensions/&lt;&gt;c__DisplayClass4_0`1</FullName>
          <Methods />
        </Class>
        <Class skippedDueTo="Filter">
          <FullName>Moq.ReturnsExtensions/&lt;&gt;c__DisplayClass5_0`2</FullName>
          <Methods />
        </Class>
        <Class skippedDueTo="Filter">
          <FullName>Moq.ReturnsExtensions/&lt;&gt;c__DisplayClass6_0`2</FullName>
          <Methods />
        </Class>
        <Class skippedDueTo="Filter">
          <FullName>Moq.ReturnsExtensions/&lt;&gt;c__DisplayClass22_0`2</FullName>
          <Methods />
        </Class>
        <Class skippedDueTo="Filter">
          <FullName>Moq.ReturnsExtensions/&lt;&gt;c__DisplayClass23_0`2</FullName>
          <Methods />
        </Class>
        <Class skippedDueTo="Filter">
          <FullName>Moq.ReturnsExtensions/&lt;&gt;c__DisplayClass24_0`2</FullName>
          <Methods />
        </Class>
        <Class skippedDueTo="Filter">
          <FullName>Moq.ReturnsExtensions/&lt;&gt;c__DisplayClass24_1`2</FullName>
          <Methods />
        </Class>
        <Class skippedDueTo="Filter">
          <FullName>Moq.ReturnsExtensions/&lt;&gt;c__DisplayClass25_0`2</FullName>
          <Methods />
        </Class>
        <Class skippedDueTo="Filter">
          <FullName>Moq.ReturnsExtensions/&lt;&gt;c__DisplayClass25_1`2</FullName>
          <Methods />
        </Class>
        <Class skippedDueTo="Filter">
          <FullName>Moq.GeneratedReturnsExtensions</FullName>
          <Methods />
        </Class>
        <Class skippedDueTo="Filter">
          <FullName>Moq.GeneratedReturnsExtensions/&lt;&gt;c__DisplayClass0_0`3</FullName>
          <Methods />
        </Class>
        <Class skippedDueTo="Filter">
          <FullName>Moq.GeneratedReturnsExtensions/&lt;&gt;c__0`3</FullName>
          <Methods />
        </Class>
        <Class skippedDueTo="Filter">
          <FullName>Moq.GeneratedReturnsExtensions/&lt;&gt;c__DisplayClass1_0`4</FullName>
          <Methods />
        </Class>
        <Class skippedDueTo="Filter">
          <FullName>Moq.GeneratedReturnsExtensions/&lt;&gt;c__1`4</FullName>
          <Methods />
        </Class>
        <Class skippedDueTo="Filter">
          <FullName>Moq.GeneratedReturnsExtensions/&lt;&gt;c__DisplayClass2_0`5</FullName>
          <Methods />
        </Class>
        <Class skippedDueTo="Filter">
          <FullName>Moq.GeneratedReturnsExtensions/&lt;&gt;c__2`5</FullName>
          <Methods />
        </Class>
        <Class skippedDueTo="Filter">
          <FullName>Moq.GeneratedReturnsExtensions/&lt;&gt;c__DisplayClass3_0`6</FullName>
          <Methods />
        </Class>
        <Class skippedDueTo="Filter">
          <FullName>Moq.GeneratedReturnsExtensions/&lt;&gt;c__3`6</FullName>
          <Methods />
        </Class>
        <Class skippedDueTo="Filter">
          <FullName>Moq.GeneratedReturnsExtensions/&lt;&gt;c__DisplayClass4_0`7</FullName>
          <Methods />
        </Class>
        <Class skippedDueTo="Filter">
          <FullName>Moq.GeneratedReturnsExtensions/&lt;&gt;c__4`7</FullName>
          <Methods />
        </Class>
        <Class skippedDueTo="Filter">
          <FullName>Moq.GeneratedReturnsExtensions/&lt;&gt;c__DisplayClass5_0`8</FullName>
          <Methods />
        </Class>
        <Class skippedDueTo="Filter">
          <FullName>Moq.GeneratedReturnsExtensions/&lt;&gt;c__5`8</FullName>
          <Methods />
        </Class>
        <Class skippedDueTo="Filter">
          <FullName>Moq.GeneratedReturnsExtensions/&lt;&gt;c__DisplayClass6_0`9</FullName>
          <Methods />
        </Class>
        <Class skippedDueTo="Filter">
          <FullName>Moq.GeneratedReturnsExtensions/&lt;&gt;c__6`9</FullName>
          <Methods />
        </Class>
        <Class skippedDueTo="Filter">
          <FullName>Moq.GeneratedReturnsExtensions/&lt;&gt;c__DisplayClass7_0`10</FullName>
          <Methods />
        </Class>
        <Class skippedDueTo="Filter">
          <FullName>Moq.GeneratedReturnsExtensions/&lt;&gt;c__7`10</FullName>
          <Methods />
        </Class>
        <Class skippedDueTo="Filter">
          <FullName>Moq.GeneratedReturnsExtensions/&lt;&gt;c__DisplayClass8_0`11</FullName>
          <Methods />
        </Class>
        <Class skippedDueTo="Filter">
          <FullName>Moq.GeneratedReturnsExtensions/&lt;&gt;c__8`11</FullName>
          <Methods />
        </Class>
        <Class skippedDueTo="Filter">
          <FullName>Moq.GeneratedReturnsExtensions/&lt;&gt;c__DisplayClass9_0`12</FullName>
          <Methods />
        </Class>
        <Class skippedDueTo="Filter">
          <FullName>Moq.GeneratedReturnsExtensions/&lt;&gt;c__9`12</FullName>
          <Methods />
        </Class>
        <Class skippedDueTo="Filter">
          <FullName>Moq.GeneratedReturnsExtensions/&lt;&gt;c__DisplayClass10_0`13</FullName>
          <Methods />
        </Class>
        <Class skippedDueTo="Filter">
          <FullName>Moq.GeneratedReturnsExtensions/&lt;&gt;c__10`13</FullName>
          <Methods />
        </Class>
        <Class skippedDueTo="Filter">
          <FullName>Moq.GeneratedReturnsExtensions/&lt;&gt;c__DisplayClass11_0`14</FullName>
          <Methods />
        </Class>
        <Class skippedDueTo="Filter">
          <FullName>Moq.GeneratedReturnsExtensions/&lt;&gt;c__11`14</FullName>
          <Methods />
        </Class>
        <Class skippedDueTo="Filter">
          <FullName>Moq.GeneratedReturnsExtensions/&lt;&gt;c__DisplayClass12_0`15</FullName>
          <Methods />
        </Class>
        <Class skippedDueTo="Filter">
          <FullName>Moq.GeneratedReturnsExtensions/&lt;&gt;c__12`15</FullName>
          <Methods />
        </Class>
        <Class skippedDueTo="Filter">
          <FullName>Moq.GeneratedReturnsExtensions/&lt;&gt;c__DisplayClass13_0`16</FullName>
          <Methods />
        </Class>
        <Class skippedDueTo="Filter">
          <FullName>Moq.GeneratedReturnsExtensions/&lt;&gt;c__13`16</FullName>
          <Methods />
        </Class>
        <Class skippedDueTo="Filter">
          <FullName>Moq.GeneratedReturnsExtensions/&lt;&gt;c__DisplayClass14_0`17</FullName>
          <Methods />
        </Class>
        <Class skippedDueTo="Filter">
          <FullName>Moq.GeneratedReturnsExtensions/&lt;&gt;c__14`17</FullName>
          <Methods />
        </Class>
        <Class skippedDueTo="Filter">
          <FullName>Moq.GeneratedReturnsExtensions/&lt;&gt;c__DisplayClass15_0`3</FullName>
          <Methods />
        </Class>
        <Class skippedDueTo="Filter">
          <FullName>Moq.GeneratedReturnsExtensions/&lt;&gt;c__DisplayClass16_0`4</FullName>
          <Methods />
        </Class>
        <Class skippedDueTo="Filter">
          <FullName>Moq.GeneratedReturnsExtensions/&lt;&gt;c__DisplayClass17_0`5</FullName>
          <Methods />
        </Class>
        <Class skippedDueTo="Filter">
          <FullName>Moq.GeneratedReturnsExtensions/&lt;&gt;c__DisplayClass18_0`6</FullName>
          <Methods />
        </Class>
        <Class skippedDueTo="Filter">
          <FullName>Moq.GeneratedReturnsExtensions/&lt;&gt;c__DisplayClass19_0`7</FullName>
          <Methods />
        </Class>
        <Class skippedDueTo="Filter">
          <FullName>Moq.GeneratedReturnsExtensions/&lt;&gt;c__DisplayClass20_0`8</FullName>
          <Methods />
        </Class>
        <Class skippedDueTo="Filter">
          <FullName>Moq.GeneratedReturnsExtensions/&lt;&gt;c__DisplayClass21_0`9</FullName>
          <Methods />
        </Class>
        <Class skippedDueTo="Filter">
          <FullName>Moq.GeneratedReturnsExtensions/&lt;&gt;c__DisplayClass22_0`10</FullName>
          <Methods />
        </Class>
        <Class skippedDueTo="Filter">
          <FullName>Moq.GeneratedReturnsExtensions/&lt;&gt;c__DisplayClass23_0`11</FullName>
          <Methods />
        </Class>
        <Class skippedDueTo="Filter">
          <FullName>Moq.GeneratedReturnsExtensions/&lt;&gt;c__DisplayClass24_0`12</FullName>
          <Methods />
        </Class>
        <Class skippedDueTo="Filter">
          <FullName>Moq.GeneratedReturnsExtensions/&lt;&gt;c__DisplayClass25_0`13</FullName>
          <Methods />
        </Class>
        <Class skippedDueTo="Filter">
          <FullName>Moq.GeneratedReturnsExtensions/&lt;&gt;c__DisplayClass26_0`14</FullName>
          <Methods />
        </Class>
        <Class skippedDueTo="Filter">
          <FullName>Moq.GeneratedReturnsExtensions/&lt;&gt;c__DisplayClass27_0`15</FullName>
          <Methods />
        </Class>
        <Class skippedDueTo="Filter">
          <FullName>Moq.GeneratedReturnsExtensions/&lt;&gt;c__DisplayClass28_0`16</FullName>
          <Methods />
        </Class>
        <Class skippedDueTo="Filter">
          <FullName>Moq.GeneratedReturnsExtensions/&lt;&gt;c__DisplayClass29_0`17</FullName>
          <Methods />
        </Class>
        <Class skippedDueTo="Filter">
          <FullName>Moq.SequenceSetup</FullName>
          <Methods />
        </Class>
        <Class skippedDueTo="Filter">
          <FullName>Moq.Setup</FullName>
          <Methods />
        </Class>
        <Class skippedDueTo="Filter">
          <FullName>Moq.Setup/&lt;&gt;c</FullName>
          <Methods />
        </Class>
        <Class skippedDueTo="Filter">
          <FullName>Moq.SetupCollection</FullName>
          <Methods />
        </Class>
        <Class skippedDueTo="Filter">
          <FullName>Moq.SetupCollection/&lt;&gt;c</FullName>
          <Methods />
        </Class>
        <Class skippedDueTo="Filter">
          <FullName>Moq.SetupWithOutParameterSupport</FullName>
          <Methods />
        </Class>
        <Class skippedDueTo="Filter">
          <FullName>Moq.StringBuilderExtensions</FullName>
          <Methods />
        </Class>
        <Class skippedDueTo="Filter">
          <FullName>Moq.StringBuilderExtensions/&lt;&gt;c__DisplayClass14_0</FullName>
          <Methods />
        </Class>
        <Class skippedDueTo="Filter">
          <FullName>Moq.TypeMatcherAttribute</FullName>
          <Methods />
        </Class>
        <Class skippedDueTo="Filter">
          <FullName>Moq.Unwrap</FullName>
          <Methods />
        </Class>
        <Class skippedDueTo="Filter">
          <FullName>Moq.Internals.InterfaceProxy</FullName>
          <Methods />
        </Class>
        <Class skippedDueTo="Filter">
          <FullName>Moq.Internals.InterfaceProxy/Invocation</FullName>
          <Methods />
        </Class>
        <Class skippedDueTo="Filter">
          <FullName>Moq.Protected.ItExpr</FullName>
          <Methods />
        </Class>
        <Class skippedDueTo="Filter">
          <FullName>Moq.Protected.ItExpr/Ref`1</FullName>
          <Methods />
        </Class>
        <Class skippedDueTo="Filter">
          <FullName>Moq.Protected.ItExpr/Ref`1/&lt;&gt;c</FullName>
          <Methods />
        </Class>
        <Class skippedDueTo="Filter">
          <FullName>Moq.Protected.ItExpr/&lt;&gt;c__1`1</FullName>
          <Methods />
        </Class>
        <Class skippedDueTo="Filter">
          <FullName>Moq.Protected.ItExpr/&lt;&gt;c__2`1</FullName>
          <Methods />
        </Class>
        <Class skippedDueTo="Filter">
          <FullName>Moq.Protected.ItExpr/&lt;&gt;c__3`1</FullName>
          <Methods />
        </Class>
        <Class skippedDueTo="Filter">
          <FullName>Moq.Protected.ItExpr/&lt;&gt;c__DisplayClass4_0`1</FullName>
          <Methods />
        </Class>
        <Class skippedDueTo="Filter">
          <FullName>Moq.Protected.ItExpr/&lt;&gt;c__DisplayClass5_0</FullName>
          <Methods />
        </Class>
        <Class skippedDueTo="Filter">
          <FullName>Moq.Protected.ItExpr/&lt;&gt;c__DisplayClass6_0</FullName>
          <Methods />
        </Class>
        <Class skippedDueTo="Filter">
          <FullName>Moq.Protected.ProtectedAsMock`2</FullName>
          <Methods />
        </Class>
        <Class skippedDueTo="Filter">
          <FullName>Moq.Protected.ProtectedAsMock`2/DuckReplacer</FullName>
          <Methods />
        </Class>
        <Class skippedDueTo="Filter">
          <FullName>Moq.Protected.ProtectedAsMock`2/DuckReplacer/&lt;&gt;c__DisplayClass6_0</FullName>
          <Methods />
        </Class>
        <Class skippedDueTo="Filter">
          <FullName>Moq.Protected.ProtectedAsMock`2/DuckReplacer/&lt;&gt;c__DisplayClass7_0</FullName>
          <Methods />
        </Class>
        <Class skippedDueTo="Filter">
          <FullName>Moq.Protected.ProtectedExtension</FullName>
          <Methods />
        </Class>
        <Class skippedDueTo="Filter">
          <FullName>Moq.Protected.ProtectedMock`1</FullName>
          <Methods />
        </Class>
        <Class skippedDueTo="Filter">
          <FullName>Moq.Protected.ProtectedMock`1/&lt;&gt;c__DisplayClass34_0</FullName>
          <Methods />
        </Class>
        <Class skippedDueTo="Filter">
          <FullName>Moq.Protected.ProtectedMock`1/&lt;ToExpressionArgs&gt;d__47</FullName>
          <Methods />
        </Class>
        <Class skippedDueTo="Filter">
          <FullName>Moq.Properties.Resources</FullName>
          <Methods />
        </Class>
        <Class skippedDueTo="Filter">
          <FullName>Moq.Matchers.AnyMatcher</FullName>
          <Methods />
        </Class>
        <Class skippedDueTo="Filter">
          <FullName>Moq.Matchers.ConstantMatcher</FullName>
          <Methods />
        </Class>
        <Class skippedDueTo="Filter">
          <FullName>Moq.Matchers.ExpressionMatcher</FullName>
          <Methods />
        </Class>
        <Class skippedDueTo="Filter">
          <FullName>Moq.Matchers.LazyEvalMatcher</FullName>
          <Methods />
        </Class>
        <Class skippedDueTo="Filter">
          <FullName>Moq.Matchers.MatcherAttributeMatcher</FullName>
          <Methods />
        </Class>
        <Class skippedDueTo="Filter">
          <FullName>Moq.Matchers.MatcherAttributeMatcher/&lt;&gt;c__DisplayClass3_0</FullName>
          <Methods />
        </Class>
        <Class skippedDueTo="Filter">
          <FullName>Moq.Matchers.MatcherAttributeMatcher/&lt;&gt;c</FullName>
          <Methods />
        </Class>
        <Class skippedDueTo="Filter">
          <FullName>Moq.Matchers.ParamArrayMatcher</FullName>
          <Methods />
        </Class>
        <Class skippedDueTo="Filter">
          <FullName>Moq.Matchers.RefMatcher</FullName>
          <Methods />
        </Class>
        <Class skippedDueTo="Filter">
          <FullName>Moq.Linq.MockQueryable`1</FullName>
          <Methods />
        </Class>
        <Class skippedDueTo="Filter">
          <FullName>Moq.Linq.MockSetupsBuilder</FullName>
          <Methods />
        </Class>
        <Class skippedDueTo="Filter">
          <FullName>Moq.Linq.MockSetupsBuilder/ReplaceMockObjectWithParameter</FullName>
          <Methods />
        </Class>
        <Class skippedDueTo="Filter">
          <FullName>Moq.Language.Flow.NonVoidSetupPhrase`2</FullName>
          <Methods />
        </Class>
        <Class skippedDueTo="Filter">
          <FullName>Moq.Language.Flow.NonVoidSetupPhrase`2/&lt;&gt;c__DisplayClass22_0</FullName>
          <Methods />
        </Class>
        <Class skippedDueTo="Filter">
          <FullName>Moq.Language.Flow.SetterSetupPhrase`2</FullName>
          <Methods />
        </Class>
        <Class skippedDueTo="Filter">
          <FullName>Moq.Language.Flow.SetupPhrase</FullName>
          <Methods />
        </Class>
        <Class skippedDueTo="Filter">
          <FullName>Moq.Language.Flow.SetupSequencePhrase</FullName>
          <Methods />
        </Class>
        <Class skippedDueTo="Filter">
          <FullName>Moq.Language.Flow.SetupSequencePhrase`1</FullName>
          <Methods />
        </Class>
        <Class skippedDueTo="Filter">
          <FullName>Moq.Language.Flow.SetupSequencePhrase`1/&lt;&gt;c__DisplayClass4_0</FullName>
          <Methods />
        </Class>
        <Class skippedDueTo="Filter">
          <FullName>Moq.Language.Flow.VoidSetupPhrase`1</FullName>
          <Methods />
        </Class>
        <Class skippedDueTo="Filter">
          <FullName>Moq.Language.Flow.VoidSetupPhrase`1/&lt;&gt;c__DisplayClass1_0</FullName>
          <Methods />
        </Class>
        <Class skippedDueTo="Filter">
          <FullName>Moq.Language.Flow.WhenPhrase`1</FullName>
          <Methods />
        </Class>
        <Class skippedDueTo="Filter">
          <FullName>Moq.Expressions.Visitors.ConstructorCallVisitor</FullName>
          <Methods />
        </Class>
        <Class skippedDueTo="Filter">
          <FullName>Moq.Expressions.Visitors.ConstructorCallVisitor/&lt;&gt;c</FullName>
          <Methods />
        </Class>
        <Class skippedDueTo="Filter">
          <FullName>Moq.Expressions.Visitors.EvaluateCaptures</FullName>
          <Methods />
        </Class>
        <Class skippedDueTo="Filter">
          <FullName>Moq.Expressions.Visitors.UpgradePropertyAccessorMethods</FullName>
          <Methods />
        </Class>
        <Class skippedDueTo="Filter">
          <FullName>Moq.Behaviors.Callback</FullName>
          <Methods />
        </Class>
        <Class skippedDueTo="Filter">
          <FullName>Moq.Behaviors.LimitInvocationCount</FullName>
          <Methods />
        </Class>
        <Class skippedDueTo="Filter">
          <FullName>Moq.Behaviors.NoOp</FullName>
          <Methods />
        </Class>
        <Class skippedDueTo="Filter">
          <FullName>Moq.Behaviors.RaiseEvent</FullName>
          <Methods />
        </Class>
        <Class skippedDueTo="Filter">
          <FullName>Moq.Behaviors.ReturnBase</FullName>
          <Methods />
        </Class>
        <Class skippedDueTo="Filter">
          <FullName>Moq.Behaviors.ReturnBaseOrDefaultValue</FullName>
          <Methods />
        </Class>
        <Class skippedDueTo="Filter">
          <FullName>Moq.Behaviors.ReturnComputedValue</FullName>
          <Methods />
        </Class>
        <Class skippedDueTo="Filter">
          <FullName>Moq.Behaviors.ReturnValue</FullName>
          <Methods />
        </Class>
        <Class skippedDueTo="Filter">
          <FullName>Moq.Behaviors.ThrowException</FullName>
          <Methods />
        </Class>
      </Classes>
    </Module>
    <Module skippedDueTo="Filter" hash="33-FF-8C-53-D8-AD-9F-61-FE-38-98-2C-20-04-7A-FA-B3-D5-6A-AC">
      <ModulePath>c:\program files\dotnet\shared\Microsoft.NETCore.App\5.0.0\System.Text.RegularExpressions.dll</ModulePath>
      <ModuleTime>2020-10-19T22:15:12Z</ModuleTime>
      <ModuleName>System.Text.RegularExpressions</ModuleName>
      <Classes />
    </Module>
    <Module skippedDueTo="MissingPdb" hash="0E-D4-3A-73-F4-9E-0D-F7-B2-FA-68-1A-62-7C-AD-7E-25-07-41-65">
      <ModulePath>C:\Users\DELL\source\repos\Armazenagem3L-API\Armazenagem-3LC__Tests\bin\Debug\net5.0\Newtonsoft.Json.Bson.dll</ModulePath>
      <ModuleTime>2018-11-28T01:10:18Z</ModuleTime>
      <ModuleName>Newtonsoft.Json.Bson</ModuleName>
      <Classes />
    </Module>
    <Module skippedDueTo="MissingPdb" hash="C1-AA-67-E0-42-B3-0B-E4-CA-1D-D6-2A-D5-BD-3A-00-E6-53-3A-C7">
      <ModulePath>C:\Users\DELL\source\repos\Armazenagem3L-API\Armazenagem-3LC__Tests\bin\Debug\net5.0\NLog.dll</ModulePath>
      <ModuleTime>2020-08-22T13:31:50Z</ModuleTime>
      <ModuleName>NLog</ModuleName>
      <Classes />
    </Module>
    <Module skippedDueTo="Filter" hash="43-9D-6A-3F-C8-8F-54-D5-02-29-59-83-43-6A-3D-E1-6B-46-E7-7A">
      <ModulePath>c:\program files\dotnet\shared\Microsoft.NETCore.App\5.0.0\System.Net.Mail.dll</ModulePath>
      <ModuleTime>2020-10-19T22:15:02Z</ModuleTime>
      <ModuleName>System.Net.Mail</ModuleName>
      <Classes />
    </Module>
    <Module skippedDueTo="Filter" hash="A9-41-DC-3F-12-63-83-DF-38-17-77-B7-9D-49-DC-A9-29-76-C3-3C">
      <ModulePath>c:\program files\dotnet\shared\Microsoft.NETCore.App\5.0.0\System.IO.FileSystem.Watcher.dll</ModulePath>
      <ModuleTime>2020-10-19T22:14:30Z</ModuleTime>
      <ModuleName>System.IO.FileSystem.Watcher</ModuleName>
      <Classes />
    </Module>
    <Module skippedDueTo="MissingPdb" hash="CC-D1-6E-B2-F1-A6-3E-E8-26-41-83-7B-B9-32-C5-72-F0-70-19-E0">
      <ModulePath>C:\Users\DELL\source\repos\Armazenagem3L-API\Armazenagem-3LC__Tests\bin\Debug\net5.0\NLog.Extensions.Logging.dll</ModulePath>
      <ModuleTime>2020-08-27T23:03:54Z</ModuleTime>
      <ModuleName>NLog.Extensions.Logging</ModuleName>
      <Classes />
    </Module>
    <Module skippedDueTo="MissingPdb" hash="D9-53-6D-73-B5-C1-19-0C-92-BD-BB-94-A2-00-32-8A-B9-B8-AA-C6">
      <ModulePath>C:\Users\DELL\source\repos\Armazenagem3L-API\Armazenagem-3LC__Tests\bin\Debug\net5.0\Npgsql.dll</ModulePath>
      <ModuleTime>2020-11-15T21:11:18Z</ModuleTime>
      <ModuleName>Npgsql</ModuleName>
      <Classes />
    </Module>
    <Module skippedDueTo="MissingPdb" hash="62-F1-47-FD-F4-1B-3C-5E-39-56-BA-84-3D-0C-45-96-79-28-34-48">
      <ModulePath>C:\Users\DELL\source\repos\Armazenagem3L-API\Armazenagem-3LC__Tests\bin\Debug\net5.0\Npgsql.EntityFrameworkCore.PostgreSQL.dll</ModulePath>
      <ModuleTime>2020-11-15T22:06:56Z</ModuleTime>
      <ModuleName>Npgsql.EntityFrameworkCore.PostgreSQL</ModuleName>
      <Classes />
    </Module>
    <Module skippedDueTo="MissingPdb" hash="7E-B3-CA-A8-B8-12-EC-4D-85-CB-2A-7A-55-E4-CA-F1-5C-65-03-A6">
      <ModulePath>C:\Users\DELL\source\repos\Armazenagem3L-API\Armazenagem-3LC__Tests\bin\Debug\net5.0\Swashbuckle.AspNetCore.Swagger.dll</ModulePath>
      <ModuleTime>2020-09-23T15:47:20Z</ModuleTime>
      <ModuleName>Swashbuckle.AspNetCore.Swagger</ModuleName>
      <Classes />
    </Module>
    <Module skippedDueTo="Filter" hash="6A-32-E3-4B-6A-D8-6C-F4-7F-76-96-EB-E4-52-F2-C6-8B-7F-E5-2D">
      <ModulePath>c:\program files\dotnet\shared\Microsoft.NETCore.App\5.0.0\System.Threading.Tasks.dll</ModulePath>
      <ModuleTime>2020-10-19T22:14:46Z</ModuleTime>
      <ModuleName>System.Threading.Tasks</ModuleName>
      <Classes />
    </Module>
    <Module skippedDueTo="MissingPdb" hash="11-CF-5E-8A-14-FE-85-F0-7F-39-DA-8F-F0-C3-8B-9F-48-7C-62-90">
      <ModulePath>C:\Users\DELL\source\repos\Armazenagem3L-API\Armazenagem-3LC__Tests\bin\Debug\net5.0\Swashbuckle.AspNetCore.SwaggerGen.dll</ModulePath>
      <ModuleTime>2020-09-23T15:47:22Z</ModuleTime>
      <ModuleName>Swashbuckle.AspNetCore.SwaggerGen</ModuleName>
      <Classes />
    </Module>
    <Module skippedDueTo="MissingPdb" hash="3F-37-07-B3-3F-6C-3E-2B-DF-50-16-7D-C8-A0-AA-57-20-E5-0E-8F">
      <ModulePath>C:\Users\DELL\source\repos\Armazenagem3L-API\Armazenagem-3LC__Tests\bin\Debug\net5.0\Swashbuckle.AspNetCore.SwaggerUI.dll</ModulePath>
      <ModuleTime>2020-09-23T15:47:24Z</ModuleTime>
      <ModuleName>Swashbuckle.AspNetCore.SwaggerUI</ModuleName>
      <Classes />
    </Module>
    <Module skippedDueTo="Filter" hash="06-3C-E3-FD-A5-D2-9B-99-81-13-3D-B0-85-3A-4D-56-5D-39-0E-86">
      <ModulePath>C:\Users\DELL\source\repos\Armazenagem3L-API\Armazenagem-3LC__Tests\bin\Debug\net5.0\System.CodeDom.dll</ModulePath>
      <ModuleTime>2019-11-15T11:36:56Z</ModuleTime>
      <ModuleName>System.CodeDom</ModuleName>
      <Classes />
    </Module>
    <Module skippedDueTo="Filter" hash="B4-06-71-A4-D2-97-3A-1E-4D-71-DC-67-43-08-B8-88-3E-BE-58-F9">
      <ModulePath>C:\Users\DELL\source\repos\Armazenagem3L-API\Armazenagem-3LC__Tests\bin\Debug\net5.0\runtimes\win\lib\netcoreapp2.1\System.Data.SqlClient.dll</ModulePath>
      <ModuleTime>2020-01-17T21:41:44Z</ModuleTime>
      <ModuleName>System.Data.SqlClient</ModuleName>
      <Classes />
    </Module>
    <Module skippedDueTo="Filter" hash="FE-5F-49-D6-64-10-22-32-8C-66-89-28-CC-A7-B6-22-DD-DA-25-DC">
      <ModulePath>C:\Users\DELL\source\repos\Armazenagem3L-API\Armazenagem-3LC__Tests\bin\Debug\net5.0\System.IdentityModel.Tokens.Jwt.dll</ModulePath>
      <ModuleTime>2020-06-30T04:03:46Z</ModuleTime>
      <ModuleName>System.IdentityModel.Tokens.Jwt</ModuleName>
      <Classes />
    </Module>
    <Module skippedDueTo="Filter" hash="40-DF-BC-47-9D-15-85-6E-1D-32-4B-C3-4D-9C-83-A0-FE-E5-78-1E">
      <ModulePath>C:\Users\DELL\source\repos\Armazenagem3L-API\Armazenagem-3LC__Tests\bin\Debug\net5.0\runtimes\win\lib\netstandard2.0\System.Security.Cryptography.ProtectedData.dll</ModulePath>
      <ModuleTime>2019-11-15T11:53:46Z</ModuleTime>
      <ModuleName>System.Security.Cryptography.ProtectedData</ModuleName>
      <Classes />
    </Module>
    <Module hash="B8-F5-F3-D5-06-36-35-76-5B-E0-BE-AB-80-32-9A-0C-1D-A8-76-19">
      <Summary numSequencePoints="0" visitedSequencePoints="0" numBranchPoints="0" visitedBranchPoints="0" sequenceCoverage="0" branchCoverage="0" maxCyclomaticComplexity="0" minCyclomaticComplexity="0" maxCrapScore="0" minCrapScore="0" visitedClasses="0" numClasses="0" visitedMethods="0" numMethods="0" />
      <ModulePath>C:\Users\DELL\source\repos\Armazenagem3L-API\Armazenagem-3LC__Tests\bin\Debug\net5.0\xunit.assert.dll</ModulePath>
      <ModuleTime>2018-10-29T07:16:52Z</ModuleTime>
      <ModuleName>xunit.assert</ModuleName>
      <Files />
      <Classes>
        <Class skippedDueTo="Filter">
          <FullName>&lt;Module&gt;</FullName>
          <Methods />
        </Class>
        <Class skippedDueTo="Filter">
          <FullName>&lt;&gt;f__AnonymousType0`2</FullName>
          <Methods />
        </Class>
        <Class skippedDueTo="Filter">
          <FullName>Xunit.Assert</FullName>
          <Methods />
        </Class>
        <Class skippedDueTo="Filter">
          <FullName>Xunit.Assert/RaisedEvent`1</FullName>
          <Methods />
        </Class>
        <Class skippedDueTo="Filter">
          <FullName>Xunit.Assert/&lt;&gt;c__DisplayClass30_0</FullName>
          <Methods />
        </Class>
        <Class skippedDueTo="Filter">
          <FullName>Xunit.Assert/&lt;&gt;c__31`1</FullName>
          <Methods />
        </Class>
        <Class skippedDueTo="Filter">
          <FullName>Xunit.Assert/&lt;&gt;c__DisplayClass50_0`1</FullName>
          <Methods />
        </Class>
        <Class skippedDueTo="Filter">
          <FullName>Xunit.Assert/&lt;&gt;c__DisplayClass51_0`1</FullName>
          <Methods />
        </Class>
        <Class skippedDueTo="Filter">
          <FullName>Xunit.Assert/&lt;&gt;c__DisplayClass74_0</FullName>
          <Methods />
        </Class>
        <Class skippedDueTo="Filter">
          <FullName>Xunit.Assert/&lt;&gt;c__DisplayClass76_0</FullName>
          <Methods />
        </Class>
        <Class skippedDueTo="Filter">
          <FullName>Xunit.Sdk.ArgumentFormatter</FullName>
          <Methods />
        </Class>
        <Class skippedDueTo="Filter">
          <FullName>Xunit.Sdk.ArgumentFormatter/&lt;&gt;c__DisplayClass9_0</FullName>
          <Methods />
        </Class>
        <Class skippedDueTo="Filter">
          <FullName>Xunit.Sdk.ArgumentFormatter/&lt;&gt;c__DisplayClass9_1</FullName>
          <Methods />
        </Class>
        <Class skippedDueTo="Filter">
          <FullName>Xunit.Sdk.ArgumentFormatter/&lt;&gt;c__DisplayClass9_2</FullName>
          <Methods />
        </Class>
        <Class skippedDueTo="Filter">
          <FullName>Xunit.Sdk.ArgumentFormatter/&lt;&gt;c</FullName>
          <Methods />
        </Class>
        <Class skippedDueTo="Filter">
          <FullName>Xunit.Sdk.ArgumentFormatter/&lt;&gt;c__DisplayClass10_0</FullName>
          <Methods />
        </Class>
        <Class skippedDueTo="Filter">
          <FullName>Xunit.Sdk.AssertComparer`1</FullName>
          <Methods />
        </Class>
        <Class skippedDueTo="Filter">
          <FullName>Xunit.Sdk.AssertEqualityComparer`1</FullName>
          <Methods />
        </Class>
        <Class skippedDueTo="Filter">
          <FullName>Xunit.Sdk.AssertEqualityComparer`1/TypeErasedEqualityComparer</FullName>
          <Methods />
        </Class>
        <Class skippedDueTo="Filter">
          <FullName>Xunit.Sdk.AssertEqualityComparer`1/&lt;&gt;c__DisplayClass3_0</FullName>
          <Methods />
        </Class>
        <Class skippedDueTo="Filter">
          <FullName>Xunit.Sdk.AssertEqualityComparer`1/&lt;&gt;c</FullName>
          <Methods />
        </Class>
        <Class skippedDueTo="Filter">
          <FullName>Xunit.Sdk.AssertEqualityComparerAdapter`1</FullName>
          <Methods />
        </Class>
        <Class skippedDueTo="Filter">
          <FullName>Xunit.Sdk.AllException</FullName>
          <Methods />
        </Class>
        <Class skippedDueTo="Filter">
          <FullName>Xunit.Sdk.AllException/&lt;&gt;c</FullName>
          <Methods />
        </Class>
        <Class skippedDueTo="Filter">
          <FullName>Xunit.Sdk.AssertActualExpectedException</FullName>
          <Methods />
        </Class>
        <Class skippedDueTo="Filter">
          <FullName>Xunit.Sdk.AssertActualExpectedException/&lt;&gt;c</FullName>
          <Methods />
        </Class>
        <Class skippedDueTo="Filter">
          <FullName>Xunit.Sdk.AssertCollectionCountException</FullName>
          <Methods />
        </Class>
        <Class skippedDueTo="Filter">
          <FullName>Xunit.Sdk.CollectionException</FullName>
          <Methods />
        </Class>
        <Class skippedDueTo="Filter">
          <FullName>Xunit.Sdk.CollectionException/&lt;&gt;c</FullName>
          <Methods />
        </Class>
        <Class skippedDueTo="Filter">
          <FullName>Xunit.Sdk.ContainsException</FullName>
          <Methods />
        </Class>
        <Class skippedDueTo="Filter">
          <FullName>Xunit.Sdk.DoesNotContainException</FullName>
          <Methods />
        </Class>
        <Class skippedDueTo="Filter">
          <FullName>Xunit.Sdk.DoesNotMatchException</FullName>
          <Methods />
        </Class>
        <Class skippedDueTo="Filter">
          <FullName>Xunit.Sdk.EmptyException</FullName>
          <Methods />
        </Class>
        <Class skippedDueTo="Filter">
          <FullName>Xunit.Sdk.EndsWithException</FullName>
          <Methods />
        </Class>
        <Class skippedDueTo="Filter">
          <FullName>Xunit.Sdk.EqualException</FullName>
          <Methods />
        </Class>
        <Class skippedDueTo="Filter">
          <FullName>Xunit.Sdk.FalseException</FullName>
          <Methods />
        </Class>
        <Class skippedDueTo="Filter">
          <FullName>Xunit.Sdk.InRangeException</FullName>
          <Methods />
        </Class>
        <Class skippedDueTo="Filter">
          <FullName>Xunit.Sdk.IsAssignableFromException</FullName>
          <Methods />
        </Class>
        <Class skippedDueTo="Filter">
          <FullName>Xunit.Sdk.IsNotTypeException</FullName>
          <Methods />
        </Class>
        <Class skippedDueTo="Filter">
          <FullName>Xunit.Sdk.IsTypeException</FullName>
          <Methods />
        </Class>
        <Class skippedDueTo="Filter">
          <FullName>Xunit.Sdk.MatchesException</FullName>
          <Methods />
        </Class>
        <Class skippedDueTo="Filter">
          <FullName>Xunit.Sdk.NotEmptyException</FullName>
          <Methods />
        </Class>
        <Class skippedDueTo="Filter">
          <FullName>Xunit.Sdk.NotEqualException</FullName>
          <Methods />
        </Class>
        <Class skippedDueTo="Filter">
          <FullName>Xunit.Sdk.NotInRangeException</FullName>
          <Methods />
        </Class>
        <Class skippedDueTo="Filter">
          <FullName>Xunit.Sdk.NotNullException</FullName>
          <Methods />
        </Class>
        <Class skippedDueTo="Filter">
          <FullName>Xunit.Sdk.NotSameException</FullName>
          <Methods />
        </Class>
        <Class skippedDueTo="Filter">
          <FullName>Xunit.Sdk.NullException</FullName>
          <Methods />
        </Class>
        <Class skippedDueTo="Filter">
          <FullName>Xunit.Sdk.ParameterCountMismatchException</FullName>
          <Methods />
        </Class>
        <Class skippedDueTo="Filter">
          <FullName>Xunit.Sdk.ProperSubsetException</FullName>
          <Methods />
        </Class>
        <Class skippedDueTo="Filter">
          <FullName>Xunit.Sdk.ProperSupersetException</FullName>
          <Methods />
        </Class>
        <Class skippedDueTo="Filter">
          <FullName>Xunit.Sdk.PropertyChangedException</FullName>
          <Methods />
        </Class>
        <Class skippedDueTo="Filter">
          <FullName>Xunit.Sdk.RaisesException</FullName>
          <Methods />
        </Class>
        <Class skippedDueTo="Filter">
          <FullName>Xunit.Sdk.RaisesException/&lt;&gt;c</FullName>
          <Methods />
        </Class>
        <Class skippedDueTo="Filter">
          <FullName>Xunit.Sdk.SameException</FullName>
          <Methods />
        </Class>
        <Class skippedDueTo="Filter">
          <FullName>Xunit.Sdk.SingleException</FullName>
          <Methods />
        </Class>
        <Class skippedDueTo="Filter">
          <FullName>Xunit.Sdk.StartsWithException</FullName>
          <Methods />
        </Class>
        <Class skippedDueTo="Filter">
          <FullName>Xunit.Sdk.SubsetException</FullName>
          <Methods />
        </Class>
        <Class skippedDueTo="Filter">
          <FullName>Xunit.Sdk.SupersetException</FullName>
          <Methods />
        </Class>
        <Class skippedDueTo="Filter">
          <FullName>Xunit.Sdk.ThrowsException</FullName>
          <Methods />
        </Class>
        <Class skippedDueTo="Filter">
          <FullName>Xunit.Sdk.TrueException</FullName>
          <Methods />
        </Class>
        <Class skippedDueTo="Filter">
          <FullName>Xunit.Sdk.XunitException</FullName>
          <Methods />
        </Class>
      </Classes>
    </Module>
    <Module hash="04-8A-E8-86-D2-B9-0C-14-B0-FB-AC-8F-85-2A-95-37-A1-72-00-13">
      <Summary numSequencePoints="0" visitedSequencePoints="0" numBranchPoints="0" visitedBranchPoints="0" sequenceCoverage="0" branchCoverage="0" maxCyclomaticComplexity="0" minCyclomaticComplexity="0" maxCrapScore="0" minCrapScore="0" visitedClasses="0" numClasses="0" visitedMethods="0" numMethods="0" />
      <ModulePath>C:\Users\DELL\source\repos\Armazenagem3L-API\Armazenagem-3LC__Tests\bin\Debug\net5.0\xunit.core.dll</ModulePath>
      <ModuleTime>2018-10-29T07:16:58Z</ModuleTime>
      <ModuleName>xunit.core</ModuleName>
      <Files />
      <Classes>
        <Class skippedDueTo="Filter">
          <FullName>&lt;Module&gt;</FullName>
          <Methods />
        </Class>
        <Class skippedDueTo="Filter">
          <FullName>&lt;&gt;f__AnonymousType0`2</FullName>
          <Methods />
        </Class>
        <Class skippedDueTo="Filter">
          <FullName>ExceptionExtensions</FullName>
          <Methods />
        </Class>
        <Class skippedDueTo="Filter">
          <FullName>Guard</FullName>
          <Methods />
        </Class>
        <Class skippedDueTo="Filter">
          <FullName>Xunit.AssemblyTraitAttribute</FullName>
          <Methods />
        </Class>
        <Class skippedDueTo="Filter">
          <FullName>Xunit.ClassDataAttribute</FullName>
          <Methods />
        </Class>
        <Class skippedDueTo="Filter">
          <FullName>Xunit.CollectionAttribute</FullName>
          <Methods />
        </Class>
        <Class skippedDueTo="Filter">
          <FullName>Xunit.CollectionBehaviorAttribute</FullName>
          <Methods />
        </Class>
        <Class skippedDueTo="Filter">
          <FullName>Xunit.CollectionDefinitionAttribute</FullName>
          <Methods />
        </Class>
        <Class skippedDueTo="Filter">
          <FullName>Xunit.FactAttribute</FullName>
          <Methods />
        </Class>
        <Class skippedDueTo="Filter">
          <FullName>Xunit.InlineDataAttribute</FullName>
          <Methods />
        </Class>
        <Class skippedDueTo="Filter">
          <FullName>Xunit.MemberDataAttribute</FullName>
          <Methods />
        </Class>
        <Class skippedDueTo="Filter">
          <FullName>Xunit.MemberDataAttributeBase</FullName>
          <Methods />
        </Class>
        <Class skippedDueTo="Filter">
          <FullName>Xunit.MemberDataAttributeBase/&lt;&gt;c__DisplayClass17_0</FullName>
          <Methods />
        </Class>
        <Class skippedDueTo="Filter">
          <FullName>Xunit.MemberDataAttributeBase/&lt;&gt;c</FullName>
          <Methods />
        </Class>
        <Class skippedDueTo="Filter">
          <FullName>Xunit.MemberDataAttributeBase/&lt;&gt;c__DisplayClass19_0</FullName>
          <Methods />
        </Class>
        <Class skippedDueTo="Filter">
          <FullName>Xunit.MemberDataAttributeBase/&lt;&gt;c__DisplayClass20_0</FullName>
          <Methods />
        </Class>
        <Class skippedDueTo="Filter">
          <FullName>Xunit.MemberDataAttributeBase/&lt;&gt;c__DisplayClass21_0</FullName>
          <Methods />
        </Class>
        <Class skippedDueTo="Filter">
          <FullName>Xunit.Record</FullName>
          <Methods />
        </Class>
        <Class skippedDueTo="Filter">
          <FullName>Xunit.TestCaseOrdererAttribute</FullName>
          <Methods />
        </Class>
        <Class skippedDueTo="Filter">
          <FullName>Xunit.TestCollectionOrdererAttribute</FullName>
          <Methods />
        </Class>
        <Class skippedDueTo="Filter">
          <FullName>Xunit.TestFrameworkAttribute</FullName>
          <Methods />
        </Class>
        <Class skippedDueTo="Filter">
          <FullName>Xunit.TheoryAttribute</FullName>
          <Methods />
        </Class>
        <Class skippedDueTo="Filter">
          <FullName>Xunit.TheoryData</FullName>
          <Methods />
        </Class>
        <Class skippedDueTo="Filter">
          <FullName>Xunit.TheoryData`1</FullName>
          <Methods />
        </Class>
        <Class skippedDueTo="Filter">
          <FullName>Xunit.TheoryData`2</FullName>
          <Methods />
        </Class>
        <Class skippedDueTo="Filter">
          <FullName>Xunit.TheoryData`3</FullName>
          <Methods />
        </Class>
        <Class skippedDueTo="Filter">
          <FullName>Xunit.TheoryData`4</FullName>
          <Methods />
        </Class>
        <Class skippedDueTo="Filter">
          <FullName>Xunit.TheoryData`5</FullName>
          <Methods />
        </Class>
        <Class skippedDueTo="Filter">
          <FullName>Xunit.TheoryData`6</FullName>
          <Methods />
        </Class>
        <Class skippedDueTo="Filter">
          <FullName>Xunit.TheoryData`7</FullName>
          <Methods />
        </Class>
        <Class skippedDueTo="Filter">
          <FullName>Xunit.TheoryData`8</FullName>
          <Methods />
        </Class>
        <Class skippedDueTo="Filter">
          <FullName>Xunit.TheoryData`9</FullName>
          <Methods />
        </Class>
        <Class skippedDueTo="Filter">
          <FullName>Xunit.TheoryData`10</FullName>
          <Methods />
        </Class>
        <Class skippedDueTo="Filter">
          <FullName>Xunit.TraitAttribute</FullName>
          <Methods />
        </Class>
        <Class skippedDueTo="Filter">
          <FullName>Xunit.Sdk.AssemblyTraitDiscoverer</FullName>
          <Methods />
        </Class>
        <Class skippedDueTo="Filter">
          <FullName>Xunit.Sdk.AssemblyTraitDiscoverer/&lt;GetTraits&gt;d__0</FullName>
          <Methods />
        </Class>
        <Class skippedDueTo="Filter">
          <FullName>Xunit.Sdk.BeforeAfterTestAttribute</FullName>
          <Methods />
        </Class>
        <Class skippedDueTo="Filter">
          <FullName>Xunit.Sdk.DataAttribute</FullName>
          <Methods />
        </Class>
        <Class skippedDueTo="Filter">
          <FullName>Xunit.Sdk.DataDiscoverer</FullName>
          <Methods />
        </Class>
        <Class skippedDueTo="Filter">
          <FullName>Xunit.Sdk.DataDiscovererAttribute</FullName>
          <Methods />
        </Class>
        <Class skippedDueTo="Filter">
          <FullName>Xunit.Sdk.ExceptionAggregator</FullName>
          <Methods />
        </Class>
        <Class skippedDueTo="Filter">
          <FullName>Xunit.Sdk.InlineDataDiscoverer</FullName>
          <Methods />
        </Class>
        <Class skippedDueTo="Filter">
          <FullName>Xunit.Sdk.MemberDataDiscoverer</FullName>
          <Methods />
        </Class>
        <Class skippedDueTo="Filter">
          <FullName>Xunit.Sdk.PlatformSpecificAssemblyAttribute</FullName>
          <Methods />
        </Class>
        <Class skippedDueTo="Filter">
          <FullName>Xunit.Sdk.RunSummary</FullName>
          <Methods />
        </Class>
        <Class skippedDueTo="Filter">
          <FullName>Xunit.Sdk.TestFrameworkDiscovererAttribute</FullName>
          <Methods />
        </Class>
        <Class skippedDueTo="Filter">
          <FullName>Xunit.Sdk.TraitDiscoverer</FullName>
          <Methods />
        </Class>
        <Class skippedDueTo="Filter">
          <FullName>Xunit.Sdk.TraitDiscoverer/&lt;GetTraits&gt;d__0</FullName>
          <Methods />
        </Class>
        <Class skippedDueTo="Filter">
          <FullName>Xunit.Sdk.TraitDiscovererAttribute</FullName>
          <Methods />
        </Class>
        <Class skippedDueTo="Filter">
          <FullName>Xunit.Sdk.XunitTestCaseDiscovererAttribute</FullName>
          <Methods />
        </Class>
        <Class skippedDueTo="Filter">
          <FullName>Xunit.Sdk.ArgumentFormatter</FullName>
          <Methods />
        </Class>
        <Class skippedDueTo="Filter">
          <FullName>Xunit.Sdk.ArgumentFormatter/&lt;&gt;c__DisplayClass9_0</FullName>
          <Methods />
        </Class>
        <Class skippedDueTo="Filter">
          <FullName>Xunit.Sdk.ArgumentFormatter/&lt;&gt;c__DisplayClass9_1</FullName>
          <Methods />
        </Class>
        <Class skippedDueTo="Filter">
          <FullName>Xunit.Sdk.ArgumentFormatter/&lt;&gt;c__DisplayClass9_2</FullName>
          <Methods />
        </Class>
        <Class skippedDueTo="Filter">
          <FullName>Xunit.Sdk.ArgumentFormatter/&lt;&gt;c</FullName>
          <Methods />
        </Class>
        <Class skippedDueTo="Filter">
          <FullName>Xunit.Sdk.ArgumentFormatter/&lt;&gt;c__DisplayClass10_0</FullName>
          <Methods />
        </Class>
        <Class skippedDueTo="Filter">
          <FullName>Xunit.Sdk.AssertEqualityComparer`1</FullName>
          <Methods />
        </Class>
        <Class skippedDueTo="Filter">
          <FullName>Xunit.Sdk.AssertEqualityComparer`1/TypeErasedEqualityComparer</FullName>
          <Methods />
        </Class>
        <Class skippedDueTo="Filter">
          <FullName>Xunit.Sdk.AssertEqualityComparer`1/&lt;&gt;c__DisplayClass3_0</FullName>
          <Methods />
        </Class>
        <Class skippedDueTo="Filter">
          <FullName>Xunit.Sdk.AssertEqualityComparer`1/&lt;&gt;c</FullName>
          <Methods />
        </Class>
        <Class skippedDueTo="Filter">
          <FullName>Xunit.Sdk.AssertEqualityComparerAdapter`1</FullName>
          <Methods />
        </Class>
        <Class skippedDueTo="Filter">
          <FullName>Xunit.Extensions.PropertyDataAttribute</FullName>
          <Methods />
        </Class>
      </Classes>
    </Module>
    <Module hash="E3-6E-00-D8-65-B5-77-8F-A6-87-2B-7E-91-AA-43-C2-F5-06-E3-D2">
      <Summary numSequencePoints="0" visitedSequencePoints="0" numBranchPoints="0" visitedBranchPoints="0" sequenceCoverage="0" branchCoverage="0" maxCyclomaticComplexity="0" minCyclomaticComplexity="0" maxCrapScore="0" minCrapScore="0" visitedClasses="0" numClasses="0" visitedMethods="0" numMethods="0" />
      <ModulePath>C:\Users\DELL\source\repos\Armazenagem3L-API\Armazenagem-3LC__Tests\bin\Debug\net5.0\xunit.execution.dotnet.dll</ModulePath>
      <ModuleTime>2018-10-29T07:17:00Z</ModuleTime>
      <ModuleName>xunit.execution.dotnet</ModuleName>
      <Files />
      <Classes>
        <Class skippedDueTo="Filter">
          <FullName>&lt;Module&gt;</FullName>
          <Methods />
        </Class>
        <Class skippedDueTo="Filter">
          <FullName>&lt;&gt;f__AnonymousType0`2</FullName>
          <Methods />
        </Class>
        <Class skippedDueTo="Filter">
          <FullName>&lt;&gt;f__AnonymousType1`2</FullName>
          <Methods />
        </Class>
        <Class skippedDueTo="Filter">
          <FullName>ReflectionAbstractionExtensions</FullName>
          <Methods />
        </Class>
        <Class skippedDueTo="Filter">
          <FullName>ReflectionAbstractionExtensions/&lt;&gt;c__DisplayClass0_0</FullName>
          <Methods />
        </Class>
        <Class skippedDueTo="Filter">
          <FullName>ReflectionAbstractionExtensions/&lt;&gt;c__DisplayClass2_0</FullName>
          <Methods />
        </Class>
        <Class skippedDueTo="Filter">
          <FullName>ReflectionAbstractionExtensions/&lt;&gt;c__DisplayClass3_0</FullName>
          <Methods />
        </Class>
        <Class skippedDueTo="Filter">
          <FullName>TestFrameworkOptionsReadExtensions</FullName>
          <Methods />
        </Class>
        <Class skippedDueTo="Filter">
          <FullName>CommonTasks</FullName>
          <Methods />
        </Class>
        <Class skippedDueTo="Filter">
          <FullName>DictionaryExtensions</FullName>
          <Methods />
        </Class>
        <Class skippedDueTo="Filter">
          <FullName>DictionaryExtensions/&lt;&gt;c__2`2</FullName>
          <Methods />
        </Class>
        <Class skippedDueTo="Filter">
          <FullName>DictionaryExtensions/&lt;&gt;c__4`2</FullName>
          <Methods />
        </Class>
        <Class skippedDueTo="Filter">
          <FullName>ExceptionExtensions</FullName>
          <Methods />
        </Class>
        <Class skippedDueTo="Filter">
          <FullName>Guard</FullName>
          <Methods />
        </Class>
        <Class skippedDueTo="Filter">
          <FullName>NewReflectionExtensions</FullName>
          <Methods />
        </Class>
        <Class skippedDueTo="Filter">
          <FullName>TestOptionsNames</FullName>
          <Methods />
        </Class>
        <Class skippedDueTo="Filter">
          <FullName>TestOptionsNames/Discovery</FullName>
          <Methods />
        </Class>
        <Class skippedDueTo="Filter">
          <FullName>TestOptionsNames/Execution</FullName>
          <Methods />
        </Class>
        <Class skippedDueTo="Filter">
          <FullName>Xunit.ExecutionHelper</FullName>
          <Methods />
        </Class>
        <Class skippedDueTo="Filter">
          <FullName>Xunit.LongLivedMarshalByRefObject</FullName>
          <Methods />
        </Class>
        <Class skippedDueTo="Filter">
          <FullName>Xunit.Serialization.XunitSerializationInfo</FullName>
          <Methods />
        </Class>
        <Class skippedDueTo="Filter">
          <FullName>Xunit.Serialization.XunitSerializationInfo/ArraySerializer</FullName>
          <Methods />
        </Class>
        <Class skippedDueTo="Filter">
          <FullName>Xunit.Serialization.XunitSerializationInfo/&lt;&gt;c</FullName>
          <Methods />
        </Class>
        <Class skippedDueTo="Filter">
          <FullName>Xunit.Serialization.XunitSerializationTriple</FullName>
          <Methods />
        </Class>
        <Class skippedDueTo="Filter">
          <FullName>Xunit.Sdk.AsyncTestSyncContext</FullName>
          <Methods />
        </Class>
        <Class skippedDueTo="Filter">
          <FullName>Xunit.Sdk.AsyncTestSyncContext/&lt;&gt;c__DisplayClass7_0</FullName>
          <Methods />
        </Class>
        <Class skippedDueTo="Filter">
          <FullName>Xunit.Sdk.DefaultTestCaseOrderer</FullName>
          <Methods />
        </Class>
        <Class skippedDueTo="Filter">
          <FullName>Xunit.Sdk.DefaultTestCollectionOrderer</FullName>
          <Methods />
        </Class>
        <Class skippedDueTo="Filter">
          <FullName>Xunit.Sdk.DisposalTracker</FullName>
          <Methods />
        </Class>
        <Class skippedDueTo="Filter">
          <FullName>Xunit.Sdk.ExtensibilityPointFactory</FullName>
          <Methods />
        </Class>
        <Class skippedDueTo="Filter">
          <FullName>Xunit.Sdk.ExtensibilityPointFactory/&lt;&gt;c</FullName>
          <Methods />
        </Class>
        <Class skippedDueTo="Filter">
          <FullName>Xunit.Sdk.ExtensibilityPointFactory/&lt;&gt;c__DisplayClass4_0`1</FullName>
          <Methods />
        </Class>
        <Class skippedDueTo="Filter">
          <FullName>Xunit.Sdk.CollectionPerAssemblyTestCollectionFactory</FullName>
          <Methods />
        </Class>
        <Class skippedDueTo="Filter">
          <FullName>Xunit.Sdk.CollectionPerClassTestCollectionFactory</FullName>
          <Methods />
        </Class>
        <Class skippedDueTo="Filter">
          <FullName>Xunit.Sdk.DisplayNameFormatter</FullName>
          <Methods />
        </Class>
        <Class skippedDueTo="Filter">
          <FullName>Xunit.Sdk.DisplayNameFormatter/FormatContext</FullName>
          <Methods />
        </Class>
        <Class skippedDueTo="Filter">
          <FullName>Xunit.Sdk.DisplayNameFormatter/CharacterRule</FullName>
          <Methods />
        </Class>
        <Class skippedDueTo="Filter">
          <FullName>Xunit.Sdk.DisplayNameFormatter/ReplaceOperatorMonikerRule</FullName>
          <Methods />
        </Class>
        <Class skippedDueTo="Filter">
          <FullName>Xunit.Sdk.DisplayNameFormatter/ReplaceUnderscoreRule</FullName>
          <Methods />
        </Class>
        <Class skippedDueTo="Filter">
          <FullName>Xunit.Sdk.DisplayNameFormatter/ReplaceEscapeSequenceRule</FullName>
          <Methods />
        </Class>
        <Class skippedDueTo="Filter">
          <FullName>Xunit.Sdk.DisplayNameFormatter/ReplacePeriodRule</FullName>
          <Methods />
        </Class>
        <Class skippedDueTo="Filter">
          <FullName>Xunit.Sdk.DisplayNameFormatter/KeepPeriodRule</FullName>
          <Methods />
        </Class>
        <Class skippedDueTo="Filter">
          <FullName>Xunit.Sdk.ExecutionErrorTestCase</FullName>
          <Methods />
        </Class>
        <Class skippedDueTo="Filter">
          <FullName>Xunit.Sdk.ExecutionTimer</FullName>
          <Methods />
        </Class>
        <Class skippedDueTo="Filter">
          <FullName>Xunit.Sdk.FactDiscoverer</FullName>
          <Methods />
        </Class>
        <Class skippedDueTo="Filter">
          <FullName>Xunit.Sdk.ExecutionErrorTestCaseRunner</FullName>
          <Methods />
        </Class>
        <Class skippedDueTo="Filter">
          <FullName>Xunit.Sdk.TestAssemblyRunner`1</FullName>
          <Methods />
        </Class>
        <Class skippedDueTo="Filter">
          <FullName>Xunit.Sdk.TestAssemblyRunner`1/&lt;&gt;c__DisplayClass40_0</FullName>
          <Methods />
        </Class>
        <Class skippedDueTo="Filter">
          <FullName>Xunit.Sdk.TestAssemblyRunner`1/&lt;&gt;c</FullName>
          <Methods />
        </Class>
        <Class skippedDueTo="Filter">
          <FullName>Xunit.Sdk.TestCaseRunner`1</FullName>
          <Methods />
        </Class>
        <Class skippedDueTo="Filter">
          <FullName>Xunit.Sdk.TestClassRunner`1</FullName>
          <Methods />
        </Class>
        <Class skippedDueTo="Filter">
          <FullName>Xunit.Sdk.TestClassRunner`1/&lt;&gt;c</FullName>
          <Methods />
        </Class>
        <Class skippedDueTo="Filter">
          <FullName>Xunit.Sdk.TestCollectionRunner`1</FullName>
          <Methods />
        </Class>
        <Class skippedDueTo="Filter">
          <FullName>Xunit.Sdk.TestCollectionRunner`1/&lt;&gt;c</FullName>
          <Methods />
        </Class>
        <Class skippedDueTo="Filter">
          <FullName>Xunit.Sdk.TestInvoker`1</FullName>
          <Methods />
        </Class>
        <Class skippedDueTo="Filter">
          <FullName>Xunit.Sdk.TestInvoker`1/&lt;&gt;c</FullName>
          <Methods />
        </Class>
        <Class skippedDueTo="Filter">
          <FullName>Xunit.Sdk.TestInvoker`1/&lt;&gt;c__DisplayClass47_0</FullName>
          <Methods />
        </Class>
        <Class skippedDueTo="Filter">
          <FullName>Xunit.Sdk.TestInvoker`1/&lt;&gt;c__DisplayClass48_0</FullName>
          <Methods />
        </Class>
        <Class skippedDueTo="Filter">
          <FullName>Xunit.Sdk.TestInvoker`1/&lt;&gt;c__DisplayClass48_1</FullName>
          <Methods />
        </Class>
        <Class skippedDueTo="Filter">
          <FullName>Xunit.Sdk.TestMethodRunner`1</FullName>
          <Methods />
        </Class>
        <Class skippedDueTo="Filter">
          <FullName>Xunit.Sdk.TestRunner`1</FullName>
          <Methods />
        </Class>
        <Class skippedDueTo="Filter">
          <FullName>Xunit.Sdk.TestRunner`1/&lt;&gt;c__DisplayClass43_0</FullName>
          <Methods />
        </Class>
        <Class skippedDueTo="Filter">
          <FullName>Xunit.Sdk.XunitTestAssemblyRunner</FullName>
          <Methods />
        </Class>
        <Class skippedDueTo="Filter">
          <FullName>Xunit.Sdk.XunitTestAssemblyRunner/&lt;&gt;c__DisplayClass14_0</FullName>
          <Methods />
        </Class>
        <Class skippedDueTo="Filter">
          <FullName>Xunit.Sdk.XunitTestAssemblyRunner/&lt;&gt;c__DisplayClass14_1</FullName>
          <Methods />
        </Class>
        <Class skippedDueTo="Filter">
          <FullName>Xunit.Sdk.XunitTestAssemblyRunner/&lt;&gt;c__DisplayClass14_2</FullName>
          <Methods />
        </Class>
        <Class skippedDueTo="Filter">
          <FullName>Xunit.Sdk.XunitTestAssemblyRunner/&lt;&gt;c</FullName>
          <Methods />
        </Class>
        <Class skippedDueTo="Filter">
          <FullName>Xunit.Sdk.XunitTestCaseRunner</FullName>
          <Methods />
        </Class>
        <Class skippedDueTo="Filter">
          <FullName>Xunit.Sdk.XunitTestClassRunner</FullName>
          <Methods />
        </Class>
        <Class skippedDueTo="Filter">
          <FullName>Xunit.Sdk.XunitTestClassRunner/&lt;&gt;c__DisplayClass10_0</FullName>
          <Methods />
        </Class>
        <Class skippedDueTo="Filter">
          <FullName>Xunit.Sdk.XunitTestClassRunner/&lt;&gt;c</FullName>
          <Methods />
        </Class>
        <Class skippedDueTo="Filter">
          <FullName>Xunit.Sdk.XunitTestCollectionRunner</FullName>
          <Methods />
        </Class>
        <Class skippedDueTo="Filter">
          <FullName>Xunit.Sdk.XunitTestCollectionRunner/&lt;&gt;c__DisplayClass11_0</FullName>
          <Methods />
        </Class>
        <Class skippedDueTo="Filter">
          <FullName>Xunit.Sdk.XunitTestCollectionRunner/&lt;&gt;c</FullName>
          <Methods />
        </Class>
        <Class skippedDueTo="Filter">
          <FullName>Xunit.Sdk.XunitTestInvoker</FullName>
          <Methods />
        </Class>
        <Class skippedDueTo="Filter">
          <FullName>Xunit.Sdk.XunitTestInvoker/&lt;&gt;c__DisplayClass5_0</FullName>
          <Methods />
        </Class>
        <Class skippedDueTo="Filter">
          <FullName>Xunit.Sdk.XunitTestInvoker/&lt;&gt;c__DisplayClass6_0</FullName>
          <Methods />
        </Class>
        <Class skippedDueTo="Filter">
          <FullName>Xunit.Sdk.XunitTestMethodRunner</FullName>
          <Methods />
        </Class>
        <Class skippedDueTo="Filter">
          <FullName>Xunit.Sdk.XunitTestRunner</FullName>
          <Methods />
        </Class>
        <Class skippedDueTo="Filter">
          <FullName>Xunit.Sdk.XunitTheoryTestCaseRunner</FullName>
          <Methods />
        </Class>
        <Class skippedDueTo="Filter">
          <FullName>Xunit.Sdk.XunitTheoryTestCaseRunner/&lt;&gt;c</FullName>
          <Methods />
        </Class>
        <Class skippedDueTo="Filter">
          <FullName>Xunit.Sdk.XunitTheoryTestCaseRunner/&lt;&gt;c__DisplayClass11_0</FullName>
          <Methods />
        </Class>
        <Class skippedDueTo="Filter">
          <FullName>Xunit.Sdk.TestAssembly</FullName>
          <Methods />
        </Class>
        <Class skippedDueTo="Filter">
          <FullName>Xunit.Sdk.TestClass</FullName>
          <Methods />
        </Class>
        <Class skippedDueTo="Filter">
          <FullName>Xunit.Sdk.TestClassComparer</FullName>
          <Methods />
        </Class>
        <Class skippedDueTo="Filter">
          <FullName>Xunit.Sdk.TestCollection</FullName>
          <Methods />
        </Class>
        <Class skippedDueTo="Filter">
          <FullName>Xunit.Sdk.TestCollectionComparer</FullName>
          <Methods />
        </Class>
        <Class skippedDueTo="Filter">
          <FullName>Xunit.Sdk.TestCollectionFactoryHelper</FullName>
          <Methods />
        </Class>
        <Class skippedDueTo="Filter">
          <FullName>Xunit.Sdk.TestCollectionFactoryHelper/&lt;&gt;c</FullName>
          <Methods />
        </Class>
        <Class skippedDueTo="Filter">
          <FullName>Xunit.Sdk.TestFramework</FullName>
          <Methods />
        </Class>
        <Class skippedDueTo="Filter">
          <FullName>Xunit.Sdk.TestFramework/NullSourceInformationProvider</FullName>
          <Methods />
        </Class>
        <Class skippedDueTo="Filter">
          <FullName>Xunit.Sdk.TestFrameworkDiscoverer</FullName>
          <Methods />
        </Class>
        <Class skippedDueTo="Filter">
          <FullName>Xunit.Sdk.TestFrameworkDiscoverer/PreserveWorkingFolder</FullName>
          <Methods />
        </Class>
        <Class skippedDueTo="Filter">
          <FullName>Xunit.Sdk.TestFrameworkDiscoverer/&lt;&gt;c__DisplayClass26_0</FullName>
          <Methods />
        </Class>
        <Class skippedDueTo="Filter">
          <FullName>Xunit.Sdk.TestFrameworkDiscoverer/&lt;&gt;c__DisplayClass28_0</FullName>
          <Methods />
        </Class>
        <Class skippedDueTo="Filter">
          <FullName>Xunit.Sdk.TestFrameworkExecutor`1</FullName>
          <Methods />
        </Class>
        <Class skippedDueTo="Filter">
          <FullName>Xunit.Sdk.TestFrameworkProxy</FullName>
          <Methods />
        </Class>
        <Class skippedDueTo="Filter">
          <FullName>Xunit.Sdk.TestFrameworkProxy/MessageSinkWrapper</FullName>
          <Methods />
        </Class>
        <Class skippedDueTo="Filter">
          <FullName>Xunit.Sdk.TestFrameworkProxy/&lt;&gt;c</FullName>
          <Methods />
        </Class>
        <Class skippedDueTo="Filter">
          <FullName>Xunit.Sdk.TestMethod</FullName>
          <Methods />
        </Class>
        <Class skippedDueTo="Filter">
          <FullName>Xunit.Sdk.TestMethodComparer</FullName>
          <Methods />
        </Class>
        <Class skippedDueTo="Filter">
          <FullName>Xunit.Sdk.TestMethodTestCase</FullName>
          <Methods />
        </Class>
        <Class skippedDueTo="Filter">
          <FullName>Xunit.Sdk.TestOutputHelper</FullName>
          <Methods />
        </Class>
        <Class skippedDueTo="Filter">
          <FullName>Xunit.Sdk.TestTimeoutException</FullName>
          <Methods />
        </Class>
        <Class skippedDueTo="Filter">
          <FullName>Xunit.Sdk.TheoryDiscoverer</FullName>
          <Methods />
        </Class>
        <Class skippedDueTo="Filter">
          <FullName>Xunit.Sdk.XunitSkippedDataRowTestCase</FullName>
          <Methods />
        </Class>
        <Class skippedDueTo="Filter">
          <FullName>Xunit.Sdk.XunitTest</FullName>
          <Methods />
        </Class>
        <Class skippedDueTo="Filter">
          <FullName>Xunit.Sdk.XunitTestCase</FullName>
          <Methods />
        </Class>
        <Class skippedDueTo="Filter">
          <FullName>Xunit.Sdk.XunitTestCase/&lt;&gt;c__DisplayClass16_0</FullName>
          <Methods />
        </Class>
        <Class skippedDueTo="Filter">
          <FullName>Xunit.Sdk.XunitTestCase/&lt;&gt;c__DisplayClass17_0</FullName>
          <Methods />
        </Class>
        <Class skippedDueTo="Filter">
          <FullName>Xunit.Sdk.XunitTestFramework</FullName>
          <Methods />
        </Class>
        <Class skippedDueTo="Filter">
          <FullName>Xunit.Sdk.XunitTestFrameworkDiscoverer</FullName>
          <Methods />
        </Class>
        <Class skippedDueTo="Filter">
          <FullName>Xunit.Sdk.XunitTestFrameworkExecutor</FullName>
          <Methods />
        </Class>
        <Class skippedDueTo="Filter">
          <FullName>Xunit.Sdk.XunitTheoryTestCase</FullName>
          <Methods />
        </Class>
        <Class skippedDueTo="Filter">
          <FullName>Xunit.Sdk.MaxConcurrencySyncContext</FullName>
          <Methods />
        </Class>
        <Class skippedDueTo="Filter">
          <FullName>Xunit.Sdk.MaxConcurrencySyncContext/&lt;&gt;c__DisplayClass11_0</FullName>
          <Methods />
        </Class>
        <Class skippedDueTo="Filter">
          <FullName>Xunit.Sdk.MessageBus</FullName>
          <Methods />
        </Class>
        <Class skippedDueTo="Filter">
          <FullName>Xunit.Sdk.DelegatingMessageBus</FullName>
          <Methods />
        </Class>
        <Class skippedDueTo="Filter">
          <FullName>Xunit.Sdk.DelegatingMessageBus`1</FullName>
          <Methods />
        </Class>
        <Class skippedDueTo="Filter">
          <FullName>Xunit.Sdk.DelegatingMessageSink</FullName>
          <Methods />
        </Class>
        <Class skippedDueTo="Filter">
          <FullName>Xunit.Sdk.DelegatingMessageSink`1</FullName>
          <Methods />
        </Class>
        <Class skippedDueTo="Filter">
          <FullName>Xunit.Sdk.ReflectionAssemblyInfo</FullName>
          <Methods />
        </Class>
        <Class skippedDueTo="Filter">
          <FullName>Xunit.Sdk.ReflectionAssemblyInfo/&lt;&gt;c__DisplayClass10_0</FullName>
          <Methods />
        </Class>
        <Class skippedDueTo="Filter">
          <FullName>Xunit.Sdk.ReflectionAssemblyInfo/&lt;&gt;c</FullName>
          <Methods />
        </Class>
        <Class skippedDueTo="Filter">
          <FullName>Xunit.Sdk.ReflectionAttributeInfo</FullName>
          <Methods />
        </Class>
        <Class skippedDueTo="Filter">
          <FullName>Xunit.Sdk.ReflectionAttributeInfo/&lt;Convert&gt;d__11</FullName>
          <Methods />
        </Class>
        <Class skippedDueTo="Filter">
          <FullName>Xunit.Sdk.ReflectionAttributeInfo/&lt;&gt;c</FullName>
          <Methods />
        </Class>
        <Class skippedDueTo="Filter">
          <FullName>Xunit.Sdk.ReflectionAttributeInfo/&lt;&gt;c__DisplayClass19_0</FullName>
          <Methods />
        </Class>
        <Class skippedDueTo="Filter">
          <FullName>Xunit.Sdk.ReflectionAttributeNameCache</FullName>
          <Methods />
        </Class>
        <Class skippedDueTo="Filter">
          <FullName>Xunit.Sdk.ReflectionAttributeNameCache/&lt;&gt;c</FullName>
          <Methods />
        </Class>
        <Class skippedDueTo="Filter">
          <FullName>Xunit.Sdk.ReflectionMethodInfo</FullName>
          <Methods />
        </Class>
        <Class skippedDueTo="Filter">
          <FullName>Xunit.Sdk.ReflectionMethodInfo/GenericTypeComparer</FullName>
          <Methods />
        </Class>
        <Class skippedDueTo="Filter">
          <FullName>Xunit.Sdk.ReflectionMethodInfo/&lt;&gt;c</FullName>
          <Methods />
        </Class>
        <Class skippedDueTo="Filter">
          <FullName>Xunit.Sdk.ReflectionParameterInfo</FullName>
          <Methods />
        </Class>
        <Class skippedDueTo="Filter">
          <FullName>Xunit.Sdk.ReflectionTypeInfo</FullName>
          <Methods />
        </Class>
        <Class skippedDueTo="Filter">
          <FullName>Xunit.Sdk.ReflectionTypeInfo/&lt;&gt;c</FullName>
          <Methods />
        </Class>
        <Class skippedDueTo="Filter">
          <FullName>Xunit.Sdk.ReflectionTypeInfo/&lt;&gt;c__DisplayClass25_0</FullName>
          <Methods />
        </Class>
        <Class skippedDueTo="Filter">
          <FullName>Xunit.Sdk.Reflector</FullName>
          <Methods />
        </Class>
        <Class skippedDueTo="Filter">
          <FullName>Xunit.Sdk.Reflector/&lt;&gt;c</FullName>
          <Methods />
        </Class>
        <Class skippedDueTo="Filter">
          <FullName>Xunit.Sdk.SynchronousMessageBus</FullName>
          <Methods />
        </Class>
        <Class skippedDueTo="Filter">
          <FullName>Xunit.Sdk.TestCaseBulkDeserializer</FullName>
          <Methods />
        </Class>
        <Class skippedDueTo="Filter">
          <FullName>Xunit.Sdk.TestCaseBulkDeserializer/&lt;&gt;c__DisplayClass1_0</FullName>
          <Methods />
        </Class>
        <Class skippedDueTo="Filter">
          <FullName>Xunit.Sdk.TestCaseDescriptorFactory</FullName>
          <Methods />
        </Class>
        <Class skippedDueTo="Filter">
          <FullName>Xunit.Sdk.TestClassException</FullName>
          <Methods />
        </Class>
        <Class skippedDueTo="Filter">
          <FullName>Xunit.Sdk.TestDiscoveryVisitor</FullName>
          <Methods />
        </Class>
        <Class skippedDueTo="Filter">
          <FullName>Xunit.Sdk.TestFrameworkTypeDiscoverer</FullName>
          <Methods />
        </Class>
        <Class skippedDueTo="Filter">
          <FullName>Xunit.Sdk.TraitHelper</FullName>
          <Methods />
        </Class>
        <Class skippedDueTo="Filter">
          <FullName>Xunit.Sdk.TraitHelper/&lt;&gt;c</FullName>
          <Methods />
        </Class>
        <Class skippedDueTo="Filter">
          <FullName>Xunit.Sdk.TypeUtility</FullName>
          <Methods />
        </Class>
        <Class skippedDueTo="Filter">
          <FullName>Xunit.Sdk.TypeUtility/&lt;&gt;c</FullName>
          <Methods />
        </Class>
        <Class skippedDueTo="Filter">
          <FullName>Xunit.Sdk.AsyncManualResetEvent</FullName>
          <Methods />
        </Class>
        <Class skippedDueTo="Filter">
          <FullName>Xunit.Sdk.CollectionExtensions</FullName>
          <Methods />
        </Class>
        <Class skippedDueTo="Filter">
          <FullName>Xunit.Sdk.ExecutionContextHelper</FullName>
          <Methods />
        </Class>
        <Class skippedDueTo="Filter">
          <FullName>Xunit.Sdk.ExecutionContextHelper/&lt;&gt;c</FullName>
          <Methods />
        </Class>
        <Class skippedDueTo="Filter">
          <FullName>Xunit.Sdk.Pack</FullName>
          <Methods />
        </Class>
        <Class skippedDueTo="Filter">
          <FullName>Xunit.Sdk.GeneralDigest</FullName>
          <Methods />
        </Class>
        <Class skippedDueTo="Filter">
          <FullName>Xunit.Sdk.Sha1Digest</FullName>
          <Methods />
        </Class>
        <Class skippedDueTo="Filter">
          <FullName>Xunit.Sdk.ExceptionUtility</FullName>
          <Methods />
        </Class>
        <Class skippedDueTo="Filter">
          <FullName>Xunit.Sdk.ExceptionUtility/FailureInformation</FullName>
          <Methods />
        </Class>
        <Class skippedDueTo="Filter">
          <FullName>Xunit.Sdk.ExceptionUtility/&lt;SplitLines&gt;d__9</FullName>
          <Methods />
        </Class>
        <Class skippedDueTo="Filter">
          <FullName>Xunit.Sdk.NullMessageSink</FullName>
          <Methods />
        </Class>
        <Class skippedDueTo="Filter">
          <FullName>Xunit.Sdk.SerializationHelper</FullName>
          <Methods />
        </Class>
        <Class skippedDueTo="Filter">
          <FullName>Xunit.Sdk.SerializationHelper/&lt;&gt;c</FullName>
          <Methods />
        </Class>
        <Class skippedDueTo="Filter">
          <FullName>Xunit.Sdk.SerializationHelper/&lt;&gt;c__DisplayClass6_0</FullName>
          <Methods />
        </Class>
        <Class skippedDueTo="Filter">
          <FullName>Xunit.Sdk.SourceInformation</FullName>
          <Methods />
        </Class>
        <Class skippedDueTo="Filter">
          <FullName>Xunit.Sdk.XunitWorkerThread</FullName>
          <Methods />
        </Class>
        <Class skippedDueTo="Filter">
          <FullName>Xunit.Sdk.XunitWorkerThread/State</FullName>
          <Methods />
        </Class>
        <Class skippedDueTo="Filter">
          <FullName>Xunit.Sdk.XunitWorkerThread/&lt;&gt;c</FullName>
          <Methods />
        </Class>
        <Class skippedDueTo="Filter">
          <FullName>Xunit.Sdk.AfterTestFinished</FullName>
          <Methods />
        </Class>
        <Class skippedDueTo="Filter">
          <FullName>Xunit.Sdk.AfterTestStarting</FullName>
          <Methods />
        </Class>
        <Class skippedDueTo="Filter">
          <FullName>Xunit.Sdk.TestAssemblyMessage</FullName>
          <Methods />
        </Class>
        <Class skippedDueTo="Filter">
          <FullName>Xunit.Sdk.TestCaseMessage</FullName>
          <Methods />
        </Class>
        <Class skippedDueTo="Filter">
          <FullName>Xunit.Sdk.TestClassMessage</FullName>
          <Methods />
        </Class>
        <Class skippedDueTo="Filter">
          <FullName>Xunit.Sdk.TestCollectionMessage</FullName>
          <Methods />
        </Class>
        <Class skippedDueTo="Filter">
          <FullName>Xunit.Sdk.TestMessage</FullName>
          <Methods />
        </Class>
        <Class skippedDueTo="Filter">
          <FullName>Xunit.Sdk.TestMethodMessage</FullName>
          <Methods />
        </Class>
        <Class skippedDueTo="Filter">
          <FullName>Xunit.Sdk.TestResultMessage</FullName>
          <Methods />
        </Class>
        <Class skippedDueTo="Filter">
          <FullName>Xunit.Sdk.BeforeTestFinished</FullName>
          <Methods />
        </Class>
        <Class skippedDueTo="Filter">
          <FullName>Xunit.Sdk.BeforeTestStarting</FullName>
          <Methods />
        </Class>
        <Class skippedDueTo="Filter">
          <FullName>Xunit.Sdk.DiagnosticMessage</FullName>
          <Methods />
        </Class>
        <Class skippedDueTo="Filter">
          <FullName>Xunit.Sdk.DiagnosticMessage/&lt;&gt;c</FullName>
          <Methods />
        </Class>
        <Class skippedDueTo="Filter">
          <FullName>Xunit.Sdk.DiscoveryCompleteMessage</FullName>
          <Methods />
        </Class>
        <Class skippedDueTo="Filter">
          <FullName>Xunit.Sdk.ErrorMessage</FullName>
          <Methods />
        </Class>
        <Class skippedDueTo="Filter">
          <FullName>Xunit.Sdk.TestAssemblyCleanupFailure</FullName>
          <Methods />
        </Class>
        <Class skippedDueTo="Filter">
          <FullName>Xunit.Sdk.TestAssemblyFinished</FullName>
          <Methods />
        </Class>
        <Class skippedDueTo="Filter">
          <FullName>Xunit.Sdk.TestAssemblyStarting</FullName>
          <Methods />
        </Class>
        <Class skippedDueTo="Filter">
          <FullName>Xunit.Sdk.TestCaseCleanupFailure</FullName>
          <Methods />
        </Class>
        <Class skippedDueTo="Filter">
          <FullName>Xunit.Sdk.TestCaseDiscoveryMessage</FullName>
          <Methods />
        </Class>
        <Class skippedDueTo="Filter">
          <FullName>Xunit.Sdk.TestCaseFinished</FullName>
          <Methods />
        </Class>
        <Class skippedDueTo="Filter">
          <FullName>Xunit.Sdk.TestCaseStarting</FullName>
          <Methods />
        </Class>
        <Class skippedDueTo="Filter">
          <FullName>Xunit.Sdk.TestClassCleanupFailure</FullName>
          <Methods />
        </Class>
        <Class skippedDueTo="Filter">
          <FullName>Xunit.Sdk.TestClassConstructionFinished</FullName>
          <Methods />
        </Class>
        <Class skippedDueTo="Filter">
          <FullName>Xunit.Sdk.TestClassConstructionStarting</FullName>
          <Methods />
        </Class>
        <Class skippedDueTo="Filter">
          <FullName>Xunit.Sdk.TestClassDisposeFinished</FullName>
          <Methods />
        </Class>
        <Class skippedDueTo="Filter">
          <FullName>Xunit.Sdk.TestClassDisposeStarting</FullName>
          <Methods />
        </Class>
        <Class skippedDueTo="Filter">
          <FullName>Xunit.Sdk.TestClassFinished</FullName>
          <Methods />
        </Class>
        <Class skippedDueTo="Filter">
          <FullName>Xunit.Sdk.TestClassStarting</FullName>
          <Methods />
        </Class>
        <Class skippedDueTo="Filter">
          <FullName>Xunit.Sdk.TestCleanupFailure</FullName>
          <Methods />
        </Class>
        <Class skippedDueTo="Filter">
          <FullName>Xunit.Sdk.TestCollectionCleanupFailure</FullName>
          <Methods />
        </Class>
        <Class skippedDueTo="Filter">
          <FullName>Xunit.Sdk.TestCollectionFinished</FullName>
          <Methods />
        </Class>
        <Class skippedDueTo="Filter">
          <FullName>Xunit.Sdk.TestCollectionStarting</FullName>
          <Methods />
        </Class>
        <Class skippedDueTo="Filter">
          <FullName>Xunit.Sdk.TestFailed</FullName>
          <Methods />
        </Class>
        <Class skippedDueTo="Filter">
          <FullName>Xunit.Sdk.TestFinished</FullName>
          <Methods />
        </Class>
        <Class skippedDueTo="Filter">
          <FullName>Xunit.Sdk.TestMethodCleanupFailure</FullName>
          <Methods />
        </Class>
        <Class skippedDueTo="Filter">
          <FullName>Xunit.Sdk.TestMethodFinished</FullName>
          <Methods />
        </Class>
        <Class skippedDueTo="Filter">
          <FullName>Xunit.Sdk.TestMethodStarting</FullName>
          <Methods />
        </Class>
        <Class skippedDueTo="Filter">
          <FullName>Xunit.Sdk.TestOutput</FullName>
          <Methods />
        </Class>
        <Class skippedDueTo="Filter">
          <FullName>Xunit.Sdk.TestPassed</FullName>
          <Methods />
        </Class>
        <Class skippedDueTo="Filter">
          <FullName>Xunit.Sdk.TestSkipped</FullName>
          <Methods />
        </Class>
        <Class skippedDueTo="Filter">
          <FullName>Xunit.Sdk.TestStarting</FullName>
          <Methods />
        </Class>
        <Class skippedDueTo="Filter">
          <FullName>Xunit.Sdk.ArgumentFormatter</FullName>
          <Methods />
        </Class>
        <Class skippedDueTo="Filter">
          <FullName>Xunit.Sdk.ArgumentFormatter/&lt;&gt;c__DisplayClass9_0</FullName>
          <Methods />
        </Class>
        <Class skippedDueTo="Filter">
          <FullName>Xunit.Sdk.ArgumentFormatter/&lt;&gt;c__DisplayClass9_1</FullName>
          <Methods />
        </Class>
        <Class skippedDueTo="Filter">
          <FullName>Xunit.Sdk.ArgumentFormatter/&lt;&gt;c__DisplayClass9_2</FullName>
          <Methods />
        </Class>
        <Class skippedDueTo="Filter">
          <FullName>Xunit.Sdk.ArgumentFormatter/&lt;&gt;c</FullName>
          <Methods />
        </Class>
        <Class skippedDueTo="Filter">
          <FullName>Xunit.Sdk.ArgumentFormatter/&lt;&gt;c__DisplayClass10_0</FullName>
          <Methods />
        </Class>
        <Class skippedDueTo="Filter">
          <FullName>Xunit.Sdk.AssertEqualityComparer`1</FullName>
          <Methods />
        </Class>
        <Class skippedDueTo="Filter">
          <FullName>Xunit.Sdk.AssertEqualityComparer`1/TypeErasedEqualityComparer</FullName>
          <Methods />
        </Class>
        <Class skippedDueTo="Filter">
          <FullName>Xunit.Sdk.AssertEqualityComparer`1/&lt;&gt;c__DisplayClass3_0</FullName>
          <Methods />
        </Class>
        <Class skippedDueTo="Filter">
          <FullName>Xunit.Sdk.AssertEqualityComparer`1/&lt;&gt;c</FullName>
          <Methods />
        </Class>
        <Class skippedDueTo="Filter">
          <FullName>Xunit.Sdk.AssertEqualityComparerAdapter`1</FullName>
          <Methods />
        </Class>
      </Classes>
    </Module>
    <Module hash="B7-7E-AE-7D-DA-1E-73-31-C2-A7-4F-91-7C-19-BA-B1-3B-97-2A-A5">
      <Summary numSequencePoints="416" visitedSequencePoints="385" numBranchPoints="89" visitedBranchPoints="83" sequenceCoverage="92.55" branchCoverage="93.26" maxCyclomaticComplexity="7" minCyclomaticComplexity="1" maxCrapScore="12" minCrapScore="1" visitedClasses="5" numClasses="5" visitedMethods="35" numMethods="39" />
      <ModulePath>C:\Users\DELL\source\repos\Armazenagem3L-API\Armazenagem-3LC__Tests\bin\Debug\net5.0\Armazenagem3L-API.dll</ModulePath>
      <ModuleTime>2020-12-22T14:47:31.7526556Z</ModuleTime>
      <ModuleName>Armazenagem3L-API</ModuleName>
      <Files>
        <File uid="1" fullPath="C:\Users\DELL\source\repos\Armazenagem3L-API\Armazenagem3L-API\Util\CustomMessage.cs" />
        <File uid="2" fullPath="C:\Users\DELL\source\repos\Armazenagem3L-API\Armazenagem3L-API\Util\CustomResponse.cs" />
        <File uid="3" fullPath="C:\Users\DELL\source\repos\Armazenagem3L-API\Armazenagem3L-API\Services\CargaService.cs" />
        <File uid="4" fullPath="C:\Users\DELL\source\repos\Armazenagem3L-API\Armazenagem3L-API\Services\MotoristaService.cs" />
        <File uid="5" fullPath="C:\Users\DELL\source\repos\Armazenagem3L-API\Armazenagem3L-API\Services\ProdutosService.cs" />
      </Files>
      <Classes>
        <Class skippedDueTo="Filter">
          <FullName>&lt;Module&gt;</FullName>
          <Methods />
        </Class>
        <Class skippedDueTo="Filter">
          <FullName>&lt;&gt;f__AnonymousType0`2</FullName>
          <Methods />
        </Class>
        <Class skippedDueTo="Filter">
          <FullName>&lt;&gt;f__AnonymousType1`2</FullName>
          <Methods />
        </Class>
        <Class skippedDueTo="Filter">
          <FullName>&lt;&gt;f__AnonymousType2`4</FullName>
          <Methods />
        </Class>
        <Class skippedDueTo="Filter">
          <FullName>&lt;&gt;f__AnonymousType3`2</FullName>
          <Methods />
        </Class>
        <Class skippedDueTo="Filter">
          <FullName>&lt;&gt;f__AnonymousType4`5</FullName>
          <Methods />
        </Class>
        <Class skippedDueTo="Filter">
          <FullName>&lt;&gt;f__AnonymousType5`5</FullName>
          <Methods />
        </Class>
        <Class skippedDueTo="Filter">
          <FullName>&lt;&gt;f__AnonymousType6`3</FullName>
          <Methods />
        </Class>
        <Class skippedDueTo="Filter">
          <FullName>&lt;&gt;f__AnonymousType7`5</FullName>
          <Methods />
        </Class>
        <Class skippedDueTo="Filter">
          <FullName>Armazenagem3L_API.Program</FullName>
          <Methods />
        </Class>
        <Class skippedDueTo="Filter">
          <FullName>Armazenagem3L_API.Program/&lt;&gt;c</FullName>
          <Methods />
        </Class>
        <Class skippedDueTo="Filter">
          <FullName>Armazenagem3L_API.Startup</FullName>
          <Methods />
        </Class>
        <Class skippedDueTo="Filter">
          <FullName>Armazenagem3L_API.Startup/&lt;&gt;c</FullName>
          <Methods />
        </Class>
        <Class>
          <Summary numSequencePoints="12" visitedSequencePoints="9" numBranchPoints="6" visitedBranchPoints="5" sequenceCoverage="75" branchCoverage="83.33" maxCyclomaticComplexity="1" minCyclomaticComplexity="1" maxCrapScore="2" minCrapScore="1" visitedClasses="1" numClasses="1" visitedMethods="5" numMethods="6" />
          <FullName>Armazenagem3L_API.Util.CustomMessage</FullName>
          <Methods>
            <Method visited="true" cyclomaticComplexity="1" nPathComplexity="0" sequenceCoverage="100" branchCoverage="100" crapScore="1" isConstructor="false" isStatic="false" isGetter="true" isSetter="false">
              <Summary numSequencePoints="1" visitedSequencePoints="1" numBranchPoints="1" visitedBranchPoints="1" sequenceCoverage="100" branchCoverage="100" maxCyclomaticComplexity="1" minCyclomaticComplexity="1" maxCrapScore="1" minCrapScore="1" visitedClasses="0" numClasses="0" visitedMethods="1" numMethods="1" />
              <MetadataToken>100663364</MetadataToken>
              <Name>System.String Armazenagem3L_API.Util.CustomMessage::get_Nome()</Name>
              <FileRef uid="1" />
              <SequencePoints>
                <SequencePoint vc="50" uspid="1" ordinal="0" offset="0" sl="10" sc="30" el="10" ec="34" bec="0" bev="0" fileid="1" />
              </SequencePoints>
              <BranchPoints />
              <MethodPoint xsi:type="SequencePoint" vc="50" uspid="1" ordinal="0" offset="0" sl="10" sc="30" el="10" ec="34" bec="0" bev="0" fileid="1" />
            </Method>
            <Method visited="true" cyclomaticComplexity="1" nPathComplexity="0" sequenceCoverage="100" branchCoverage="100" crapScore="1" isConstructor="false" isStatic="false" isGetter="false" isSetter="true">
              <Summary numSequencePoints="1" visitedSequencePoints="1" numBranchPoints="1" visitedBranchPoints="1" sequenceCoverage="100" branchCoverage="100" maxCyclomaticComplexity="1" minCyclomaticComplexity="1" maxCrapScore="1" minCrapScore="1" visitedClasses="0" numClasses="0" visitedMethods="1" numMethods="1" />
              <MetadataToken>100663365</MetadataToken>
              <Name>System.Void Armazenagem3L_API.Util.CustomMessage::set_Nome(System.String)</Name>
              <FileRef uid="1" />
              <SequencePoints>
                <SequencePoint vc="61" uspid="2" ordinal="0" offset="0" sl="10" sc="35" el="10" ec="39" bec="0" bev="0" fileid="1" />
              </SequencePoints>
              <BranchPoints />
              <MethodPoint xsi:type="SequencePoint" vc="61" uspid="2" ordinal="0" offset="0" sl="10" sc="35" el="10" ec="39" bec="0" bev="0" fileid="1" />
            </Method>
            <Method visited="true" cyclomaticComplexity="1" nPathComplexity="0" sequenceCoverage="100" branchCoverage="100" crapScore="1" isConstructor="false" isStatic="false" isGetter="true" isSetter="false">
              <Summary numSequencePoints="1" visitedSequencePoints="1" numBranchPoints="1" visitedBranchPoints="1" sequenceCoverage="100" branchCoverage="100" maxCyclomaticComplexity="1" minCyclomaticComplexity="1" maxCrapScore="1" minCrapScore="1" visitedClasses="0" numClasses="0" visitedMethods="1" numMethods="1" />
              <MetadataToken>100663366</MetadataToken>
              <Name>System.String Armazenagem3L_API.Util.CustomMessage::get_Descricao()</Name>
              <FileRef uid="1" />
              <SequencePoints>
                <SequencePoint vc="50" uspid="3" ordinal="0" offset="0" sl="11" sc="35" el="11" ec="39" bec="0" bev="0" fileid="1" />
              </SequencePoints>
              <BranchPoints />
              <MethodPoint xsi:type="SequencePoint" vc="50" uspid="3" ordinal="0" offset="0" sl="11" sc="35" el="11" ec="39" bec="0" bev="0" fileid="1" />
            </Method>
            <Method visited="true" cyclomaticComplexity="1" nPathComplexity="0" sequenceCoverage="100" branchCoverage="100" crapScore="1" isConstructor="false" isStatic="false" isGetter="false" isSetter="true">
              <Summary numSequencePoints="1" visitedSequencePoints="1" numBranchPoints="1" visitedBranchPoints="1" sequenceCoverage="100" branchCoverage="100" maxCyclomaticComplexity="1" minCyclomaticComplexity="1" maxCrapScore="1" minCrapScore="1" visitedClasses="0" numClasses="0" visitedMethods="1" numMethods="1" />
              <MetadataToken>100663367</MetadataToken>
              <Name>System.Void Armazenagem3L_API.Util.CustomMessage::set_Descricao(System.String)</Name>
              <FileRef uid="1" />
              <SequencePoints>
                <SequencePoint vc="61" uspid="4" ordinal="0" offset="0" sl="11" sc="40" el="11" ec="44" bec="0" bev="0" fileid="1" />
              </SequencePoints>
              <BranchPoints />
              <MethodPoint xsi:type="SequencePoint" vc="61" uspid="4" ordinal="0" offset="0" sl="11" sc="40" el="11" ec="44" bec="0" bev="0" fileid="1" />
            </Method>
            <Method visited="true" cyclomaticComplexity="1" nPathComplexity="0" sequenceCoverage="100" branchCoverage="100" crapScore="1" isConstructor="true" isStatic="false" isGetter="false" isSetter="false">
              <Summary numSequencePoints="5" visitedSequencePoints="5" numBranchPoints="1" visitedBranchPoints="1" sequenceCoverage="100" branchCoverage="100" maxCyclomaticComplexity="1" minCyclomaticComplexity="1" maxCrapScore="1" minCrapScore="1" visitedClasses="0" numClasses="0" visitedMethods="1" numMethods="1" />
              <MetadataToken>100663368</MetadataToken>
              <Name>System.Void Armazenagem3L_API.Util.CustomMessage::.ctor(System.String,System.String)</Name>
              <FileRef uid="1" />
              <SequencePoints>
                <SequencePoint vc="61" uspid="5" ordinal="0" offset="0" sl="13" sc="9" el="13" ec="60" bec="0" bev="0" fileid="1" />
                <SequencePoint vc="61" uspid="6" ordinal="1" offset="7" sl="13" sc="61" el="13" ec="62" bec="0" bev="0" fileid="1" />
                <SequencePoint vc="61" uspid="7" ordinal="2" offset="8" sl="14" sc="13" el="14" ec="30" bec="0" bev="0" fileid="1" />
                <SequencePoint vc="61" uspid="8" ordinal="3" offset="16" sl="15" sc="13" el="15" ec="40" bec="0" bev="0" fileid="1" />
                <SequencePoint vc="61" uspid="9" ordinal="4" offset="24" sl="16" sc="9" el="16" ec="10" bec="0" bev="0" fileid="1" />
              </SequencePoints>
              <BranchPoints />
              <MethodPoint xsi:type="SequencePoint" vc="61" uspid="5" ordinal="0" offset="0" sl="13" sc="9" el="13" ec="60" bec="0" bev="0" fileid="1" />
            </Method>
            <Method visited="false" cyclomaticComplexity="1" nPathComplexity="0" sequenceCoverage="0" branchCoverage="0" crapScore="2" isConstructor="false" isStatic="false" isGetter="false" isSetter="false">
              <Summary numSequencePoints="3" visitedSequencePoints="0" numBranchPoints="1" visitedBranchPoints="0" sequenceCoverage="0" branchCoverage="0" maxCyclomaticComplexity="1" minCyclomaticComplexity="1" maxCrapScore="2" minCrapScore="2" visitedClasses="0" numClasses="0" visitedMethods="0" numMethods="1" />
              <MetadataToken>100663369</MetadataToken>
              <Name>System.String Armazenagem3L_API.Util.CustomMessage::ToString()</Name>
              <FileRef uid="1" />
              <SequencePoints>
                <SequencePoint vc="0" uspid="10" ordinal="0" offset="0" sl="18" sc="43" el="18" ec="44" bec="0" bev="0" fileid="1" />
                <SequencePoint vc="0" uspid="11" ordinal="1" offset="1" sl="19" sc="13" el="19" ec="54" bec="0" bev="0" fileid="1" />
                <SequencePoint vc="0" uspid="12" ordinal="2" offset="10" sl="20" sc="9" el="20" ec="10" bec="0" bev="0" fileid="1" />
              </SequencePoints>
              <BranchPoints />
              <MethodPoint xsi:type="SequencePoint" vc="0" uspid="10" ordinal="0" offset="0" sl="18" sc="43" el="18" ec="44" bec="0" bev="0" fileid="1" />
            </Method>
          </Methods>
        </Class>
        <Class>
          <Summary numSequencePoints="24" visitedSequencePoints="20" numBranchPoints="12" visitedBranchPoints="10" sequenceCoverage="83.33" branchCoverage="83.33" maxCyclomaticComplexity="2" minCyclomaticComplexity="1" maxCrapScore="2" minCrapScore="1" visitedClasses="1" numClasses="1" visitedMethods="8" numMethods="10" />
          <FullName>Armazenagem3L_API.Util.CustomResponse</FullName>
          <Methods>
            <Method visited="true" cyclomaticComplexity="1" nPathComplexity="0" sequenceCoverage="100" branchCoverage="100" crapScore="1" isConstructor="false" isStatic="false" isGetter="true" isSetter="false">
              <Summary numSequencePoints="1" visitedSequencePoints="1" numBranchPoints="1" visitedBranchPoints="1" sequenceCoverage="100" branchCoverage="100" maxCyclomaticComplexity="1" minCyclomaticComplexity="1" maxCrapScore="1" minCrapScore="1" visitedClasses="0" numClasses="0" visitedMethods="1" numMethods="1" />
              <MetadataToken>100663370</MetadataToken>
              <Name>System.Net.HttpStatusCode Armazenagem3L_API.Util.CustomResponse::get_StatusCode()</Name>
              <FileRef uid="2" />
              <SequencePoints>
                <SequencePoint vc="196" uspid="13" ordinal="0" offset="0" sl="11" sc="44" el="11" ec="48" bec="0" bev="0" fileid="2" />
              </SequencePoints>
              <BranchPoints />
              <MethodPoint xsi:type="SequencePoint" vc="196" uspid="13" ordinal="0" offset="0" sl="11" sc="44" el="11" ec="48" bec="0" bev="0" fileid="2" />
            </Method>
            <Method visited="true" cyclomaticComplexity="1" nPathComplexity="0" sequenceCoverage="100" branchCoverage="100" crapScore="1" isConstructor="false" isStatic="false" isGetter="false" isSetter="true">
              <Summary numSequencePoints="1" visitedSequencePoints="1" numBranchPoints="1" visitedBranchPoints="1" sequenceCoverage="100" branchCoverage="100" maxCyclomaticComplexity="1" minCyclomaticComplexity="1" maxCrapScore="1" minCrapScore="1" visitedClasses="0" numClasses="0" visitedMethods="1" numMethods="1" />
              <MetadataToken>100663371</MetadataToken>
              <Name>System.Void Armazenagem3L_API.Util.CustomResponse::set_StatusCode(System.Net.HttpStatusCode)</Name>
              <FileRef uid="2" />
              <SequencePoints>
                <SequencePoint vc="80" uspid="14" ordinal="0" offset="0" sl="11" sc="49" el="11" ec="53" bec="0" bev="0" fileid="2" />
              </SequencePoints>
              <BranchPoints />
              <MethodPoint xsi:type="SequencePoint" vc="80" uspid="14" ordinal="0" offset="0" sl="11" sc="49" el="11" ec="53" bec="0" bev="0" fileid="2" />
            </Method>
            <Method visited="true" cyclomaticComplexity="1" nPathComplexity="0" sequenceCoverage="100" branchCoverage="100" crapScore="1" isConstructor="false" isStatic="false" isGetter="true" isSetter="false">
              <Summary numSequencePoints="1" visitedSequencePoints="1" numBranchPoints="1" visitedBranchPoints="1" sequenceCoverage="100" branchCoverage="100" maxCyclomaticComplexity="1" minCyclomaticComplexity="1" maxCrapScore="1" minCrapScore="1" visitedClasses="0" numClasses="0" visitedMethods="1" numMethods="1" />
              <MetadataToken>100663372</MetadataToken>
              <Name>Armazenagem3L_API.Util.CustomMessage Armazenagem3L_API.Util.CustomResponse::get_Mensagem()</Name>
              <FileRef uid="2" />
              <SequencePoints>
                <SequencePoint vc="146" uspid="15" ordinal="0" offset="0" sl="12" sc="41" el="12" ec="45" bec="0" bev="0" fileid="2" />
              </SequencePoints>
              <BranchPoints />
              <MethodPoint xsi:type="SequencePoint" vc="146" uspid="15" ordinal="0" offset="0" sl="12" sc="41" el="12" ec="45" bec="0" bev="0" fileid="2" />
            </Method>
            <Method visited="true" cyclomaticComplexity="1" nPathComplexity="0" sequenceCoverage="100" branchCoverage="100" crapScore="1" isConstructor="false" isStatic="false" isGetter="false" isSetter="true">
              <Summary numSequencePoints="1" visitedSequencePoints="1" numBranchPoints="1" visitedBranchPoints="1" sequenceCoverage="100" branchCoverage="100" maxCyclomaticComplexity="1" minCyclomaticComplexity="1" maxCrapScore="1" minCrapScore="1" visitedClasses="0" numClasses="0" visitedMethods="1" numMethods="1" />
              <MetadataToken>100663373</MetadataToken>
              <Name>System.Void Armazenagem3L_API.Util.CustomResponse::set_Mensagem(Armazenagem3L_API.Util.CustomMessage)</Name>
              <FileRef uid="2" />
              <SequencePoints>
                <SequencePoint vc="80" uspid="16" ordinal="0" offset="0" sl="12" sc="46" el="12" ec="50" bec="0" bev="0" fileid="2" />
              </SequencePoints>
              <BranchPoints />
              <MethodPoint xsi:type="SequencePoint" vc="80" uspid="16" ordinal="0" offset="0" sl="12" sc="46" el="12" ec="50" bec="0" bev="0" fileid="2" />
            </Method>
            <Method visited="true" cyclomaticComplexity="1" nPathComplexity="0" sequenceCoverage="100" branchCoverage="100" crapScore="1" isConstructor="false" isStatic="false" isGetter="true" isSetter="false">
              <Summary numSequencePoints="1" visitedSequencePoints="1" numBranchPoints="1" visitedBranchPoints="1" sequenceCoverage="100" branchCoverage="100" maxCyclomaticComplexity="1" minCyclomaticComplexity="1" maxCrapScore="1" minCrapScore="1" visitedClasses="0" numClasses="0" visitedMethods="1" numMethods="1" />
              <MetadataToken>100663374</MetadataToken>
              <Name>System.Object Armazenagem3L_API.Util.CustomResponse::get_Objeto()</Name>
              <FileRef uid="2" />
              <SequencePoints>
                <SequencePoint vc="34" uspid="17" ordinal="0" offset="0" sl="13" sc="32" el="13" ec="36" bec="0" bev="0" fileid="2" />
              </SequencePoints>
              <BranchPoints />
              <MethodPoint xsi:type="SequencePoint" vc="34" uspid="17" ordinal="0" offset="0" sl="13" sc="32" el="13" ec="36" bec="0" bev="0" fileid="2" />
            </Method>
            <Method visited="true" cyclomaticComplexity="1" nPathComplexity="0" sequenceCoverage="100" branchCoverage="100" crapScore="1" isConstructor="false" isStatic="false" isGetter="false" isSetter="true">
              <Summary numSequencePoints="1" visitedSequencePoints="1" numBranchPoints="1" visitedBranchPoints="1" sequenceCoverage="100" branchCoverage="100" maxCyclomaticComplexity="1" minCyclomaticComplexity="1" maxCrapScore="1" minCrapScore="1" visitedClasses="0" numClasses="0" visitedMethods="1" numMethods="1" />
              <MetadataToken>100663375</MetadataToken>
              <Name>System.Void Armazenagem3L_API.Util.CustomResponse::set_Objeto(System.Object)</Name>
              <FileRef uid="2" />
              <SequencePoints>
                <SequencePoint vc="80" uspid="18" ordinal="0" offset="0" sl="13" sc="37" el="13" ec="41" bec="0" bev="0" fileid="2" />
              </SequencePoints>
              <BranchPoints />
              <MethodPoint xsi:type="SequencePoint" vc="80" uspid="18" ordinal="0" offset="0" sl="13" sc="37" el="13" ec="41" bec="0" bev="0" fileid="2" />
            </Method>
            <Method visited="false" cyclomaticComplexity="1" nPathComplexity="0" sequenceCoverage="0" branchCoverage="0" crapScore="2" isConstructor="false" isStatic="false" isGetter="true" isSetter="false">
              <Summary numSequencePoints="1" visitedSequencePoints="0" numBranchPoints="1" visitedBranchPoints="0" sequenceCoverage="0" branchCoverage="0" maxCyclomaticComplexity="1" minCyclomaticComplexity="1" maxCrapScore="2" minCrapScore="2" visitedClasses="0" numClasses="0" visitedMethods="0" numMethods="1" />
              <MetadataToken>100663376</MetadataToken>
              <Name>System.Object Armazenagem3L_API.Util.CustomResponse::get_Retorno()</Name>
              <FileRef uid="2" />
              <SequencePoints>
                <SequencePoint vc="0" uspid="19" ordinal="0" offset="0" sl="14" sc="33" el="14" ec="37" bec="0" bev="0" fileid="2" />
              </SequencePoints>
              <BranchPoints />
              <MethodPoint xsi:type="SequencePoint" vc="0" uspid="19" ordinal="0" offset="0" sl="14" sc="33" el="14" ec="37" bec="0" bev="0" fileid="2" />
            </Method>
            <Method visited="true" cyclomaticComplexity="1" nPathComplexity="0" sequenceCoverage="100" branchCoverage="100" crapScore="1" isConstructor="false" isStatic="false" isGetter="false" isSetter="true">
              <Summary numSequencePoints="1" visitedSequencePoints="1" numBranchPoints="1" visitedBranchPoints="1" sequenceCoverage="100" branchCoverage="100" maxCyclomaticComplexity="1" minCyclomaticComplexity="1" maxCrapScore="1" minCrapScore="1" visitedClasses="0" numClasses="0" visitedMethods="1" numMethods="1" />
              <MetadataToken>100663377</MetadataToken>
              <Name>System.Void Armazenagem3L_API.Util.CustomResponse::set_Retorno(System.Object)</Name>
              <FileRef uid="2" />
              <SequencePoints>
                <SequencePoint vc="80" uspid="20" ordinal="0" offset="0" sl="14" sc="38" el="14" ec="42" bec="0" bev="0" fileid="2" />
              </SequencePoints>
              <BranchPoints />
              <MethodPoint xsi:type="SequencePoint" vc="80" uspid="20" ordinal="0" offset="0" sl="14" sc="38" el="14" ec="42" bec="0" bev="0" fileid="2" />
            </Method>
            <Method visited="false" cyclomaticComplexity="1" nPathComplexity="0" sequenceCoverage="0" branchCoverage="0" crapScore="2" isConstructor="true" isStatic="false" isGetter="false" isSetter="false">
              <Summary numSequencePoints="3" visitedSequencePoints="0" numBranchPoints="1" visitedBranchPoints="0" sequenceCoverage="0" branchCoverage="0" maxCyclomaticComplexity="1" minCyclomaticComplexity="1" maxCrapScore="2" minCrapScore="2" visitedClasses="0" numClasses="0" visitedMethods="0" numMethods="1" />
              <MetadataToken>100663378</MetadataToken>
              <Name>System.Void Armazenagem3L_API.Util.CustomResponse::.ctor()</Name>
              <FileRef uid="2" />
              <SequencePoints>
                <SequencePoint vc="0" uspid="21" ordinal="0" offset="0" sl="16" sc="9" el="16" ec="32" bec="0" bev="0" fileid="2" />
                <SequencePoint vc="0" uspid="22" ordinal="1" offset="7" sl="16" sc="33" el="16" ec="34" bec="0" bev="0" fileid="2" />
                <SequencePoint vc="0" uspid="23" ordinal="2" offset="8" sl="18" sc="9" el="18" ec="10" bec="0" bev="0" fileid="2" />
              </SequencePoints>
              <BranchPoints />
              <MethodPoint xsi:type="SequencePoint" vc="0" uspid="21" ordinal="0" offset="0" sl="16" sc="9" el="16" ec="32" bec="0" bev="0" fileid="2" />
            </Method>
            <Method visited="true" cyclomaticComplexity="2" nPathComplexity="2" sequenceCoverage="100" branchCoverage="100" crapScore="2" isConstructor="true" isStatic="false" isGetter="false" isSetter="false">
              <Summary numSequencePoints="13" visitedSequencePoints="13" numBranchPoints="3" visitedBranchPoints="3" sequenceCoverage="100" branchCoverage="100" maxCyclomaticComplexity="2" minCyclomaticComplexity="2" maxCrapScore="2" minCrapScore="2" visitedClasses="0" numClasses="0" visitedMethods="1" numMethods="1" />
              <MetadataToken>100663379</MetadataToken>
              <Name>System.Void Armazenagem3L_API.Util.CustomResponse::.ctor(System.Net.HttpStatusCode,Armazenagem3L_API.Util.CustomMessage,System.Object)</Name>
              <FileRef uid="2" />
              <SequencePoints>
                <SequencePoint vc="80" uspid="24" ordinal="0" offset="0" sl="20" sc="9" el="20" ec="96" bec="0" bev="0" fileid="2" />
                <SequencePoint vc="80" uspid="25" ordinal="1" offset="7" sl="20" sc="97" el="20" ec="98" bec="0" bev="0" fileid="2" />
                <SequencePoint vc="80" uspid="26" ordinal="2" offset="8" sl="21" sc="13" el="21" ec="42" bec="0" bev="0" fileid="2" />
                <SequencePoint vc="80" uspid="27" ordinal="3" offset="16" sl="22" sc="13" el="22" ec="38" bec="0" bev="0" fileid="2" />
                <SequencePoint vc="80" uspid="28" ordinal="4" offset="24" sl="23" sc="13" el="23" ec="34" bec="0" bev="0" fileid="2" />
                <SequencePoint vc="80" uspid="29" ordinal="5" offset="32" sl="25" sc="13" el="25" ec="53" bec="2" bev="2" fileid="2" />
                <SequencePoint vc="46" uspid="30" ordinal="6" offset="52" sl="25" sc="54" el="25" ec="55" bec="0" bev="0" fileid="2" />
                <SequencePoint vc="46" uspid="31" ordinal="7" offset="53" sl="26" sc="17" el="26" ec="46" bec="0" bev="0" fileid="2" />
                <SequencePoint vc="46" uspid="32" ordinal="8" offset="66" sl="27" sc="13" el="27" ec="14" bec="0" bev="0" fileid="2" />
                <SequencePoint vc="34" uspid="33" ordinal="9" offset="69" sl="27" sc="20" el="27" ec="21" bec="0" bev="0" fileid="2" />
                <SequencePoint vc="34" uspid="34" ordinal="10" offset="70" sl="28" sc="17" el="28" ec="44" bec="0" bev="0" fileid="2" />
                <SequencePoint vc="34" uspid="35" ordinal="11" offset="83" sl="29" sc="13" el="29" ec="14" bec="0" bev="0" fileid="2" />
                <SequencePoint vc="80" uspid="36" ordinal="12" offset="84" sl="31" sc="9" el="31" ec="10" bec="0" bev="0" fileid="2" />
              </SequencePoints>
              <BranchPoints>
                <BranchPoint vc="46" uspid="37" ordinal="0" offset="50" sl="25" path="0" offsetend="52" fileid="2" />
                <BranchPoint vc="34" uspid="38" ordinal="1" offset="50" sl="25" path="1" offsetend="69" fileid="2" />
              </BranchPoints>
              <MethodPoint xsi:type="SequencePoint" vc="80" uspid="24" ordinal="0" offset="0" sl="20" sc="9" el="20" ec="96" bec="0" bev="0" fileid="2" />
            </Method>
          </Methods>
        </Class>
        <Class>
          <Summary numSequencePoints="0" visitedSequencePoints="0" numBranchPoints="0" visitedBranchPoints="0" sequenceCoverage="0" branchCoverage="0" maxCyclomaticComplexity="0" minCyclomaticComplexity="0" maxCrapScore="0" minCrapScore="0" visitedClasses="0" numClasses="0" visitedMethods="0" numMethods="0" />
          <FullName>Armazenagem3L_API.Util.Mensagens</FullName>
          <Methods />
        </Class>
        <Class>
          <Summary numSequencePoints="249" visitedSequencePoints="226" numBranchPoints="39" visitedBranchPoints="37" sequenceCoverage="90.76" branchCoverage="94.87" maxCyclomaticComplexity="7" minCyclomaticComplexity="1" maxCrapScore="12" minCrapScore="1" visitedClasses="1" numClasses="1" visitedMethods="12" numMethods="13" />
          <FullName>Armazenagem3L_API.Services.CargaService</FullName>
          <Methods>
            <Method visited="true" cyclomaticComplexity="1" nPathComplexity="0" sequenceCoverage="100" branchCoverage="100" crapScore="1" isConstructor="true" isStatic="false" isGetter="false" isSetter="false">
              <Summary numSequencePoints="7" visitedSequencePoints="7" numBranchPoints="1" visitedBranchPoints="1" sequenceCoverage="100" branchCoverage="100" maxCyclomaticComplexity="1" minCyclomaticComplexity="1" maxCrapScore="1" minCrapScore="1" visitedClasses="0" numClasses="0" visitedMethods="1" numMethods="1" />
              <MetadataToken>100663380</MetadataToken>
              <Name>System.Void Armazenagem3L_API.Services.CargaService::.ctor(Armazenagem3L_API.Repositories.ICargaRepository,Armazenagem3L_API.Repositories.IProdutosRepository,Armazenagem3L_API.Repositories.IMotoristaRepository,Armazenagem3L_API.Logger.ILoggerManager)</Name>
              <FileRef uid="3" />
              <SequencePoints>
                <SequencePoint vc="24" uspid="39" ordinal="0" offset="0" sl="21" sc="9" el="21" ec="136" bec="0" bev="0" fileid="3" />
                <SequencePoint vc="24" uspid="40" ordinal="1" offset="7" sl="21" sc="137" el="21" ec="138" bec="0" bev="0" fileid="3" />
                <SequencePoint vc="24" uspid="41" ordinal="2" offset="8" sl="22" sc="13" el="22" ec="33" bec="0" bev="0" fileid="3" />
                <SequencePoint vc="24" uspid="42" ordinal="3" offset="15" sl="23" sc="13" el="23" ec="32" bec="0" bev="0" fileid="3" />
                <SequencePoint vc="24" uspid="43" ordinal="4" offset="22" sl="24" sc="13" el="24" ec="36" bec="0" bev="0" fileid="3" />
                <SequencePoint vc="24" uspid="44" ordinal="5" offset="29" sl="25" sc="13" el="25" ec="30" bec="0" bev="0" fileid="3" />
                <SequencePoint vc="24" uspid="45" ordinal="6" offset="37" sl="26" sc="9" el="26" ec="10" bec="0" bev="0" fileid="3" />
              </SequencePoints>
              <BranchPoints />
              <MethodPoint xsi:type="SequencePoint" vc="24" uspid="39" ordinal="0" offset="0" sl="21" sc="9" el="21" ec="136" bec="0" bev="0" fileid="3" />
            </Method>
            <Method visited="true" cyclomaticComplexity="3" nPathComplexity="2" sequenceCoverage="55" branchCoverage="66.67" crapScore="3.82" isConstructor="false" isStatic="false" isGetter="false" isSetter="false">
              <Summary numSequencePoints="20" visitedSequencePoints="11" numBranchPoints="3" visitedBranchPoints="2" sequenceCoverage="55" branchCoverage="66.67" maxCyclomaticComplexity="3" minCyclomaticComplexity="3" maxCrapScore="3.82" minCrapScore="3.82" visitedClasses="0" numClasses="0" visitedMethods="1" numMethods="1" />
              <MetadataToken>100663381</MetadataToken>
              <Name>Armazenagem3L_API.Util.CustomResponse Armazenagem3L_API.Services.CargaService::listagemCargas()</Name>
              <FileRef uid="3" />
              <SequencePoints>
                <SequencePoint vc="3" uspid="46" ordinal="0" offset="0" sl="28" sc="48" el="28" ec="49" bec="0" bev="0" fileid="3" />
                <SequencePoint vc="3" uspid="47" ordinal="1" offset="1" sl="29" sc="13" el="29" ec="86" bec="0" bev="0" fileid="3" />
                <SequencePoint vc="3" uspid="48" ordinal="2" offset="18" sl="31" sc="17" el="31" ec="18" bec="0" bev="0" fileid="3" />
                <SequencePoint vc="3" uspid="49" ordinal="3" offset="19" sl="32" sc="17" el="32" ec="58" bec="0" bev="0" fileid="3" />
                <SequencePoint vc="2" uspid="50" ordinal="4" offset="31" sl="34" sc="17" el="34" ec="39" bec="2" bev="1" fileid="3" />
                <SequencePoint vc="0" uspid="51" ordinal="5" offset="40" sl="34" sc="40" el="34" ec="41" bec="0" bev="0" fileid="3" />
                <SequencePoint vc="0" uspid="52" ordinal="6" offset="41" sl="35" sc="21" el="35" ec="28" bec="0" bev="0" fileid="3" />
                <SequencePoint vc="0" uspid="53" ordinal="7" offset="42" sl="35" sc="42" el="35" ec="48" bec="0" bev="0" fileid="3" />
                <SequencePoint vc="0" uspid="54" ordinal="8" offset="48" sl="35" sc="30" el="35" ec="38" bec="0" bev="0" fileid="3" />
                <SequencePoint vc="0" uspid="55" ordinal="9" offset="53" sl="35" sc="50" el="35" ec="51" bec="0" bev="0" fileid="3" />
                <SequencePoint vc="0" uspid="56" ordinal="10" offset="54" sl="36" sc="25" el="36" ec="45" bec="0" bev="0" fileid="3" />
                <SequencePoint vc="0" uspid="57" ordinal="11" offset="63" sl="37" sc="21" el="37" ec="22" bec="0" bev="0" fileid="3" />
                <SequencePoint vc="0" uspid="58" ordinal="12" offset="68" sl="35" sc="39" el="35" ec="41" bec="0" bev="0" fileid="3" />
                <SequencePoint vc="0" uspid="59" ordinal="13" offset="74" sl="38" sc="17" el="38" ec="18" bec="0" bev="0" fileid="3" />
                <SequencePoint vc="2" uspid="60" ordinal="14" offset="75" sl="40" sc="17" el="40" ec="76" bec="0" bev="0" fileid="3" />
                <SequencePoint vc="1" uspid="61" ordinal="15" offset="91" sl="41" sc="15" el="41" ec="44" bec="0" bev="0" fileid="3" />
                <SequencePoint vc="1" uspid="62" ordinal="16" offset="93" sl="41" sc="45" el="41" ec="46" bec="0" bev="0" fileid="3" />
                <SequencePoint vc="1" uspid="63" ordinal="17" offset="94" sl="42" sc="17" el="42" ec="103" bec="0" bev="0" fileid="3" />
                <SequencePoint vc="1" uspid="64" ordinal="18" offset="109" sl="43" sc="17" el="43" ec="145" bec="0" bev="0" fileid="3" />
                <SequencePoint vc="3" uspid="65" ordinal="19" offset="145" sl="46" sc="9" el="46" ec="10" bec="0" bev="0" fileid="3" />
              </SequencePoints>
              <BranchPoints>
                <BranchPoint vc="0" uspid="66" ordinal="0" offset="38" sl="34" path="0" offsetend="40" fileid="3" />
                <BranchPoint vc="2" uspid="67" ordinal="1" offset="38" sl="34" path="1" offsetend="75" fileid="3" />
              </BranchPoints>
              <MethodPoint xsi:type="SequencePoint" vc="3" uspid="46" ordinal="0" offset="0" sl="28" sc="48" el="28" ec="49" bec="0" bev="0" fileid="3" />
            </Method>
            <Method visited="true" cyclomaticComplexity="2" nPathComplexity="2" sequenceCoverage="100" branchCoverage="100" crapScore="2" isConstructor="false" isStatic="false" isGetter="false" isSetter="false">
              <Summary numSequencePoints="17" visitedSequencePoints="17" numBranchPoints="3" visitedBranchPoints="3" sequenceCoverage="100" branchCoverage="100" maxCyclomaticComplexity="2" minCyclomaticComplexity="2" maxCrapScore="2" minCrapScore="2" visitedClasses="0" numClasses="0" visitedMethods="1" numMethods="1" />
              <MetadataToken>100663382</MetadataToken>
              <Name>Armazenagem3L_API.Util.CustomResponse Armazenagem3L_API.Services.CargaService::cargaByIdAndMotoristaId(System.Int32,System.Int32)</Name>
              <FileRef uid="3" />
              <SequencePoints>
                <SequencePoint vc="2" uspid="70" ordinal="0" offset="0" sl="48" sc="85" el="48" ec="86" bec="0" bev="0" fileid="3" />
                <SequencePoint vc="2" uspid="71" ordinal="1" offset="1" sl="49" sc="13" el="49" ec="196" bec="0" bev="0" fileid="3" />
                <SequencePoint vc="2" uspid="72" ordinal="2" offset="42" sl="51" sc="17" el="51" ec="18" bec="0" bev="0" fileid="3" />
                <SequencePoint vc="2" uspid="73" ordinal="3" offset="43" sl="52" sc="17" el="52" ec="87" bec="0" bev="0" fileid="3" />
                <SequencePoint vc="2" uspid="74" ordinal="4" offset="57" sl="54" sc="17" el="54" ec="35" bec="2" bev="2" fileid="3" />
                <SequencePoint vc="1" uspid="75" ordinal="5" offset="65" sl="54" sc="36" el="54" ec="37" bec="0" bev="0" fileid="3" />
                <SequencePoint vc="1" uspid="76" ordinal="6" offset="66" sl="55" sc="21" el="55" ec="141" bec="0" bev="0" fileid="3" />
                <SequencePoint vc="1" uspid="77" ordinal="7" offset="87" sl="56" sc="21" el="56" ec="79" bec="0" bev="0" fileid="3" />
                <SequencePoint vc="1" uspid="78" ordinal="8" offset="100" sl="57" sc="24" el="57" ec="25" bec="0" bev="0" fileid="3" />
                <SequencePoint vc="1" uspid="79" ordinal="9" offset="101" sl="58" sc="21" el="58" ec="42" bec="0" bev="0" fileid="3" />
                <SequencePoint vc="1" uspid="80" ordinal="10" offset="109" sl="59" sc="17" el="59" ec="18" bec="0" bev="0" fileid="3" />
                <SequencePoint vc="1" uspid="81" ordinal="11" offset="110" sl="61" sc="17" el="61" ec="75" bec="0" bev="0" fileid="3" />
                <SequencePoint vc="1" uspid="82" ordinal="12" offset="125" sl="62" sc="15" el="62" ec="44" bec="0" bev="0" fileid="3" />
                <SequencePoint vc="1" uspid="83" ordinal="13" offset="127" sl="62" sc="45" el="62" ec="46" bec="0" bev="0" fileid="3" />
                <SequencePoint vc="1" uspid="84" ordinal="14" offset="128" sl="63" sc="17" el="63" ec="103" bec="0" bev="0" fileid="3" />
                <SequencePoint vc="1" uspid="85" ordinal="15" offset="143" sl="64" sc="17" el="64" ec="145" bec="0" bev="0" fileid="3" />
                <SequencePoint vc="2" uspid="86" ordinal="16" offset="178" sl="68" sc="9" el="68" ec="10" bec="0" bev="0" fileid="3" />
              </SequencePoints>
              <BranchPoints>
                <BranchPoint vc="1" uspid="87" ordinal="0" offset="63" sl="54" path="0" offsetend="65" fileid="3" />
                <BranchPoint vc="1" uspid="88" ordinal="1" offset="63" sl="54" path="1" offsetend="100" fileid="3" />
              </BranchPoints>
              <MethodPoint xsi:type="SequencePoint" vc="2" uspid="70" ordinal="0" offset="0" sl="48" sc="85" el="48" ec="86" bec="0" bev="0" fileid="3" />
            </Method>
            <Method visited="true" cyclomaticComplexity="3" nPathComplexity="2" sequenceCoverage="100" branchCoverage="100" crapScore="3" isConstructor="false" isStatic="false" isGetter="false" isSetter="false">
              <Summary numSequencePoints="23" visitedSequencePoints="23" numBranchPoints="3" visitedBranchPoints="3" sequenceCoverage="100" branchCoverage="100" maxCyclomaticComplexity="3" minCyclomaticComplexity="3" maxCrapScore="3" minCrapScore="3" visitedClasses="0" numClasses="0" visitedMethods="1" numMethods="1" />
              <MetadataToken>100663383</MetadataToken>
              <Name>Armazenagem3L_API.Util.CustomResponse Armazenagem3L_API.Services.CargaService::cargaByMotoristaId(System.Int32)</Name>
              <FileRef uid="3" />
              <SequencePoints>
                <SequencePoint vc="2" uspid="89" ordinal="0" offset="0" sl="71" sc="9" el="71" ec="10" bec="0" bev="0" fileid="3" />
                <SequencePoint vc="2" uspid="90" ordinal="1" offset="1" sl="72" sc="13" el="72" ec="125" bec="0" bev="0" fileid="3" />
                <SequencePoint vc="2" uspid="91" ordinal="2" offset="30" sl="74" sc="17" el="74" ec="18" bec="0" bev="0" fileid="3" />
                <SequencePoint vc="2" uspid="92" ordinal="3" offset="31" sl="75" sc="17" el="75" ec="69" bec="0" bev="0" fileid="3" />
                <SequencePoint vc="2" uspid="93" ordinal="4" offset="44" sl="77" sc="17" el="77" ec="39" bec="2" bev="2" fileid="3" />
                <SequencePoint vc="1" uspid="94" ordinal="5" offset="53" sl="77" sc="40" el="77" ec="41" bec="0" bev="0" fileid="3" />
                <SequencePoint vc="1" uspid="95" ordinal="6" offset="54" sl="78" sc="21" el="78" ec="28" bec="0" bev="0" fileid="3" />
                <SequencePoint vc="1" uspid="96" ordinal="7" offset="55" sl="78" sc="42" el="78" ec="48" bec="0" bev="0" fileid="3" />
                <SequencePoint vc="3" uspid="97" ordinal="8" offset="61" sl="78" sc="30" el="78" ec="38" bec="0" bev="0" fileid="3" />
                <SequencePoint vc="3" uspid="98" ordinal="9" offset="66" sl="78" sc="50" el="78" ec="51" bec="0" bev="0" fileid="3" />
                <SequencePoint vc="3" uspid="99" ordinal="10" offset="67" sl="79" sc="25" el="79" ec="45" bec="0" bev="0" fileid="3" />
                <SequencePoint vc="3" uspid="100" ordinal="11" offset="76" sl="80" sc="21" el="80" ec="22" bec="0" bev="0" fileid="3" />
                <SequencePoint vc="4" uspid="101" ordinal="12" offset="81" sl="78" sc="39" el="78" ec="41" bec="0" bev="0" fileid="3" />
                <SequencePoint vc="1" uspid="102" ordinal="13" offset="87" sl="81" sc="17" el="81" ec="18" bec="0" bev="0" fileid="3" />
                <SequencePoint vc="1" uspid="103" ordinal="14" offset="90" sl="81" sc="24" el="81" ec="25" bec="0" bev="0" fileid="3" />
                <SequencePoint vc="1" uspid="104" ordinal="15" offset="91" sl="82" sc="21" el="82" ec="141" bec="0" bev="0" fileid="3" />
                <SequencePoint vc="1" uspid="105" ordinal="16" offset="113" sl="83" sc="21" el="83" ec="79" bec="0" bev="0" fileid="3" />
                <SequencePoint vc="1" uspid="106" ordinal="17" offset="127" sl="86" sc="17" el="86" ec="76" bec="0" bev="0" fileid="3" />
                <SequencePoint vc="1" uspid="107" ordinal="18" offset="143" sl="87" sc="15" el="87" ec="44" bec="0" bev="0" fileid="3" />
                <SequencePoint vc="1" uspid="108" ordinal="19" offset="145" sl="87" sc="45" el="87" ec="46" bec="0" bev="0" fileid="3" />
                <SequencePoint vc="1" uspid="109" ordinal="20" offset="146" sl="88" sc="17" el="88" ec="103" bec="0" bev="0" fileid="3" />
                <SequencePoint vc="1" uspid="110" ordinal="21" offset="161" sl="89" sc="17" el="89" ec="145" bec="0" bev="0" fileid="3" />
                <SequencePoint vc="2" uspid="111" ordinal="22" offset="197" sl="91" sc="9" el="91" ec="10" bec="0" bev="0" fileid="3" />
              </SequencePoints>
              <BranchPoints>
                <BranchPoint vc="1" uspid="112" ordinal="0" offset="51" sl="77" path="0" offsetend="53" fileid="3" />
                <BranchPoint vc="1" uspid="113" ordinal="1" offset="51" sl="77" path="1" offsetend="90" fileid="3" />
              </BranchPoints>
              <MethodPoint xsi:type="SequencePoint" vc="2" uspid="89" ordinal="0" offset="0" sl="71" sc="9" el="71" ec="10" bec="0" bev="0" fileid="3" />
            </Method>
            <Method visited="true" cyclomaticComplexity="2" nPathComplexity="2" sequenceCoverage="100" branchCoverage="100" crapScore="2" isConstructor="false" isStatic="false" isGetter="false" isSetter="false">
              <Summary numSequencePoints="17" visitedSequencePoints="17" numBranchPoints="3" visitedBranchPoints="3" sequenceCoverage="100" branchCoverage="100" maxCyclomaticComplexity="2" minCyclomaticComplexity="2" maxCrapScore="2" minCrapScore="2" visitedClasses="0" numClasses="0" visitedMethods="1" numMethods="1" />
              <MetadataToken>100663384</MetadataToken>
              <Name>Armazenagem3L_API.Util.CustomResponse Armazenagem3L_API.Services.CargaService::cargaById(System.Int32)</Name>
              <FileRef uid="3" />
              <SequencePoints>
                <SequencePoint vc="2" uspid="116" ordinal="0" offset="0" sl="94" sc="9" el="94" ec="10" bec="0" bev="0" fileid="3" />
                <SequencePoint vc="2" uspid="117" ordinal="1" offset="1" sl="95" sc="13" el="95" ec="125" bec="0" bev="0" fileid="3" />
                <SequencePoint vc="2" uspid="118" ordinal="2" offset="30" sl="97" sc="17" el="97" ec="18" bec="0" bev="0" fileid="3" />
                <SequencePoint vc="2" uspid="119" ordinal="3" offset="31" sl="98" sc="17" el="98" ec="60" bec="0" bev="0" fileid="3" />
                <SequencePoint vc="2" uspid="120" ordinal="4" offset="44" sl="100" sc="17" el="100" ec="35" bec="2" bev="2" fileid="3" />
                <SequencePoint vc="1" uspid="121" ordinal="5" offset="52" sl="100" sc="36" el="100" ec="37" bec="0" bev="0" fileid="3" />
                <SequencePoint vc="1" uspid="122" ordinal="6" offset="53" sl="101" sc="21" el="101" ec="141" bec="0" bev="0" fileid="3" />
                <SequencePoint vc="1" uspid="123" ordinal="7" offset="74" sl="102" sc="21" el="102" ec="79" bec="0" bev="0" fileid="3" />
                <SequencePoint vc="1" uspid="124" ordinal="8" offset="87" sl="103" sc="24" el="103" ec="25" bec="0" bev="0" fileid="3" />
                <SequencePoint vc="1" uspid="125" ordinal="9" offset="88" sl="104" sc="21" el="104" ec="42" bec="0" bev="0" fileid="3" />
                <SequencePoint vc="1" uspid="126" ordinal="10" offset="96" sl="105" sc="17" el="105" ec="18" bec="0" bev="0" fileid="3" />
                <SequencePoint vc="1" uspid="127" ordinal="11" offset="97" sl="106" sc="17" el="106" ec="75" bec="0" bev="0" fileid="3" />
                <SequencePoint vc="1" uspid="128" ordinal="12" offset="112" sl="107" sc="15" el="107" ec="44" bec="0" bev="0" fileid="3" />
                <SequencePoint vc="1" uspid="129" ordinal="13" offset="114" sl="107" sc="45" el="107" ec="46" bec="0" bev="0" fileid="3" />
                <SequencePoint vc="1" uspid="130" ordinal="14" offset="115" sl="108" sc="17" el="108" ec="103" bec="0" bev="0" fileid="3" />
                <SequencePoint vc="1" uspid="131" ordinal="15" offset="130" sl="109" sc="17" el="109" ec="145" bec="0" bev="0" fileid="3" />
                <SequencePoint vc="2" uspid="132" ordinal="16" offset="165" sl="111" sc="9" el="111" ec="10" bec="0" bev="0" fileid="3" />
              </SequencePoints>
              <BranchPoints>
                <BranchPoint vc="1" uspid="133" ordinal="0" offset="50" sl="100" path="0" offsetend="52" fileid="3" />
                <BranchPoint vc="1" uspid="134" ordinal="1" offset="50" sl="100" path="1" offsetend="87" fileid="3" />
              </BranchPoints>
              <MethodPoint xsi:type="SequencePoint" vc="2" uspid="116" ordinal="0" offset="0" sl="94" sc="9" el="94" ec="10" bec="0" bev="0" fileid="3" />
            </Method>
            <Method visited="true" cyclomaticComplexity="7" nPathComplexity="8" sequenceCoverage="91.49" branchCoverage="100" crapScore="7.03" isConstructor="false" isStatic="false" isGetter="false" isSetter="false">
              <Summary numSequencePoints="47" visitedSequencePoints="43" numBranchPoints="7" visitedBranchPoints="7" sequenceCoverage="91.49" branchCoverage="100" maxCyclomaticComplexity="7" minCyclomaticComplexity="7" maxCrapScore="7.03" minCrapScore="7.03" visitedClasses="0" numClasses="0" visitedMethods="1" numMethods="1" />
              <MetadataToken>100663385</MetadataToken>
              <Name>Armazenagem3L_API.Util.CustomResponse Armazenagem3L_API.Services.CargaService::Add(Armazenagem3L_API.Models.Carga)</Name>
              <FileRef uid="3" />
              <SequencePoints>
                <SequencePoint vc="4" uspid="135" ordinal="0" offset="0" sl="113" sc="48" el="113" ec="49" bec="0" bev="0" fileid="3" />
                <SequencePoint vc="4" uspid="136" ordinal="1" offset="1" sl="114" sc="13" el="114" ec="116" bec="0" bev="0" fileid="3" />
                <SequencePoint vc="4" uspid="137" ordinal="2" offset="30" sl="115" sc="13" el="115" ec="59" bec="0" bev="0" fileid="3" />
                <SequencePoint vc="4" uspid="138" ordinal="3" offset="36" sl="116" sc="17" el="116" ec="18" bec="0" bev="0" fileid="3" />
                <SequencePoint vc="4" uspid="139" ordinal="4" offset="37" sl="117" sc="24" el="117" ec="64" bec="0" bev="0" fileid="3" />
                <SequencePoint vc="4" uspid="140" ordinal="5" offset="43" sl="117" sc="66" el="117" ec="67" bec="0" bev="0" fileid="3" />
                <SequencePoint vc="4" uspid="141" ordinal="6" offset="44" sl="118" sc="21" el="118" ec="44" bec="0" bev="0" fileid="3" />
                <SequencePoint vc="4" uspid="142" ordinal="7" offset="57" sl="120" sc="21" el="120" ec="66" bec="0" bev="0" fileid="3" />
                <SequencePoint vc="4" uspid="143" ordinal="8" offset="64" sl="122" sc="21" el="122" ec="28" bec="0" bev="0" fileid="3" />
                <SequencePoint vc="4" uspid="144" ordinal="9" offset="65" sl="122" sc="42" el="122" ec="45" bec="0" bev="0" fileid="3" />
                <SequencePoint vc="9" uspid="145" ordinal="10" offset="77" sl="122" sc="30" el="122" ec="38" bec="0" bev="0" fileid="3" />
                <SequencePoint vc="9" uspid="146" ordinal="11" offset="85" sl="122" sc="47" el="122" ec="48" bec="0" bev="0" fileid="3" />
                <SequencePoint vc="9" uspid="147" ordinal="12" offset="86" sl="123" sc="25" el="123" ec="77" bec="0" bev="0" fileid="3" />
                <SequencePoint vc="9" uspid="148" ordinal="13" offset="106" sl="124" sc="25" el="124" ec="39" bec="2" bev="2" fileid="3" />
                <SequencePoint vc="1" uspid="149" ordinal="14" offset="117" sl="124" sc="40" el="124" ec="41" bec="0" bev="0" fileid="3" />
                <SequencePoint vc="1" uspid="150" ordinal="15" offset="118" sl="125" sc="29" el="125" ec="147" bec="0" bev="0" fileid="3" />
                <SequencePoint vc="1" uspid="151" ordinal="16" offset="140" sl="126" sc="29" el="126" ec="87" bec="0" bev="0" fileid="3" />
                <SequencePoint vc="8" uspid="152" ordinal="17" offset="154" sl="127" sc="32" el="127" ec="33" bec="0" bev="0" fileid="3" />
                <SequencePoint vc="8" uspid="153" ordinal="18" offset="155" sl="128" sc="29" el="128" ec="50" bec="2" bev="2" fileid="3" />
                <SequencePoint vc="1" uspid="154" ordinal="19" offset="177" sl="128" sc="51" el="128" ec="52" bec="0" bev="0" fileid="3" />
                <SequencePoint vc="1" uspid="155" ordinal="20" offset="178" sl="129" sc="33" el="129" ec="150" bec="0" bev="0" fileid="3" />
                <SequencePoint vc="1" uspid="156" ordinal="21" offset="200" sl="130" sc="33" el="130" ec="91" bec="0" bev="0" fileid="3" />
                <SequencePoint vc="7" uspid="157" ordinal="22" offset="214" sl="131" sc="36" el="131" ec="37" bec="0" bev="0" fileid="3" />
                <SequencePoint vc="7" uspid="158" ordinal="23" offset="215" sl="132" sc="33" el="132" ec="51" bec="0" bev="0" fileid="3" />
                <SequencePoint vc="7" uspid="159" ordinal="24" offset="237" sl="133" sc="33" el="133" ec="58" bec="0" bev="0" fileid="3" />
                <SequencePoint vc="7" uspid="160" ordinal="25" offset="246" sl="134" sc="29" el="134" ec="30" bec="0" bev="0" fileid="3" />
                <SequencePoint vc="7" uspid="161" ordinal="26" offset="247" sl="135" sc="25" el="135" ec="26" bec="0" bev="0" fileid="3" />
                <SequencePoint vc="7" uspid="162" ordinal="27" offset="248" sl="137" sc="21" el="137" ec="22" bec="0" bev="0" fileid="3" />
                <SequencePoint vc="11" uspid="163" ordinal="28" offset="249" sl="122" sc="39" el="122" ec="41" bec="0" bev="0" fileid="3" />
                <SequencePoint vc="2" uspid="164" ordinal="29" offset="273" sl="139" sc="21" el="139" ec="52" bec="2" bev="2" fileid="3" />
                <SequencePoint vc="1" uspid="165" ordinal="30" offset="293" sl="139" sc="53" el="139" ec="54" bec="0" bev="0" fileid="3" />
                <SequencePoint vc="1" uspid="166" ordinal="31" offset="294" sl="140" sc="25" el="140" ec="61" bec="0" bev="0" fileid="3" />
                <SequencePoint vc="1" uspid="167" ordinal="32" offset="302" sl="141" sc="25" el="141" ec="87" bec="0" bev="0" fileid="3" />
                <SequencePoint vc="0" uspid="168" ordinal="33" offset="331" sl="142" sc="25" el="142" ec="48" bec="0" bev="0" fileid="3" />
                <SequencePoint vc="0" uspid="169" ordinal="34" offset="338" sl="143" sc="21" el="143" ec="22" bec="0" bev="0" fileid="3" />
                <SequencePoint vc="1" uspid="170" ordinal="35" offset="341" sl="143" sc="28" el="143" ec="29" bec="0" bev="0" fileid="3" />
                <SequencePoint vc="1" uspid="171" ordinal="36" offset="342" sl="144" sc="25" el="144" ec="47" bec="0" bev="0" fileid="3" />
                <SequencePoint vc="1" uspid="172" ordinal="37" offset="349" sl="145" sc="25" el="145" ec="140" bec="0" bev="0" fileid="3" />
                <SequencePoint vc="1" uspid="173" ordinal="38" offset="371" sl="146" sc="25" el="146" ec="83" bec="0" bev="0" fileid="3" />
                <SequencePoint vc="0" uspid="174" ordinal="39" offset="385" sl="149" sc="17" el="149" ec="18" bec="0" bev="0" fileid="3" />
                <SequencePoint vc="0" uspid="175" ordinal="40" offset="399" sl="151" sc="17" el="151" ec="135" bec="0" bev="0" fileid="3" />
                <SequencePoint vc="3" uspid="176" ordinal="41" offset="429" sl="152" sc="15" el="152" ec="44" bec="0" bev="0" fileid="3" />
                <SequencePoint vc="3" uspid="177" ordinal="42" offset="431" sl="152" sc="45" el="152" ec="46" bec="0" bev="0" fileid="3" />
                <SequencePoint vc="3" uspid="178" ordinal="43" offset="432" sl="153" sc="17" el="153" ec="133" bec="0" bev="0" fileid="3" />
                <SequencePoint vc="3" uspid="179" ordinal="44" offset="467" sl="154" sc="17" el="154" ec="103" bec="0" bev="0" fileid="3" />
                <SequencePoint vc="3" uspid="180" ordinal="45" offset="482" sl="155" sc="17" el="155" ec="145" bec="0" bev="0" fileid="3" />
                <SequencePoint vc="3" uspid="181" ordinal="46" offset="518" sl="157" sc="9" el="157" ec="10" bec="0" bev="0" fileid="3" />
              </SequencePoints>
              <BranchPoints>
                <BranchPoint vc="1" uspid="182" ordinal="0" offset="115" sl="124" path="0" offsetend="117" fileid="3" />
                <BranchPoint vc="8" uspid="183" ordinal="1" offset="115" sl="124" path="1" offsetend="154" fileid="3" />
                <BranchPoint vc="1" uspid="184" ordinal="2" offset="175" sl="128" path="0" offsetend="177" fileid="3" />
                <BranchPoint vc="7" uspid="185" ordinal="3" offset="175" sl="128" path="1" offsetend="214" fileid="3" />
                <BranchPoint vc="1" uspid="188" ordinal="6" offset="291" sl="139" path="0" offsetend="293" fileid="3" />
                <BranchPoint vc="1" uspid="189" ordinal="7" offset="291" sl="139" path="1" offsetend="341" fileid="3" />
              </BranchPoints>
              <MethodPoint xsi:type="SequencePoint" vc="4" uspid="135" ordinal="0" offset="0" sl="113" sc="48" el="113" ec="49" bec="0" bev="0" fileid="3" />
            </Method>
            <Method visited="true" cyclomaticComplexity="2" nPathComplexity="2" sequenceCoverage="100" branchCoverage="100" crapScore="2" isConstructor="false" isStatic="false" isGetter="false" isSetter="false">
              <Summary numSequencePoints="17" visitedSequencePoints="17" numBranchPoints="3" visitedBranchPoints="3" sequenceCoverage="100" branchCoverage="100" maxCyclomaticComplexity="2" minCyclomaticComplexity="2" maxCrapScore="2" minCrapScore="2" visitedClasses="0" numClasses="0" visitedMethods="1" numMethods="1" />
              <MetadataToken>100663386</MetadataToken>
              <Name>Armazenagem3L_API.Util.CustomResponse Armazenagem3L_API.Services.CargaService::AceitarCarga(Armazenagem3L_API.Models.MotoristaCarga)</Name>
              <FileRef uid="3" />
              <SequencePoints>
                <SequencePoint vc="2" uspid="190" ordinal="0" offset="0" sl="159" sc="66" el="159" ec="67" bec="0" bev="0" fileid="3" />
                <SequencePoint vc="2" uspid="191" ordinal="1" offset="1" sl="160" sc="13" el="160" ec="125" bec="0" bev="0" fileid="3" />
                <SequencePoint vc="2" uspid="192" ordinal="2" offset="30" sl="162" sc="17" el="162" ec="18" bec="0" bev="0" fileid="3" />
                <SequencePoint vc="2" uspid="193" ordinal="3" offset="31" sl="163" sc="17" el="163" ec="74" bec="0" bev="0" fileid="3" />
                <SequencePoint vc="2" uspid="194" ordinal="4" offset="49" sl="165" sc="17" el="165" ec="64" bec="0" bev="0" fileid="3" />
                <SequencePoint vc="2" uspid="195" ordinal="5" offset="62" sl="166" sc="17" el="166" ec="52" bec="0" bev="0" fileid="3" />
                <SequencePoint vc="2" uspid="196" ordinal="6" offset="75" sl="167" sc="17" el="167" ec="48" bec="2" bev="2" fileid="3" />
                <SequencePoint vc="1" uspid="197" ordinal="7" offset="93" sl="167" sc="49" el="167" ec="50" bec="0" bev="0" fileid="3" />
                <SequencePoint vc="1" uspid="198" ordinal="8" offset="94" sl="168" sc="21" el="168" ec="138" bec="0" bev="0" fileid="3" />
                <SequencePoint vc="1" uspid="199" ordinal="9" offset="115" sl="169" sc="21" el="169" ec="79" bec="0" bev="0" fileid="3" />
                <SequencePoint vc="1" uspid="200" ordinal="10" offset="128" sl="171" sc="17" el="171" ec="130" bec="0" bev="0" fileid="3" />
                <SequencePoint vc="1" uspid="201" ordinal="11" offset="157" sl="172" sc="15" el="172" ec="44" bec="0" bev="0" fileid="3" />
                <SequencePoint vc="1" uspid="202" ordinal="12" offset="159" sl="172" sc="45" el="172" ec="46" bec="0" bev="0" fileid="3" />
                <SequencePoint vc="1" uspid="203" ordinal="13" offset="160" sl="173" sc="17" el="173" ec="142" bec="0" bev="0" fileid="3" />
                <SequencePoint vc="1" uspid="204" ordinal="14" offset="195" sl="174" sc="17" el="174" ec="103" bec="0" bev="0" fileid="3" />
                <SequencePoint vc="1" uspid="205" ordinal="15" offset="210" sl="175" sc="17" el="175" ec="145" bec="0" bev="0" fileid="3" />
                <SequencePoint vc="2" uspid="206" ordinal="16" offset="245" sl="177" sc="9" el="177" ec="10" bec="0" bev="0" fileid="3" />
              </SequencePoints>
              <BranchPoints>
                <BranchPoint vc="1" uspid="207" ordinal="0" offset="91" sl="167" path="0" offsetend="93" fileid="3" />
                <BranchPoint vc="1" uspid="208" ordinal="1" offset="91" sl="167" path="1" offsetend="128" fileid="3" />
              </BranchPoints>
              <MethodPoint xsi:type="SequencePoint" vc="2" uspid="190" ordinal="0" offset="0" sl="159" sc="66" el="159" ec="67" bec="0" bev="0" fileid="3" />
            </Method>
            <Method visited="true" cyclomaticComplexity="4" nPathComplexity="8" sequenceCoverage="100" branchCoverage="100" crapScore="4" isConstructor="false" isStatic="false" isGetter="false" isSetter="false">
              <Summary numSequencePoints="26" visitedSequencePoints="26" numBranchPoints="7" visitedBranchPoints="7" sequenceCoverage="100" branchCoverage="100" maxCyclomaticComplexity="4" minCyclomaticComplexity="4" maxCrapScore="4" minCrapScore="4" visitedClasses="0" numClasses="0" visitedMethods="1" numMethods="1" />
              <MetadataToken>100663387</MetadataToken>
              <Name>Armazenagem3L_API.Util.CustomResponse Armazenagem3L_API.Services.CargaService::RecusarCarga(Armazenagem3L_API.Models.MotoristaCarga)</Name>
              <FileRef uid="3" />
              <SequencePoints>
                <SequencePoint vc="4" uspid="209" ordinal="0" offset="0" sl="179" sc="66" el="179" ec="67" bec="0" bev="0" fileid="3" />
                <SequencePoint vc="4" uspid="210" ordinal="1" offset="1" sl="180" sc="13" el="180" ec="125" bec="0" bev="0" fileid="3" />
                <SequencePoint vc="4" uspid="211" ordinal="2" offset="30" sl="182" sc="17" el="182" ec="18" bec="0" bev="0" fileid="3" />
                <SequencePoint vc="4" uspid="212" ordinal="3" offset="31" sl="183" sc="17" el="183" ec="74" bec="0" bev="0" fileid="3" />
                <SequencePoint vc="4" uspid="213" ordinal="4" offset="49" sl="184" sc="17" el="184" ec="81" bec="0" bev="0" fileid="3" />
                <SequencePoint vc="4" uspid="214" ordinal="5" offset="67" sl="186" sc="17" el="186" ec="44" bec="2" bev="2" fileid="3" />
                <SequencePoint vc="1" uspid="215" ordinal="6" offset="75" sl="186" sc="45" el="186" ec="46" bec="0" bev="0" fileid="3" />
                <SequencePoint vc="1" uspid="216" ordinal="7" offset="76" sl="187" sc="21" el="187" ec="141" bec="0" bev="0" fileid="3" />
                <SequencePoint vc="1" uspid="217" ordinal="8" offset="98" sl="188" sc="21" el="188" ec="79" bec="0" bev="0" fileid="3" />
                <SequencePoint vc="3" uspid="218" ordinal="9" offset="112" sl="191" sc="17" el="191" ec="48" bec="2" bev="2" fileid="3" />
                <SequencePoint vc="1" uspid="219" ordinal="10" offset="122" sl="191" sc="49" el="191" ec="50" bec="0" bev="0" fileid="3" />
                <SequencePoint vc="1" uspid="220" ordinal="11" offset="123" sl="192" sc="21" el="192" ec="145" bec="0" bev="0" fileid="3" />
                <SequencePoint vc="1" uspid="221" ordinal="12" offset="145" sl="193" sc="21" el="193" ec="79" bec="0" bev="0" fileid="3" />
                <SequencePoint vc="2" uspid="222" ordinal="13" offset="159" sl="196" sc="17" el="196" ec="101" bec="0" bev="0" fileid="3" />
                <SequencePoint vc="2" uspid="223" ordinal="14" offset="177" sl="197" sc="17" el="197" ec="53" bec="0" bev="0" fileid="3" />
                <SequencePoint vc="2" uspid="224" ordinal="15" offset="190" sl="198" sc="17" el="198" ec="48" bec="2" bev="2" fileid="3" />
                <SequencePoint vc="1" uspid="225" ordinal="16" offset="210" sl="198" sc="49" el="198" ec="50" bec="0" bev="0" fileid="3" />
                <SequencePoint vc="1" uspid="226" ordinal="17" offset="211" sl="199" sc="21" el="199" ec="138" bec="0" bev="0" fileid="3" />
                <SequencePoint vc="1" uspid="227" ordinal="18" offset="233" sl="200" sc="21" el="200" ec="79" bec="0" bev="0" fileid="3" />
                <SequencePoint vc="1" uspid="228" ordinal="19" offset="247" sl="202" sc="17" el="202" ec="131" bec="0" bev="0" fileid="3" />
                <SequencePoint vc="3" uspid="229" ordinal="20" offset="277" sl="203" sc="15" el="203" ec="44" bec="0" bev="0" fileid="3" />
                <SequencePoint vc="3" uspid="230" ordinal="21" offset="279" sl="203" sc="45" el="203" ec="46" bec="0" bev="0" fileid="3" />
                <SequencePoint vc="3" uspid="231" ordinal="22" offset="280" sl="204" sc="17" el="204" ec="142" bec="0" bev="0" fileid="3" />
                <SequencePoint vc="3" uspid="232" ordinal="23" offset="315" sl="205" sc="17" el="205" ec="103" bec="0" bev="0" fileid="3" />
                <SequencePoint vc="3" uspid="233" ordinal="24" offset="330" sl="206" sc="17" el="206" ec="145" bec="0" bev="0" fileid="3" />
                <SequencePoint vc="4" uspid="234" ordinal="25" offset="366" sl="208" sc="9" el="208" ec="10" bec="0" bev="0" fileid="3" />
              </SequencePoints>
              <BranchPoints>
                <BranchPoint vc="1" uspid="235" ordinal="0" offset="73" sl="186" path="0" offsetend="75" fileid="3" />
                <BranchPoint vc="3" uspid="236" ordinal="1" offset="73" sl="186" path="1" offsetend="112" fileid="3" />
                <BranchPoint vc="1" uspid="237" ordinal="2" offset="120" sl="191" path="0" offsetend="122" fileid="3" />
                <BranchPoint vc="2" uspid="238" ordinal="3" offset="120" sl="191" path="1" offsetend="159" fileid="3" />
                <BranchPoint vc="1" uspid="239" ordinal="4" offset="208" sl="198" path="0" offsetend="210" fileid="3" />
                <BranchPoint vc="1" uspid="240" ordinal="5" offset="208" sl="198" path="1" offsetend="247" fileid="3" />
              </BranchPoints>
              <MethodPoint xsi:type="SequencePoint" vc="4" uspid="209" ordinal="0" offset="0" sl="179" sc="66" el="179" ec="67" bec="0" bev="0" fileid="3" />
            </Method>
            <Method visited="true" cyclomaticComplexity="1" nPathComplexity="0" sequenceCoverage="100" branchCoverage="100" crapScore="1" isConstructor="false" isStatic="false" isGetter="false" isSetter="false">
              <Summary numSequencePoints="10" visitedSequencePoints="10" numBranchPoints="1" visitedBranchPoints="1" sequenceCoverage="100" branchCoverage="100" maxCyclomaticComplexity="1" minCyclomaticComplexity="1" maxCrapScore="1" minCrapScore="1" visitedClasses="0" numClasses="0" visitedMethods="1" numMethods="1" />
              <MetadataToken>100663388</MetadataToken>
              <Name>Armazenagem3L_API.Util.CustomResponse Armazenagem3L_API.Services.CargaService::cargasRecusadas(System.Int32)</Name>
              <FileRef uid="3" />
              <SequencePoints>
                <SequencePoint vc="2" uspid="241" ordinal="0" offset="0" sl="210" sc="55" el="210" ec="56" bec="0" bev="0" fileid="3" />
                <SequencePoint vc="2" uspid="242" ordinal="1" offset="1" sl="211" sc="13" el="211" ec="119" bec="0" bev="0" fileid="3" />
                <SequencePoint vc="2" uspid="243" ordinal="2" offset="30" sl="213" sc="17" el="213" ec="18" bec="0" bev="0" fileid="3" />
                <SequencePoint vc="2" uspid="244" ordinal="3" offset="31" sl="214" sc="17" el="214" ec="66" bec="0" bev="0" fileid="3" />
                <SequencePoint vc="1" uspid="245" ordinal="4" offset="44" sl="216" sc="17" el="216" ec="76" bec="0" bev="0" fileid="3" />
                <SequencePoint vc="1" uspid="246" ordinal="5" offset="59" sl="217" sc="15" el="217" ec="44" bec="0" bev="0" fileid="3" />
                <SequencePoint vc="1" uspid="247" ordinal="6" offset="60" sl="217" sc="45" el="217" ec="46" bec="0" bev="0" fileid="3" />
                <SequencePoint vc="1" uspid="248" ordinal="7" offset="61" sl="218" sc="17" el="218" ec="103" bec="0" bev="0" fileid="3" />
                <SequencePoint vc="1" uspid="249" ordinal="8" offset="74" sl="219" sc="17" el="219" ec="145" bec="0" bev="0" fileid="3" />
                <SequencePoint vc="2" uspid="250" ordinal="9" offset="106" sl="221" sc="9" el="221" ec="10" bec="0" bev="0" fileid="3" />
              </SequencePoints>
              <BranchPoints />
              <MethodPoint xsi:type="SequencePoint" vc="2" uspid="241" ordinal="0" offset="0" sl="210" sc="55" el="210" ec="56" bec="0" bev="0" fileid="3" />
            </Method>
            <Method visited="true" cyclomaticComplexity="5" nPathComplexity="4" sequenceCoverage="100" branchCoverage="100" crapScore="5" isConstructor="false" isStatic="false" isGetter="false" isSetter="false">
              <Summary numSequencePoints="30" visitedSequencePoints="30" numBranchPoints="5" visitedBranchPoints="5" sequenceCoverage="100" branchCoverage="100" maxCyclomaticComplexity="5" minCyclomaticComplexity="5" maxCrapScore="5" minCrapScore="5" visitedClasses="0" numClasses="0" visitedMethods="1" numMethods="1" />
              <MetadataToken>100663389</MetadataToken>
              <Name>Armazenagem3L_API.Util.CustomResponse Armazenagem3L_API.Services.CargaService::DeletarCarga(System.Int32)</Name>
              <FileRef uid="3" />
              <SequencePoints>
                <SequencePoint vc="3" uspid="251" ordinal="0" offset="0" sl="224" sc="9" el="224" ec="10" bec="0" bev="0" fileid="3" />
                <SequencePoint vc="3" uspid="252" ordinal="1" offset="1" sl="225" sc="13" el="225" ec="116" bec="0" bev="0" fileid="3" />
                <SequencePoint vc="3" uspid="253" ordinal="2" offset="30" sl="226" sc="17" el="226" ec="18" bec="0" bev="0" fileid="3" />
                <SequencePoint vc="3" uspid="254" ordinal="3" offset="31" sl="227" sc="17" el="227" ec="56" bec="0" bev="0" fileid="3" />
                <SequencePoint vc="3" uspid="255" ordinal="4" offset="44" sl="228" sc="17" el="228" ec="35" bec="2" bev="2" fileid="3" />
                <SequencePoint vc="1" uspid="256" ordinal="5" offset="52" sl="228" sc="36" el="228" ec="37" bec="0" bev="0" fileid="3" />
                <SequencePoint vc="1" uspid="257" ordinal="6" offset="53" sl="229" sc="21" el="229" ec="147" bec="0" bev="0" fileid="3" />
                <SequencePoint vc="1" uspid="258" ordinal="7" offset="74" sl="230" sc="21" el="230" ec="85" bec="0" bev="0" fileid="3" />
                <SequencePoint vc="2" uspid="259" ordinal="8" offset="87" sl="231" sc="24" el="231" ec="25" bec="0" bev="0" fileid="3" />
                <SequencePoint vc="2" uspid="260" ordinal="9" offset="88" sl="232" sc="21" el="232" ec="79" bec="0" bev="0" fileid="3" />
                <SequencePoint vc="2" uspid="261" ordinal="10" offset="107" sl="233" sc="21" el="233" ec="28" bec="0" bev="0" fileid="3" />
                <SequencePoint vc="2" uspid="262" ordinal="11" offset="108" sl="233" sc="42" el="233" ec="53" bec="0" bev="0" fileid="3" />
                <SequencePoint vc="6" uspid="263" ordinal="12" offset="119" sl="233" sc="30" el="233" ec="38" bec="0" bev="0" fileid="3" />
                <SequencePoint vc="6" uspid="264" ordinal="13" offset="128" sl="233" sc="55" el="233" ec="56" bec="0" bev="0" fileid="3" />
                <SequencePoint vc="6" uspid="265" ordinal="14" offset="129" sl="234" sc="25" el="234" ec="62" bec="0" bev="0" fileid="3" />
                <SequencePoint vc="6" uspid="266" ordinal="15" offset="143" sl="235" sc="21" el="235" ec="22" bec="0" bev="0" fileid="3" />
                <SequencePoint vc="8" uspid="267" ordinal="16" offset="144" sl="233" sc="39" el="233" ec="41" bec="0" bev="0" fileid="3" />
                <SequencePoint vc="2" uspid="268" ordinal="17" offset="168" sl="236" sc="21" el="236" ec="52" bec="0" bev="0" fileid="3" />
                <SequencePoint vc="2" uspid="269" ordinal="18" offset="181" sl="237" sc="17" el="237" ec="18" bec="0" bev="0" fileid="3" />
                <SequencePoint vc="2" uspid="270" ordinal="19" offset="182" sl="239" sc="17" el="239" ec="47" bec="2" bev="2" fileid="3" />
                <SequencePoint vc="1" uspid="271" ordinal="20" offset="199" sl="239" sc="48" el="239" ec="49" bec="0" bev="0" fileid="3" />
                <SequencePoint vc="1" uspid="272" ordinal="21" offset="200" sl="240" sc="21" el="240" ec="135" bec="0" bev="0" fileid="3" />
                <SequencePoint vc="1" uspid="273" ordinal="22" offset="230" sl="242" sc="17" el="242" ec="135" bec="0" bev="0" fileid="3" />
                <SequencePoint vc="1" uspid="274" ordinal="23" offset="251" sl="243" sc="17" el="243" ec="75" bec="0" bev="0" fileid="3" />
                <SequencePoint vc="2" uspid="275" ordinal="24" offset="264" sl="244" sc="15" el="244" ec="44" bec="0" bev="0" fileid="3" />
                <SequencePoint vc="2" uspid="276" ordinal="25" offset="266" sl="244" sc="45" el="244" ec="46" bec="0" bev="0" fileid="3" />
                <SequencePoint vc="2" uspid="277" ordinal="26" offset="267" sl="245" sc="17" el="245" ec="135" bec="0" bev="0" fileid="3" />
                <SequencePoint vc="2" uspid="278" ordinal="27" offset="302" sl="246" sc="17" el="246" ec="103" bec="0" bev="0" fileid="3" />
                <SequencePoint vc="2" uspid="279" ordinal="28" offset="317" sl="247" sc="17" el="247" ec="145" bec="0" bev="0" fileid="3" />
                <SequencePoint vc="3" uspid="280" ordinal="29" offset="353" sl="249" sc="9" el="249" ec="10" bec="0" bev="0" fileid="3" />
              </SequencePoints>
              <BranchPoints>
                <BranchPoint vc="1" uspid="281" ordinal="0" offset="50" sl="228" path="0" offsetend="52" fileid="3" />
                <BranchPoint vc="2" uspid="282" ordinal="1" offset="50" sl="228" path="1" offsetend="87" fileid="3" />
                <BranchPoint vc="1" uspid="285" ordinal="4" offset="197" sl="239" path="0" offsetend="199" fileid="3" />
                <BranchPoint vc="1" uspid="286" ordinal="5" offset="197" sl="239" path="1" offsetend="230" fileid="3" />
              </BranchPoints>
              <MethodPoint xsi:type="SequencePoint" vc="3" uspid="251" ordinal="0" offset="0" sl="224" sc="9" el="224" ec="10" bec="0" bev="0" fileid="3" />
            </Method>
            <Method visited="true" cyclomaticComplexity="3" nPathComplexity="0" sequenceCoverage="100" branchCoverage="100" crapScore="3" isConstructor="false" isStatic="false" isGetter="false" isSetter="false">
              <Summary numSequencePoints="9" visitedSequencePoints="9" numBranchPoints="1" visitedBranchPoints="1" sequenceCoverage="100" branchCoverage="100" maxCyclomaticComplexity="3" minCyclomaticComplexity="3" maxCrapScore="3" minCrapScore="3" visitedClasses="0" numClasses="0" visitedMethods="1" numMethods="1" />
              <MetadataToken>100663390</MetadataToken>
              <Name>System.Void Armazenagem3L_API.Services.CargaService::AtualizaProdutos(System.Collections.ArrayList)</Name>
              <FileRef uid="3" />
              <SequencePoints>
                <SequencePoint vc="1" uspid="287" ordinal="0" offset="0" sl="251" sc="59" el="251" ec="60" bec="0" bev="0" fileid="3" />
                <SequencePoint vc="1" uspid="288" ordinal="1" offset="1" sl="252" sc="13" el="252" ec="20" bec="0" bev="0" fileid="3" />
                <SequencePoint vc="1" uspid="289" ordinal="2" offset="2" sl="252" sc="34" el="252" ec="42" bec="0" bev="0" fileid="3" />
                <SequencePoint vc="3" uspid="290" ordinal="3" offset="11" sl="252" sc="22" el="252" ec="30" bec="0" bev="0" fileid="3" />
                <SequencePoint vc="3" uspid="291" ordinal="4" offset="18" sl="252" sc="44" el="252" ec="45" bec="0" bev="0" fileid="3" />
                <SequencePoint vc="3" uspid="292" ordinal="5" offset="19" sl="253" sc="17" el="253" ec="48" bec="0" bev="0" fileid="3" />
                <SequencePoint vc="3" uspid="293" ordinal="6" offset="37" sl="254" sc="13" el="254" ec="14" bec="0" bev="0" fileid="3" />
                <SequencePoint vc="4" uspid="294" ordinal="7" offset="38" sl="252" sc="31" el="252" ec="33" bec="0" bev="0" fileid="3" />
                <SequencePoint vc="1" uspid="295" ordinal="8" offset="66" sl="255" sc="9" el="255" ec="10" bec="0" bev="0" fileid="3" />
              </SequencePoints>
              <BranchPoints />
              <MethodPoint xsi:type="SequencePoint" vc="1" uspid="287" ordinal="0" offset="0" sl="251" sc="59" el="251" ec="60" bec="0" bev="0" fileid="3" />
            </Method>
            <Method visited="false" cyclomaticComplexity="3" nPathComplexity="0" sequenceCoverage="0" branchCoverage="0" crapScore="12" isConstructor="false" isStatic="false" isGetter="false" isSetter="false">
              <Summary numSequencePoints="10" visitedSequencePoints="0" numBranchPoints="1" visitedBranchPoints="0" sequenceCoverage="0" branchCoverage="0" maxCyclomaticComplexity="3" minCyclomaticComplexity="3" maxCrapScore="12" minCrapScore="12" visitedClasses="0" numClasses="0" visitedMethods="0" numMethods="1" />
              <MetadataToken>100663391</MetadataToken>
              <Name>System.Void Armazenagem3L_API.Services.CargaService::InsereCargaProdutos(System.Collections.Generic.IEnumerable`1&lt;Armazenagem3L_API.Models.ProdutoQtd&gt;,System.Int32)</Name>
              <FileRef uid="3" />
              <SequencePoints>
                <SequencePoint vc="0" uspid="298" ordinal="0" offset="0" sl="257" sc="84" el="257" ec="85" bec="0" bev="0" fileid="3" />
                <SequencePoint vc="0" uspid="299" ordinal="1" offset="1" sl="258" sc="13" el="258" ec="20" bec="0" bev="0" fileid="3" />
                <SequencePoint vc="0" uspid="300" ordinal="2" offset="2" sl="258" sc="34" el="258" ec="42" bec="0" bev="0" fileid="3" />
                <SequencePoint vc="0" uspid="301" ordinal="3" offset="11" sl="258" sc="22" el="258" ec="30" bec="0" bev="0" fileid="3" />
                <SequencePoint vc="0" uspid="302" ordinal="4" offset="18" sl="258" sc="44" el="258" ec="45" bec="0" bev="0" fileid="3" />
                <SequencePoint vc="0" uspid="303" ordinal="5" offset="19" sl="259" sc="17" el="259" ec="94" bec="0" bev="0" fileid="3" />
                <SequencePoint vc="0" uspid="304" ordinal="6" offset="49" sl="260" sc="17" el="260" ec="43" bec="0" bev="0" fileid="3" />
                <SequencePoint vc="0" uspid="305" ordinal="7" offset="61" sl="261" sc="13" el="261" ec="14" bec="0" bev="0" fileid="3" />
                <SequencePoint vc="0" uspid="306" ordinal="8" offset="62" sl="258" sc="31" el="258" ec="33" bec="0" bev="0" fileid="3" />
                <SequencePoint vc="0" uspid="307" ordinal="9" offset="83" sl="263" sc="9" el="263" ec="10" bec="0" bev="0" fileid="3" />
              </SequencePoints>
              <BranchPoints />
              <MethodPoint xsi:type="SequencePoint" vc="0" uspid="298" ordinal="0" offset="0" sl="257" sc="84" el="257" ec="85" bec="0" bev="0" fileid="3" />
            </Method>
            <Method visited="true" cyclomaticComplexity="3" nPathComplexity="0" sequenceCoverage="100" branchCoverage="100" crapScore="3" isConstructor="false" isStatic="false" isGetter="false" isSetter="false">
              <Summary numSequencePoints="16" visitedSequencePoints="16" numBranchPoints="1" visitedBranchPoints="1" sequenceCoverage="100" branchCoverage="100" maxCyclomaticComplexity="3" minCyclomaticComplexity="3" maxCrapScore="3" minCrapScore="3" visitedClasses="0" numClasses="0" visitedMethods="1" numMethods="1" />
              <MetadataToken>100663392</MetadataToken>
              <Name>System.Void Armazenagem3L_API.Services.CargaService::BuscaProdutos(Armazenagem3L_API.Models.Carga)</Name>
              <FileRef uid="3" />
              <SequencePoints>
                <SequencePoint vc="5" uspid="310" ordinal="0" offset="0" sl="265" sc="49" el="265" ec="50" bec="0" bev="0" fileid="3" />
                <SequencePoint vc="5" uspid="311" ordinal="1" offset="1" sl="267" sc="13" el="267" ec="70" bec="0" bev="0" fileid="3" />
                <SequencePoint vc="5" uspid="312" ordinal="2" offset="25" sl="268" sc="13" el="268" ec="72" bec="0" bev="0" fileid="3" />
                <SequencePoint vc="5" uspid="313" ordinal="3" offset="43" sl="269" sc="13" el="269" ec="76" bec="0" bev="0" fileid="3" />
                <SequencePoint vc="5" uspid="314" ordinal="4" offset="49" sl="270" sc="13" el="270" ec="20" bec="0" bev="0" fileid="3" />
                <SequencePoint vc="5" uspid="315" ordinal="5" offset="50" sl="270" sc="34" el="270" ec="46" bec="0" bev="0" fileid="3" />
                <SequencePoint vc="15" uspid="316" ordinal="6" offset="59" sl="270" sc="22" el="270" ec="30" bec="0" bev="0" fileid="3" />
                <SequencePoint vc="15" uspid="317" ordinal="7" offset="66" sl="270" sc="48" el="270" ec="49" bec="0" bev="0" fileid="3" />
                <SequencePoint vc="15" uspid="318" ordinal="8" offset="67" sl="271" sc="17" el="271" ec="76" bec="0" bev="0" fileid="3" />
                <SequencePoint vc="15" uspid="319" ordinal="9" offset="74" sl="273" sc="17" el="273" ec="84" bec="0" bev="0" fileid="3" />
                <SequencePoint vc="15" uspid="320" ordinal="10" offset="99" sl="274" sc="17" el="274" ec="56" bec="0" bev="0" fileid="3" />
                <SequencePoint vc="15" uspid="321" ordinal="11" offset="113" sl="276" sc="17" el="276" ec="48" bec="0" bev="0" fileid="3" />
                <SequencePoint vc="15" uspid="322" ordinal="12" offset="122" sl="277" sc="13" el="277" ec="14" bec="0" bev="0" fileid="3" />
                <SequencePoint vc="20" uspid="323" ordinal="13" offset="123" sl="270" sc="31" el="270" ec="33" bec="0" bev="0" fileid="3" />
                <SequencePoint vc="5" uspid="324" ordinal="14" offset="144" sl="279" sc="13" el="279" ec="44" bec="0" bev="0" fileid="3" />
                <SequencePoint vc="5" uspid="325" ordinal="15" offset="152" sl="280" sc="9" el="280" ec="10" bec="0" bev="0" fileid="3" />
              </SequencePoints>
              <BranchPoints />
              <MethodPoint xsi:type="SequencePoint" vc="5" uspid="310" ordinal="0" offset="0" sl="265" sc="49" el="265" ec="50" bec="0" bev="0" fileid="3" />
            </Method>
          </Methods>
        </Class>
        <Class>
          <Summary numSequencePoints="81" visitedSequencePoints="80" numBranchPoints="21" visitedBranchPoints="20" sequenceCoverage="98.77" branchCoverage="95.24" maxCyclomaticComplexity="4" minCyclomaticComplexity="1" maxCrapScore="4" minCrapScore="1" visitedClasses="1" numClasses="1" visitedMethods="5" numMethods="5" />
          <FullName>Armazenagem3L_API.Services.MotoristaService</FullName>
          <Methods>
            <Method visited="true" cyclomaticComplexity="1" nPathComplexity="0" sequenceCoverage="100" branchCoverage="100" crapScore="1" isConstructor="true" isStatic="false" isGetter="false" isSetter="false">
              <Summary numSequencePoints="5" visitedSequencePoints="5" numBranchPoints="1" visitedBranchPoints="1" sequenceCoverage="100" branchCoverage="100" maxCyclomaticComplexity="1" minCyclomaticComplexity="1" maxCrapScore="1" minCrapScore="1" visitedClasses="0" numClasses="0" visitedMethods="1" numMethods="1" />
              <MetadataToken>100663393</MetadataToken>
              <Name>System.Void Armazenagem3L_API.Services.MotoristaService::.ctor(Armazenagem3L_API.Repositories.IMotoristaRepository,Armazenagem3L_API.Logger.ILoggerManager)</Name>
              <FileRef uid="4" />
              <SequencePoints>
                <SequencePoint vc="11" uspid="328" ordinal="0" offset="0" sl="19" sc="9" el="19" ec="88" bec="0" bev="0" fileid="4" />
                <SequencePoint vc="11" uspid="329" ordinal="1" offset="7" sl="19" sc="89" el="19" ec="90" bec="0" bev="0" fileid="4" />
                <SequencePoint vc="11" uspid="330" ordinal="2" offset="8" sl="20" sc="13" el="20" ec="38" bec="0" bev="0" fileid="4" />
                <SequencePoint vc="11" uspid="331" ordinal="3" offset="15" sl="21" sc="13" el="21" ec="30" bec="0" bev="0" fileid="4" />
                <SequencePoint vc="11" uspid="332" ordinal="4" offset="22" sl="22" sc="9" el="22" ec="10" bec="0" bev="0" fileid="4" />
              </SequencePoints>
              <BranchPoints />
              <MethodPoint xsi:type="SequencePoint" vc="11" uspid="328" ordinal="0" offset="0" sl="19" sc="9" el="19" ec="88" bec="0" bev="0" fileid="4" />
            </Method>
            <Method visited="true" cyclomaticComplexity="4" nPathComplexity="8" sequenceCoverage="100" branchCoverage="100" crapScore="4" isConstructor="false" isStatic="false" isGetter="false" isSetter="false">
              <Summary numSequencePoints="25" visitedSequencePoints="25" numBranchPoints="7" visitedBranchPoints="7" sequenceCoverage="100" branchCoverage="100" maxCyclomaticComplexity="4" minCyclomaticComplexity="4" maxCrapScore="4" minCrapScore="4" visitedClasses="0" numClasses="0" visitedMethods="1" numMethods="1" />
              <MetadataToken>100663394</MetadataToken>
              <Name>Armazenagem3L_API.Util.CustomResponse Armazenagem3L_API.Services.MotoristaService::Add(Armazenagem3L_API.Models.Motorista)</Name>
              <FileRef uid="4" />
              <SequencePoints>
                <SequencePoint vc="4" uspid="333" ordinal="0" offset="0" sl="24" sc="56" el="24" ec="57" bec="0" bev="0" fileid="4" />
                <SequencePoint vc="4" uspid="334" ordinal="1" offset="1" sl="25" sc="13" el="25" ec="124" bec="0" bev="0" fileid="4" />
                <SequencePoint vc="4" uspid="335" ordinal="2" offset="30" sl="26" sc="17" el="26" ec="18" bec="0" bev="0" fileid="4" />
                <SequencePoint vc="4" uspid="336" ordinal="3" offset="31" sl="28" sc="17" el="28" ec="77" bec="0" bev="0" fileid="4" />
                <SequencePoint vc="4" uspid="337" ordinal="4" offset="49" sl="30" sc="17" el="30" ec="42" bec="2" bev="2" fileid="4" />
                <SequencePoint vc="1" uspid="338" ordinal="5" offset="57" sl="30" sc="43" el="30" ec="44" bec="0" bev="0" fileid="4" />
                <SequencePoint vc="1" uspid="339" ordinal="6" offset="58" sl="31" sc="21" el="31" ec="137" bec="0" bev="0" fileid="4" />
                <SequencePoint vc="1" uspid="340" ordinal="7" offset="79" sl="32" sc="21" el="32" ec="85" bec="0" bev="0" fileid="4" />
                <SequencePoint vc="3" uspid="341" ordinal="8" offset="92" sl="35" sc="17" el="35" ec="73" bec="0" bev="0" fileid="4" />
                <SequencePoint vc="3" uspid="342" ordinal="9" offset="110" sl="37" sc="17" el="37" ec="42" bec="2" bev="2" fileid="4" />
                <SequencePoint vc="1" uspid="343" ordinal="10" offset="118" sl="37" sc="43" el="37" ec="44" bec="0" bev="0" fileid="4" />
                <SequencePoint vc="1" uspid="344" ordinal="11" offset="119" sl="38" sc="21" el="38" ec="137" bec="0" bev="0" fileid="4" />
                <SequencePoint vc="1" uspid="345" ordinal="12" offset="141" sl="39" sc="21" el="39" ec="85" bec="0" bev="0" fileid="4" />
                <SequencePoint vc="2" uspid="346" ordinal="13" offset="155" sl="42" sc="17" el="42" ec="44" bec="0" bev="0" fileid="4" />
                <SequencePoint vc="2" uspid="347" ordinal="14" offset="168" sl="43" sc="17" el="43" ec="48" bec="2" bev="2" fileid="4" />
                <SequencePoint vc="1" uspid="348" ordinal="15" offset="188" sl="43" sc="49" el="43" ec="50" bec="0" bev="0" fileid="4" />
                <SequencePoint vc="1" uspid="349" ordinal="16" offset="189" sl="44" sc="21" el="44" ec="137" bec="0" bev="0" fileid="4" />
                <SequencePoint vc="1" uspid="350" ordinal="17" offset="211" sl="45" sc="21" el="45" ec="85" bec="0" bev="0" fileid="4" />
                <SequencePoint vc="1" uspid="351" ordinal="18" offset="225" sl="47" sc="17" el="47" ec="139" bec="0" bev="0" fileid="4" />
                <SequencePoint vc="3" uspid="352" ordinal="19" offset="255" sl="48" sc="15" el="48" ec="44" bec="0" bev="0" fileid="4" />
                <SequencePoint vc="3" uspid="353" ordinal="20" offset="257" sl="48" sc="45" el="48" ec="46" bec="0" bev="0" fileid="4" />
                <SequencePoint vc="3" uspid="354" ordinal="21" offset="258" sl="49" sc="17" el="49" ec="137" bec="0" bev="0" fileid="4" />
                <SequencePoint vc="3" uspid="355" ordinal="22" offset="293" sl="50" sc="17" el="50" ec="103" bec="0" bev="0" fileid="4" />
                <SequencePoint vc="3" uspid="356" ordinal="23" offset="308" sl="51" sc="17" el="51" ec="145" bec="0" bev="0" fileid="4" />
                <SequencePoint vc="4" uspid="357" ordinal="24" offset="344" sl="53" sc="9" el="53" ec="10" bec="0" bev="0" fileid="4" />
              </SequencePoints>
              <BranchPoints>
                <BranchPoint vc="1" uspid="358" ordinal="0" offset="55" sl="30" path="0" offsetend="57" fileid="4" />
                <BranchPoint vc="3" uspid="359" ordinal="1" offset="55" sl="30" path="1" offsetend="92" fileid="4" />
                <BranchPoint vc="1" uspid="360" ordinal="2" offset="116" sl="37" path="0" offsetend="118" fileid="4" />
                <BranchPoint vc="2" uspid="361" ordinal="3" offset="116" sl="37" path="1" offsetend="155" fileid="4" />
                <BranchPoint vc="1" uspid="362" ordinal="4" offset="186" sl="43" path="0" offsetend="188" fileid="4" />
                <BranchPoint vc="1" uspid="363" ordinal="5" offset="186" sl="43" path="1" offsetend="225" fileid="4" />
              </BranchPoints>
              <MethodPoint xsi:type="SequencePoint" vc="4" uspid="333" ordinal="0" offset="0" sl="24" sc="56" el="24" ec="57" bec="0" bev="0" fileid="4" />
            </Method>
            <Method visited="true" cyclomaticComplexity="3" nPathComplexity="4" sequenceCoverage="100" branchCoverage="100" crapScore="3" isConstructor="false" isStatic="false" isGetter="false" isSetter="false">
              <Summary numSequencePoints="20" visitedSequencePoints="20" numBranchPoints="5" visitedBranchPoints="5" sequenceCoverage="100" branchCoverage="100" maxCyclomaticComplexity="3" minCyclomaticComplexity="3" maxCrapScore="3" minCrapScore="3" visitedClasses="0" numClasses="0" visitedMethods="1" numMethods="1" />
              <MetadataToken>100663395</MetadataToken>
              <Name>Armazenagem3L_API.Util.CustomResponse Armazenagem3L_API.Services.MotoristaService::RecuperarSenha(Armazenagem3L_API.Models.DadosMotorista)</Name>
              <FileRef uid="4" />
              <SequencePoints>
                <SequencePoint vc="3" uspid="364" ordinal="0" offset="0" sl="55" sc="68" el="55" ec="69" bec="0" bev="0" fileid="4" />
                <SequencePoint vc="3" uspid="365" ordinal="1" offset="1" sl="56" sc="13" el="56" ec="122" bec="0" bev="0" fileid="4" />
                <SequencePoint vc="3" uspid="366" ordinal="2" offset="30" sl="58" sc="17" el="58" ec="18" bec="0" bev="0" fileid="4" />
                <SequencePoint vc="3" uspid="367" ordinal="3" offset="31" sl="59" sc="17" el="59" ec="76" bec="0" bev="0" fileid="4" />
                <SequencePoint vc="3" uspid="368" ordinal="4" offset="49" sl="61" sc="17" el="61" ec="39" bec="2" bev="2" fileid="4" />
                <SequencePoint vc="1" uspid="369" ordinal="5" offset="57" sl="61" sc="40" el="61" ec="41" bec="0" bev="0" fileid="4" />
                <SequencePoint vc="1" uspid="370" ordinal="6" offset="58" sl="62" sc="21" el="62" ec="145" bec="0" bev="0" fileid="4" />
                <SequencePoint vc="1" uspid="371" ordinal="7" offset="79" sl="63" sc="21" el="63" ec="79" bec="0" bev="0" fileid="4" />
                <SequencePoint vc="2" uspid="372" ordinal="8" offset="92" sl="66" sc="17" el="66" ec="47" bec="0" bev="0" fileid="4" />
                <SequencePoint vc="2" uspid="373" ordinal="9" offset="105" sl="67" sc="17" el="67" ec="47" bec="0" bev="0" fileid="4" />
                <SequencePoint vc="2" uspid="374" ordinal="10" offset="118" sl="69" sc="17" el="69" ec="48" bec="2" bev="2" fileid="4" />
                <SequencePoint vc="1" uspid="375" ordinal="11" offset="136" sl="69" sc="49" el="69" ec="50" bec="0" bev="0" fileid="4" />
                <SequencePoint vc="1" uspid="376" ordinal="12" offset="137" sl="70" sc="21" el="70" ec="137" bec="0" bev="0" fileid="4" />
                <SequencePoint vc="1" uspid="377" ordinal="13" offset="159" sl="71" sc="21" el="71" ec="85" bec="0" bev="0" fileid="4" />
                <SequencePoint vc="1" uspid="378" ordinal="14" offset="173" sl="74" sc="17" el="74" ec="135" bec="0" bev="0" fileid="4" />
                <SequencePoint vc="2" uspid="379" ordinal="15" offset="203" sl="75" sc="15" el="75" ec="44" bec="0" bev="0" fileid="4" />
                <SequencePoint vc="2" uspid="380" ordinal="16" offset="205" sl="75" sc="45" el="75" ec="46" bec="0" bev="0" fileid="4" />
                <SequencePoint vc="2" uspid="381" ordinal="17" offset="206" sl="76" sc="17" el="76" ec="103" bec="0" bev="0" fileid="4" />
                <SequencePoint vc="2" uspid="382" ordinal="18" offset="221" sl="77" sc="17" el="77" ec="145" bec="0" bev="0" fileid="4" />
                <SequencePoint vc="3" uspid="383" ordinal="19" offset="257" sl="79" sc="9" el="79" ec="10" bec="0" bev="0" fileid="4" />
              </SequencePoints>
              <BranchPoints>
                <BranchPoint vc="1" uspid="384" ordinal="0" offset="55" sl="61" path="0" offsetend="57" fileid="4" />
                <BranchPoint vc="2" uspid="385" ordinal="1" offset="55" sl="61" path="1" offsetend="92" fileid="4" />
                <BranchPoint vc="1" uspid="386" ordinal="2" offset="134" sl="69" path="0" offsetend="136" fileid="4" />
                <BranchPoint vc="1" uspid="387" ordinal="3" offset="134" sl="69" path="1" offsetend="173" fileid="4" />
              </BranchPoints>
              <MethodPoint xsi:type="SequencePoint" vc="3" uspid="364" ordinal="0" offset="0" sl="55" sc="68" el="55" ec="69" bec="0" bev="0" fileid="4" />
            </Method>
            <Method visited="true" cyclomaticComplexity="3" nPathComplexity="4" sequenceCoverage="94.12" branchCoverage="80" crapScore="3.00" isConstructor="false" isStatic="false" isGetter="false" isSetter="false">
              <Summary numSequencePoints="17" visitedSequencePoints="16" numBranchPoints="5" visitedBranchPoints="4" sequenceCoverage="94.12" branchCoverage="80" maxCyclomaticComplexity="3" minCyclomaticComplexity="3" maxCrapScore="3.00" minCrapScore="3.00" visitedClasses="0" numClasses="0" visitedMethods="1" numMethods="1" />
              <MetadataToken>100663396</MetadataToken>
              <Name>Armazenagem3L_API.Util.CustomResponse Armazenagem3L_API.Services.MotoristaService::login(Armazenagem3L_API.Models.DadosMotorista)</Name>
              <FileRef uid="4" />
              <SequencePoints>
                <SequencePoint vc="2" uspid="388" ordinal="0" offset="0" sl="81" sc="59" el="81" ec="60" bec="0" bev="0" fileid="4" />
                <SequencePoint vc="2" uspid="389" ordinal="1" offset="1" sl="82" sc="13" el="82" ec="113" bec="0" bev="0" fileid="4" />
                <SequencePoint vc="2" uspid="390" ordinal="2" offset="30" sl="84" sc="17" el="84" ec="18" bec="0" bev="0" fileid="4" />
                <SequencePoint vc="2" uspid="391" ordinal="3" offset="31" sl="85" sc="17" el="85" ec="76" bec="0" bev="0" fileid="4" />
                <SequencePoint vc="2" uspid="392" ordinal="4" offset="49" sl="87" sc="17" el="87" ec="39" bec="2" bev="2" fileid="4" />
                <SequencePoint vc="1" uspid="393" ordinal="5" offset="57" sl="87" sc="40" el="87" ec="41" bec="0" bev="0" fileid="4" />
                <SequencePoint vc="1" uspid="394" ordinal="6" offset="58" sl="88" sc="21" el="88" ec="145" bec="0" bev="0" fileid="4" />
                <SequencePoint vc="1" uspid="395" ordinal="7" offset="79" sl="89" sc="21" el="89" ec="79" bec="0" bev="0" fileid="4" />
                <SequencePoint vc="1" uspid="396" ordinal="8" offset="92" sl="92" sc="17" el="92" ec="51" bec="2" bev="1" fileid="4" />
                <SequencePoint vc="1" uspid="397" ordinal="9" offset="113" sl="92" sc="52" el="92" ec="53" bec="0" bev="0" fileid="4" />
                <SequencePoint vc="1" uspid="398" ordinal="10" offset="114" sl="93" sc="21" el="93" ec="78" bec="0" bev="0" fileid="4" />
                <SequencePoint vc="0" uspid="399" ordinal="11" offset="135" sl="96" sc="17" el="96" ec="75" bec="0" bev="0" fileid="4" />
                <SequencePoint vc="1" uspid="400" ordinal="12" offset="156" sl="97" sc="15" el="97" ec="44" bec="0" bev="0" fileid="4" />
                <SequencePoint vc="1" uspid="401" ordinal="13" offset="158" sl="97" sc="45" el="97" ec="46" bec="0" bev="0" fileid="4" />
                <SequencePoint vc="1" uspid="402" ordinal="14" offset="159" sl="98" sc="17" el="98" ec="103" bec="0" bev="0" fileid="4" />
                <SequencePoint vc="1" uspid="403" ordinal="15" offset="174" sl="99" sc="17" el="99" ec="145" bec="0" bev="0" fileid="4" />
                <SequencePoint vc="2" uspid="404" ordinal="16" offset="210" sl="101" sc="9" el="101" ec="10" bec="0" bev="0" fileid="4" />
              </SequencePoints>
              <BranchPoints>
                <BranchPoint vc="1" uspid="405" ordinal="0" offset="55" sl="87" path="0" offsetend="57" fileid="4" />
                <BranchPoint vc="1" uspid="406" ordinal="1" offset="55" sl="87" path="1" offsetend="92" fileid="4" />
                <BranchPoint vc="1" uspid="407" ordinal="2" offset="111" sl="92" path="0" offsetend="113" fileid="4" />
                <BranchPoint vc="0" uspid="408" ordinal="3" offset="111" sl="92" path="1" offsetend="135" fileid="4" />
              </BranchPoints>
              <MethodPoint xsi:type="SequencePoint" vc="2" uspid="388" ordinal="0" offset="0" sl="81" sc="59" el="81" ec="60" bec="0" bev="0" fileid="4" />
            </Method>
            <Method visited="true" cyclomaticComplexity="2" nPathComplexity="2" sequenceCoverage="100" branchCoverage="100" crapScore="2" isConstructor="false" isStatic="false" isGetter="false" isSetter="false">
              <Summary numSequencePoints="14" visitedSequencePoints="14" numBranchPoints="3" visitedBranchPoints="3" sequenceCoverage="100" branchCoverage="100" maxCyclomaticComplexity="2" minCyclomaticComplexity="2" maxCrapScore="2" minCrapScore="2" visitedClasses="0" numClasses="0" visitedMethods="1" numMethods="1" />
              <MetadataToken>100663397</MetadataToken>
              <Name>Armazenagem3L_API.Util.CustomResponse Armazenagem3L_API.Services.MotoristaService::FindById(System.Int32)</Name>
              <FileRef uid="4" />
              <SequencePoints>
                <SequencePoint vc="2" uspid="409" ordinal="0" offset="0" sl="103" sc="48" el="103" ec="49" bec="0" bev="0" fileid="4" />
                <SequencePoint vc="2" uspid="410" ordinal="1" offset="1" sl="104" sc="13" el="104" ec="123" bec="0" bev="0" fileid="4" />
                <SequencePoint vc="2" uspid="411" ordinal="2" offset="30" sl="106" sc="17" el="106" ec="18" bec="0" bev="0" fileid="4" />
                <SequencePoint vc="2" uspid="412" ordinal="3" offset="31" sl="107" sc="17" el="107" ec="64" bec="0" bev="0" fileid="4" />
                <SequencePoint vc="2" uspid="413" ordinal="4" offset="44" sl="109" sc="17" el="109" ec="39" bec="2" bev="2" fileid="4" />
                <SequencePoint vc="1" uspid="414" ordinal="5" offset="52" sl="109" sc="40" el="109" ec="41" bec="0" bev="0" fileid="4" />
                <SequencePoint vc="1" uspid="415" ordinal="6" offset="53" sl="110" sc="21" el="110" ec="145" bec="0" bev="0" fileid="4" />
                <SequencePoint vc="1" uspid="416" ordinal="7" offset="74" sl="111" sc="21" el="111" ec="79" bec="0" bev="0" fileid="4" />
                <SequencePoint vc="1" uspid="417" ordinal="8" offset="87" sl="114" sc="17" el="114" ec="79" bec="0" bev="0" fileid="4" />
                <SequencePoint vc="1" uspid="418" ordinal="9" offset="102" sl="115" sc="15" el="115" ec="44" bec="0" bev="0" fileid="4" />
                <SequencePoint vc="1" uspid="419" ordinal="10" offset="104" sl="115" sc="45" el="115" ec="46" bec="0" bev="0" fileid="4" />
                <SequencePoint vc="1" uspid="420" ordinal="11" offset="105" sl="116" sc="17" el="116" ec="103" bec="0" bev="0" fileid="4" />
                <SequencePoint vc="1" uspid="421" ordinal="12" offset="120" sl="117" sc="17" el="117" ec="145" bec="0" bev="0" fileid="4" />
                <SequencePoint vc="2" uspid="422" ordinal="13" offset="155" sl="119" sc="9" el="119" ec="10" bec="0" bev="0" fileid="4" />
              </SequencePoints>
              <BranchPoints>
                <BranchPoint vc="1" uspid="423" ordinal="0" offset="50" sl="109" path="0" offsetend="52" fileid="4" />
                <BranchPoint vc="1" uspid="424" ordinal="1" offset="50" sl="109" path="1" offsetend="87" fileid="4" />
              </BranchPoints>
              <MethodPoint xsi:type="SequencePoint" vc="2" uspid="409" ordinal="0" offset="0" sl="103" sc="48" el="103" ec="49" bec="0" bev="0" fileid="4" />
            </Method>
          </Methods>
        </Class>
        <Class>
          <Summary numSequencePoints="50" visitedSequencePoints="50" numBranchPoints="11" visitedBranchPoints="11" sequenceCoverage="100" branchCoverage="100" maxCyclomaticComplexity="3" minCyclomaticComplexity="1" maxCrapScore="3" minCrapScore="1" visitedClasses="1" numClasses="1" visitedMethods="5" numMethods="5" />
          <FullName>Armazenagem3L_API.Services.ProdutosService</FullName>
          <Methods>
            <Method visited="true" cyclomaticComplexity="1" nPathComplexity="0" sequenceCoverage="100" branchCoverage="100" crapScore="1" isConstructor="true" isStatic="false" isGetter="false" isSetter="false">
              <Summary numSequencePoints="5" visitedSequencePoints="5" numBranchPoints="1" visitedBranchPoints="1" sequenceCoverage="100" branchCoverage="100" maxCyclomaticComplexity="1" minCyclomaticComplexity="1" maxCrapScore="1" minCrapScore="1" visitedClasses="0" numClasses="0" visitedMethods="1" numMethods="1" />
              <MetadataToken>100663398</MetadataToken>
              <Name>System.Void Armazenagem3L_API.Services.ProdutosService::.ctor(Armazenagem3L_API.Repositories.IProdutosRepository,Armazenagem3L_API.Logger.ILoggerManager)</Name>
              <FileRef uid="5" />
              <SequencePoints>
                <SequencePoint vc="7" uspid="425" ordinal="0" offset="0" sl="18" sc="9" el="18" ec="86" bec="0" bev="0" fileid="5" />
                <SequencePoint vc="7" uspid="426" ordinal="1" offset="7" sl="18" sc="87" el="18" ec="88" bec="0" bev="0" fileid="5" />
                <SequencePoint vc="7" uspid="427" ordinal="2" offset="8" sl="19" sc="13" el="19" ec="38" bec="0" bev="0" fileid="5" />
                <SequencePoint vc="7" uspid="428" ordinal="3" offset="15" sl="20" sc="13" el="20" ec="30" bec="0" bev="0" fileid="5" />
                <SequencePoint vc="7" uspid="429" ordinal="4" offset="22" sl="21" sc="9" el="21" ec="10" bec="0" bev="0" fileid="5" />
              </SequencePoints>
              <BranchPoints />
              <MethodPoint xsi:type="SequencePoint" vc="7" uspid="425" ordinal="0" offset="0" sl="18" sc="9" el="18" ec="86" bec="0" bev="0" fileid="5" />
            </Method>
            <Method visited="true" cyclomaticComplexity="1" nPathComplexity="0" sequenceCoverage="100" branchCoverage="100" crapScore="1" isConstructor="false" isStatic="false" isGetter="false" isSetter="false">
              <Summary numSequencePoints="5" visitedSequencePoints="5" numBranchPoints="1" visitedBranchPoints="1" sequenceCoverage="100" branchCoverage="100" maxCyclomaticComplexity="1" minCyclomaticComplexity="1" maxCrapScore="1" minCrapScore="1" visitedClasses="0" numClasses="0" visitedMethods="1" numMethods="1" />
              <MetadataToken>100663399</MetadataToken>
              <Name>Armazenagem3L_API.Util.CustomResponse Armazenagem3L_API.Services.ProdutosService::listagemProdutos()</Name>
              <FileRef uid="5" />
              <SequencePoints>
                <SequencePoint vc="1" uspid="430" ordinal="0" offset="0" sl="23" sc="50" el="23" ec="51" bec="0" bev="0" fileid="5" />
                <SequencePoint vc="1" uspid="431" ordinal="1" offset="1" sl="24" sc="13" el="24" ec="86" bec="0" bev="0" fileid="5" />
                <SequencePoint vc="1" uspid="432" ordinal="2" offset="18" sl="26" sc="13" el="26" ec="58" bec="0" bev="0" fileid="5" />
                <SequencePoint vc="1" uspid="433" ordinal="3" offset="30" sl="28" sc="13" el="28" ec="72" bec="0" bev="0" fileid="5" />
                <SequencePoint vc="1" uspid="434" ordinal="4" offset="45" sl="29" sc="9" el="29" ec="10" bec="0" bev="0" fileid="5" />
              </SequencePoints>
              <BranchPoints />
              <MethodPoint xsi:type="SequencePoint" vc="1" uspid="430" ordinal="0" offset="0" sl="23" sc="50" el="23" ec="51" bec="0" bev="0" fileid="5" />
            </Method>
            <Method visited="true" cyclomaticComplexity="1" nPathComplexity="0" sequenceCoverage="100" branchCoverage="100" crapScore="1" isConstructor="false" isStatic="false" isGetter="false" isSetter="false">
              <Summary numSequencePoints="5" visitedSequencePoints="5" numBranchPoints="1" visitedBranchPoints="1" sequenceCoverage="100" branchCoverage="100" maxCyclomaticComplexity="1" minCyclomaticComplexity="1" maxCrapScore="1" minCrapScore="1" visitedClasses="0" numClasses="0" visitedMethods="1" numMethods="1" />
              <MetadataToken>100663400</MetadataToken>
              <Name>Armazenagem3L_API.Util.CustomResponse Armazenagem3L_API.Services.ProdutosService::produtosById(System.Int32)</Name>
              <FileRef uid="5" />
              <SequencePoints>
                <SequencePoint vc="1" uspid="435" ordinal="0" offset="0" sl="31" sc="52" el="31" ec="53" bec="0" bev="0" fileid="5" />
                <SequencePoint vc="1" uspid="436" ordinal="1" offset="1" sl="32" sc="13" el="32" ec="125" bec="0" bev="0" fileid="5" />
                <SequencePoint vc="1" uspid="437" ordinal="2" offset="30" sl="34" sc="13" el="34" ec="61" bec="0" bev="0" fileid="5" />
                <SequencePoint vc="1" uspid="438" ordinal="3" offset="43" sl="36" sc="13" el="36" ec="72" bec="0" bev="0" fileid="5" />
                <SequencePoint vc="1" uspid="439" ordinal="4" offset="58" sl="37" sc="9" el="37" ec="10" bec="0" bev="0" fileid="5" />
              </SequencePoints>
              <BranchPoints />
              <MethodPoint xsi:type="SequencePoint" vc="1" uspid="435" ordinal="0" offset="0" sl="31" sc="52" el="31" ec="53" bec="0" bev="0" fileid="5" />
            </Method>
            <Method visited="true" cyclomaticComplexity="2" nPathComplexity="2" sequenceCoverage="100" branchCoverage="100" crapScore="2" isConstructor="false" isStatic="false" isGetter="false" isSetter="false">
              <Summary numSequencePoints="15" visitedSequencePoints="15" numBranchPoints="3" visitedBranchPoints="3" sequenceCoverage="100" branchCoverage="100" maxCyclomaticComplexity="2" minCyclomaticComplexity="2" maxCrapScore="2" minCrapScore="2" visitedClasses="0" numClasses="0" visitedMethods="1" numMethods="1" />
              <MetadataToken>100663401</MetadataToken>
              <Name>Armazenagem3L_API.Util.CustomResponse Armazenagem3L_API.Services.ProdutosService::Add(Armazenagem3L_API.Models.Produto)</Name>
              <FileRef uid="5" />
              <SequencePoints>
                <SequencePoint vc="2" uspid="440" ordinal="0" offset="0" sl="39" sc="52" el="39" ec="53" bec="0" bev="0" fileid="5" />
                <SequencePoint vc="2" uspid="441" ordinal="1" offset="1" sl="40" sc="13" el="40" ec="120" bec="0" bev="0" fileid="5" />
                <SequencePoint vc="2" uspid="442" ordinal="2" offset="30" sl="41" sc="17" el="41" ec="18" bec="0" bev="0" fileid="5" />
                <SequencePoint vc="2" uspid="443" ordinal="3" offset="31" sl="42" sc="17" el="42" ec="42" bec="0" bev="0" fileid="5" />
                <SequencePoint vc="2" uspid="444" ordinal="4" offset="44" sl="43" sc="17" el="43" ec="48" bec="2" bev="2" fileid="5" />
                <SequencePoint vc="1" uspid="445" ordinal="5" offset="62" sl="43" sc="49" el="43" ec="50" bec="0" bev="0" fileid="5" />
                <SequencePoint vc="1" uspid="446" ordinal="6" offset="63" sl="44" sc="21" el="44" ec="137" bec="0" bev="0" fileid="5" />
                <SequencePoint vc="1" uspid="447" ordinal="7" offset="84" sl="45" sc="21" el="45" ec="85" bec="0" bev="0" fileid="5" />
                <SequencePoint vc="1" uspid="448" ordinal="8" offset="97" sl="47" sc="17" el="47" ec="137" bec="0" bev="0" fileid="5" />
                <SequencePoint vc="1" uspid="449" ordinal="9" offset="126" sl="48" sc="15" el="48" ec="44" bec="0" bev="0" fileid="5" />
                <SequencePoint vc="1" uspid="450" ordinal="10" offset="127" sl="48" sc="45" el="48" ec="46" bec="0" bev="0" fileid="5" />
                <SequencePoint vc="1" uspid="451" ordinal="11" offset="128" sl="49" sc="17" el="49" ec="135" bec="0" bev="0" fileid="5" />
                <SequencePoint vc="1" uspid="452" ordinal="12" offset="162" sl="50" sc="17" el="50" ec="103" bec="0" bev="0" fileid="5" />
                <SequencePoint vc="1" uspid="453" ordinal="13" offset="176" sl="51" sc="17" el="51" ec="145" bec="0" bev="0" fileid="5" />
                <SequencePoint vc="2" uspid="454" ordinal="14" offset="211" sl="53" sc="9" el="53" ec="10" bec="0" bev="0" fileid="5" />
              </SequencePoints>
              <BranchPoints>
                <BranchPoint vc="1" uspid="455" ordinal="0" offset="60" sl="43" path="0" offsetend="62" fileid="5" />
                <BranchPoint vc="1" uspid="456" ordinal="1" offset="60" sl="43" path="1" offsetend="97" fileid="5" />
              </BranchPoints>
              <MethodPoint xsi:type="SequencePoint" vc="2" uspid="440" ordinal="0" offset="0" sl="39" sc="52" el="39" ec="53" bec="0" bev="0" fileid="5" />
            </Method>
            <Method visited="true" cyclomaticComplexity="3" nPathComplexity="4" sequenceCoverage="100" branchCoverage="100" crapScore="3" isConstructor="false" isStatic="false" isGetter="false" isSetter="false">
              <Summary numSequencePoints="20" visitedSequencePoints="20" numBranchPoints="5" visitedBranchPoints="5" sequenceCoverage="100" branchCoverage="100" maxCyclomaticComplexity="3" minCyclomaticComplexity="3" maxCrapScore="3" minCrapScore="3" visitedClasses="0" numClasses="0" visitedMethods="1" numMethods="1" />
              <MetadataToken>100663402</MetadataToken>
              <Name>Armazenagem3L_API.Util.CustomResponse Armazenagem3L_API.Services.ProdutosService::DeletarProduto(System.Int32)</Name>
              <FileRef uid="5" />
              <SequencePoints>
                <SequencePoint vc="3" uspid="457" ordinal="0" offset="0" sl="55" sc="54" el="55" ec="55" bec="0" bev="0" fileid="5" />
                <SequencePoint vc="3" uspid="458" ordinal="1" offset="1" sl="56" sc="13" el="56" ec="119" bec="0" bev="0" fileid="5" />
                <SequencePoint vc="3" uspid="459" ordinal="2" offset="30" sl="57" sc="17" el="57" ec="18" bec="0" bev="0" fileid="5" />
                <SequencePoint vc="3" uspid="460" ordinal="3" offset="31" sl="58" sc="17" el="58" ec="66" bec="0" bev="0" fileid="5" />
                <SequencePoint vc="3" uspid="461" ordinal="4" offset="44" sl="59" sc="17" el="59" ec="37" bec="2" bev="2" fileid="5" />
                <SequencePoint vc="1" uspid="462" ordinal="5" offset="52" sl="59" sc="38" el="59" ec="39" bec="0" bev="0" fileid="5" />
                <SequencePoint vc="1" uspid="463" ordinal="6" offset="53" sl="60" sc="21" el="60" ec="149" bec="0" bev="0" fileid="5" />
                <SequencePoint vc="1" uspid="464" ordinal="7" offset="74" sl="61" sc="21" el="61" ec="85" bec="0" bev="0" fileid="5" />
                <SequencePoint vc="2" uspid="465" ordinal="8" offset="87" sl="63" sc="17" el="63" ec="45" bec="0" bev="0" fileid="5" />
                <SequencePoint vc="2" uspid="466" ordinal="9" offset="100" sl="64" sc="17" el="64" ec="48" bec="2" bev="2" fileid="5" />
                <SequencePoint vc="1" uspid="467" ordinal="10" offset="118" sl="64" sc="49" el="64" ec="50" bec="0" bev="0" fileid="5" />
                <SequencePoint vc="1" uspid="468" ordinal="11" offset="119" sl="65" sc="21" el="65" ec="147" bec="0" bev="0" fileid="5" />
                <SequencePoint vc="1" uspid="469" ordinal="12" offset="141" sl="66" sc="21" el="66" ec="85" bec="0" bev="0" fileid="5" />
                <SequencePoint vc="1" uspid="470" ordinal="13" offset="155" sl="68" sc="17" el="68" ec="133" bec="0" bev="0" fileid="5" />
                <SequencePoint vc="2" uspid="471" ordinal="14" offset="185" sl="69" sc="15" el="69" ec="44" bec="0" bev="0" fileid="5" />
                <SequencePoint vc="2" uspid="472" ordinal="15" offset="187" sl="69" sc="45" el="69" ec="46" bec="0" bev="0" fileid="5" />
                <SequencePoint vc="2" uspid="473" ordinal="16" offset="188" sl="70" sc="17" el="70" ec="135" bec="0" bev="0" fileid="5" />
                <SequencePoint vc="2" uspid="474" ordinal="17" offset="223" sl="71" sc="17" el="71" ec="103" bec="0" bev="0" fileid="5" />
                <SequencePoint vc="2" uspid="475" ordinal="18" offset="238" sl="72" sc="17" el="72" ec="145" bec="0" bev="0" fileid="5" />
                <SequencePoint vc="3" uspid="476" ordinal="19" offset="274" sl="74" sc="9" el="74" ec="10" bec="0" bev="0" fileid="5" />
              </SequencePoints>
              <BranchPoints>
                <BranchPoint vc="1" uspid="477" ordinal="0" offset="50" sl="59" path="0" offsetend="52" fileid="5" />
                <BranchPoint vc="2" uspid="478" ordinal="1" offset="50" sl="59" path="1" offsetend="87" fileid="5" />
                <BranchPoint vc="1" uspid="479" ordinal="2" offset="116" sl="64" path="0" offsetend="118" fileid="5" />
                <BranchPoint vc="1" uspid="480" ordinal="3" offset="116" sl="64" path="1" offsetend="155" fileid="5" />
              </BranchPoints>
              <MethodPoint xsi:type="SequencePoint" vc="3" uspid="457" ordinal="0" offset="0" sl="55" sc="54" el="55" ec="55" bec="0" bev="0" fileid="5" />
            </Method>
          </Methods>
        </Class>
        <Class skippedDueTo="Filter">
          <FullName>Armazenagem3L_API.Repositories.impl.CargaRepositoryImpl</FullName>
          <Methods />
        </Class>
        <Class skippedDueTo="Filter">
          <FullName>Armazenagem3L_API.Repositories.impl.CargaRepositoryImpl/&lt;&gt;c__DisplayClass5_0</FullName>
          <Methods />
        </Class>
        <Class skippedDueTo="Filter">
          <FullName>Armazenagem3L_API.Repositories.impl.CargaRepositoryImpl/&lt;&gt;c</FullName>
          <Methods />
        </Class>
        <Class skippedDueTo="Filter">
          <FullName>Armazenagem3L_API.Repositories.impl.CargaRepositoryImpl/&lt;&gt;c__DisplayClass6_0</FullName>
          <Methods />
        </Class>
        <Class skippedDueTo="Filter">
          <FullName>Armazenagem3L_API.Repositories.impl.CargaRepositoryImpl/&lt;&gt;c__DisplayClass9_0</FullName>
          <Methods />
        </Class>
        <Class skippedDueTo="Filter">
          <FullName>Armazenagem3L_API.Repositories.impl.CargaRepositoryImpl/&lt;&gt;c__DisplayClass10_0</FullName>
          <Methods />
        </Class>
        <Class skippedDueTo="Filter">
          <FullName>Armazenagem3L_API.Repositories.impl.CargaRepositoryImpl/&lt;&gt;c__DisplayClass12_0</FullName>
          <Methods />
        </Class>
        <Class skippedDueTo="Filter">
          <FullName>Armazenagem3L_API.Repositories.impl.CargaRepositoryImpl/&lt;&gt;c__DisplayClass17_0</FullName>
          <Methods />
        </Class>
        <Class skippedDueTo="Filter">
          <FullName>Armazenagem3L_API.Repositories.impl.MotoristaRepositoryImpl</FullName>
          <Methods />
        </Class>
        <Class skippedDueTo="Filter">
          <FullName>Armazenagem3L_API.Repositories.impl.MotoristaRepositoryImpl/&lt;&gt;c__DisplayClass5_0</FullName>
          <Methods />
        </Class>
        <Class skippedDueTo="Filter">
          <FullName>Armazenagem3L_API.Repositories.impl.MotoristaRepositoryImpl/&lt;&gt;c</FullName>
          <Methods />
        </Class>
        <Class skippedDueTo="Filter">
          <FullName>Armazenagem3L_API.Repositories.impl.MotoristaRepositoryImpl/&lt;&gt;c__DisplayClass6_0</FullName>
          <Methods />
        </Class>
        <Class skippedDueTo="Filter">
          <FullName>Armazenagem3L_API.Repositories.impl.MotoristaRepositoryImpl/&lt;&gt;c__DisplayClass7_0</FullName>
          <Methods />
        </Class>
        <Class skippedDueTo="Filter">
          <FullName>Armazenagem3L_API.Repositories.impl.ProdutosRepositoryImpl</FullName>
          <Methods />
        </Class>
        <Class skippedDueTo="Filter">
          <FullName>Armazenagem3L_API.Repositories.impl.ProdutosRepositoryImpl/&lt;&gt;c__DisplayClass4_0</FullName>
          <Methods />
        </Class>
        <Class skippedDueTo="Filter">
          <FullName>Armazenagem3L_API.Repositories.impl.ProdutosRepositoryImpl/&lt;&gt;c</FullName>
          <Methods />
        </Class>
        <Class skippedDueTo="Filter">
          <FullName>Armazenagem3L_API.Models.Carga</FullName>
          <Methods />
        </Class>
        <Class skippedDueTo="Filter">
          <FullName>Armazenagem3L_API.Models.CargaProduto</FullName>
          <Methods />
        </Class>
        <Class skippedDueTo="Filter">
          <FullName>Armazenagem3L_API.Models.CargasRecusada</FullName>
          <Methods />
        </Class>
        <Class skippedDueTo="Filter">
          <FullName>Armazenagem3L_API.Models.DadosMotorista</FullName>
          <Methods />
        </Class>
        <Class skippedDueTo="Filter">
          <FullName>Armazenagem3L_API.Models.Funcionario</FullName>
          <Methods />
        </Class>
        <Class skippedDueTo="Filter">
          <FullName>Armazenagem3L_API.Models.ItemCargaProduto</FullName>
          <Methods />
        </Class>
        <Class skippedDueTo="Filter">
          <FullName>Armazenagem3L_API.Models.Motorista</FullName>
          <Methods />
        </Class>
        <Class skippedDueTo="Filter">
          <FullName>Armazenagem3L_API.Models.MotoristaCarga</FullName>
          <Methods />
        </Class>
        <Class skippedDueTo="Filter">
          <FullName>Armazenagem3L_API.Models.Produto</FullName>
          <Methods />
        </Class>
        <Class skippedDueTo="Filter">
          <FullName>Armazenagem3L_API.Models.ProdutoQtd</FullName>
          <Methods />
        </Class>
        <Class skippedDueTo="Filter">
          <FullName>Armazenagem3L_API.Migrations.initial</FullName>
          <Methods />
        </Class>
        <Class skippedDueTo="Filter">
          <FullName>Armazenagem3L_API.Migrations.initial/&lt;&gt;c</FullName>
          <Methods />
        </Class>
        <Class skippedDueTo="Filter">
          <FullName>Armazenagem3L_API.Migrations.DataContextModelSnapshot</FullName>
          <Methods />
        </Class>
        <Class skippedDueTo="Filter">
          <FullName>Armazenagem3L_API.Migrations.DataContextModelSnapshot/&lt;&gt;c</FullName>
          <Methods />
        </Class>
        <Class skippedDueTo="Filter">
          <FullName>Armazenagem3L_API.Logger.Impl.LoggerManager</FullName>
          <Methods />
        </Class>
        <Class skippedDueTo="Filter">
          <FullName>Armazenagem3L_API.ExceptionHandler.ApiCustomException</FullName>
          <Methods />
        </Class>
        <Class skippedDueTo="Filter">
          <FullName>Armazenagem3L_API.ExceptionHandler.CustomHandler</FullName>
          <Methods />
        </Class>
        <Class skippedDueTo="Filter">
          <FullName>Armazenagem3L_API.Data.DataContext</FullName>
          <Methods />
        </Class>
        <Class skippedDueTo="Filter">
          <FullName>Armazenagem3L_API.Data.DataContext/&lt;&gt;c</FullName>
          <Methods />
        </Class>
        <Class skippedDueTo="Filter">
          <FullName>Armazenagem3L_API.Controllers.CargaController</FullName>
          <Methods />
        </Class>
        <Class skippedDueTo="Filter">
          <FullName>Armazenagem3L_API.Controllers.MotoristaController</FullName>
          <Methods />
        </Class>
        <Class skippedDueTo="Filter">
          <FullName>Armazenagem3L_API.Controllers.ProdutosController</FullName>
          <Methods />
        </Class>
      </Classes>
    </Module>
    <Module skippedDueTo="MissingPdb" hash="23-4A-18-E8-DE-1A-C4-A5-58-E3-CA-A1-1F-88-64-8D-2B-44-2F-3D">
      <ModulePath>c:\program files\dotnet\shared\Microsoft.AspNetCore.App\5.0.0\Microsoft.Extensions.Caching.Abstractions.dll</ModulePath>
      <ModuleTime>2020-10-27T02:01:26Z</ModuleTime>
      <ModuleName>Microsoft.Extensions.Caching.Abstractions</ModuleName>
      <Classes />
    </Module>
    <Module skippedDueTo="MissingPdb" hash="C7-6E-87-2D-5E-2B-B9-2D-14-CC-4C-1E-33-C6-5C-D2-6C-14-97-16">
      <ModulePath>c:\program files\dotnet\shared\Microsoft.AspNetCore.App\5.0.0\Microsoft.Extensions.Caching.Memory.dll</ModulePath>
      <ModuleTime>2020-10-27T02:01:26Z</ModuleTime>
      <ModuleName>Microsoft.Extensions.Caching.Memory</ModuleName>
      <Classes />
    </Module>
    <Module skippedDueTo="MissingPdb" hash="86-1C-63-DC-28-A1-7E-82-E1-3A-FB-91-7C-ED-B1-54-7C-F4-45-17">
      <ModulePath>c:\program files\dotnet\shared\Microsoft.AspNetCore.App\5.0.0\Microsoft.Extensions.Configuration.dll</ModulePath>
      <ModuleTime>2020-10-27T02:01:28Z</ModuleTime>
      <ModuleName>Microsoft.Extensions.Configuration</ModuleName>
      <Classes />
    </Module>
    <Module skippedDueTo="MissingPdb" hash="7A-70-FC-6D-E3-22-14-34-40-A9-4B-88-11-77-B4-AB-00-50-58-24">
      <ModulePath>c:\program files\dotnet\shared\Microsoft.AspNetCore.App\5.0.0\Microsoft.Extensions.Configuration.Abstractions.dll</ModulePath>
      <ModuleTime>2020-10-27T02:01:28Z</ModuleTime>
      <ModuleName>Microsoft.Extensions.Configuration.Abstractions</ModuleName>
      <Classes />
    </Module>
    <Module skippedDueTo="MissingPdb" hash="92-A9-40-9A-04-0B-B6-BD-35-AE-B3-3E-29-16-D1-D4-33-76-73-57">
      <ModulePath>c:\program files\dotnet\shared\Microsoft.AspNetCore.App\5.0.0\Microsoft.Extensions.Configuration.Binder.dll</ModulePath>
      <ModuleTime>2020-10-27T02:01:28Z</ModuleTime>
      <ModuleName>Microsoft.Extensions.Configuration.Binder</ModuleName>
      <Classes />
    </Module>
    <Module skippedDueTo="MissingPdb" hash="1A-A1-97-B0-DE-97-66-3D-84-C5-F9-9F-DC-37-F4-F9-39-53-5E-CF">
      <ModulePath>c:\program files\dotnet\shared\Microsoft.AspNetCore.App\5.0.0\Microsoft.Extensions.Configuration.CommandLine.dll</ModulePath>
      <ModuleTime>2020-10-27T02:01:28Z</ModuleTime>
      <ModuleName>Microsoft.Extensions.Configuration.CommandLine</ModuleName>
      <Classes />
    </Module>
    <Module skippedDueTo="MissingPdb" hash="AA-7C-B2-BA-13-7B-A3-6E-29-FC-D4-54-8E-37-5D-12-C7-90-1A-5F">
      <ModulePath>c:\program files\dotnet\shared\Microsoft.AspNetCore.App\5.0.0\Microsoft.Extensions.Configuration.EnvironmentVariables.dll</ModulePath>
      <ModuleTime>2020-10-27T02:01:28Z</ModuleTime>
      <ModuleName>Microsoft.Extensions.Configuration.EnvironmentVariables</ModuleName>
      <Classes />
    </Module>
    <Module skippedDueTo="MissingPdb" hash="DE-AC-3B-AF-03-68-15-25-CD-10-4C-F3-F2-AF-C0-05-76-0F-0F-10">
      <ModulePath>c:\program files\dotnet\shared\Microsoft.AspNetCore.App\5.0.0\Microsoft.Extensions.Configuration.FileExtensions.dll</ModulePath>
      <ModuleTime>2020-10-27T02:01:28Z</ModuleTime>
      <ModuleName>Microsoft.Extensions.Configuration.FileExtensions</ModuleName>
      <Classes />
    </Module>
    <Module skippedDueTo="MissingPdb" hash="84-1C-B6-1F-90-E8-8D-F8-02-16-39-B5-5A-35-3C-AA-CF-28-02-79">
      <ModulePath>c:\program files\dotnet\shared\Microsoft.AspNetCore.App\5.0.0\Microsoft.Extensions.Configuration.Ini.dll</ModulePath>
      <ModuleTime>2020-10-27T02:01:28Z</ModuleTime>
      <ModuleName>Microsoft.Extensions.Configuration.Ini</ModuleName>
      <Classes />
    </Module>
    <Module skippedDueTo="MissingPdb" hash="86-C4-F5-51-A8-4A-D9-2C-93-10-05-85-88-93-36-CA-0A-7A-B8-B1">
      <ModulePath>c:\program files\dotnet\shared\Microsoft.AspNetCore.App\5.0.0\Microsoft.Extensions.Configuration.Json.dll</ModulePath>
      <ModuleTime>2020-10-27T02:01:28Z</ModuleTime>
      <ModuleName>Microsoft.Extensions.Configuration.Json</ModuleName>
      <Classes />
    </Module>
    <Module skippedDueTo="MissingPdb" hash="5F-2F-55-2F-5E-C3-A7-FD-D9-97-82-FB-A7-2A-7D-96-25-C8-65-60">
      <ModulePath>c:\program files\dotnet\shared\Microsoft.AspNetCore.App\5.0.0\Microsoft.Extensions.Configuration.UserSecrets.dll</ModulePath>
      <ModuleTime>2020-10-27T02:01:28Z</ModuleTime>
      <ModuleName>Microsoft.Extensions.Configuration.UserSecrets</ModuleName>
      <Classes />
    </Module>
    <Module skippedDueTo="MissingPdb" hash="9A-D7-C8-0F-9C-C2-80-01-8F-57-AD-38-7B-32-98-77-C2-33-B1-F6">
      <ModulePath>c:\program files\dotnet\shared\Microsoft.AspNetCore.App\5.0.0\Microsoft.Extensions.Configuration.Xml.dll</ModulePath>
      <ModuleTime>2020-10-27T02:01:28Z</ModuleTime>
      <ModuleName>Microsoft.Extensions.Configuration.Xml</ModuleName>
      <Classes />
    </Module>
    <Module skippedDueTo="MissingPdb" hash="9A-74-7D-1E-F2-BF-60-F5-00-D4-3A-92-A0-B2-5A-0D-94-BD-71-B6">
      <ModulePath>c:\program files\dotnet\shared\Microsoft.AspNetCore.App\5.0.0\Microsoft.Extensions.DependencyInjection.dll</ModulePath>
      <ModuleTime>2020-10-27T02:01:30Z</ModuleTime>
      <ModuleName>Microsoft.Extensions.DependencyInjection</ModuleName>
      <Classes />
    </Module>
    <Module skippedDueTo="MissingPdb" hash="F6-03-9F-1C-01-FF-71-B5-31-12-00-ED-68-E0-D9-E2-D9-A8-C4-A0">
      <ModulePath>c:\program files\dotnet\shared\Microsoft.AspNetCore.App\5.0.0\Microsoft.Extensions.FileProviders.Abstractions.dll</ModulePath>
      <ModuleTime>2020-10-27T02:01:30Z</ModuleTime>
      <ModuleName>Microsoft.Extensions.FileProviders.Abstractions</ModuleName>
      <Classes />
    </Module>
    <Module skippedDueTo="MissingPdb" hash="3E-54-54-52-4A-F3-35-7C-90-72-6D-45-A0-F4-DB-4B-58-97-FA-34">
      <ModulePath>c:\program files\dotnet\shared\Microsoft.AspNetCore.App\5.0.0\Microsoft.Extensions.FileProviders.Composite.dll</ModulePath>
      <ModuleTime>2020-10-27T02:01:30Z</ModuleTime>
      <ModuleName>Microsoft.Extensions.FileProviders.Composite</ModuleName>
      <Classes />
    </Module>
    <Module skippedDueTo="MissingPdb" hash="12-E8-4E-F8-84-E9-5E-3A-32-11-C8-54-AA-0A-7A-BB-3D-D3-56-E2">
      <ModulePath>c:\program files\dotnet\shared\Microsoft.AspNetCore.App\5.0.0\Microsoft.Extensions.FileProviders.Physical.dll</ModulePath>
      <ModuleTime>2020-10-27T02:01:30Z</ModuleTime>
      <ModuleName>Microsoft.Extensions.FileProviders.Physical</ModuleName>
      <Classes />
    </Module>
    <Module skippedDueTo="MissingPdb" hash="F5-9E-8A-74-0E-60-6F-DA-CD-2D-A3-91-68-F5-27-C9-DD-5A-18-60">
      <ModulePath>c:\program files\dotnet\shared\Microsoft.AspNetCore.App\5.0.0\Microsoft.Extensions.FileSystemGlobbing.dll</ModulePath>
      <ModuleTime>2020-10-27T02:01:30Z</ModuleTime>
      <ModuleName>Microsoft.Extensions.FileSystemGlobbing</ModuleName>
      <Classes />
    </Module>
    <Module skippedDueTo="MissingPdb" hash="92-7E-57-9C-C5-EA-C4-4F-90-E9-43-50-5B-B6-9C-20-44-B6-7F-6B">
      <ModulePath>c:\program files\dotnet\shared\Microsoft.AspNetCore.App\5.0.0\Microsoft.Extensions.Hosting.dll</ModulePath>
      <ModuleTime>2020-10-27T02:01:30Z</ModuleTime>
      <ModuleName>Microsoft.Extensions.Hosting</ModuleName>
      <Classes />
    </Module>
    <Module skippedDueTo="MissingPdb" hash="90-2C-6F-E2-C6-AA-35-76-11-17-EA-49-68-73-1A-3E-58-91-AE-F0">
      <ModulePath>c:\program files\dotnet\shared\Microsoft.AspNetCore.App\5.0.0\Microsoft.Extensions.Hosting.Abstractions.dll</ModulePath>
      <ModuleTime>2020-10-27T02:01:30Z</ModuleTime>
      <ModuleName>Microsoft.Extensions.Hosting.Abstractions</ModuleName>
      <Classes />
    </Module>
    <Module skippedDueTo="MissingPdb" hash="E9-64-97-94-D8-E4-C7-1C-50-3D-CB-E8-ED-F6-AC-1B-A7-62-83-B6">
      <ModulePath>c:\program files\dotnet\shared\Microsoft.AspNetCore.App\5.0.0\Microsoft.Extensions.Http.dll</ModulePath>
      <ModuleTime>2020-10-27T02:01:32Z</ModuleTime>
      <ModuleName>Microsoft.Extensions.Http</ModuleName>
      <Classes />
    </Module>
    <Module skippedDueTo="MissingPdb" hash="25-09-60-31-C3-75-2B-2E-CA-A1-EC-12-20-04-B1-4F-EB-E8-6F-D2">
      <ModulePath>c:\program files\dotnet\shared\Microsoft.AspNetCore.App\5.0.0\Microsoft.Extensions.Logging.dll</ModulePath>
      <ModuleTime>2020-10-27T02:01:32Z</ModuleTime>
      <ModuleName>Microsoft.Extensions.Logging</ModuleName>
      <Classes />
    </Module>
    <Module skippedDueTo="MissingPdb" hash="BC-E2-6E-42-DB-B7-81-A6-FF-6F-B8-A9-F6-52-AD-0C-59-D5-6D-E6">
      <ModulePath>c:\program files\dotnet\shared\Microsoft.AspNetCore.App\5.0.0\Microsoft.Extensions.Logging.Configuration.dll</ModulePath>
      <ModuleTime>2020-10-27T02:01:32Z</ModuleTime>
      <ModuleName>Microsoft.Extensions.Logging.Configuration</ModuleName>
      <Classes />
    </Module>
    <Module skippedDueTo="MissingPdb" hash="6D-DC-13-5D-B0-86-5E-7C-19-9C-12-F2-42-2B-EC-23-52-26-2E-0E">
      <ModulePath>c:\program files\dotnet\shared\Microsoft.AspNetCore.App\5.0.0\Microsoft.Extensions.Options.ConfigurationExtensions.dll</ModulePath>
      <ModuleTime>2020-10-27T02:01:34Z</ModuleTime>
      <ModuleName>Microsoft.Extensions.Options.ConfigurationExtensions</ModuleName>
      <Classes />
    </Module>
    <Module skippedDueTo="MissingPdb" hash="EB-DC-95-80-F3-84-DD-02-05-E3-A1-24-80-D8-6F-1E-8E-61-FC-E5">
      <ModulePath>c:\program files\dotnet\shared\Microsoft.AspNetCore.App\5.0.0\Microsoft.Extensions.Logging.Console.dll</ModulePath>
      <ModuleTime>2020-10-27T02:01:32Z</ModuleTime>
      <ModuleName>Microsoft.Extensions.Logging.Console</ModuleName>
      <Classes />
    </Module>
    <Module skippedDueTo="MissingPdb" hash="A0-DD-AD-69-FA-70-B3-CB-FB-F4-2B-17-7F-88-F0-B9-4A-07-57-F1">
      <ModulePath>c:\program files\dotnet\shared\Microsoft.AspNetCore.App\5.0.0\Microsoft.Extensions.Logging.Debug.dll</ModulePath>
      <ModuleTime>2020-10-27T02:01:32Z</ModuleTime>
      <ModuleName>Microsoft.Extensions.Logging.Debug</ModuleName>
      <Classes />
    </Module>
    <Module skippedDueTo="MissingPdb" hash="01-FC-87-21-B7-FF-E9-D1-A7-11-51-61-09-9B-45-AD-A7-20-6A-0E">
      <ModulePath>c:\program files\dotnet\shared\Microsoft.AspNetCore.App\5.0.0\Microsoft.Extensions.Logging.EventLog.dll</ModulePath>
      <ModuleTime>2020-10-27T02:01:32Z</ModuleTime>
      <ModuleName>Microsoft.Extensions.Logging.EventLog</ModuleName>
      <Classes />
    </Module>
    <Module skippedDueTo="Filter" hash="0B-2A-8E-AC-EF-A8-19-13-31-5C-60-A3-27-71-CE-F0-CB-91-FF-EE">
      <ModulePath>c:\program files\dotnet\shared\Microsoft.AspNetCore.App\5.0.0\System.Diagnostics.EventLog.dll</ModulePath>
      <ModuleTime>2020-10-27T02:01:34Z</ModuleTime>
      <ModuleName>System.Diagnostics.EventLog</ModuleName>
      <Classes />
    </Module>
    <Module skippedDueTo="MissingPdb" hash="EA-3F-AA-AC-9E-76-EC-12-C3-42-AD-8A-F2-38-3B-2D-6E-EB-A4-96">
      <ModulePath>c:\program files\dotnet\shared\Microsoft.AspNetCore.App\5.0.0\Microsoft.Extensions.Logging.EventSource.dll</ModulePath>
      <ModuleTime>2020-10-27T02:01:32Z</ModuleTime>
      <ModuleName>Microsoft.Extensions.Logging.EventSource</ModuleName>
      <Classes />
    </Module>
    <Module skippedDueTo="MissingPdb" hash="A2-78-50-29-45-67-D7-B8-80-D0-47-A8-D9-2F-32-64-EA-9B-CB-7A">
      <ModulePath>c:\program files\dotnet\shared\Microsoft.AspNetCore.App\5.0.0\Microsoft.Extensions.Logging.TraceSource.dll</ModulePath>
      <ModuleTime>2020-10-27T02:01:34Z</ModuleTime>
      <ModuleName>Microsoft.Extensions.Logging.TraceSource</ModuleName>
      <Classes />
    </Module>
    <Module skippedDueTo="MissingPdb" hash="65-6B-CC-33-08-B9-00-7C-4A-24-F4-FC-A4-72-D5-3B-10-C7-CA-6D">
      <ModulePath>c:\program files\dotnet\shared\Microsoft.AspNetCore.App\5.0.0\Microsoft.Extensions.Options.DataAnnotations.dll</ModulePath>
      <ModuleTime>2020-10-27T02:01:34Z</ModuleTime>
      <ModuleName>Microsoft.Extensions.Options.DataAnnotations</ModuleName>
      <Classes />
    </Module>
    <Module skippedDueTo="MissingPdb" hash="20-3E-71-97-FA-49-F4-7C-1F-C8-14-94-B6-1F-91-00-BD-34-1A-8F">
      <ModulePath>c:\program files\dotnet\shared\Microsoft.AspNetCore.App\5.0.0\Microsoft.Win32.SystemEvents.dll</ModulePath>
      <ModuleTime>2020-10-27T02:01:34Z</ModuleTime>
      <ModuleName>Microsoft.Win32.SystemEvents</ModuleName>
      <Classes />
    </Module>
    <Module skippedDueTo="Filter" hash="5B-BE-69-2B-7D-76-FD-D6-51-DE-62-D1-4D-F2-87-BC-78-86-93-02">
      <ModulePath>c:\program files\dotnet\shared\Microsoft.AspNetCore.App\5.0.0\System.Drawing.Common.dll</ModulePath>
      <ModuleTime>2020-10-27T02:01:36Z</ModuleTime>
      <ModuleName>System.Drawing.Common</ModuleName>
      <Classes />
    </Module>
    <Module skippedDueTo="Filter" hash="B5-CA-56-F6-D3-01-4C-7F-2D-6D-C6-82-6D-54-11-CF-91-15-F6-45">
      <ModulePath>c:\program files\dotnet\shared\Microsoft.NETCore.App\5.0.0\System.Drawing.Primitives.dll</ModulePath>
      <ModuleTime>2020-10-19T22:13:58Z</ModuleTime>
      <ModuleName>System.Drawing.Primitives</ModuleName>
      <Classes />
    </Module>
    <Module skippedDueTo="Filter" hash="58-87-FE-1A-2B-46-9C-16-99-74-13-0D-50-C4-41-55-B2-C1-5A-78">
      <ModulePath>c:\program files\dotnet\shared\Microsoft.AspNetCore.App\5.0.0\System.IO.Pipelines.dll</ModulePath>
      <ModuleTime>2020-10-27T02:01:36Z</ModuleTime>
      <ModuleName>System.IO.Pipelines</ModuleName>
      <Classes />
    </Module>
    <Module skippedDueTo="Filter" hash="C6-7B-60-68-53-E4-81-C8-01-9B-D1-51-DB-20-CC-A5-6F-E0-8E-16">
      <ModulePath>c:\program files\dotnet\shared\Microsoft.AspNetCore.App\5.0.0\System.Security.Cryptography.Pkcs.dll</ModulePath>
      <ModuleTime>2020-10-27T02:01:36Z</ModuleTime>
      <ModuleName>System.Security.Cryptography.Pkcs</ModuleName>
      <Classes />
    </Module>
    <Module skippedDueTo="Filter" hash="0E-38-D9-40-38-C1-67-1D-E0-05-06-A5-2D-DD-1C-54-83-56-A1-6A">
      <ModulePath>c:\program files\dotnet\shared\Microsoft.NETCore.App\5.0.0\System.Security.Cryptography.Encoding.dll</ModulePath>
      <ModuleTime>2020-10-19T22:15:36Z</ModuleTime>
      <ModuleName>System.Security.Cryptography.Encoding</ModuleName>
      <Classes />
    </Module>
    <Module skippedDueTo="Filter" hash="80-A2-B0-AE-0B-81-09-F9-40-35-0C-64-60-6E-42-AE-D4-8F-4B-04">
      <ModulePath>c:\program files\dotnet\shared\Microsoft.NETCore.App\5.0.0\System.Security.Cryptography.X509Certificates.dll</ModulePath>
      <ModuleTime>2020-10-19T22:15:38Z</ModuleTime>
      <ModuleName>System.Security.Cryptography.X509Certificates</ModuleName>
      <Classes />
    </Module>
    <Module skippedDueTo="Filter" hash="23-2A-31-EA-7A-AC-F3-C1-C8-15-FD-BA-1F-EE-BE-CB-EC-27-E9-B8">
      <ModulePath>c:\program files\dotnet\shared\Microsoft.NETCore.App\5.0.0\System.Formats.Asn1.dll</ModulePath>
      <ModuleTime>2020-10-19T22:14:26Z</ModuleTime>
      <ModuleName>System.Formats.Asn1</ModuleName>
      <Classes />
    </Module>
    <Module skippedDueTo="Filter" hash="3A-2F-AB-02-70-70-01-20-81-95-78-89-42-57-F8-82-87-64-16-9D">
      <ModulePath>c:\program files\dotnet\shared\Microsoft.AspNetCore.App\5.0.0\System.Security.Cryptography.Xml.dll</ModulePath>
      <ModuleTime>2020-10-27T02:01:36Z</ModuleTime>
      <ModuleName>System.Security.Cryptography.Xml</ModuleName>
      <Classes />
    </Module>
    <Module skippedDueTo="Filter" hash="E9-79-27-73-A0-98-DA-7B-26-1E-4F-5F-11-67-8F-08-C5-BB-CA-9F">
      <ModulePath>c:\program files\dotnet\shared\Microsoft.AspNetCore.App\5.0.0\System.Security.Permissions.dll</ModulePath>
      <ModuleTime>2020-10-27T02:01:38Z</ModuleTime>
      <ModuleName>System.Security.Permissions</ModuleName>
      <Classes />
    </Module>
    <Module skippedDueTo="Filter" hash="F8-8A-2C-68-C5-BB-5C-DF-73-EE-D6-89-F6-63-01-5B-28-34-2B-BF">
      <ModulePath>c:\program files\dotnet\shared\Microsoft.AspNetCore.App\5.0.0\System.Windows.Extensions.dll</ModulePath>
      <ModuleTime>2020-10-27T02:01:38Z</ModuleTime>
      <ModuleName>System.Windows.Extensions</ModuleName>
      <Classes />
    </Module>
    <Module skippedDueTo="Filter" hash="13-3D-D5-C5-B8-AE-E5-6F-E5-BC-13-34-0F-7D-17-A7-F5-9A-6B-9E">
      <ModulePath>c:\program files\dotnet\shared\Microsoft.NETCore.App\5.0.0\System.Net.Requests.dll</ModulePath>
      <ModuleTime>2020-10-19T22:16:14Z</ModuleTime>
      <ModuleName>System.Net.Requests</ModuleName>
      <Classes />
    </Module>
    <Module skippedDueTo="MissingPdb" hash="E9-AE-4F-52-57-7E-71-0D-05-55-23-5A-3B-67-BF-12-07-20-D2-95">
      <ModulePath>c:\program files\dotnet\shared\Microsoft.AspNetCore.App\5.0.0\Microsoft.AspNetCore.Antiforgery.dll</ModulePath>
      <ModuleTime>2020-10-27T02:01:38Z</ModuleTime>
      <ModuleName>Microsoft.AspNetCore.Antiforgery</ModuleName>
      <Classes />
    </Module>
    <Module skippedDueTo="MissingPdb" hash="BF-14-69-1C-2E-75-68-BF-67-01-D0-AE-7C-41-C4-19-3A-D0-29-38">
      <ModulePath>c:\program files\dotnet\shared\Microsoft.AspNetCore.App\5.0.0\Microsoft.AspNetCore.Authentication.Cookies.dll</ModulePath>
      <ModuleTime>2020-10-27T02:01:38Z</ModuleTime>
      <ModuleName>Microsoft.AspNetCore.Authentication.Cookies</ModuleName>
      <Classes />
    </Module>
    <Module skippedDueTo="MissingPdb" hash="5C-1B-F4-86-9A-1A-F5-36-C0-84-2E-15-03-C8-C3-C3-72-72-D6-65">
      <ModulePath>c:\program files\dotnet\shared\Microsoft.AspNetCore.App\5.0.0\Microsoft.AspNetCore.Authentication.Core.dll</ModulePath>
      <ModuleTime>2020-10-27T02:01:38Z</ModuleTime>
      <ModuleName>Microsoft.AspNetCore.Authentication.Core</ModuleName>
      <Classes />
    </Module>
    <Module skippedDueTo="MissingPdb" hash="4D-F4-D4-54-DF-8C-35-62-BC-23-CE-E0-95-68-52-92-AC-83-C4-A9">
      <ModulePath>c:\program files\dotnet\shared\Microsoft.AspNetCore.App\5.0.0\Microsoft.AspNetCore.Authorization.dll</ModulePath>
      <ModuleTime>2020-10-27T02:01:38Z</ModuleTime>
      <ModuleName>Microsoft.AspNetCore.Authorization</ModuleName>
      <Classes />
    </Module>
    <Module skippedDueTo="MissingPdb" hash="2A-C7-83-86-D9-A4-A1-7D-FE-4E-83-2B-3F-C2-DD-00-77-2F-EE-2E">
      <ModulePath>c:\program files\dotnet\shared\Microsoft.AspNetCore.App\5.0.0\Microsoft.AspNetCore.Metadata.dll</ModulePath>
      <ModuleTime>2020-10-27T02:01:46Z</ModuleTime>
      <ModuleName>Microsoft.AspNetCore.Metadata</ModuleName>
      <Classes />
    </Module>
    <Module skippedDueTo="MissingPdb" hash="04-20-5E-72-DA-88-12-AE-68-AC-E0-EB-C8-B3-15-3C-B3-DA-AB-BA">
      <ModulePath>c:\program files\dotnet\shared\Microsoft.AspNetCore.App\5.0.0\Microsoft.AspNetCore.Authorization.Policy.dll</ModulePath>
      <ModuleTime>2020-10-27T02:01:38Z</ModuleTime>
      <ModuleName>Microsoft.AspNetCore.Authorization.Policy</ModuleName>
      <Classes />
    </Module>
    <Module skippedDueTo="MissingPdb" hash="D6-18-E9-76-7D-0E-17-40-E7-D9-4D-EF-D8-3E-8F-E7-1D-9A-31-22">
      <ModulePath>c:\program files\dotnet\shared\Microsoft.AspNetCore.App\5.0.0\Microsoft.AspNetCore.Components.Authorization.dll</ModulePath>
      <ModuleTime>2020-10-27T02:01:40Z</ModuleTime>
      <ModuleName>Microsoft.AspNetCore.Components.Authorization</ModuleName>
      <Classes />
    </Module>
    <Module skippedDueTo="MissingPdb" hash="64-01-B1-3C-A6-CC-CA-3C-D6-C9-D4-70-3E-67-2B-4E-59-FB-21-4B">
      <ModulePath>c:\program files\dotnet\shared\Microsoft.AspNetCore.App\5.0.0\Microsoft.AspNetCore.Components.dll</ModulePath>
      <ModuleTime>2020-10-27T02:01:40Z</ModuleTime>
      <ModuleName>Microsoft.AspNetCore.Components</ModuleName>
      <Classes />
    </Module>
    <Module skippedDueTo="MissingPdb" hash="15-C2-5E-82-24-DF-07-82-F9-18-A8-3C-66-7E-36-30-0A-1C-CE-C1">
      <ModulePath>c:\program files\dotnet\shared\Microsoft.AspNetCore.App\5.0.0\Microsoft.AspNetCore.Components.Forms.dll</ModulePath>
      <ModuleTime>2020-10-27T02:01:40Z</ModuleTime>
      <ModuleName>Microsoft.AspNetCore.Components.Forms</ModuleName>
      <Classes />
    </Module>
    <Module skippedDueTo="MissingPdb" hash="36-91-03-D5-65-E3-5B-F3-90-37-0F-7F-2A-DE-0C-33-21-AB-9B-7A">
      <ModulePath>c:\program files\dotnet\shared\Microsoft.AspNetCore.App\5.0.0\Microsoft.AspNetCore.Components.Server.dll</ModulePath>
      <ModuleTime>2020-10-27T02:01:42Z</ModuleTime>
      <ModuleName>Microsoft.AspNetCore.Components.Server</ModuleName>
      <Classes />
    </Module>
    <Module skippedDueTo="MissingPdb" hash="3F-81-A7-BB-B0-3A-EA-49-90-BB-9F-0F-F7-0B-71-B9-89-44-92-8C">
      <ModulePath>c:\program files\dotnet\shared\Microsoft.AspNetCore.App\5.0.0\Microsoft.AspNetCore.SignalR.dll</ModulePath>
      <ModuleTime>2020-10-27T02:01:56Z</ModuleTime>
      <ModuleName>Microsoft.AspNetCore.SignalR</ModuleName>
      <Classes />
    </Module>
    <Module skippedDueTo="MissingPdb" hash="34-8D-E6-D2-9C-08-1B-5F-97-34-F9-51-1F-13-A4-00-2B-23-11-83">
      <ModulePath>c:\program files\dotnet\shared\Microsoft.AspNetCore.App\5.0.0\Microsoft.AspNetCore.SignalR.Common.dll</ModulePath>
      <ModuleTime>2020-10-27T02:01:56Z</ModuleTime>
      <ModuleName>Microsoft.AspNetCore.SignalR.Common</ModuleName>
      <Classes />
    </Module>
    <Module skippedDueTo="MissingPdb" hash="6D-03-1B-22-15-40-E1-4C-56-FF-49-E1-BF-A6-E2-68-81-5F-3D-A0">
      <ModulePath>c:\program files\dotnet\shared\Microsoft.AspNetCore.App\5.0.0\Microsoft.AspNetCore.SignalR.Core.dll</ModulePath>
      <ModuleTime>2020-10-27T02:01:56Z</ModuleTime>
      <ModuleName>Microsoft.AspNetCore.SignalR.Core</ModuleName>
      <Classes />
    </Module>
    <Module skippedDueTo="MissingPdb" hash="B2-73-3F-7A-C8-98-D6-AA-73-A2-68-EA-D0-D8-4D-4C-CF-7F-00-86">
      <ModulePath>c:\program files\dotnet\shared\Microsoft.AspNetCore.App\5.0.0\Microsoft.AspNetCore.StaticFiles.dll</ModulePath>
      <ModuleTime>2020-10-27T02:01:58Z</ModuleTime>
      <ModuleName>Microsoft.AspNetCore.StaticFiles</ModuleName>
      <Classes />
    </Module>
    <Module skippedDueTo="MissingPdb" hash="25-47-53-09-40-02-14-1B-C7-51-C5-74-4F-02-C6-3B-13-07-1F-2F">
      <ModulePath>c:\program files\dotnet\shared\Microsoft.AspNetCore.App\5.0.0\Microsoft.JSInterop.dll</ModulePath>
      <ModuleTime>2020-10-27T02:01:58Z</ModuleTime>
      <ModuleName>Microsoft.JSInterop</ModuleName>
      <Classes />
    </Module>
    <Module skippedDueTo="MissingPdb" hash="07-FB-D0-02-84-19-0E-65-E9-B7-84-A2-F5-FF-D9-21-96-C6-7C-E4">
      <ModulePath>c:\program files\dotnet\shared\Microsoft.AspNetCore.App\5.0.0\Microsoft.AspNetCore.Connections.Abstractions.dll</ModulePath>
      <ModuleTime>2020-10-27T02:01:42Z</ModuleTime>
      <ModuleName>Microsoft.AspNetCore.Connections.Abstractions</ModuleName>
      <Classes />
    </Module>
    <Module skippedDueTo="MissingPdb" hash="E1-69-5E-1A-73-A6-D9-EE-C8-09-C7-39-6D-D1-89-34-50-17-8E-50">
      <ModulePath>c:\program files\dotnet\shared\Microsoft.AspNetCore.App\5.0.0\Microsoft.AspNetCore.Components.Web.dll</ModulePath>
      <ModuleTime>2020-10-27T02:01:42Z</ModuleTime>
      <ModuleName>Microsoft.AspNetCore.Components.Web</ModuleName>
      <Classes />
    </Module>
    <Module skippedDueTo="MissingPdb" hash="92-83-C5-B2-82-E9-29-07-47-90-E5-77-17-4F-5B-7A-14-61-A5-BB">
      <ModulePath>c:\program files\dotnet\shared\Microsoft.AspNetCore.App\5.0.0\Microsoft.AspNetCore.CookiePolicy.dll</ModulePath>
      <ModuleTime>2020-10-27T02:01:42Z</ModuleTime>
      <ModuleName>Microsoft.AspNetCore.CookiePolicy</ModuleName>
      <Classes />
    </Module>
    <Module skippedDueTo="MissingPdb" hash="F5-B3-3B-02-C3-CC-CC-C4-70-4E-E4-2B-22-69-56-F1-00-2F-20-E9">
      <ModulePath>c:\program files\dotnet\shared\Microsoft.AspNetCore.App\5.0.0\Microsoft.AspNetCore.Cors.dll</ModulePath>
      <ModuleTime>2020-10-27T02:01:42Z</ModuleTime>
      <ModuleName>Microsoft.AspNetCore.Cors</ModuleName>
      <Classes />
    </Module>
    <Module skippedDueTo="MissingPdb" hash="BF-55-8F-9D-BB-D5-81-A2-0B-2F-B2-38-F3-A8-7B-7A-FB-59-BC-3D">
      <ModulePath>c:\program files\dotnet\shared\Microsoft.AspNetCore.App\5.0.0\Microsoft.AspNetCore.Cryptography.Internal.dll</ModulePath>
      <ModuleTime>2020-10-27T02:01:42Z</ModuleTime>
      <ModuleName>Microsoft.AspNetCore.Cryptography.Internal</ModuleName>
      <Classes />
    </Module>
    <Module skippedDueTo="MissingPdb" hash="26-27-0C-63-AD-D6-77-92-F1-E8-A7-EA-4F-20-7F-70-0A-D2-A1-11">
      <ModulePath>c:\program files\dotnet\shared\Microsoft.AspNetCore.App\5.0.0\Microsoft.AspNetCore.Cryptography.KeyDerivation.dll</ModulePath>
      <ModuleTime>2020-10-27T02:01:42Z</ModuleTime>
      <ModuleName>Microsoft.AspNetCore.Cryptography.KeyDerivation</ModuleName>
      <Classes />
    </Module>
    <Module skippedDueTo="MissingPdb" hash="6E-72-4D-CB-3B-6B-69-6C-66-CA-1E-11-2B-DF-76-DF-3C-17-0C-21">
      <ModulePath>c:\program files\dotnet\shared\Microsoft.AspNetCore.App\5.0.0\Microsoft.AspNetCore.DataProtection.Abstractions.dll</ModulePath>
      <ModuleTime>2020-10-27T02:01:42Z</ModuleTime>
      <ModuleName>Microsoft.AspNetCore.DataProtection.Abstractions</ModuleName>
      <Classes />
    </Module>
    <Module skippedDueTo="MissingPdb" hash="4D-38-7C-4D-EA-23-DD-FC-60-0B-25-FA-BF-2E-23-54-17-65-9B-FE">
      <ModulePath>c:\program files\dotnet\shared\Microsoft.AspNetCore.App\5.0.0\Microsoft.AspNetCore.DataProtection.dll</ModulePath>
      <ModuleTime>2020-10-27T02:01:42Z</ModuleTime>
      <ModuleName>Microsoft.AspNetCore.DataProtection</ModuleName>
      <Classes />
    </Module>
    <Module skippedDueTo="MissingPdb" hash="88-35-0F-E7-97-8E-94-62-14-F6-94-EA-2F-53-27-42-7A-91-1E-80">
      <ModulePath>c:\program files\dotnet\shared\Microsoft.AspNetCore.App\5.0.0\Microsoft.AspNetCore.DataProtection.Extensions.dll</ModulePath>
      <ModuleTime>2020-10-27T02:01:42Z</ModuleTime>
      <ModuleName>Microsoft.AspNetCore.DataProtection.Extensions</ModuleName>
      <Classes />
    </Module>
    <Module skippedDueTo="MissingPdb" hash="FF-98-CE-C4-7A-35-3B-FD-24-10-61-81-9A-4B-E3-D1-97-88-AA-0F">
      <ModulePath>c:\program files\dotnet\shared\Microsoft.AspNetCore.App\5.0.0\Microsoft.AspNetCore.Diagnostics.Abstractions.dll</ModulePath>
      <ModuleTime>2020-10-27T02:01:42Z</ModuleTime>
      <ModuleName>Microsoft.AspNetCore.Diagnostics.Abstractions</ModuleName>
      <Classes />
    </Module>
    <Module skippedDueTo="MissingPdb" hash="BE-61-9B-3B-36-18-C5-7C-9D-61-C1-9D-36-1B-73-2F-2E-CA-C9-22">
      <ModulePath>c:\program files\dotnet\shared\Microsoft.AspNetCore.App\5.0.0\Microsoft.AspNetCore.Diagnostics.dll</ModulePath>
      <ModuleTime>2020-10-27T02:01:44Z</ModuleTime>
      <ModuleName>Microsoft.AspNetCore.Diagnostics</ModuleName>
      <Classes />
    </Module>
    <Module skippedDueTo="MissingPdb" hash="C8-6E-DB-5F-8D-A9-2B-B5-8A-D9-9C-B8-0F-12-68-6B-7F-B8-67-1E">
      <ModulePath>c:\program files\dotnet\shared\Microsoft.AspNetCore.App\5.0.0\Microsoft.AspNetCore.Diagnostics.HealthChecks.dll</ModulePath>
      <ModuleTime>2020-10-27T02:01:44Z</ModuleTime>
      <ModuleName>Microsoft.AspNetCore.Diagnostics.HealthChecks</ModuleName>
      <Classes />
    </Module>
    <Module skippedDueTo="MissingPdb" hash="3F-DF-A5-06-14-37-CB-9B-29-66-BB-90-D0-C8-05-04-72-11-98-20">
      <ModulePath>c:\program files\dotnet\shared\Microsoft.AspNetCore.App\5.0.0\Microsoft.Extensions.Diagnostics.HealthChecks.Abstractions.dll</ModulePath>
      <ModuleTime>2020-10-27T02:01:58Z</ModuleTime>
      <ModuleName>Microsoft.Extensions.Diagnostics.HealthChecks.Abstractions</ModuleName>
      <Classes />
    </Module>
    <Module skippedDueTo="MissingPdb" hash="93-39-F7-40-57-C8-EB-FA-B3-BA-B0-BE-F5-1B-B0-B3-EF-7E-C6-54">
      <ModulePath>c:\program files\dotnet\shared\Microsoft.AspNetCore.App\5.0.0\Microsoft.AspNetCore.dll</ModulePath>
      <ModuleTime>2020-10-27T02:01:44Z</ModuleTime>
      <ModuleName>Microsoft.AspNetCore</ModuleName>
      <Classes />
    </Module>
    <Module skippedDueTo="MissingPdb" hash="05-01-DD-80-E5-EA-85-75-45-0E-C3-E4-6C-AB-98-39-0A-C3-C1-F7">
      <ModulePath>c:\program files\dotnet\shared\Microsoft.AspNetCore.App\5.0.0\Microsoft.AspNetCore.Hosting.Abstractions.dll</ModulePath>
      <ModuleTime>2020-10-27T02:01:44Z</ModuleTime>
      <ModuleName>Microsoft.AspNetCore.Hosting.Abstractions</ModuleName>
      <Classes />
    </Module>
    <Module skippedDueTo="MissingPdb" hash="FA-3F-EB-39-B0-ED-F1-AF-06-21-62-ED-70-48-12-DD-16-1C-97-64">
      <ModulePath>c:\program files\dotnet\shared\Microsoft.AspNetCore.App\5.0.0\Microsoft.AspNetCore.HostFiltering.dll</ModulePath>
      <ModuleTime>2020-10-27T02:01:44Z</ModuleTime>
      <ModuleName>Microsoft.AspNetCore.HostFiltering</ModuleName>
      <Classes />
    </Module>
    <Module skippedDueTo="MissingPdb" hash="24-2E-53-4B-12-F9-E7-FF-21-D6-9F-F7-F3-78-BC-73-9E-2B-CA-3C">
      <ModulePath>c:\program files\dotnet\shared\Microsoft.AspNetCore.App\5.0.0\Microsoft.AspNetCore.Hosting.dll</ModulePath>
      <ModuleTime>2020-10-27T02:01:44Z</ModuleTime>
      <ModuleName>Microsoft.AspNetCore.Hosting</ModuleName>
      <Classes />
    </Module>
    <Module skippedDueTo="MissingPdb" hash="89-F6-3C-0E-D2-46-A0-BC-73-46-9F-48-7A-9E-81-F0-CD-21-55-E9">
      <ModulePath>c:\program files\dotnet\shared\Microsoft.AspNetCore.App\5.0.0\Microsoft.AspNetCore.Hosting.Server.Abstractions.dll</ModulePath>
      <ModuleTime>2020-10-27T02:01:44Z</ModuleTime>
      <ModuleName>Microsoft.AspNetCore.Hosting.Server.Abstractions</ModuleName>
      <Classes />
    </Module>
    <Module skippedDueTo="MissingPdb" hash="30-7D-F6-94-5C-6A-55-B9-C8-88-E5-4A-CE-93-E6-64-32-45-DD-7F">
      <ModulePath>c:\program files\dotnet\shared\Microsoft.AspNetCore.App\5.0.0\Microsoft.AspNetCore.Http.Connections.Common.dll</ModulePath>
      <ModuleTime>2020-10-27T02:01:46Z</ModuleTime>
      <ModuleName>Microsoft.AspNetCore.Http.Connections.Common</ModuleName>
      <Classes />
    </Module>
    <Module skippedDueTo="MissingPdb" hash="A6-14-22-36-EB-D6-D8-CB-31-FD-31-21-CB-01-C1-4A-49-92-0E-E4">
      <ModulePath>c:\program files\dotnet\shared\Microsoft.AspNetCore.App\5.0.0\Microsoft.AspNetCore.Http.Connections.dll</ModulePath>
      <ModuleTime>2020-10-27T02:01:46Z</ModuleTime>
      <ModuleName>Microsoft.AspNetCore.Http.Connections</ModuleName>
      <Classes />
    </Module>
    <Module skippedDueTo="Filter" hash="1E-86-06-C5-A4-64-99-A7-17-B5-AB-E3-C2-A4-77-9D-25-20-C4-CA">
      <ModulePath>c:\program files\dotnet\shared\Microsoft.NETCore.App\5.0.0\System.Net.WebSockets.dll</ModulePath>
      <ModuleTime>2020-10-19T22:15:10Z</ModuleTime>
      <ModuleName>System.Net.WebSockets</ModuleName>
      <Classes />
    </Module>
    <Module skippedDueTo="MissingPdb" hash="4A-CF-BB-CE-BC-E8-94-0E-5B-42-E5-DC-24-48-94-B7-A8-44-F3-91">
      <ModulePath>c:\program files\dotnet\shared\Microsoft.AspNetCore.App\5.0.0\Microsoft.AspNetCore.Http.dll</ModulePath>
      <ModuleTime>2020-10-27T02:01:46Z</ModuleTime>
      <ModuleName>Microsoft.AspNetCore.Http</ModuleName>
      <Classes />
    </Module>
    <Module skippedDueTo="MissingPdb" hash="35-59-2A-E8-1B-D2-E4-4D-A8-22-A0-52-EE-B6-6B-1C-BD-26-FD-1B">
      <ModulePath>c:\program files\dotnet\shared\Microsoft.AspNetCore.App\5.0.0\Microsoft.AspNetCore.WebUtilities.dll</ModulePath>
      <ModuleTime>2020-10-27T02:01:58Z</ModuleTime>
      <ModuleName>Microsoft.AspNetCore.WebUtilities</ModuleName>
      <Classes />
    </Module>
    <Module skippedDueTo="MissingPdb" hash="78-66-8E-2C-A4-C9-7B-86-EA-82-19-C7-0C-FC-7B-4A-4C-52-F0-D4">
      <ModulePath>c:\program files\dotnet\shared\Microsoft.AspNetCore.App\5.0.0\Microsoft.AspNetCore.Http.Extensions.dll</ModulePath>
      <ModuleTime>2020-10-27T02:01:46Z</ModuleTime>
      <ModuleName>Microsoft.AspNetCore.Http.Extensions</ModuleName>
      <Classes />
    </Module>
    <Module skippedDueTo="MissingPdb" hash="5F-CB-A5-48-FC-9D-83-FE-64-C6-40-49-5B-AD-DD-9A-94-D3-B6-A3">
      <ModulePath>c:\program files\dotnet\shared\Microsoft.AspNetCore.App\5.0.0\Microsoft.AspNetCore.HttpOverrides.dll</ModulePath>
      <ModuleTime>2020-10-27T02:01:46Z</ModuleTime>
      <ModuleName>Microsoft.AspNetCore.HttpOverrides</ModuleName>
      <Classes />
    </Module>
    <Module skippedDueTo="MissingPdb" hash="F7-B1-C7-C7-A0-65-CE-9E-80-69-34-19-71-B2-9A-05-DF-3A-D8-28">
      <ModulePath>c:\program files\dotnet\shared\Microsoft.AspNetCore.App\5.0.0\Microsoft.AspNetCore.HttpsPolicy.dll</ModulePath>
      <ModuleTime>2020-10-27T02:01:46Z</ModuleTime>
      <ModuleName>Microsoft.AspNetCore.HttpsPolicy</ModuleName>
      <Classes />
    </Module>
    <Module skippedDueTo="MissingPdb" hash="CE-F8-84-1C-40-3F-C1-B7-38-80-26-8F-87-83-FF-3F-FB-40-D5-B1">
      <ModulePath>c:\program files\dotnet\shared\Microsoft.AspNetCore.App\5.0.0\Microsoft.AspNetCore.Identity.dll</ModulePath>
      <ModuleTime>2020-10-27T02:01:46Z</ModuleTime>
      <ModuleName>Microsoft.AspNetCore.Identity</ModuleName>
      <Classes />
    </Module>
    <Module skippedDueTo="MissingPdb" hash="E3-7C-E3-18-4A-08-04-81-87-88-E8-13-94-A4-E2-B2-46-E9-1D-DC">
      <ModulePath>c:\program files\dotnet\shared\Microsoft.AspNetCore.App\5.0.0\Microsoft.Extensions.Identity.Core.dll</ModulePath>
      <ModuleTime>2020-10-27T02:01:58Z</ModuleTime>
      <ModuleName>Microsoft.Extensions.Identity.Core</ModuleName>
      <Classes />
    </Module>
    <Module skippedDueTo="MissingPdb" hash="96-65-CC-13-50-9D-B6-A5-04-F5-8E-75-B1-D6-DA-51-3A-33-81-95">
      <ModulePath>c:\program files\dotnet\shared\Microsoft.AspNetCore.App\5.0.0\Microsoft.AspNetCore.Localization.dll</ModulePath>
      <ModuleTime>2020-10-27T02:01:46Z</ModuleTime>
      <ModuleName>Microsoft.AspNetCore.Localization</ModuleName>
      <Classes />
    </Module>
    <Module skippedDueTo="MissingPdb" hash="DE-05-2D-FC-EE-B2-23-FE-02-90-8D-BB-14-E7-FD-52-08-4D-86-85">
      <ModulePath>c:\program files\dotnet\shared\Microsoft.AspNetCore.App\5.0.0\Microsoft.AspNetCore.Localization.Routing.dll</ModulePath>
      <ModuleTime>2020-10-27T02:01:46Z</ModuleTime>
      <ModuleName>Microsoft.AspNetCore.Localization.Routing</ModuleName>
      <Classes />
    </Module>
    <Module skippedDueTo="MissingPdb" hash="BF-3D-A6-EF-FC-F2-90-4A-D4-4B-A2-97-02-2E-19-04-87-CD-AA-AC">
      <ModulePath>c:\program files\dotnet\shared\Microsoft.AspNetCore.App\5.0.0\Microsoft.AspNetCore.Mvc.ApiExplorer.dll</ModulePath>
      <ModuleTime>2020-10-27T02:01:48Z</ModuleTime>
      <ModuleName>Microsoft.AspNetCore.Mvc.ApiExplorer</ModuleName>
      <Classes />
    </Module>
    <Module skippedDueTo="MissingPdb" hash="E8-14-DB-EE-37-67-D7-BB-B6-19-0F-31-EF-C0-C8-44-61-B1-67-79">
      <ModulePath>c:\program files\dotnet\shared\Microsoft.AspNetCore.App\5.0.0\Microsoft.AspNetCore.Routing.dll</ModulePath>
      <ModuleTime>2020-10-27T02:01:54Z</ModuleTime>
      <ModuleName>Microsoft.AspNetCore.Routing</ModuleName>
      <Classes />
    </Module>
    <Module skippedDueTo="MissingPdb" hash="79-CF-6F-0F-58-47-9A-83-FA-51-08-E6-06-0A-A0-AC-85-0F-CC-4A">
      <ModulePath>c:\program files\dotnet\shared\Microsoft.AspNetCore.App\5.0.0\Microsoft.AspNetCore.Routing.Abstractions.dll</ModulePath>
      <ModuleTime>2020-10-27T02:01:52Z</ModuleTime>
      <ModuleName>Microsoft.AspNetCore.Routing.Abstractions</ModuleName>
      <Classes />
    </Module>
    <Module skippedDueTo="MissingPdb" hash="52-15-5B-09-42-FE-EA-48-B4-8A-D0-D8-4E-C3-EB-D5-04-A9-A8-DA">
      <ModulePath>c:\program files\dotnet\shared\Microsoft.AspNetCore.App\5.0.0\Microsoft.AspNetCore.Mvc.Cors.dll</ModulePath>
      <ModuleTime>2020-10-27T02:01:48Z</ModuleTime>
      <ModuleName>Microsoft.AspNetCore.Mvc.Cors</ModuleName>
      <Classes />
    </Module>
    <Module skippedDueTo="MissingPdb" hash="D9-05-A9-60-53-68-D8-15-E8-84-90-B8-6F-B9-A4-6D-68-15-4C-6B">
      <ModulePath>c:\program files\dotnet\shared\Microsoft.AspNetCore.App\5.0.0\Microsoft.AspNetCore.Mvc.DataAnnotations.dll</ModulePath>
      <ModuleTime>2020-10-27T02:01:50Z</ModuleTime>
      <ModuleName>Microsoft.AspNetCore.Mvc.DataAnnotations</ModuleName>
      <Classes />
    </Module>
    <Module skippedDueTo="MissingPdb" hash="83-3D-70-E8-8C-ED-E8-96-EF-7B-C0-87-DB-EB-00-BA-51-43-48-F1">
      <ModulePath>c:\program files\dotnet\shared\Microsoft.AspNetCore.App\5.0.0\Microsoft.AspNetCore.Mvc.dll</ModulePath>
      <ModuleTime>2020-10-27T02:01:50Z</ModuleTime>
      <ModuleName>Microsoft.AspNetCore.Mvc</ModuleName>
      <Classes />
    </Module>
    <Module skippedDueTo="MissingPdb" hash="F6-5A-89-22-CC-62-E4-73-D1-4E-FC-73-97-20-3A-58-06-D5-22-2F">
      <ModulePath>c:\program files\dotnet\shared\Microsoft.AspNetCore.App\5.0.0\Microsoft.AspNetCore.Mvc.Formatters.Json.dll</ModulePath>
      <ModuleTime>2020-10-27T02:01:50Z</ModuleTime>
      <ModuleName>Microsoft.AspNetCore.Mvc.Formatters.Json</ModuleName>
      <Classes />
    </Module>
    <Module skippedDueTo="MissingPdb" hash="AD-26-CE-06-B3-38-EA-17-78-41-6B-D1-34-6E-E0-47-6F-DE-40-56">
      <ModulePath>c:\program files\dotnet\shared\Microsoft.AspNetCore.App\5.0.0\Microsoft.AspNetCore.Mvc.Formatters.Xml.dll</ModulePath>
      <ModuleTime>2020-10-27T02:01:50Z</ModuleTime>
      <ModuleName>Microsoft.AspNetCore.Mvc.Formatters.Xml</ModuleName>
      <Classes />
    </Module>
    <Module skippedDueTo="MissingPdb" hash="DC-CF-F2-0C-3B-55-5B-D0-05-72-2F-5C-E7-0F-3F-FB-CB-3A-D5-EE">
      <ModulePath>c:\program files\dotnet\shared\Microsoft.AspNetCore.App\5.0.0\Microsoft.AspNetCore.Mvc.Localization.dll</ModulePath>
      <ModuleTime>2020-10-27T02:01:50Z</ModuleTime>
      <ModuleName>Microsoft.AspNetCore.Mvc.Localization</ModuleName>
      <Classes />
    </Module>
    <Module skippedDueTo="Filter" hash="95-FB-5C-9B-D9-9B-2A-C9-C2-D9-74-51-02-35-B1-4A-C3-6B-E3-57">
      <ModulePath>c:\program files\dotnet\shared\Microsoft.NETCore.App\5.0.0\System.Text.Encodings.Web.dll</ModulePath>
      <ModuleTime>2020-10-19T22:16:22Z</ModuleTime>
      <ModuleName>System.Text.Encodings.Web</ModuleName>
      <Classes />
    </Module>
    <Module skippedDueTo="MissingPdb" hash="41-0A-6A-19-FA-C5-2A-AE-71-30-78-84-A4-D8-EC-DB-32-E8-92-B9">
      <ModulePath>c:\program files\dotnet\shared\Microsoft.AspNetCore.App\5.0.0\Microsoft.AspNetCore.Mvc.Razor.dll</ModulePath>
      <ModuleTime>2020-10-27T02:01:50Z</ModuleTime>
      <ModuleName>Microsoft.AspNetCore.Mvc.Razor</ModuleName>
      <Classes />
    </Module>
    <Module skippedDueTo="MissingPdb" hash="77-23-1E-3F-16-24-E4-FE-2E-29-69-08-88-44-53-7E-F4-A5-97-EA">
      <ModulePath>c:\program files\dotnet\shared\Microsoft.AspNetCore.App\5.0.0\Microsoft.AspNetCore.Razor.dll</ModulePath>
      <ModuleTime>2020-10-27T02:01:52Z</ModuleTime>
      <ModuleName>Microsoft.AspNetCore.Razor</ModuleName>
      <Classes />
    </Module>
    <Module skippedDueTo="MissingPdb" hash="CB-14-C8-93-F6-38-00-CB-2C-40-97-FD-1B-F3-CA-5C-26-66-E9-73">
      <ModulePath>c:\program files\dotnet\shared\Microsoft.AspNetCore.App\5.0.0\Microsoft.AspNetCore.Mvc.RazorPages.dll</ModulePath>
      <ModuleTime>2020-10-27T02:01:50Z</ModuleTime>
      <ModuleName>Microsoft.AspNetCore.Mvc.RazorPages</ModuleName>
      <Classes />
    </Module>
    <Module skippedDueTo="MissingPdb" hash="6C-99-B8-2A-9B-B2-9D-B6-B2-F1-14-9F-CE-02-AE-83-D0-FD-FE-F4">
      <ModulePath>c:\program files\dotnet\shared\Microsoft.AspNetCore.App\5.0.0\Microsoft.AspNetCore.Mvc.TagHelpers.dll</ModulePath>
      <ModuleTime>2020-10-27T02:01:52Z</ModuleTime>
      <ModuleName>Microsoft.AspNetCore.Mvc.TagHelpers</ModuleName>
      <Classes />
    </Module>
    <Module skippedDueTo="Filter" hash="0A-68-41-85-41-0F-16-31-12-6B-0D-E3-99-45-30-A1-DF-50-6E-D9">
      <ModulePath>c:\program files\dotnet\shared\Microsoft.NETCore.App\5.0.0\System.Runtime.Intrinsics.dll</ModulePath>
      <ModuleTime>2020-10-19T22:13:58Z</ModuleTime>
      <ModuleName>System.Runtime.Intrinsics</ModuleName>
      <Classes />
    </Module>
    <Module skippedDueTo="MissingPdb" hash="6C-AE-A8-B6-A7-F1-93-3A-D1-80-C5-19-D2-A1-55-09-96-DE-06-BA">
      <ModulePath>c:\program files\dotnet\shared\Microsoft.AspNetCore.App\5.0.0\Microsoft.AspNetCore.Razor.Runtime.dll</ModulePath>
      <ModuleTime>2020-10-27T02:01:52Z</ModuleTime>
      <ModuleName>Microsoft.AspNetCore.Razor.Runtime</ModuleName>
      <Classes />
    </Module>
    <Module skippedDueTo="MissingPdb" hash="4B-A1-9D-4A-97-53-DF-1F-F0-55-40-AA-36-36-00-10-D9-4A-EF-7A">
      <ModulePath>c:\program files\dotnet\shared\Microsoft.AspNetCore.App\5.0.0\Microsoft.AspNetCore.ResponseCaching.Abstractions.dll</ModulePath>
      <ModuleTime>2020-10-27T02:01:52Z</ModuleTime>
      <ModuleName>Microsoft.AspNetCore.ResponseCaching.Abstractions</ModuleName>
      <Classes />
    </Module>
    <Module skippedDueTo="MissingPdb" hash="C2-A1-AD-3D-26-F2-D7-AF-89-89-82-1A-E0-ED-94-CA-80-01-29-94">
      <ModulePath>c:\program files\dotnet\shared\Microsoft.AspNetCore.App\5.0.0\Microsoft.AspNetCore.ResponseCaching.dll</ModulePath>
      <ModuleTime>2020-10-27T02:01:52Z</ModuleTime>
      <ModuleName>Microsoft.AspNetCore.ResponseCaching</ModuleName>
      <Classes />
    </Module>
    <Module skippedDueTo="MissingPdb" hash="51-F7-65-EC-1E-AD-5D-75-1D-F9-52-30-99-6C-65-6E-8A-5F-F1-AD">
      <ModulePath>c:\program files\dotnet\shared\Microsoft.AspNetCore.App\5.0.0\Microsoft.AspNetCore.ResponseCompression.dll</ModulePath>
      <ModuleTime>2020-10-27T02:01:52Z</ModuleTime>
      <ModuleName>Microsoft.AspNetCore.ResponseCompression</ModuleName>
      <Classes />
    </Module>
    <Module skippedDueTo="MissingPdb" hash="B7-84-15-9D-10-D2-6F-24-E6-EC-86-23-87-4E-B0-83-60-C9-54-6B">
      <ModulePath>c:\program files\dotnet\shared\Microsoft.AspNetCore.App\5.0.0\Microsoft.AspNetCore.Rewrite.dll</ModulePath>
      <ModuleTime>2020-10-27T02:01:52Z</ModuleTime>
      <ModuleName>Microsoft.AspNetCore.Rewrite</ModuleName>
      <Classes />
    </Module>
    <Module skippedDueTo="MissingPdb" hash="A5-83-F8-A9-40-60-BC-5A-D2-97-22-C8-94-53-58-95-DB-7B-F0-8D">
      <ModulePath>c:\program files\dotnet\shared\Microsoft.AspNetCore.App\5.0.0\Microsoft.AspNetCore.Server.HttpSys.dll</ModulePath>
      <ModuleTime>2020-10-27T02:01:54Z</ModuleTime>
      <ModuleName>Microsoft.AspNetCore.Server.HttpSys</ModuleName>
      <Classes />
    </Module>
    <Module skippedDueTo="MissingPdb" hash="D6-67-92-82-2B-5B-EB-BE-5D-35-CA-89-28-58-3B-38-07-4F-DB-9D">
      <ModulePath>c:\program files\dotnet\shared\Microsoft.AspNetCore.App\5.0.0\Microsoft.AspNetCore.Server.IIS.dll</ModulePath>
      <ModuleTime>2020-10-27T02:01:54Z</ModuleTime>
      <ModuleName>Microsoft.AspNetCore.Server.IIS</ModuleName>
      <Classes />
    </Module>
    <Module skippedDueTo="Filter" hash="5C-83-6D-6A-04-12-21-BE-93-5D-60-38-31-20-6F-23-F3-64-1E-DB">
      <ModulePath>c:\program files\dotnet\shared\Microsoft.NETCore.App\5.0.0\System.Net.Security.dll</ModulePath>
      <ModuleTime>2020-10-19T22:15:28Z</ModuleTime>
      <ModuleName>System.Net.Security</ModuleName>
      <Classes />
    </Module>
    <Module skippedDueTo="MissingPdb" hash="4D-24-DD-AE-38-EC-45-0B-1F-0E-A7-7F-2A-ED-BB-4D-1A-81-93-CB">
      <ModulePath>c:\program files\dotnet\shared\Microsoft.AspNetCore.App\5.0.0\Microsoft.AspNetCore.Server.IISIntegration.dll</ModulePath>
      <ModuleTime>2020-10-27T02:01:54Z</ModuleTime>
      <ModuleName>Microsoft.AspNetCore.Server.IISIntegration</ModuleName>
      <Classes />
    </Module>
    <Module skippedDueTo="MissingPdb" hash="E7-2B-7C-81-70-81-0D-0A-37-D0-F6-1C-D4-48-55-8E-B1-D9-2A-8A">
      <ModulePath>c:\program files\dotnet\shared\Microsoft.AspNetCore.App\5.0.0\Microsoft.AspNetCore.Server.Kestrel.Core.dll</ModulePath>
      <ModuleTime>2020-10-27T02:01:56Z</ModuleTime>
      <ModuleName>Microsoft.AspNetCore.Server.Kestrel.Core</ModuleName>
      <Classes />
    </Module>
    <Module skippedDueTo="MissingPdb" hash="FF-41-AC-96-77-A3-CB-2B-C7-63-96-39-CC-3E-3D-18-36-01-3B-88">
      <ModulePath>c:\program files\dotnet\shared\Microsoft.AspNetCore.App\5.0.0\Microsoft.AspNetCore.Server.Kestrel.dll</ModulePath>
      <ModuleTime>2020-10-27T02:01:56Z</ModuleTime>
      <ModuleName>Microsoft.AspNetCore.Server.Kestrel</ModuleName>
      <Classes />
    </Module>
    <Module skippedDueTo="MissingPdb" hash="08-C6-0F-10-47-95-DF-52-B5-C0-11-2B-B6-C4-FB-1B-12-95-18-A3">
      <ModulePath>c:\program files\dotnet\shared\Microsoft.AspNetCore.App\5.0.0\Microsoft.AspNetCore.Server.Kestrel.Transport.Sockets.dll</ModulePath>
      <ModuleTime>2020-10-27T02:01:56Z</ModuleTime>
      <ModuleName>Microsoft.AspNetCore.Server.Kestrel.Transport.Sockets</ModuleName>
      <Classes />
    </Module>
    <Module skippedDueTo="MissingPdb" hash="35-A2-A7-76-C3-65-7A-04-9F-BB-F9-F5-1C-03-EE-4C-58-31-1F-98">
      <ModulePath>c:\program files\dotnet\shared\Microsoft.AspNetCore.App\5.0.0\Microsoft.AspNetCore.Session.dll</ModulePath>
      <ModuleTime>2020-10-27T02:01:56Z</ModuleTime>
      <ModuleName>Microsoft.AspNetCore.Session</ModuleName>
      <Classes />
    </Module>
    <Module skippedDueTo="MissingPdb" hash="C6-73-51-05-8E-07-CE-17-94-EB-7A-C4-27-17-03-D6-A0-18-BE-0B">
      <ModulePath>c:\program files\dotnet\shared\Microsoft.AspNetCore.App\5.0.0\Microsoft.AspNetCore.SignalR.Protocols.Json.dll</ModulePath>
      <ModuleTime>2020-10-27T02:01:58Z</ModuleTime>
      <ModuleName>Microsoft.AspNetCore.SignalR.Protocols.Json</ModuleName>
      <Classes />
    </Module>
    <Module skippedDueTo="MissingPdb" hash="0A-73-EC-4D-96-73-0B-73-00-6E-20-86-AB-20-D8-E7-EC-21-26-1B">
      <ModulePath>c:\program files\dotnet\shared\Microsoft.AspNetCore.App\5.0.0\Microsoft.AspNetCore.WebSockets.dll</ModulePath>
      <ModuleTime>2020-10-27T02:01:58Z</ModuleTime>
      <ModuleName>Microsoft.AspNetCore.WebSockets</ModuleName>
      <Classes />
    </Module>
    <Module skippedDueTo="MissingPdb" hash="7B-BF-83-88-DE-43-13-51-CC-7F-51-0B-F2-CF-DA-5E-67-A9-88-C2">
      <ModulePath>c:\program files\dotnet\shared\Microsoft.AspNetCore.App\5.0.0\Microsoft.Extensions.Configuration.KeyPerFile.dll</ModulePath>
      <ModuleTime>2020-10-27T02:01:58Z</ModuleTime>
      <ModuleName>Microsoft.Extensions.Configuration.KeyPerFile</ModuleName>
      <Classes />
    </Module>
    <Module skippedDueTo="MissingPdb" hash="E7-BB-8E-74-BA-F7-9F-08-48-0E-51-FC-BE-B9-97-6E-AF-9A-D7-E8">
      <ModulePath>c:\program files\dotnet\shared\Microsoft.AspNetCore.App\5.0.0\Microsoft.Extensions.Diagnostics.HealthChecks.dll</ModulePath>
      <ModuleTime>2020-10-27T02:01:58Z</ModuleTime>
      <ModuleName>Microsoft.Extensions.Diagnostics.HealthChecks</ModuleName>
      <Classes />
    </Module>
    <Module skippedDueTo="MissingPdb" hash="F7-CE-45-E0-B1-9E-B3-96-6B-8F-B8-CE-E2-A3-8C-C3-FF-28-1B-52">
      <ModulePath>c:\program files\dotnet\shared\Microsoft.AspNetCore.App\5.0.0\Microsoft.Extensions.FileProviders.Embedded.dll</ModulePath>
      <ModuleTime>2020-10-27T02:01:58Z</ModuleTime>
      <ModuleName>Microsoft.Extensions.FileProviders.Embedded</ModuleName>
      <Classes />
    </Module>
    <Module skippedDueTo="MissingPdb" hash="49-09-7C-84-87-4E-18-1D-65-88-82-F2-55-21-98-37-8C-D6-3C-A8">
      <ModulePath>c:\program files\dotnet\shared\Microsoft.AspNetCore.App\5.0.0\Microsoft.Extensions.Identity.Stores.dll</ModulePath>
      <ModuleTime>2020-10-27T02:01:58Z</ModuleTime>
      <ModuleName>Microsoft.Extensions.Identity.Stores</ModuleName>
      <Classes />
    </Module>
    <Module skippedDueTo="MissingPdb" hash="92-23-23-BD-3F-D9-22-BB-3F-B6-D0-55-7C-43-07-4F-C8-67-00-9C">
      <ModulePath>c:\program files\dotnet\shared\Microsoft.AspNetCore.App\5.0.0\Microsoft.Extensions.Localization.Abstractions.dll</ModulePath>
      <ModuleTime>2020-10-27T02:01:58Z</ModuleTime>
      <ModuleName>Microsoft.Extensions.Localization.Abstractions</ModuleName>
      <Classes />
    </Module>
    <Module skippedDueTo="MissingPdb" hash="67-00-70-67-3C-3E-57-4D-1F-28-ED-3F-60-7D-68-6A-7E-FC-EE-60">
      <ModulePath>c:\program files\dotnet\shared\Microsoft.AspNetCore.App\5.0.0\Microsoft.Extensions.Localization.dll</ModulePath>
      <ModuleTime>2020-10-27T02:01:58Z</ModuleTime>
      <ModuleName>Microsoft.Extensions.Localization</ModuleName>
      <Classes />
    </Module>
    <Module skippedDueTo="MissingPdb" hash="F9-AB-35-F3-39-20-F9-92-82-77-16-7F-6D-DE-87-50-51-7A-57-82">
      <ModulePath>c:\program files\dotnet\shared\Microsoft.AspNetCore.App\5.0.0\Microsoft.Extensions.WebEncoders.dll</ModulePath>
      <ModuleTime>2020-10-27T02:01:58Z</ModuleTime>
      <ModuleName>Microsoft.Extensions.WebEncoders</ModuleName>
      <Classes />
    </Module>
    <Module skippedDueTo="MissingPdb" hash="4D-AC-DD-C9-CF-6D-A5-B1-82-8A-DA-37-EA-36-46-69-4D-38-A0-01">
      <ModulePath>c:\program files\dotnet\shared\Microsoft.AspNetCore.App\5.0.0\Microsoft.Net.Http.Headers.dll</ModulePath>
      <ModuleTime>2020-10-27T02:01:58Z</ModuleTime>
      <ModuleName>Microsoft.Net.Http.Headers</ModuleName>
      <Classes />
    </Module>
    <Module skippedDueTo="MissingPdb" hash="A1-F3-A8-BA-25-46-43-F2-D5-EF-5C-3A-2B-0C-F9-CE-25-31-56-D9">
      <ModulePath>c:\program files\dotnet\shared\Microsoft.NETCore.App\5.0.0\Microsoft.CSharp.dll</ModulePath>
      <ModuleTime>2020-10-19T22:14:22Z</ModuleTime>
      <ModuleName>Microsoft.CSharp</ModuleName>
      <Classes />
    </Module>
    <Module skippedDueTo="MissingPdb" hash="F6-35-D7-8E-07-6C-AD-22-07-1D-BE-90-24-8C-E6-E5-84-8F-B1-15">
      <ModulePath>c:\program files\dotnet\shared\Microsoft.NETCore.App\5.0.0\Microsoft.VisualBasic.Core.dll</ModulePath>
      <ModuleTime>2020-10-19T22:14:22Z</ModuleTime>
      <ModuleName>Microsoft.VisualBasic.Core</ModuleName>
      <Classes />
    </Module>
    <Module skippedDueTo="Filter" hash="50-B7-33-F7-7F-13-AF-7A-09-4B-FE-61-5B-B9-F7-DB-2E-F9-06-B2">
      <ModulePath>c:\program files\dotnet\shared\Microsoft.NETCore.App\5.0.0\Microsoft.VisualBasic.dll</ModulePath>
      <ModuleTime>2020-10-19T22:14:22Z</ModuleTime>
      <ModuleName>Microsoft.VisualBasic</ModuleName>
      <Classes />
    </Module>
    <Module skippedDueTo="MissingPdb" hash="88-0F-01-F6-E3-30-D2-FA-BC-C6-39-76-FD-2D-73-C9-7C-D8-D6-7B">
      <ModulePath>c:\program files\dotnet\shared\Microsoft.NETCore.App\5.0.0\Microsoft.Win32.Registry.dll</ModulePath>
      <ModuleTime>2020-10-19T22:14:58Z</ModuleTime>
      <ModuleName>Microsoft.Win32.Registry</ModuleName>
      <Classes />
    </Module>
    <Module skippedDueTo="Filter" hash="F0-CD-D6-C0-87-46-40-59-37-7C-94-E7-38-49-15-28-5E-A2-F7-83">
      <ModulePath>c:\program files\dotnet\shared\Microsoft.NETCore.App\5.0.0\System.Security.AccessControl.dll</ModulePath>
      <ModuleTime>2020-10-19T22:14:44Z</ModuleTime>
      <ModuleName>System.Security.AccessControl</ModuleName>
      <Classes />
    </Module>
    <Module skippedDueTo="Filter" hash="A8-FD-C3-37-0F-70-7D-8E-82-B4-7E-54-4A-06-6C-FF-F6-8C-78-20">
      <ModulePath>c:\program files\dotnet\shared\Microsoft.NETCore.App\5.0.0\System.Security.Principal.Windows.dll</ModulePath>
      <ModuleTime>2020-10-19T22:15:14Z</ModuleTime>
      <ModuleName>System.Security.Principal.Windows</ModuleName>
      <Classes />
    </Module>
    <Module skippedDueTo="Filter" hash="32-D3-EE-B8-E6-41-51-BD-E2-94-01-ED-DB-E1-5B-A2-AD-62-95-74">
      <ModulePath>c:\program files\dotnet\shared\Microsoft.NETCore.App\5.0.0\System.AppContext.dll</ModulePath>
      <ModuleTime>2020-10-19T22:14:58Z</ModuleTime>
      <ModuleName>System.AppContext</ModuleName>
      <Classes />
    </Module>
    <Module skippedDueTo="Filter" hash="26-F1-BF-4C-C1-D2-67-01-39-2D-66-8D-8D-90-F3-B2-7C-F9-16-79">
      <ModulePath>c:\program files\dotnet\shared\Microsoft.NETCore.App\5.0.0\System.Buffers.dll</ModulePath>
      <ModuleTime>2020-10-19T22:15:24Z</ModuleTime>
      <ModuleName>System.Buffers</ModuleName>
      <Classes />
    </Module>
    <Module skippedDueTo="Filter" hash="08-CD-A1-FF-BD-8D-F8-EA-9D-75-CF-02-E5-0F-50-9A-D5-6C-78-6B">
      <ModulePath>c:\program files\dotnet\shared\Microsoft.NETCore.App\5.0.0\System.ComponentModel.DataAnnotations.dll</ModulePath>
      <ModuleTime>2020-10-19T22:14:22Z</ModuleTime>
      <ModuleName>System.ComponentModel.DataAnnotations</ModuleName>
      <Classes />
    </Module>
    <Module skippedDueTo="Filter" hash="CE-32-1B-E6-31-46-2F-7A-E6-23-EF-96-28-81-A2-35-93-88-E9-3A">
      <ModulePath>c:\program files\dotnet\shared\Microsoft.NETCore.App\5.0.0\System.Configuration.dll</ModulePath>
      <ModuleTime>2020-10-19T22:14:58Z</ModuleTime>
      <ModuleName>System.Configuration</ModuleName>
      <Classes />
    </Module>
    <Module skippedDueTo="Filter" hash="38-63-4E-38-E7-69-8E-02-41-8E-24-FC-E1-9D-21-07-EA-BC-22-BB">
      <ModulePath>c:\program files\dotnet\shared\Microsoft.NETCore.App\5.0.0\System.Data.DataSetExtensions.dll</ModulePath>
      <ModuleTime>2020-10-19T22:14:24Z</ModuleTime>
      <ModuleName>System.Data.DataSetExtensions</ModuleName>
      <Classes />
    </Module>
    <Module skippedDueTo="Filter" hash="A8-DE-13-F2-73-8D-22-EB-4B-EA-AF-72-35-DF-5A-A6-4C-77-97-CC">
      <ModulePath>c:\program files\dotnet\shared\Microsoft.NETCore.App\5.0.0\System.Data.dll</ModulePath>
      <ModuleTime>2020-10-19T22:14:26Z</ModuleTime>
      <ModuleName>System.Data</ModuleName>
      <Classes />
    </Module>
    <Module skippedDueTo="Filter" hash="96-FA-93-7B-D3-DF-F0-D2-B3-68-74-1A-A3-5E-36-1F-16-6D-B6-89">
      <ModulePath>c:\program files\dotnet\shared\Microsoft.NETCore.App\5.0.0\System.Diagnostics.Contracts.dll</ModulePath>
      <ModuleTime>2020-10-19T22:14:24Z</ModuleTime>
      <ModuleName>System.Diagnostics.Contracts</ModuleName>
      <Classes />
    </Module>
    <Module skippedDueTo="Filter" hash="93-E0-3B-C3-E9-FE-E6-6F-B1-94-E0-B7-4B-4B-99-03-69-DB-3A-AD">
      <ModulePath>c:\program files\dotnet\shared\Microsoft.NETCore.App\5.0.0\System.Diagnostics.DiagnosticSource.dll</ModulePath>
      <ModuleTime>2020-10-19T22:14:24Z</ModuleTime>
      <ModuleName>System.Diagnostics.DiagnosticSource</ModuleName>
      <Classes />
    </Module>
    <Module skippedDueTo="Filter" hash="7F-66-7C-F4-50-74-4D-56-81-35-E9-E6-8A-AC-34-1A-C2-00-27-8A">
      <ModulePath>c:\program files\dotnet\shared\Microsoft.NETCore.App\5.0.0\System.Diagnostics.FileVersionInfo.dll</ModulePath>
      <ModuleTime>2020-10-19T22:14:26Z</ModuleTime>
      <ModuleName>System.Diagnostics.FileVersionInfo</ModuleName>
      <Classes />
    </Module>
    <Module skippedDueTo="Filter" hash="CF-9B-36-64-42-AE-98-92-3C-8F-26-44-37-D2-8B-BD-70-76-EB-B3">
      <ModulePath>c:\program files\dotnet\shared\Microsoft.NETCore.App\5.0.0\System.Diagnostics.StackTrace.dll</ModulePath>
      <ModuleTime>2020-10-19T22:14:56Z</ModuleTime>
      <ModuleName>System.Diagnostics.StackTrace</ModuleName>
      <Classes />
    </Module>
    <Module skippedDueTo="Filter" hash="35-38-32-7D-98-84-AC-FF-AF-A8-7F-20-F1-89-6F-5A-2A-32-8F-32">
      <ModulePath>c:\program files\dotnet\shared\Microsoft.NETCore.App\5.0.0\System.Diagnostics.Tools.dll</ModulePath>
      <ModuleTime>2020-10-19T22:14:26Z</ModuleTime>
      <ModuleName>System.Diagnostics.Tools</ModuleName>
      <Classes />
    </Module>
    <Module skippedDueTo="Filter" hash="04-2D-16-A5-FB-79-FE-95-BD-24-5E-E7-BE-0A-9B-83-4E-77-5E-60">
      <ModulePath>c:\program files\dotnet\shared\Microsoft.NETCore.App\5.0.0\System.Drawing.dll</ModulePath>
      <ModuleTime>2020-10-19T22:14:26Z</ModuleTime>
      <ModuleName>System.Drawing</ModuleName>
      <Classes />
    </Module>
    <Module skippedDueTo="Filter" hash="FC-B5-05-60-36-3A-2A-3D-5D-3E-4F-CA-E1-15-93-49-34-D5-22-B4">
      <ModulePath>c:\program files\dotnet\shared\Microsoft.NETCore.App\5.0.0\System.Globalization.Calendars.dll</ModulePath>
      <ModuleTime>2020-10-19T22:16:14Z</ModuleTime>
      <ModuleName>System.Globalization.Calendars</ModuleName>
      <Classes />
    </Module>
    <Module skippedDueTo="Filter" hash="F5-EA-AF-0D-AE-35-EC-D5-8F-84-06-31-2D-9F-44-75-75-2C-41-A2">
      <ModulePath>c:\program files\dotnet\shared\Microsoft.NETCore.App\5.0.0\System.Globalization.Extensions.dll</ModulePath>
      <ModuleTime>2020-10-19T22:14:28Z</ModuleTime>
      <ModuleName>System.Globalization.Extensions</ModuleName>
      <Classes />
    </Module>
    <Module skippedDueTo="Filter" hash="DD-03-8F-93-64-72-9C-D1-4A-EF-6A-35-CF-E2-0A-96-9F-71-0A-E8">
      <ModulePath>c:\program files\dotnet\shared\Microsoft.NETCore.App\5.0.0\System.Globalization.dll</ModulePath>
      <ModuleTime>2020-10-19T22:13:58Z</ModuleTime>
      <ModuleName>System.Globalization</ModuleName>
      <Classes />
    </Module>
    <Module skippedDueTo="Filter" hash="CF-8D-DC-9C-33-52-48-A3-F9-30-D5-CB-38-24-DC-90-0F-DD-4B-02">
      <ModulePath>c:\program files\dotnet\shared\Microsoft.NETCore.App\5.0.0\System.IO.Compression.Brotli.dll</ModulePath>
      <ModuleTime>2020-10-19T22:15:52Z</ModuleTime>
      <ModuleName>System.IO.Compression.Brotli</ModuleName>
      <Classes />
    </Module>
    <Module skippedDueTo="Filter" hash="E5-3D-AE-FD-7D-39-5B-71-1B-53-E0-8F-9B-13-C3-45-04-30-ED-C1">
      <ModulePath>c:\program files\dotnet\shared\Microsoft.NETCore.App\5.0.0\System.IO.Compression.FileSystem.dll</ModulePath>
      <ModuleTime>2020-10-19T22:15:52Z</ModuleTime>
      <ModuleName>System.IO.Compression.FileSystem</ModuleName>
      <Classes />
    </Module>
    <Module skippedDueTo="Filter" hash="C0-B7-52-2F-19-1E-EB-2A-F5-B3-6C-AF-7F-B4-6C-61-74-C7-19-EA">
      <ModulePath>c:\program files\dotnet\shared\Microsoft.NETCore.App\5.0.0\System.IO.Compression.ZipFile.dll</ModulePath>
      <ModuleTime>2020-10-19T22:14:28Z</ModuleTime>
      <ModuleName>System.IO.Compression.ZipFile</ModuleName>
      <Classes />
    </Module>
    <Module skippedDueTo="Filter" hash="97-DE-4B-10-8C-D1-1D-6A-6D-03-AD-52-70-53-EB-9C-8A-73-7F-C3">
      <ModulePath>c:\program files\dotnet\shared\Microsoft.NETCore.App\5.0.0\System.IO.FileSystem.AccessControl.dll</ModulePath>
      <ModuleTime>2020-10-19T22:15:00Z</ModuleTime>
      <ModuleName>System.IO.FileSystem.AccessControl</ModuleName>
      <Classes />
    </Module>
    <Module skippedDueTo="Filter" hash="46-06-C1-EF-E5-8E-08-D2-14-3E-81-60-39-49-71-9B-AD-B6-4F-62">
      <ModulePath>c:\program files\dotnet\shared\Microsoft.NETCore.App\5.0.0\System.IO.FileSystem.DriveInfo.dll</ModulePath>
      <ModuleTime>2020-10-19T22:14:28Z</ModuleTime>
      <ModuleName>System.IO.FileSystem.DriveInfo</ModuleName>
      <Classes />
    </Module>
    <Module skippedDueTo="Filter" hash="57-C0-5B-BC-F2-2A-78-47-A7-5F-AE-58-9E-9D-61-76-D0-25-7F-2C">
      <ModulePath>c:\program files\dotnet\shared\Microsoft.NETCore.App\5.0.0\System.IO.FileSystem.Primitives.dll</ModulePath>
      <ModuleTime>2020-10-19T22:15:50Z</ModuleTime>
      <ModuleName>System.IO.FileSystem.Primitives</ModuleName>
      <Classes />
    </Module>
    <Module skippedDueTo="Filter" hash="31-B3-C1-AD-C2-62-EB-CC-31-90-9B-AF-11-03-09-82-65-13-24-C7">
      <ModulePath>c:\program files\dotnet\shared\Microsoft.NETCore.App\5.0.0\System.IO.IsolatedStorage.dll</ModulePath>
      <ModuleTime>2020-10-19T22:14:30Z</ModuleTime>
      <ModuleName>System.IO.IsolatedStorage</ModuleName>
      <Classes />
    </Module>
    <Module skippedDueTo="Filter" hash="E8-D2-56-C0-81-3A-99-A1-61-3B-42-D0-A6-C6-75-E2-68-20-56-68">
      <ModulePath>c:\program files\dotnet\shared\Microsoft.NETCore.App\5.0.0\System.IO.MemoryMappedFiles.dll</ModulePath>
      <ModuleTime>2020-10-19T22:14:30Z</ModuleTime>
      <ModuleName>System.IO.MemoryMappedFiles</ModuleName>
      <Classes />
    </Module>
    <Module skippedDueTo="Filter" hash="46-48-CB-A6-D0-4A-4E-9B-72-F9-03-26-30-72-18-79-9B-55-1C-10">
      <ModulePath>c:\program files\dotnet\shared\Microsoft.NETCore.App\5.0.0\System.IO.Pipes.AccessControl.dll</ModulePath>
      <ModuleTime>2020-10-19T22:14:30Z</ModuleTime>
      <ModuleName>System.IO.Pipes.AccessControl</ModuleName>
      <Classes />
    </Module>
    <Module skippedDueTo="Filter" hash="8F-C9-53-FE-6B-07-51-97-DD-E1-5E-E6-E0-C4-DD-76-11-6F-DB-6A">
      <ModulePath>c:\program files\dotnet\shared\Microsoft.NETCore.App\5.0.0\System.IO.Pipes.dll</ModulePath>
      <ModuleTime>2020-10-19T22:15:24Z</ModuleTime>
      <ModuleName>System.IO.Pipes</ModuleName>
      <Classes />
    </Module>
    <Module skippedDueTo="Filter" hash="C4-FC-2D-42-E8-8F-2F-83-F8-7D-61-59-1B-6F-F7-31-CB-61-C1-6F">
      <ModulePath>c:\program files\dotnet\shared\Microsoft.NETCore.App\5.0.0\System.IO.UnmanagedMemoryStream.dll</ModulePath>
      <ModuleTime>2020-10-19T22:15:26Z</ModuleTime>
      <ModuleName>System.IO.UnmanagedMemoryStream</ModuleName>
      <Classes />
    </Module>
    <Module skippedDueTo="Filter" hash="72-84-70-AA-47-3A-E4-7A-21-18-3C-98-12-BD-2A-8A-2F-FA-16-10">
      <ModulePath>c:\program files\dotnet\shared\Microsoft.NETCore.App\5.0.0\System.Linq.Parallel.dll</ModulePath>
      <ModuleTime>2020-10-19T22:15:24Z</ModuleTime>
      <ModuleName>System.Linq.Parallel</ModuleName>
      <Classes />
    </Module>
    <Module skippedDueTo="Filter" hash="CF-4F-44-54-D5-8B-D1-10-CC-A5-76-C1-A5-69-D6-B6-05-72-70-F8">
      <ModulePath>c:\program files\dotnet\shared\Microsoft.NETCore.App\5.0.0\System.Linq.Queryable.dll</ModulePath>
      <ModuleTime>2020-10-19T22:15:26Z</ModuleTime>
      <ModuleName>System.Linq.Queryable</ModuleName>
      <Classes />
    </Module>
    <Module skippedDueTo="Filter" hash="63-E6-1E-10-D6-D6-BC-CB-C0-A5-2E-D8-27-DF-48-D1-4C-98-0F-E2">
      <ModulePath>c:\program files\dotnet\shared\Microsoft.NETCore.App\5.0.0\System.Net.Http.Json.dll</ModulePath>
      <ModuleTime>2020-10-19T22:14:32Z</ModuleTime>
      <ModuleName>System.Net.Http.Json</ModuleName>
      <Classes />
    </Module>
    <Module skippedDueTo="Filter" hash="E1-2F-BC-C4-75-5A-DB-16-85-BF-DC-40-DA-D7-FD-8E-36-C9-94-31">
      <ModulePath>c:\program files\dotnet\shared\Microsoft.NETCore.App\5.0.0\System.Net.HttpListener.dll</ModulePath>
      <ModuleTime>2020-10-19T22:14:34Z</ModuleTime>
      <ModuleName>System.Net.HttpListener</ModuleName>
      <Classes />
    </Module>
    <Module skippedDueTo="Filter" hash="F0-08-34-6C-13-88-33-87-CA-2A-18-DF-7F-8C-B3-36-72-61-C1-23">
      <ModulePath>c:\program files\dotnet\shared\Microsoft.NETCore.App\5.0.0\System.Net.Ping.dll</ModulePath>
      <ModuleTime>2020-10-19T22:15:00Z</ModuleTime>
      <ModuleName>System.Net.Ping</ModuleName>
      <Classes />
    </Module>
    <Module skippedDueTo="Filter" hash="7D-56-E9-4B-13-BC-D9-2A-37-19-77-32-99-77-37-DC-59-75-BA-96">
      <ModulePath>c:\program files\dotnet\shared\Microsoft.NETCore.App\5.0.0\System.Net.ServicePoint.dll</ModulePath>
      <ModuleTime>2020-10-19T22:14:34Z</ModuleTime>
      <ModuleName>System.Net.ServicePoint</ModuleName>
      <Classes />
    </Module>
    <Module skippedDueTo="Filter" hash="C3-D7-45-C4-CE-D8-71-4B-AF-E0-23-DB-43-19-AD-69-49-BD-10-B1">
      <ModulePath>c:\program files\dotnet\shared\Microsoft.NETCore.App\5.0.0\System.Net.WebClient.dll</ModulePath>
      <ModuleTime>2020-10-19T22:14:38Z</ModuleTime>
      <ModuleName>System.Net.WebClient</ModuleName>
      <Classes />
    </Module>
    <Module skippedDueTo="Filter" hash="9C-5F-67-00-38-61-37-D9-31-BA-DA-14-A9-2F-73-4D-39-90-86-F5">
      <ModulePath>c:\program files\dotnet\shared\Microsoft.NETCore.App\5.0.0\System.Net.WebHeaderCollection.dll</ModulePath>
      <ModuleTime>2020-10-19T22:15:08Z</ModuleTime>
      <ModuleName>System.Net.WebHeaderCollection</ModuleName>
      <Classes />
    </Module>
    <Module skippedDueTo="Filter" hash="10-8C-91-D4-A8-66-D1-94-C8-8F-86-E7-BF-A2-EF-A8-96-00-79-64">
      <ModulePath>c:\program files\dotnet\shared\Microsoft.NETCore.App\5.0.0\System.Net.WebProxy.dll</ModulePath>
      <ModuleTime>2020-10-19T22:15:10Z</ModuleTime>
      <ModuleName>System.Net.WebProxy</ModuleName>
      <Classes />
    </Module>
    <Module skippedDueTo="Filter" hash="01-07-A1-FE-BF-63-4F-4C-C7-33-72-00-D2-0B-64-3B-DD-2F-59-F5">
      <ModulePath>c:\program files\dotnet\shared\Microsoft.NETCore.App\5.0.0\System.Net.WebSockets.Client.dll</ModulePath>
      <ModuleTime>2020-10-19T22:14:38Z</ModuleTime>
      <ModuleName>System.Net.WebSockets.Client</ModuleName>
      <Classes />
    </Module>
    <Module skippedDueTo="Filter" hash="CB-E4-62-EE-5B-2B-DB-41-45-AB-D3-B0-43-74-65-63-DA-96-26-F5">
      <ModulePath>c:\program files\dotnet\shared\Microsoft.NETCore.App\5.0.0\System.Net.dll</ModulePath>
      <ModuleTime>2020-10-19T22:14:32Z</ModuleTime>
      <ModuleName>System.Net</ModuleName>
      <Classes />
    </Module>
    <Module skippedDueTo="Filter" hash="82-F4-1C-73-E8-8E-AC-69-65-8A-03-E8-E5-E1-2C-AB-69-3B-14-4C">
      <ModulePath>c:\program files\dotnet\shared\Microsoft.NETCore.App\5.0.0\System.Numerics.Vectors.dll</ModulePath>
      <ModuleTime>2020-10-19T22:14:38Z</ModuleTime>
      <ModuleName>System.Numerics.Vectors</ModuleName>
      <Classes />
    </Module>
    <Module skippedDueTo="Filter" hash="3B-F2-28-12-82-63-16-BC-43-78-F7-18-C8-09-A7-80-55-8E-15-1E">
      <ModulePath>c:\program files\dotnet\shared\Microsoft.NETCore.App\5.0.0\System.Numerics.dll</ModulePath>
      <ModuleTime>2020-10-19T22:15:38Z</ModuleTime>
      <ModuleName>System.Numerics</ModuleName>
      <Classes />
    </Module>
    <Module skippedDueTo="Filter" hash="7E-5F-6E-50-94-F2-47-5F-B2-19-56-8B-03-55-E5-28-B6-F0-09-6E">
      <ModulePath>c:\program files\dotnet\shared\Microsoft.NETCore.App\5.0.0\System.Reflection.DispatchProxy.dll</ModulePath>
      <ModuleTime>2020-10-19T22:14:38Z</ModuleTime>
      <ModuleName>System.Reflection.DispatchProxy</ModuleName>
      <Classes />
    </Module>
    <Module skippedDueTo="Filter" hash="19-75-35-34-88-E7-D5-F8-01-3F-88-96-7C-89-3F-45-DB-72-D4-7D">
      <ModulePath>c:\program files\dotnet\shared\Microsoft.NETCore.App\5.0.0\System.Reflection.Emit.dll</ModulePath>
      <ModuleTime>2020-10-19T22:14:40Z</ModuleTime>
      <ModuleName>System.Reflection.Emit</ModuleName>
      <Classes />
    </Module>
    <Module skippedDueTo="Filter" hash="19-E9-57-CB-9B-15-F5-F9-59-B5-7B-BD-BA-07-83-B2-AB-AC-46-9B">
      <ModulePath>c:\program files\dotnet\shared\Microsoft.NETCore.App\5.0.0\System.Reflection.TypeExtensions.dll</ModulePath>
      <ModuleTime>2020-10-19T22:16:00Z</ModuleTime>
      <ModuleName>System.Reflection.TypeExtensions</ModuleName>
      <Classes />
    </Module>
    <Module skippedDueTo="Filter" hash="2D-32-E3-EF-4A-A6-11-BC-83-A8-25-39-07-9E-40-C3-EA-55-87-9A">
      <ModulePath>c:\program files\dotnet\shared\Microsoft.NETCore.App\5.0.0\System.Resources.Reader.dll</ModulePath>
      <ModuleTime>2020-10-19T22:15:10Z</ModuleTime>
      <ModuleName>System.Resources.Reader</ModuleName>
      <Classes />
    </Module>
    <Module skippedDueTo="Filter" hash="E6-91-D6-DF-B4-48-7B-00-38-A8-60-9F-A2-B6-72-6E-63-BA-2C-FA">
      <ModulePath>c:\program files\dotnet\shared\Microsoft.NETCore.App\5.0.0\System.Resources.ResourceManager.dll</ModulePath>
      <ModuleTime>2020-10-19T22:14:38Z</ModuleTime>
      <ModuleName>System.Resources.ResourceManager</ModuleName>
      <Classes />
    </Module>
    <Module skippedDueTo="Filter" hash="EE-40-9F-8B-0D-64-E1-CE-4C-05-AE-2C-B1-A3-B0-24-99-77-0F-8A">
      <ModulePath>c:\program files\dotnet\shared\Microsoft.NETCore.App\5.0.0\System.Resources.Writer.dll</ModulePath>
      <ModuleTime>2020-10-19T22:14:40Z</ModuleTime>
      <ModuleName>System.Resources.Writer</ModuleName>
      <Classes />
    </Module>
    <Module skippedDueTo="Filter" hash="BF-EF-37-A7-B4-D7-5C-5C-1D-E1-92-D8-0D-8F-34-EF-BD-3B-53-0A">
      <ModulePath>c:\program files\dotnet\shared\Microsoft.NETCore.App\5.0.0\System.Runtime.CompilerServices.Unsafe.dll</ModulePath>
      <ModuleTime>2020-10-19T22:15:08Z</ModuleTime>
      <ModuleName>System.Runtime.CompilerServices.Unsafe</ModuleName>
      <Classes />
    </Module>
    <Module skippedDueTo="Filter" hash="70-C8-E7-97-0E-A3-DD-4B-5C-3C-28-AB-0F-D2-51-DD-4C-AC-41-60">
      <ModulePath>c:\program files\dotnet\shared\Microsoft.NETCore.App\5.0.0\System.Runtime.CompilerServices.VisualC.dll</ModulePath>
      <ModuleTime>2020-10-19T22:14:40Z</ModuleTime>
      <ModuleName>System.Runtime.CompilerServices.VisualC</ModuleName>
      <Classes />
    </Module>
    <Module skippedDueTo="Filter" hash="7F-33-15-DA-D5-E3-62-D2-FD-95-5D-C7-22-36-E2-65-D9-3E-96-D1">
      <ModulePath>c:\program files\dotnet\shared\Microsoft.NETCore.App\5.0.0\System.Runtime.Handles.dll</ModulePath>
      <ModuleTime>2020-10-19T22:16:00Z</ModuleTime>
      <ModuleName>System.Runtime.Handles</ModuleName>
      <Classes />
    </Module>
    <Module skippedDueTo="Filter" hash="7F-42-E4-7E-00-14-1A-E5-58-AC-1B-E2-F5-80-48-51-97-1D-B6-64">
      <ModulePath>c:\program files\dotnet\shared\Microsoft.NETCore.App\5.0.0\System.Security.Cryptography.Cng.dll</ModulePath>
      <ModuleTime>2020-10-19T22:16:00Z</ModuleTime>
      <ModuleName>System.Security.Cryptography.Cng</ModuleName>
      <Classes />
    </Module>
    <Module skippedDueTo="Filter" hash="CC-9F-F9-7B-2A-F0-2F-8C-F3-8E-2C-F3-FB-33-9A-99-0E-FB-82-EE">
      <ModulePath>c:\program files\dotnet\shared\Microsoft.NETCore.App\5.0.0\System.Security.Cryptography.Csp.dll</ModulePath>
      <ModuleTime>2020-10-19T22:15:12Z</ModuleTime>
      <ModuleName>System.Security.Cryptography.Csp</ModuleName>
      <Classes />
    </Module>
    <Module skippedDueTo="Filter" hash="C8-A8-C2-11-BF-60-C2-D6-E0-42-06-F7-5C-74-C2-22-CB-51-8E-11">
      <ModulePath>c:\program files\dotnet\shared\Microsoft.NETCore.App\5.0.0\System.Security.Cryptography.OpenSsl.dll</ModulePath>
      <ModuleTime>2020-10-19T22:14:44Z</ModuleTime>
      <ModuleName>System.Security.Cryptography.OpenSsl</ModuleName>
      <Classes />
    </Module>
    <Module skippedDueTo="Filter" hash="3C-C7-F9-C3-12-1B-E1-A6-02-81-E9-14-78-FA-40-9D-B7-4D-27-E0">
      <ModulePath>c:\program files\dotnet\shared\Microsoft.NETCore.App\5.0.0\System.Security.Principal.dll</ModulePath>
      <ModuleTime>2020-10-19T22:15:10Z</ModuleTime>
      <ModuleName>System.Security.Principal</ModuleName>
      <Classes />
    </Module>
    <Module skippedDueTo="Filter" hash="FF-7C-CA-A2-CD-47-D4-6A-1D-18-90-6F-C4-A8-F3-20-60-EC-CD-96">
      <ModulePath>c:\program files\dotnet\shared\Microsoft.NETCore.App\5.0.0\System.Security.SecureString.dll</ModulePath>
      <ModuleTime>2020-10-19T22:14:46Z</ModuleTime>
      <ModuleName>System.Security.SecureString</ModuleName>
      <Classes />
    </Module>
    <Module skippedDueTo="Filter" hash="CE-4E-D2-C9-C4-8F-6C-3F-FC-8E-3C-0E-2C-21-13-27-59-3B-4F-BA">
      <ModulePath>c:\program files\dotnet\shared\Microsoft.NETCore.App\5.0.0\System.Security.dll</ModulePath>
      <ModuleTime>2020-10-19T22:14:46Z</ModuleTime>
      <ModuleName>System.Security</ModuleName>
      <Classes />
    </Module>
    <Module skippedDueTo="Filter" hash="08-F8-8E-D5-9B-04-91-BE-09-79-76-47-5C-B4-18-C6-0F-D8-D6-FF">
      <ModulePath>c:\program files\dotnet\shared\Microsoft.NETCore.App\5.0.0\System.ServiceModel.Web.dll</ModulePath>
      <ModuleTime>2020-10-19T22:15:36Z</ModuleTime>
      <ModuleName>System.ServiceModel.Web</ModuleName>
      <Classes />
    </Module>
    <Module skippedDueTo="Filter" hash="C2-CF-77-8E-4F-F8-05-BC-B1-25-0C-05-CF-EF-0D-CD-B5-C2-11-FA">
      <ModulePath>c:\program files\dotnet\shared\Microsoft.NETCore.App\5.0.0\System.ServiceProcess.dll</ModulePath>
      <ModuleTime>2020-10-19T22:15:12Z</ModuleTime>
      <ModuleName>System.ServiceProcess</ModuleName>
      <Classes />
    </Module>
    <Module skippedDueTo="Filter" hash="B2-AB-E3-89-06-42-27-62-AF-0E-D1-C3-A5-E2-53-A2-82-16-0F-AB">
      <ModulePath>c:\program files\dotnet\shared\Microsoft.NETCore.App\5.0.0\System.Text.Encoding.CodePages.dll</ModulePath>
      <ModuleTime>2020-10-19T22:15:12Z</ModuleTime>
      <ModuleName>System.Text.Encoding.CodePages</ModuleName>
      <Classes />
    </Module>
    <Module skippedDueTo="Filter" hash="19-DA-6C-6C-01-5D-DD-90-34-95-A3-EA-21-C7-E4-A8-61-F2-02-E4">
      <ModulePath>c:\program files\dotnet\shared\Microsoft.NETCore.App\5.0.0\System.Text.Encoding.dll</ModulePath>
      <ModuleTime>2020-10-19T22:14:46Z</ModuleTime>
      <ModuleName>System.Text.Encoding</ModuleName>
      <Classes />
    </Module>
    <Module skippedDueTo="Filter" hash="D0-B5-4F-C5-1D-7A-5A-8D-4C-0D-C1-E5-8B-70-07-84-66-41-3A-17">
      <ModulePath>c:\program files\dotnet\shared\Microsoft.NETCore.App\5.0.0\System.Threading.Channels.dll</ModulePath>
      <ModuleTime>2020-10-19T22:15:12Z</ModuleTime>
      <ModuleName>System.Threading.Channels</ModuleName>
      <Classes />
    </Module>
    <Module skippedDueTo="Filter" hash="31-11-DC-7F-66-1D-38-1E-18-BC-30-FE-B0-88-E8-07-77-79-9F-34">
      <ModulePath>c:\program files\dotnet\shared\Microsoft.NETCore.App\5.0.0\System.Threading.Tasks.Dataflow.dll</ModulePath>
      <ModuleTime>2020-10-19T22:15:14Z</ModuleTime>
      <ModuleName>System.Threading.Tasks.Dataflow</ModuleName>
      <Classes />
    </Module>
    <Module skippedDueTo="Filter" hash="A6-F3-61-43-8D-A2-D3-FB-40-F3-D6-48-1C-3F-E5-A8-76-C9-E2-81">
      <ModulePath>c:\program files\dotnet\shared\Microsoft.NETCore.App\5.0.0\System.Threading.Tasks.Extensions.dll</ModulePath>
      <ModuleTime>2020-10-19T22:15:38Z</ModuleTime>
      <ModuleName>System.Threading.Tasks.Extensions</ModuleName>
      <Classes />
    </Module>
    <Module skippedDueTo="Filter" hash="2F-6B-D8-A5-2F-02-92-F5-50-A8-39-39-1F-DA-82-4F-9E-78-85-4C">
      <ModulePath>c:\program files\dotnet\shared\Microsoft.NETCore.App\5.0.0\System.Threading.Tasks.Parallel.dll</ModulePath>
      <ModuleTime>2020-10-19T22:16:00Z</ModuleTime>
      <ModuleName>System.Threading.Tasks.Parallel</ModuleName>
      <Classes />
    </Module>
    <Module skippedDueTo="Filter" hash="E0-93-91-F6-AE-0D-AE-6C-BE-E2-B8-98-6E-48-16-1B-EE-DD-32-7F">
      <ModulePath>c:\program files\dotnet\shared\Microsoft.NETCore.App\5.0.0\System.Threading.Timer.dll</ModulePath>
      <ModuleTime>2020-10-19T22:14:48Z</ModuleTime>
      <ModuleName>System.Threading.Timer</ModuleName>
      <Classes />
    </Module>
    <Module skippedDueTo="Filter" hash="94-6E-6F-D4-C2-DF-06-30-F3-36-8F-9D-B8-FD-52-91-9D-C8-D5-92">
      <ModulePath>c:\program files\dotnet\shared\Microsoft.NETCore.App\5.0.0\System.Transactions.dll</ModulePath>
      <ModuleTime>2020-10-19T22:15:38Z</ModuleTime>
      <ModuleName>System.Transactions</ModuleName>
      <Classes />
    </Module>
    <Module skippedDueTo="Filter" hash="2B-40-15-09-B6-7C-41-60-57-FD-98-F5-ED-E0-A0-46-1B-B7-70-C3">
      <ModulePath>c:\program files\dotnet\shared\Microsoft.NETCore.App\5.0.0\System.ValueTuple.dll</ModulePath>
      <ModuleTime>2020-10-19T22:15:12Z</ModuleTime>
      <ModuleName>System.ValueTuple</ModuleName>
      <Classes />
    </Module>
    <Module skippedDueTo="Filter" hash="0C-73-9B-C7-64-08-A5-8B-FF-A8-3A-73-62-CB-C8-FD-66-5B-9B-0E">
      <ModulePath>c:\program files\dotnet\shared\Microsoft.NETCore.App\5.0.0\System.Web.HttpUtility.dll</ModulePath>
      <ModuleTime>2020-10-19T22:14:16Z</ModuleTime>
      <ModuleName>System.Web.HttpUtility</ModuleName>
      <Classes />
    </Module>
    <Module skippedDueTo="Filter" hash="C1-F5-88-85-2C-C0-D5-83-25-B0-AF-4E-5E-8B-5F-BB-86-77-0D-AE">
      <ModulePath>c:\program files\dotnet\shared\Microsoft.NETCore.App\5.0.0\System.Web.dll</ModulePath>
      <ModuleTime>2020-10-19T22:14:48Z</ModuleTime>
      <ModuleName>System.Web</ModuleName>
      <Classes />
    </Module>
    <Module skippedDueTo="Filter" hash="C6-40-65-67-7E-74-9B-61-94-7E-91-FD-CA-CE-51-A0-E6-D3-D8-E7">
      <ModulePath>c:\program files\dotnet\shared\Microsoft.NETCore.App\5.0.0\System.Windows.dll</ModulePath>
      <ModuleTime>2020-10-19T22:14:16Z</ModuleTime>
      <ModuleName>System.Windows</ModuleName>
      <Classes />
    </Module>
    <Module skippedDueTo="Filter" hash="38-61-F8-AC-D2-54-B0-41-B7-CE-77-80-F5-28-9E-5C-E3-DF-F2-87">
      <ModulePath>c:\program files\dotnet\shared\Microsoft.NETCore.App\5.0.0\System.Xml.Linq.dll</ModulePath>
      <ModuleTime>2020-10-19T22:14:40Z</ModuleTime>
      <ModuleName>System.Xml.Linq</ModuleName>
      <Classes />
    </Module>
    <Module skippedDueTo="Filter" hash="B5-D0-1C-D4-2D-8B-EB-5B-AB-CC-75-09-98-40-3F-DE-99-0C-03-81">
      <ModulePath>c:\program files\dotnet\shared\Microsoft.NETCore.App\5.0.0\System.Xml.Serialization.dll</ModulePath>
      <ModuleTime>2020-10-19T22:15:42Z</ModuleTime>
      <ModuleName>System.Xml.Serialization</ModuleName>
      <Classes />
    </Module>
    <Module skippedDueTo="Filter" hash="CF-DD-6D-2F-FC-1B-AD-CE-F7-FC-F7-29-73-D1-99-8D-F0-9E-B2-53">
      <ModulePath>c:\program files\dotnet\shared\Microsoft.NETCore.App\5.0.0\System.Xml.XPath.XDocument.dll</ModulePath>
      <ModuleTime>2020-10-19T22:14:38Z</ModuleTime>
      <ModuleName>System.Xml.XPath.XDocument</ModuleName>
      <Classes />
    </Module>
    <Module skippedDueTo="Filter" hash="75-B3-61-B4-3B-24-79-B1-A3-0C-46-C1-69-5E-9B-E0-FA-44-68-A0">
      <ModulePath>c:\program files\dotnet\shared\Microsoft.NETCore.App\5.0.0\System.Xml.XPath.dll</ModulePath>
      <ModuleTime>2020-10-19T22:14:38Z</ModuleTime>
      <ModuleName>System.Xml.XPath</ModuleName>
      <Classes />
    </Module>
    <Module skippedDueTo="Filter" hash="3A-59-A3-F6-36-1B-61-37-C8-AA-D8-2E-71-26-11-DC-40-7C-B1-6E">
      <ModulePath>c:\program files\dotnet\shared\Microsoft.NETCore.App\5.0.0\System.Xml.XmlDocument.dll</ModulePath>
      <ModuleTime>2020-10-19T22:14:38Z</ModuleTime>
      <ModuleName>System.Xml.XmlDocument</ModuleName>
      <Classes />
    </Module>
    <Module skippedDueTo="MissingPdb" hash="97-78-9B-3A-3B-07-DB-14-83-89-84-92-59-CD-0C-DA-1B-49-E6-8A">
      <ModulePath>c:\program files\dotnet\shared\Microsoft.NETCore.App\5.0.0\WindowsBase.dll</ModulePath>
      <ModuleTime>2020-10-19T22:15:02Z</ModuleTime>
      <ModuleName>WindowsBase</ModuleName>
      <Classes />
    </Module>
    <Module hash="EB-81-D7-61-99-2A-B6-33-58-4C-F7-EC-D8-F7-84-37-43-D1-B1-36">
      <Summary numSequencePoints="0" visitedSequencePoints="0" numBranchPoints="0" visitedBranchPoints="0" sequenceCoverage="0" branchCoverage="0" maxCyclomaticComplexity="0" minCyclomaticComplexity="0" maxCrapScore="0" minCrapScore="0" visitedClasses="0" numClasses="0" visitedMethods="0" numMethods="0" />
      <ModulePath>C:\Users\DELL\source\repos\Armazenagem3L-API\Armazenagem-3LC__Tests\bin\Debug\net5.0\xunit.runner.reporters.netcoreapp10.dll</ModulePath>
      <ModuleTime>2018-10-29T07:17:08Z</ModuleTime>
      <ModuleName>xunit.runner.reporters.netcoreapp10</ModuleName>
      <Files />
      <Classes>
        <Class skippedDueTo="Filter">
          <FullName>&lt;Module&gt;</FullName>
          <Methods />
        </Class>
        <Class skippedDueTo="Filter">
          <FullName>Xunit.EnvironmentHelper</FullName>
          <Methods />
        </Class>
        <Class skippedDueTo="Filter">
          <FullName>Xunit.JsonArray</FullName>
          <Methods />
        </Class>
        <Class skippedDueTo="Filter">
          <FullName>Xunit.JsonBoolean</FullName>
          <Methods />
        </Class>
        <Class skippedDueTo="Filter">
          <FullName>Xunit.JsonBuffer</FullName>
          <Methods />
        </Class>
        <Class skippedDueTo="Filter">
          <FullName>Xunit.JsonDeserializer</FullName>
          <Methods />
        </Class>
        <Class skippedDueTo="Filter">
          <FullName>Xunit.JsonDeserializerException</FullName>
          <Methods />
        </Class>
        <Class skippedDueTo="Filter">
          <FullName>Xunit.JsonDeserializerResource</FullName>
          <Methods />
        </Class>
        <Class skippedDueTo="Filter">
          <FullName>Xunit.JsonNull</FullName>
          <Methods />
        </Class>
        <Class skippedDueTo="Filter">
          <FullName>Xunit.JsonNumber</FullName>
          <Methods />
        </Class>
        <Class skippedDueTo="Filter">
          <FullName>Xunit.JsonObject</FullName>
          <Methods />
        </Class>
        <Class skippedDueTo="Filter">
          <FullName>Xunit.JsonString</FullName>
          <Methods />
        </Class>
        <Class skippedDueTo="Filter">
          <FullName>Xunit.JsonValue</FullName>
          <Methods />
        </Class>
        <Class skippedDueTo="Filter">
          <FullName>Xunit.Sdk.XunitWorkerThread</FullName>
          <Methods />
        </Class>
        <Class skippedDueTo="Filter">
          <FullName>Xunit.Sdk.XunitWorkerThread/State</FullName>
          <Methods />
        </Class>
        <Class skippedDueTo="Filter">
          <FullName>Xunit.Sdk.XunitWorkerThread/&lt;&gt;c</FullName>
          <Methods />
        </Class>
        <Class skippedDueTo="Filter">
          <FullName>Xunit.Runner.Reporters.AppVeyorClient</FullName>
          <Methods />
        </Class>
        <Class skippedDueTo="Filter">
          <FullName>Xunit.Runner.Reporters.AppVeyorClient/&lt;&gt;c</FullName>
          <Methods />
        </Class>
        <Class skippedDueTo="Filter">
          <FullName>Xunit.Runner.Reporters.AppVeyorReporter</FullName>
          <Methods />
        </Class>
        <Class skippedDueTo="Filter">
          <FullName>Xunit.Runner.Reporters.AppVeyorReporterMessageHandler</FullName>
          <Methods />
        </Class>
        <Class skippedDueTo="Filter">
          <FullName>Xunit.Runner.Reporters.JsonExtentions</FullName>
          <Methods />
        </Class>
        <Class skippedDueTo="Delegate">
          <FullName>Xunit.Runner.Reporters.JsonExtentions/AddFields</FullName>
          <Methods />
        </Class>
        <Class skippedDueTo="Filter">
          <FullName>Xunit.Runner.Reporters.JsonExtentions/&lt;&gt;c</FullName>
          <Methods />
        </Class>
        <Class skippedDueTo="Filter">
          <FullName>Xunit.Runner.Reporters.JsonReporter</FullName>
          <Methods />
        </Class>
        <Class skippedDueTo="Filter">
          <FullName>Xunit.Runner.Reporters.JsonReporterMessageHandler</FullName>
          <Methods />
        </Class>
        <Class skippedDueTo="Filter">
          <FullName>Xunit.Runner.Reporters.JsonReporterMessageHandler/&lt;&gt;c</FullName>
          <Methods />
        </Class>
        <Class skippedDueTo="Filter">
          <FullName>Xunit.Runner.Reporters.JsonReporterMessageHandler/&lt;&gt;c__DisplayClass4_0</FullName>
          <Methods />
        </Class>
        <Class skippedDueTo="Filter">
          <FullName>Xunit.Runner.Reporters.QuietReporter</FullName>
          <Methods />
        </Class>
        <Class skippedDueTo="Filter">
          <FullName>Xunit.Runner.Reporters.QuietReporterMessageHandler</FullName>
          <Methods />
        </Class>
        <Class skippedDueTo="Filter">
          <FullName>Xunit.Runner.Reporters.TeamCityReporter</FullName>
          <Methods />
        </Class>
        <Class skippedDueTo="Filter">
          <FullName>Xunit.Runner.Reporters.TeamCityReporterMessageHandler</FullName>
          <Methods />
        </Class>
        <Class skippedDueTo="Filter">
          <FullName>Xunit.Runner.Reporters.TeamCityReporterMessageHandler/&lt;&gt;c</FullName>
          <Methods />
        </Class>
        <Class skippedDueTo="Filter">
          <FullName>Xunit.Runner.Reporters.TeamCityDisplayNameFormatter</FullName>
          <Methods />
        </Class>
        <Class skippedDueTo="Filter">
          <FullName>Xunit.Runner.Reporters.VerboseReporter</FullName>
          <Methods />
        </Class>
        <Class skippedDueTo="Filter">
          <FullName>Xunit.Runner.Reporters.VerboseReporterMessageHandler</FullName>
          <Methods />
        </Class>
        <Class skippedDueTo="Filter">
          <FullName>Xunit.Runner.Reporters.VstsClient</FullName>
          <Methods />
        </Class>
        <Class skippedDueTo="Filter">
          <FullName>Xunit.Runner.Reporters.VstsClient/&lt;&gt;c</FullName>
          <Methods />
        </Class>
        <Class skippedDueTo="Filter">
          <FullName>Xunit.Runner.Reporters.VstsReporter</FullName>
          <Methods />
        </Class>
        <Class skippedDueTo="Filter">
          <FullName>Xunit.Runner.Reporters.VstsReporterMessageHandler</FullName>
          <Methods />
        </Class>
      </Classes>
    </Module>
    <Module skippedDueTo="MissingPdb" hash="">
      <ModulePath>RefEmit_InMemoryManifestModule</ModulePath>
      <ModuleTime>0001-01-01T00:00:00</ModuleTime>
      <ModuleName>DynamicProxyGenAssembly2</ModuleName>
      <Classes />
    </Module>
  </Modules>
</CoverageSession>